 DynEulerJointVerify_sfun

 Timestamp is 53689230 (Tue May 06 15:41:36 2014)

 Preferred load address is 0000000180000000

 Start         Length     Name                   Class
 0001:00000000 001787dcH .text                   CODE
 0001:001787e0 0000005eH .text$00                CODE
 0001:00178840 00000091H .text$x                 CODE
 0002:00000000 000004c8H .idata$5                DATA
 0002:000004c8 00000008H .CRT$XCA                DATA
 0002:000004d0 00000008H .CRT$XCZ                DATA
 0002:000004d8 00000008H .CRT$XIA                DATA
 0002:000004e0 00000008H .CRT$XIAA               DATA
 0002:000004e8 00000008H .CRT$XIZ                DATA
 0002:000004f0 00004aacH .rdata                  DATA
 0002:00004fa0 00000008H .rtc$IAA                DATA
 0002:00004fa8 00000008H .rtc$IZZ                DATA
 0002:00004fb0 00000008H .rtc$TAA                DATA
 0002:00004fb8 00000008H .rtc$TZZ                DATA
 0002:00004fc0 00005b9cH .xdata                  DATA
 0002:0000ab5c 000000b4H .idata$2                DATA
 0002:0000ac10 00000014H .idata$3                DATA
 0002:0000ac28 000004c8H .idata$4                DATA
 0002:0000b0f0 00000aa2H .idata$6                DATA
 0002:0000bba0 0000005eH .edata                  DATA
 0003:00000000 00039978H .data                   DATA
 0003:00039980 00002ad8H .bss                    DATA
 0004:00000000 0000531cH .pdata                  DATA

  Address         Publics by Value              Rva+Base               Lib:Object

 0000:00000000       ___safe_se_handler_table   0000000000000000     <absolute>
 0000:00000000       ___safe_se_handler_count   0000000000000000     <absolute>
 0000:00000000       __ImageBase                0000000180000000     <linker-defined>
 0001:00000000       sf_c1_DynEulerJointVerify_get_eml_resolved_functions_info 0000000180001000 f   c1_DynEulerJointVerify.obj
 0001:000032e0       sf_c1_DynEulerJointVerify_get_check_sum 00000001800042e0 f   c1_DynEulerJointVerify.obj
 0001:00003360       sf_c1_DynEulerJointVerify_get_autoinheritance_info 0000000180004360 f   c1_DynEulerJointVerify.obj
 0001:00003a90       c1_DynEulerJointVerify_method_dispatcher 0000000180004a90 f   c1_DynEulerJointVerify.obj
 0001:00012a90       sf_c2_DynEulerJointVerify_get_eml_resolved_functions_info 0000000180013a90 f   c2_DynEulerJointVerify.obj
 0001:000167d0       sf_c2_DynEulerJointVerify_get_check_sum 00000001800177d0 f   c2_DynEulerJointVerify.obj
 0001:00016850       sf_c2_DynEulerJointVerify_get_autoinheritance_info 0000000180017850 f   c2_DynEulerJointVerify.obj
 0001:00016f80       c2_DynEulerJointVerify_method_dispatcher 0000000180017f80 f   c2_DynEulerJointVerify.obj
 0001:0003a080       sf_c3_DynEulerJointVerify_get_eml_resolved_functions_info 000000018003b080 f   c3_DynEulerJointVerify.obj
 0001:0003dae0       sf_c3_DynEulerJointVerify_get_check_sum 000000018003eae0 f   c3_DynEulerJointVerify.obj
 0001:0003db60       sf_c3_DynEulerJointVerify_get_autoinheritance_info 000000018003eb60 f   c3_DynEulerJointVerify.obj
 0001:0003e900       c3_DynEulerJointVerify_method_dispatcher 000000018003f900 f   c3_DynEulerJointVerify.obj
 0001:0006bb90       sf_c6_DynEulerJointVerify_get_eml_resolved_functions_info 000000018006cb90 f   c6_DynEulerJointVerify.obj
 0001:0006d180       sf_c6_DynEulerJointVerify_get_check_sum 000000018006e180 f   c6_DynEulerJointVerify.obj
 0001:0006d200       sf_c6_DynEulerJointVerify_get_autoinheritance_info 000000018006e200 f   c6_DynEulerJointVerify.obj
 0001:0006d7e0       c6_DynEulerJointVerify_method_dispatcher 000000018006e7e0 f   c6_DynEulerJointVerify.obj
 0001:00073d80       sf_c7_DynEulerJointVerify_get_eml_resolved_functions_info 0000000180074d80 f   c7_DynEulerJointVerify.obj
 0001:00075d00       sf_c7_DynEulerJointVerify_get_check_sum 0000000180076d00 f   c7_DynEulerJointVerify.obj
 0001:00075d80       sf_c7_DynEulerJointVerify_get_autoinheritance_info 0000000180076d80 f   c7_DynEulerJointVerify.obj
 0001:000764b0       c7_DynEulerJointVerify_method_dispatcher 00000001800774b0 f   c7_DynEulerJointVerify.obj
 0001:000807d0       sf_c8_DynEulerJointVerify_get_eml_resolved_functions_info 00000001800817d0 f   c8_DynEulerJointVerify.obj
 0001:000844f0       sf_c8_DynEulerJointVerify_get_check_sum 00000001800854f0 f   c8_DynEulerJointVerify.obj
 0001:00084570       sf_c8_DynEulerJointVerify_get_autoinheritance_info 0000000180085570 f   c8_DynEulerJointVerify.obj
 0001:00084ca0       c8_DynEulerJointVerify_method_dispatcher 0000000180085ca0 f   c8_DynEulerJointVerify.obj
 0001:000a7ec0       sf_c9_DynEulerJointVerify_get_eml_resolved_functions_info 00000001800a8ec0 f   c9_DynEulerJointVerify.obj
 0001:000ab1f0       sf_c9_DynEulerJointVerify_get_check_sum 00000001800ac1f0 f   c9_DynEulerJointVerify.obj
 0001:000ab270       sf_c9_DynEulerJointVerify_get_autoinheritance_info 00000001800ac270 f   c9_DynEulerJointVerify.obj
 0001:000ab9a0       c9_DynEulerJointVerify_method_dispatcher 00000001800ac9a0 f   c9_DynEulerJointVerify.obj
 0001:000ba8f0       sf_c10_DynEulerJointVerify_get_eml_resolved_functions_info 00000001800bb8f0 f   c10_DynEulerJointVerify.obj
 0001:000be5e0       sf_c10_DynEulerJointVerify_get_check_sum 00000001800bf5e0 f   c10_DynEulerJointVerify.obj
 0001:000be660       sf_c10_DynEulerJointVerify_get_autoinheritance_info 00000001800bf660 f   c10_DynEulerJointVerify.obj
 0001:000bed90       c10_DynEulerJointVerify_method_dispatcher 00000001800bfd90 f   c10_DynEulerJointVerify.obj
 0001:000e2190       sf_c11_DynEulerJointVerify_get_eml_resolved_functions_info 00000001800e3190 f   c11_DynEulerJointVerify.obj
 0001:000e54a0       sf_c11_DynEulerJointVerify_get_check_sum 00000001800e64a0 f   c11_DynEulerJointVerify.obj
 0001:000e5520       sf_c11_DynEulerJointVerify_get_autoinheritance_info 00000001800e6520 f   c11_DynEulerJointVerify.obj
 0001:000e5c50       c11_DynEulerJointVerify_method_dispatcher 00000001800e6c50 f   c11_DynEulerJointVerify.obj
 0001:000f4b90       sf_c12_DynEulerJointVerify_get_eml_resolved_functions_info 00000001800f5b90 f   c12_DynEulerJointVerify.obj
 0001:000f6180       sf_c12_DynEulerJointVerify_get_check_sum 00000001800f7180 f   c12_DynEulerJointVerify.obj
 0001:000f6200       sf_c12_DynEulerJointVerify_get_autoinheritance_info 00000001800f7200 f   c12_DynEulerJointVerify.obj
 0001:000f67e0       c12_DynEulerJointVerify_method_dispatcher 00000001800f77e0 f   c12_DynEulerJointVerify.obj
 0001:000fcd90       sf_c13_DynEulerJointVerify_get_eml_resolved_functions_info 00000001800fdd90 f   c13_DynEulerJointVerify.obj
 0001:000fed20       sf_c13_DynEulerJointVerify_get_check_sum 00000001800ffd20 f   c13_DynEulerJointVerify.obj
 0001:000feda0       sf_c13_DynEulerJointVerify_get_autoinheritance_info 00000001800ffda0 f   c13_DynEulerJointVerify.obj
 0001:000ff4d0       c13_DynEulerJointVerify_method_dispatcher 00000001801004d0 f   c13_DynEulerJointVerify.obj
 0001:00109760       sf_c14_DynEulerJointVerify_get_eml_resolved_functions_info 000000018010a760 f   c14_DynEulerJointVerify.obj
 0001:0010d430       sf_c14_DynEulerJointVerify_get_check_sum 000000018010e430 f   c14_DynEulerJointVerify.obj
 0001:0010d4b0       sf_c14_DynEulerJointVerify_get_autoinheritance_info 000000018010e4b0 f   c14_DynEulerJointVerify.obj
 0001:0010dbe0       c14_DynEulerJointVerify_method_dispatcher 000000018010ebe0 f   c14_DynEulerJointVerify.obj
 0001:00130df0       sf_c15_DynEulerJointVerify_get_eml_resolved_functions_info 0000000180131df0 f   c15_DynEulerJointVerify.obj
 0001:001340d0       sf_c15_DynEulerJointVerify_get_check_sum 00000001801350d0 f   c15_DynEulerJointVerify.obj
 0001:00134150       sf_c15_DynEulerJointVerify_get_autoinheritance_info 0000000180135150 f   c15_DynEulerJointVerify.obj
 0001:00134880       c15_DynEulerJointVerify_method_dispatcher 0000000180135880 f   c15_DynEulerJointVerify.obj
 0001:001437d0       sf_process_check_sum_call  00000001801447d0 f   DynEulerJointVerify_sfun_registry.obj
 0001:00143820       sf_process_autoinheritance_call 0000000180144820 f   DynEulerJointVerify_sfun_registry.obj
 0001:00143870       sf_process_get_eml_resolved_functions_info_call 0000000180144870 f   DynEulerJointVerify_sfun_registry.obj
 0001:001439f0       sf_mex_unlock_call         00000001801449f0 f   DynEulerJointVerify_sfun_registry.obj
 0001:00143aa0       sf_machine_global_initializer_called 0000000180144aa0 f   DynEulerJointVerify_sfun_registry.obj
 0001:00143ad0       sf_machine_global_method_dispatcher 0000000180144ad0 f   DynEulerJointVerify_sfun_registry.obj
 0001:00143b30       sf_machine_global_terminator 0000000180144b30 f   DynEulerJointVerify_sfun_registry.obj
 0001:00143b70       sf_register_machine_exported_symbols 0000000180144b70 f   DynEulerJointVerify_sfun_registry.obj
 0001:00143b90       callCustomFcn              0000000180144b90 f   DynEulerJointVerify_sfun_registry.obj
 0001:00143ba0       sf_machine_global_initializer 0000000180144ba0 f   DynEulerJointVerify_sfun_registry.obj
 0001:00143c10       _ssSetInputPortMatrixDimensions 0000000180144c10 f   DynEulerJointVerify_sfun_registry.obj
 0001:00143d20       _ssSetOutputPortMatrixDimensions 0000000180144d20 f   DynEulerJointVerify_sfun_registry.obj
 0001:00143e30       _ssSetInputPortVectorDimension 0000000180144e30 f   DynEulerJointVerify_sfun_registry.obj
 0001:00143ef0       _ssSetOutputPortVectorDimension 0000000180144ef0 f   DynEulerJointVerify_sfun_registry.obj
 0001:00143fb0       ssIsRunTimeParamTunable    0000000180144fb0 f   DynEulerJointVerify_sfun_registry.obj
 0001:00144020       ssGetSFuncBlockHandle      0000000180145020 f   DynEulerJointVerify_sfun_registry.obj
 0001:00144090       _ssGetCurrentInputPortWidth 0000000180145090 f   DynEulerJointVerify_sfun_registry.obj
 0001:001441b0       _ssGetCurrentOutputPortWidth 00000001801451b0 f   DynEulerJointVerify_sfun_registry.obj
 0001:001442d0       _ssGetCallSystemNumFcnCallDestinations 00000001801452d0 f   DynEulerJointVerify_sfun_registry.obj
 0001:00144340       ssWarning                  0000000180145340 f   DynEulerJointVerify_sfun_registry.obj
 0001:00144420       ssGetIsZeroCrossControlDisabled 0000000180145420 f   DynEulerJointVerify_sfun_registry.obj
 0001:00144490       ssSetIsInputPortUsedForContZcSignal 0000000180145490 f   DynEulerJointVerify_sfun_registry.obj
 0001:00144500       ssSetZcSignalIsZcElementDisc 0000000180145500 f   DynEulerJointVerify_sfun_registry.obj
 0001:00144590       ssSetZcSignalName          0000000180145590 f   DynEulerJointVerify_sfun_registry.obj
 0001:00144600       ssSetZcSignalWidth         0000000180145600 f   DynEulerJointVerify_sfun_registry.obj
 0001:00144670       ssSetZcSignalZcEventType   0000000180145670 f   DynEulerJointVerify_sfun_registry.obj
 0001:001446e0       ssSetZcSignalType          00000001801456e0 f   DynEulerJointVerify_sfun_registry.obj
 0001:00144750       ssSetZcSignalZcTol         0000000180145750 f   DynEulerJointVerify_sfun_registry.obj
 0001:001447c0       ssSetZcSignalNeedsEventNotification 00000001801457c0 f   DynEulerJointVerify_sfun_registry.obj
 0001:00144830       ssCreateAndAddZcSignalInfo 0000000180145830 f   DynEulerJointVerify_sfun_registry.obj
 0001:001448a0       ssCloneAndAddZcSignalInfo  00000001801458a0 f   DynEulerJointVerify_sfun_registry.obj
 0001:00144910       ssGetNumZcSignals          0000000180145910 f   DynEulerJointVerify_sfun_registry.obj
 0001:00144980       ssGetZcSignalVector        0000000180145980 f   DynEulerJointVerify_sfun_registry.obj
 0001:001449f0       ssGetZcSignalZcEvents      00000001801459f0 f   DynEulerJointVerify_sfun_registry.obj
 0001:00144a60       ssGetZcSignalName          0000000180145a60 f   DynEulerJointVerify_sfun_registry.obj
 0001:00144ad0       ssGetZcSignalWidth         0000000180145ad0 f   DynEulerJointVerify_sfun_registry.obj
 0001:00144b40       ssGetZcSignalZcEventType   0000000180145b40 f   DynEulerJointVerify_sfun_registry.obj
 0001:00144bb0       ssGetZcSignalType          0000000180145bb0 f   DynEulerJointVerify_sfun_registry.obj
 0001:00144c20       ssGetZcSignalZcTol         0000000180145c20 f   DynEulerJointVerify_sfun_registry.obj
 0001:00144ca0       ssGetZcSignalNeedsEventNotification 0000000180145ca0 f   DynEulerJointVerify_sfun_registry.obj
 0001:00144d10       ssGetZcSignalIsZcElementDisc 0000000180145d10 f   DynEulerJointVerify_sfun_registry.obj
 0001:00144d90       ssGetIsInputPortElementContinuous 0000000180145d90 f   DynEulerJointVerify_sfun_registry.obj
 0001:00144e10       _ssGetInputPortSignalPtrsFcn 0000000180145e10 f   DynEulerJointVerify_sfun_registry.obj
 0001:00145080       _ssGetInputPortSignalFcn   0000000180146080 f   DynEulerJointVerify_sfun_registry.obj
 0001:00145250       _ssSetInputPortDirectFeedThroughFcn 0000000180146250 f   DynEulerJointVerify_sfun_registry.obj
 0001:001453a0       _ssSetInputPortReusableFcn 00000001801463a0 f   DynEulerJointVerify_sfun_registry.obj
 0001:00145490       _ssSetOutputPortReusableFcn 0000000180146490 f   DynEulerJointVerify_sfun_registry.obj
 0001:00145570       ssGetDTypeIdFromMxArray    0000000180146570 f   DynEulerJointVerify_sfun_registry.obj
 0001:00145690       ssWriteRTWStr              0000000180146690 f   DynEulerJointVerify_sfun_registry.obj
 0001:001456f0       ssWriteRTWMxVectParam      00000001801466f0 f   DynEulerJointVerify_sfun_registry.obj
 0001:00145750       ssWriteRTWMx2dMatParam     0000000180146750 f   DynEulerJointVerify_sfun_registry.obj
 0001:001457d0       ssWriteRTWNameValuePair    00000001801467d0 f   DynEulerJointVerify_sfun_registry.obj
 0001:00145cb0       ssWriteRTWParameters       0000000180146cb0 f   DynEulerJointVerify_sfun_registry.obj
 0001:001462b0       ssWriteRTWParamSettings    00000001801472b0 f   DynEulerJointVerify_sfun_registry.obj
 0001:00146980       ssWriteRTWWorkVect         0000000180147980 f   DynEulerJointVerify_sfun_registry.obj
 0001:00146e80       mexFunction                0000000180147e80 f   DynEulerJointVerify_sfun_registry.obj
 0001:00148b10       ProcessMexSfunctionEveryCall 0000000180149b10 f   DynEulerJointVerify_sfun_registry.obj
 0001:00148c80       DynEulerJointVerify_initializer 0000000180149c80 f   DynEulerJointVerify_sfun.obj
 0001:00148ca0       DynEulerJointVerify_terminator 0000000180149ca0 f   DynEulerJointVerify_sfun.obj
 0001:00148cb0       sf_DynEulerJointVerify_method_dispatcher 0000000180149cb0 f   DynEulerJointVerify_sfun.obj
 0001:00148ea0       sf_DynEulerJointVerify_process_check_sum_call 0000000180149ea0 f   DynEulerJointVerify_sfun.obj
 0001:001493c0       sf_DynEulerJointVerify_autoinheritance_info 000000018014a3c0 f   DynEulerJointVerify_sfun.obj
 0001:00149610       sf_DynEulerJointVerify_get_eml_resolved_functions_info 000000018014a610 f   DynEulerJointVerify_sfun.obj
 0001:00149a60       DynEulerJointVerify_debug_initialize 000000018014aa60 f   DynEulerJointVerify_sfun.obj
 0001:00149ad0       DynEulerJointVerify_register_exported_symbols 000000018014aad0 f   DynEulerJointVerify_sfun.obj
 0001:00149b80       sf_mex_mx_is_numeric       000000018014ab80 f   sfc_mex:sfc_mex.obj
 0001:00149bc0       strcmp_ignore_ws           000000018014abc0 f   sfc_mex:sfc_mex.obj
 0001:00149d00       sf_mex_duplicatearraysafe  000000018014ad00 f   sfc_mex:sfc_mex.obj
 0001:00149e60       sf_set_error_debugger_context_message_fcn 000000018014ae60 f   sfc_mex:sfc_mex.obj
 0001:00149e70       sf_set_debugger_matlab_error_fcn 000000018014ae70 f   sfc_mex:sfc_mex.obj
 0001:00149ea0       sf_set_error_prefix_string 000000018014aea0 f   sfc_mex:sfc_mex.obj
 0001:00149ed0       sf_get_error_prefix_string 000000018014aed0 f   sfc_mex:sfc_mex.obj
 0001:00149ee0       sf_get_current_jmp_buf_ptr 000000018014aee0 f   sfc_mex:sfc_mex.obj
 0001:00149ef0       sf_set_current_jmp_buf_ptr 000000018014aef0 f   sfc_mex:sfc_mex.obj
 0001:00149f00       sf_mex_set_halt_simulation 000000018014af00 f   sfc_mex:sfc_mex.obj
 0001:00149f10       sf_mex_get_halt_simulation 000000018014af10 f   sfc_mex:sfc_mex.obj
 0001:00149f20       sf_mex_clear_error_message 000000018014af20 f   sfc_mex:sfc_mex.obj
 0001:00149f40       sf_mex_get_error_message_for_read 000000018014af40 f   sfc_mex:sfc_mex.obj
 0001:00149f50       sf_mex_get_error_message_buffer_length 000000018014af50 f   sfc_mex:sfc_mex.obj
 0001:0014a040       sf_mex_warning_message     000000018014b040 f   sfc_mex:sfc_mex.obj
 0001:0014a0b0       sf_mex_v_errbuf_createf    000000018014b0b0 f   sfc_mex:sfc_mex.obj
 0001:0014a0c0       sf_mex_errbuf_createf      000000018014b0c0 f   sfc_mex:sfc_mex.obj
 0001:0014a0f0       sf_mex_v_errbuf_catf       000000018014b0f0 f   sfc_mex:sfc_mex.obj
 0001:0014a130       sf_mex_errbuf_catf         000000018014b130 f   sfc_mex:sfc_mex.obj
 0001:0014a180       sf_mex_errbuf_copy         000000018014b180 f   sfc_mex:sfc_mex.obj
 0001:0014a190       sf_mex_errbuf_clear        000000018014b190 f   sfc_mex:sfc_mex.obj
 0001:0014a1a0       sf_mex_errbuf_isempty      000000018014b1a0 f   sfc_mex:sfc_mex.obj
 0001:0014a2b0       sf_mex_set_error_status    000000018014b2b0 f   sfc_mex:sfc_mex.obj
 0001:0014a300       sf_mex_error_direct_call   000000018014b300 f   sfc_mex:sfc_mex.obj
 0001:0014a320       sf_mex_long_jump_on_error  000000018014b320 f   sfc_mex:sfc_mex.obj
 0001:0014a350       sf_mex_call_matlab         000000018014b350 f   sfc_mex:sfc_mex.obj
 0001:0014a470       sf_mex_check_builtin       000000018014b470 f   sfc_mex:sfc_mex.obj
 0001:0014a4b0       sf_mex_check_builtin_vs    000000018014b4b0 f   sfc_mex:sfc_mex.obj
 0001:0014a510       sf_mex_check_enum          000000018014b510 f   sfc_mex:sfc_mex.obj
 0001:0014a540       sf_mex_create_enum         000000018014b540 f   sfc_mex:sfc_mex.obj
 0001:0014a560       sf_mex_get_enum_element    000000018014b560 f   sfc_mex:sfc_mex.obj
 0001:0014a570       sf_mex_createcellarray     000000018014b570 f   sfc_mex:sfc_mex.obj
 0001:0014a580       sf_mex_setcell             000000018014b580 f   sfc_mex:sfc_mex.obj
 0001:0014a590       sf_mex_getcell             000000018014b590 f   sfc_mex:sfc_mex.obj
 0001:0014a5a0       sf_mex_dup                 000000018014b5a0 f   sfc_mex:sfc_mex.obj
 0001:0014a5c0       sf_mex_assign              000000018014b5c0 f   sfc_mex:sfc_mex.obj
 0001:0014a620       sf_mex_destroy             000000018014b620 f   sfc_mex:sfc_mex.obj
 0001:0014a650       mx_array_has_fi_type       000000018014b650 f   sfc_mex:sfc_mex.obj
 0001:0014a680       sf_mex_convert_from_fi     000000018014b680 f   sfc_mex:sfc_mex.obj
 0001:0014a7e0       sf_mex_convert_to_double   000000018014b7e0 f   sfc_mex:sfc_mex.obj
 0001:0014a900       sf_mex_import_fi_vs        000000018014b900 f   sfc_mex:sfc_mex.obj
 0001:0014ab30       sf_matrix_matrix_index_ok  000000018014bb30 f   sfc_mex:sfc_mex.obj
 0001:0014abc0       sf_vector_vector_index_ok  000000018014bbc0 f   sfc_mex:sfc_mex.obj
 0001:0014abf0       ssGetCurrentInputPortDimensions_wrapper 000000018014bbf0 f   sfc_mex:sfc_mex.obj
 0001:0014ac10       ssGetCurrentOutputPortDimensions_wrapper 000000018014bc10 f   sfc_mex:sfc_mex.obj
 0001:0014ac30       sf_mex_emlrt_context_is_debug_mode 000000018014bc30 f   sfc_mex:sfc_mex.obj
 0001:0014ac40       sf_mex_emlrt_context_set_debug_mode 000000018014bc40 f   sfc_mex:sfc_mex.obj
 0001:0014ac50       sf_clear_error_manager_info 000000018014bc50 f   sfc_mex:sfc_mex.obj
 0001:0014aca0       sf_mex_stop_simulation_abruptly_wo_error 000000018014bca0 f   sfc_mex:sfc_mex.obj
 0001:0014ace0       sf_mex_error_message       000000018014bce0 f   sfc_mex:sfc_mex.obj
 0001:0014ad40       sf_react_to_error_in_matlab_call 000000018014bd40 f   sfc_mex:sfc_mex.obj
 0001:0014ad70       sf_mex_addfield            000000018014bd70 f   sfc_mex:sfc_mex.obj
 0001:0014ae10       sf_mex_getfield            000000018014be10 f   sfc_mex:sfc_mex.obj
 0001:0014b0c0       sf_mex_check_class         000000018014c0c0 f   sfc_mex:sfc_mex.obj
 0001:0014b150       sf_mex_is_real             000000018014c150 f   sfc_mex:sfc_mex.obj
 0001:0014b270       sf_mex_check_complex       000000018014c270 f   sfc_mex:sfc_mex.obj
 0001:0014b2d0       sf_mex_check_sparse        000000018014c2d0 f   sfc_mex:sfc_mex.obj
 0001:0014b340       sf_mex_check_numerictype   000000018014c340 f   sfc_mex:sfc_mex.obj
 0001:0014b5a0       sf_mex_check_fimath        000000018014c5a0 f   sfc_mex:sfc_mex.obj
 0001:0014b800       sf_mex_decode_encoded_mx_struct_array 000000018014c800 f   sfc_mex:sfc_mex.obj
 0001:0014bad0       sf_mex_lw_bounds_check     000000018014cad0 f   sfc_mex:sfc_mex.obj
 0001:0014bb00       sf_mex_lw_size_eq_check_1d 000000018014cb00 f   sfc_mex:sfc_mex.obj
 0001:0014bb20       sf_mex_lw_size_eq_check_nd 000000018014cb20 f   sfc_mex:sfc_mex.obj
 0001:0014bd10       sf_mex_lw_dim_size_eq_check 000000018014cd10 f   sfc_mex:sfc_mex.obj
 0001:0014bd40       sf_mex_lw_dim_size_geq_check 000000018014cd40 f   sfc_mex:sfc_mex.obj
 0001:0014bd70       sf_mex_lw_sub_assign_size_check_nd 000000018014cd70 f   sfc_mex:sfc_mex.obj
 0001:0014bfb0       sf_mex_lw_matrix_matrix_index_check 000000018014cfb0 f   sfc_mex:sfc_mex.obj
 0001:0014c040       sf_mex_lw_vector_vector_index_check 000000018014d040 f   sfc_mex:sfc_mex.obj
 0001:0014c080       sf_mex_lw_non_negative_check 000000018014d080 f   sfc_mex:sfc_mex.obj
 0001:0014c0c0       sf_mex_overflow_error      000000018014d0c0 f   sfc_mex:sfc_mex.obj
 0001:0014c0d0       sf_mex_dividebyzero_error  000000018014d0d0 f   sfc_mex:sfc_mex.obj
 0001:0014c0e0       sf_mex_unsafe_enum_error   000000018014d0e0 f   sfc_mex:sfc_mex.obj
 0001:0014c0f0       sf_emlrtErrHandler         000000018014d0f0 f   sfc_mex:sfc_mex.obj
 0001:0014c120       sf_mex_printf              000000018014d120 f   sfc_mex:sfc_mex.obj
 0001:0014c350       sf_mex_check_size          000000018014d350 f   sfc_mex:sfc_mex.obj
 0001:0014c650       sf_mex_check_struct        000000018014d650 f   sfc_mex:sfc_mex.obj
 0001:0014c810       sf_mex_check_struct_vs     000000018014d810 f   sfc_mex:sfc_mex.obj
 0001:0014c8a0       sf_mex_check_fi            000000018014d8a0 f   sfc_mex:sfc_mex.obj
 0001:0014cb00       sf_mex_check_fi_vs         000000018014db00 f   sfc_mex:sfc_mex.obj
 0001:0014cba0       sf_echo_expression         000000018014dba0 f   sfc_mex:sfc_mex.obj
 0001:0014cc00       sf_assertion_failed        000000018014dc00 f   sfc_mex:sfc_mex.obj
 0001:0014cdd0       sf_mex_evalin              000000018014ddd0 f   sfc_mex:sfc_mex.obj
 0001:0014d0f0       sf_mex_export              000000018014e0f0 f   sfc_mex:sfc_mex.obj
 0001:0014d190       sf_mex_get_ml_var_no_error 000000018014e190 f   sfc_mex:sfc_mex.obj
 0001:0014d410       sf_mex_get_ml_var          000000018014e410 f   sfc_mex:sfc_mex.obj
 0001:0014d790       ml_set_element_value_in_array 000000018014e790 f   sfc_mex:sfc_mex.obj
 0001:0014ec20       sf_mex_call_impl           000000018014fc20 f   sfc_mex:sfc_mex.obj
 0001:0014f1e0       sf_mex_call_debug          00000001801501e0 f   sfc_mex:sfc_mex.obj
 0001:0014f210       sf_mex_call                0000000180150210 f   sfc_mex:sfc_mex.obj
 0001:0014f820       sf_mex_createstruct        0000000180150820 f   sfc_mex:sfc_mex.obj
 0001:0014f910       sf_mex_createstructarray   0000000180150910 f   sfc_mex:sfc_mex.obj
 0001:0014f990       sf_mex_get_mx_datatype_from_sf_datatype 0000000180150990 f   sfc_mex:sfc_mex.obj
 0001:0014fca0       sf_mex_ml_var_sub          0000000180150ca0 f   sfc_mex:sfc_mex.obj
 0001:0014fe70       sf_mex_ml_var_subsasgn     0000000180150e70 f   sfc_mex:sfc_mex.obj
 0001:00150280       sf_mex_sub                 0000000180151280 f   sfc_mex:sfc_mex.obj
 0001:001504a0       sf_mex_subsasgn            00000001801514a0 f   sfc_mex:sfc_mex.obj
 0001:00151050       sf_mex_create              0000000180152050 f   sfc_mex:sfc_mex.obj
 0001:00151ed0       sf_mex_import              0000000180152ed0 f   sfc_mex:sfc_mex.obj
 0001:00151fe0       sf_mex_import_vs           0000000180152fe0 f   sfc_mex:sfc_mex.obj
 0001:001520f0       sf_mex_lower_fixpt_mx_array 00000001801530f0 f   sfc_mex:sfc_mex.obj
 0001:00152730       sim_mode_is_rtw_gen        0000000180153730 f   sfc_mex:sfc_sf.obj
 0001:00152760       sim_mode_is_external       0000000180153760 f   sfc_mex:sfc_sf.obj
 0001:00152770       mdlInitializeSizes         0000000180153770 f   sfc_mex:sfc_sf.obj
 0001:00152790       mdlInitializeSampleTimes   0000000180153790 f   sfc_mex:sfc_sf.obj
 0001:001527d0       mdlZeroCrossings           00000001801537d0 f   sfc_mex:sfc_sf.obj
 0001:001528b0       mdlDerivatives             00000001801538b0 f   sfc_mex:sfc_sf.obj
 0001:00152960       mdl_initialize_conditions_processing 0000000180153960 f   sfc_mex:sfc_sf.obj
 0001:00152990       mdlInitializeConditions    0000000180153990 f   sfc_mex:sfc_sf.obj
 0001:00152a50       mdlGetSimState             0000000180153a50 f   sfc_mex:sfc_sf.obj
 0001:00152a60       mdlSetSimState             0000000180153a60 f   sfc_mex:sfc_sf.obj
 0001:00152a70       mdl_ext_mode_exec_processing 0000000180153a70 f   sfc_mex:sfc_sf.obj
 0001:00152a90       mdlExtModeExec             0000000180153a90 f   sfc_mex:sfc_sf.obj
 0001:00152cf0       mdlTerminate               0000000180153cf0 f   sfc_mex:sfc_sf.obj
 0001:00152d60       mdlRTW                     0000000180153d60 f   sfc_mex:sfc_sf.obj
 0001:00152d90       mdlSetWorkWidths           0000000180153d90 f   sfc_mex:sfc_sf.obj
 0001:00152da0       mdlProcessParameters       0000000180153da0 f   sfc_mex:sfc_sf.obj
 0001:00152db0       mdl_start_processing       0000000180153db0 f   sfc_mex:sfc_sf.obj
 0001:00152df0       mdlStart                   0000000180153df0 f   sfc_mex:sfc_sf.obj
 0001:00152ee0       mdlEnable                  0000000180153ee0 f   sfc_mex:sfc_sf.obj
 0001:00152fb0       mdlDisable                 0000000180153fb0 f   sfc_mex:sfc_sf.obj
 0001:00153060       sf_get_chart_instance_ptr  0000000180154060 f   sfc_mex:sfc_sf.obj
 0001:00153080       sf_rtw_info_uint_prop      0000000180154080 f   sfc_mex:sfc_sf.obj
 0001:00153260       sf_is_chart_inlinable      0000000180154260 f   sfc_mex:sfc_sf.obj
 0001:00153280       sf_mark_output_events_with_multiple_callers 0000000180154280 f   sfc_mex:sfc_sf.obj
 0001:001534a0       sf_mark_chart_reusable_outputs 00000001801544a0 f   sfc_mex:sfc_sf.obj
 0001:00153780       sf_mark_chart_expressionable_inputs 0000000180154780 f   sfc_mex:sfc_sf.obj
 0001:00153b50       sf_get_subchart_simstruct  0000000180154b50 f   sfc_mex:sfc_sf.obj
 0001:00153ba0       sf_write_symbol_mapping    0000000180154ba0 f   sfc_mex:sfc_sf.obj
 0001:00153e50       sf_get_fixpt_data_type_id  0000000180154e50 f   sfc_mex:sfc_sf.obj
 0001:00153e90       sf_get_enum_data_type_id   0000000180154e90 f   sfc_mex:sfc_sf.obj
 0001:00153ed0       sf_get_param_data_type_id  0000000180154ed0 f   sfc_mex:sfc_sf.obj
 0001:00153f00       sf_mex_listen_for_ctrl_c_force 0000000180154f00 f   sfc_mex:sfc_sf.obj
 0001:00154010       sf_mex_draw_now            0000000180155010 f   sfc_mex:sfc_sf.obj
 0001:00154050       sf_mex_set_debugger_sim_status_listener_fcn 0000000180155050 f   sfc_mex:sfc_sf.obj
 0001:00154060       sf_mex_listen_for_ctrl_c   0000000180155060 f   sfc_mex:sfc_sf.obj
 0001:001540f0       sf_mex_get_sfun_param      00000001801550f0 f   sfc_mex:sfc_sf.obj
 0001:00154140       sf_get_runtime_param_data  0000000180155140 f   sfc_mex:sfc_sf.obj
 0001:00154180       sf_call_output_fcn_call    0000000180155180 f   sfc_mex:sfc_sf.obj
 0001:001542c0       sf_call_output_fcn_enable  00000001801552c0 f   sfc_mex:sfc_sf.obj
 0001:00154350       sf_call_output_fcn_disable 0000000180155350 f   sfc_mex:sfc_sf.obj
 0001:001543e0       sf_clear_rtw_identifier    00000001801553e0 f   sfc_mex:sfc_sf.obj
 0001:00154bb0       sf_set_encoded_dwork_info  0000000180155bb0 f   sfc_mex:sfc_sf.obj
 0001:00154e50       sf_set_rtw_dwork_info      0000000180155e50 f   sfc_mex:sfc_sf.obj
 0001:00155120       mdlOutputs                 0000000180156120 f   sfc_mex:sfc_sf.obj
 0001:00155260       sf_debug_disp              0000000180156260 f   sfc_debug:sfcdebug.obj
 0001:00155530       sf_debug_data_runtime_size_mismatch_error_check 0000000180156530 f   sfc_debug:sfcdebug.obj
 0001:001555d0       sf_debug_try_loading_machine 00000001801565d0 f   sfc_debug:sfcdebug.obj
 0001:001556d0       sf_debug_reset_current_state_configuration 00000001801566d0 f   sfc_debug:sfcdebug.obj
 0001:00155760       sf_debug_store_current_state_configuration 0000000180156760 f   sfc_debug:sfcdebug.obj
 0001:001557f0       sf_debug_restore_previous_state_configuration 00000001801567f0 f   sfc_debug:sfcdebug.obj
 0001:00155880       sf_debug_restore_previous_state_configuration2 0000000180156880 f   sfc_debug:sfcdebug.obj
 0001:00155910       sf_debug_get_event_scope   0000000180156910 f   sfc_debug:sfcdebug.obj
 0001:00155a80       use_debugger_step_animation 0000000180156a80 f   sfc_debug:sfcdebug.obj
 0001:00155aa0       sf_debug_get_script_id     0000000180156aa0 f   sfc_debug:sfcdebug.obj
 0001:00155b30       sf_debug_set_script_translation 0000000180156b30 f   sfc_debug:sfcdebug.obj
 0001:00155bf0       sf_debug_get_current_machine_id 0000000180156bf0 f   sfc_debug:sfcdebug.obj
 0001:00155c10       sf_debug_get_current_optional_integer 0000000180156c10 f   sfc_debug:sfcdebug.obj
 0001:00155c20       sf_debug_get_current_machine_number 0000000180156c20 f   sfc_debug:sfcdebug.obj
 0001:00155c40       sf_debug_get_current_machine_name 0000000180156c40 f   sfc_debug:sfcdebug.obj
 0001:00155c60       sf_debug_get_current_chart_id 0000000180156c60 f   sfc_debug:sfcdebug.obj
 0001:00155cb0       sf_debug_get_current_chart_number 0000000180156cb0 f   sfc_debug:sfcdebug.obj
 0001:00155cc0       sf_debug_get_current_instance_number 0000000180156cc0 f   sfc_debug:sfcdebug.obj
 0001:00155cd0       sf_debug_get_current_is_minor_time_step 0000000180156cd0 f   sfc_debug:sfcdebug.obj
 0001:00155d50       sf_debug_get_current_object_type 0000000180156d50 f   sfc_debug:sfcdebug.obj
 0001:00155d60       sf_debug_get_current_instance_handle 0000000180156d60 f   sfc_debug:sfcdebug.obj
 0001:00155dc0       sf_debug_get_current_event_type 0000000180156dc0 f   sfc_debug:sfcdebug.obj
 0001:00155dd0       sf_debug_get_current_object_id 0000000180156dd0 f   sfc_debug:sfcdebug.obj
 0001:00155e10       sf_debug_get_current_active_event_type 0000000180156e10 f   sfc_debug:sfcdebug.obj
 0001:00155e20       sf_debug_get_current_active_event_id 0000000180156e20 f   sfc_debug:sfcdebug.obj
 0001:00155e60       sf_debug_get_current_tag_type 0000000180156e60 f   sfc_debug:sfcdebug.obj
 0001:00155e70       sf_debug_get_current_simulation_time 0000000180156e70 f   sfc_debug:sfcdebug.obj
 0001:00155e80       sf_debug_get_current_coverage_percentage 0000000180156e80 f   sfc_debug:sfcdebug.obj
 0001:00155e90       sf_debug_current_statement_context 0000000180156e90 f   sfc_debug:sfcdebug.obj
 0001:00155f20       sf_debug_get_current_statement_info 0000000180156f20 f   sfc_debug:sfcdebug.obj
 0001:001560a0       sf_debug_terminate_instance 00000001801570a0 f   sfc_debug:sfcdebug.obj
 0001:001563c0       sf_debug_assertion_failed  00000001801573c0 f   sfc_debug:sfcdebug.obj
 0001:00156570       sf_debug_set_number_of_data_with_change_event_for_machine 0000000180157570 f   sfc_debug:sfcdebug.obj
 0001:001565b0       sf_debug_set_machine_event_thresholds 00000001801575b0 f   sfc_debug:sfcdebug.obj
 0001:001565d0       sf_debug_set_machine_event_scope 00000001801575d0 f   sfc_debug:sfcdebug.obj
 0001:00156610       sf_debug_set_machine_data_thresholds 0000000180157610 f   sfc_debug:sfcdebug.obj
 0001:00156650       sf_debug_set_machine_data_scope 0000000180157650 f   sfc_debug:sfcdebug.obj
 0001:001566e0       sf_debug_set_machine_data_name 00000001801576e0 f   sfc_debug:sfcdebug.obj
 0001:00156780       sf_debug_set_machine_data_size 0000000180157780 f   sfc_debug:sfcdebug.obj
 0001:001568c0       sf_debug_set_machine_data_type 00000001801578c0 f   sfc_debug:sfcdebug.obj
 0001:00156a30       sf_debug_get_chart_data_number 0000000180157a30 f   sfc_debug:sfcdebug.obj
 0001:00156a50       sf_debug_get_chart_event_number 0000000180157a50 f   sfc_debug:sfcdebug.obj
 0001:00156a70       sf_debug_set_chart_state_info 0000000180157a70 f   sfc_debug:sfcdebug.obj
 0001:00156af0       sf_debug_set_chart_decomposition 0000000180157af0 f   sfc_debug:sfcdebug.obj
 0001:00156b60       sf_debug_set_chart_substate_count 0000000180157b60 f   sfc_debug:sfcdebug.obj
 0001:00156c40       sf_debug_set_chart_substate_index 0000000180157c40 f   sfc_debug:sfcdebug.obj
 0001:00156cb0       sf_debug_set_chart_state_substate_count 0000000180157cb0 f   sfc_debug:sfcdebug.obj
 0001:00156dc0       sf_debug_set_chart_state_substate_index 0000000180157dc0 f   sfc_debug:sfcdebug.obj
 0001:00156e40       sf_debug_set_number_of_data_with_change_event_for_chart 0000000180157e40 f   sfc_debug:sfcdebug.obj
 0001:00156ec0       sf_debug_set_number_of_states_with_entry_event_for_chart 0000000180157ec0 f   sfc_debug:sfcdebug.obj
 0001:00156f30       sf_debug_set_number_of_states_with_exit_event_for_chart 0000000180157f30 f   sfc_debug:sfcdebug.obj
 0001:00156fa0       sf_debug_set_chart_disable_implicit_casting 0000000180157fa0 f   sfc_debug:sfcdebug.obj
 0001:00157010       sf_debug_set_chart_event_thresholds 0000000180158010 f   sfc_debug:sfcdebug.obj
 0001:00157080       sf_debug_set_chart_data_compiled_props 0000000180158080 f   sfc_debug:sfcdebug.obj
 0001:001573c0       sf_debug_set_chart_data_props 00000001801583c0 f   sfc_debug:sfcdebug.obj
 0001:001576f0       sf_debug_check_fi_license  00000001801586f0 f   sfc_debug:sfcdebug.obj
 0001:001578e0       sf_debug_symbol_scope_push 00000001801588e0 f   sfc_debug:sfcdebug.obj
 0001:001579c0       sf_debug_symbol_scope_push_eml 00000001801589c0 f   sfc_debug:sfcdebug.obj
 0001:00157aa0       sf_debug_symbol_scope_pop  0000000180158aa0 f   sfc_debug:sfcdebug.obj
 0001:00157ae0       sf_debug_symbol_scope_add  0000000180158ae0 f   sfc_debug:sfcdebug.obj
 0001:00157b60       sf_debug_symbol_scope_add_eml 0000000180158b60 f   sfc_debug:sfcdebug.obj
 0001:00157ba0       sf_debug_symbol_scope_add_dyn 0000000180158ba0 f   sfc_debug:sfcdebug.obj
 0001:00157c50       sf_debug_symbol_scope_add_eml_dyn 0000000180158c50 f   sfc_debug:sfcdebug.obj
 0001:00157cb0       sf_debug_symbol_switch     0000000180158cb0 f   sfc_debug:sfcdebug.obj
 0001:00157cd0       sf_debug_symbol_scope_add_verbose 0000000180158cd0 f   sfc_debug:sfcdebug.obj
 0001:00157da0       sf_debug_set_machine_data_value_ptr 0000000180158da0 f   sfc_debug:sfcdebug.obj
 0001:00157de0       sf_debug_set_instance_data_value_ptr 0000000180158de0 f   sfc_debug:sfcdebug.obj
 0001:00157ea0       sf_debug_unset_instance_data_value_ptr 0000000180158ea0 f   sfc_debug:sfcdebug.obj
 0001:00157f50       sf_debug_set_chart_event_scope 0000000180158f50 f   sfc_debug:sfcdebug.obj
 0001:00157fd0       sf_debug_set_chart_transition_coverage_maps 0000000180158fd0 f   sfc_debug:sfcdebug.obj
 0001:001580e0       sf_debug_set_chart_state_coverage_maps 00000001801590e0 f   sfc_debug:sfcdebug.obj
 0001:001581c0       sf_debug_set_instance_transition_coverage_weights 00000001801591c0 f   sfc_debug:sfcdebug.obj
 0001:00158260       sf_debug_set_instance_state_coverage_weights 0000000180159260 f   sfc_debug:sfcdebug.obj
 0001:001584b0       sf_debug_unload_machine    00000001801594b0 f   sfc_debug:sfcdebug.obj
 0001:00158500       sf_debug_load_machine      0000000180159500 f   sfc_debug:sfcdebug.obj
 0001:00158610       sf_debug_set_active_instance_in_data_dictionary 0000000180159610 f   sfc_debug:sfcdebug.obj
 0001:001587f0       sf_debug_set_active_instance 00000001801597f0 f   sfc_debug:sfcdebug.obj
 0001:00158940       sf_debug_chart_visiblity_change 0000000180159940 f   sfc_debug:sfcdebug.obj
 0001:00158a20       sf_debug_select_chart      0000000180159a20 f   sfc_debug:sfcdebug.obj
 0001:00158b00       sf_debug_set_instance_cv_ids 0000000180159b00 f   sfc_debug:sfcdebug.obj
 0001:00158e20       sf_debug_select_charts     0000000180159e20 f   sfc_debug:sfcdebug.obj
 0001:00158f60       sf_debug_initialized       0000000180159f60 f   sfc_debug:sfcdebug.obj
 0001:00158f70       sf_debug_is_uninterruptible 0000000180159f70 f   sfc_debug:sfcdebug.obj
 0001:00158fa0       sf_debug_initialize_debugger_gui 0000000180159fa0 f   sfc_debug:sfcdebug.obj
 0001:00159380       sf_debug_resume            000000018015a380 f   sfc_debug:sfcdebug.obj
 0001:001593a0       sf_debug_go                000000018015a3a0 f   sfc_debug:sfcdebug.obj
 0001:001593b0       sf_debug_break             000000018015a3b0 f   sfc_debug:sfcdebug.obj
 0001:001593c0       sf_debug_step_over         000000018015a3c0 f   sfc_debug:sfcdebug.obj
 0001:001593d0       sf_debug_step_out          000000018015a3d0 f   sfc_debug:sfcdebug.obj
 0001:001593e0       sf_debug_set_disable_all_breakpoints 000000018015a3e0 f   sfc_debug:sfcdebug.obj
 0001:001593f0       sf_debug_disable_all_breakpoints_and_go 000000018015a3f0 f   sfc_debug:sfcdebug.obj
 0001:00159400       sf_debug_break_on_chart_entry 000000018015a400 f   sfc_debug:sfcdebug.obj
 0001:00159410       sf_debug_break_on_event_broadcast 000000018015a410 f   sfc_debug:sfcdebug.obj
 0001:00159420       sf_debug_break_on_state_entry 000000018015a420 f   sfc_debug:sfcdebug.obj
 0001:00159430       sf_debug_break_between_times 000000018015a430 f   sfc_debug:sfcdebug.obj
 0001:00159450       sf_debug_browse_data       000000018015a450 f   sfc_debug:sfcdebug.obj
 0001:00159470       sf_debug_watch_data        000000018015a470 f   sfc_debug:sfcdebug.obj
 0001:00159490       sf_debug_whos              000000018015a490 f   sfc_debug:sfcdebug.obj
 0001:001594b0       sf_debug_get_consistency_info 000000018015a4b0 f   sfc_debug:sfcdebug.obj
 0001:001594c0       sf_debug_browse_trace      000000018015a4c0 f   sfc_debug:sfcdebug.obj
 0001:001594d0       sf_debug_set_breakpoints   000000018015a4d0 f   sfc_debug:sfcdebug.obj
 0001:00159620       sf_debug_set_eml_breakpoints 000000018015a620 f   sfc_debug:sfcdebug.obj
 0001:00159780       sf_debug_set_script_breakpoints 000000018015a780 f   sfc_debug:sfcdebug.obj
 0001:00159800       sf_debug_add_script_breakpoints 000000018015a800 f   sfc_debug:sfcdebug.obj
 0001:00159870       sf_debug_clear_script_breakpoints 000000018015a870 f   sfc_debug:sfcdebug.obj
 0001:001598e0       sf_debug_query_script_breakpoints 000000018015a8e0 f   sfc_debug:sfcdebug.obj
 0001:001599a0       sf_debug_get_eml_script_id 000000018015a9a0 f   sfc_debug:sfcdebug.obj
 0001:00159a60       sf_debug_set_watch         000000018015aa60 f   sfc_debug:sfcdebug.obj
 0001:00159c80       sf_debug_get_coverage      000000018015ac80 f   sfc_debug:sfcdebug.obj
 0001:00159c90       sf_debug_get_instance_handle 000000018015ac90 f   sfc_debug:sfcdebug.obj
 0001:00159d20       sf_debug_get_active_states 000000018015ad20 f   sfc_debug:sfcdebug.obj
 0001:00159d30       sf_debug_get_animation     000000018015ad30 f   sfc_debug:sfcdebug.obj
 0001:00159d40       sf_debug_set_animation     000000018015ad40 f   sfc_debug:sfcdebug.obj
 0001:00159d50       sf_debug_animate           000000018015ad50 f   sfc_debug:sfcdebug.obj
 0001:00159d80       sf_debug_cycle_detection_check 000000018015ad80 f   sfc_debug:sfcdebug.obj
 0001:00159d90       sf_debug_data_range_check  000000018015ad90 f   sfc_debug:sfcdebug.obj
 0001:00159da0       sf_debug_transition_conflict_check 000000018015ada0 f   sfc_debug:sfcdebug.obj
 0001:00159db0       sf_debug_state_consistency_check 000000018015adb0 f   sfc_debug:sfcdebug.obj
 0001:00159dc0       sf_debug_data_range_check_enabled 000000018015adc0 f   sfc_debug:sfcdebug.obj
 0001:00159de0       sf_debug_transition_conflict_check_enabled 000000018015ade0 f   sfc_debug:sfcdebug.obj
 0001:00159e00       sf_debug_transition_conflict_check_begin 000000018015ae00 f   sfc_debug:sfcdebug.obj
 0001:00159e20       sf_debug_transition_conflict_check_end 000000018015ae20 f   sfc_debug:sfcdebug.obj
 0001:00159e40       sf_debug_stop_debugging    000000018015ae40 f   sfc_debug:sfcdebug.obj
 0001:00159e70       sf_debug_is_cycle_detected 000000018015ae70 f   sfc_debug:sfcdebug.obj
 0001:00159e80       sf_debug_is_array_bounds_detected 000000018015ae80 f   sfc_debug:sfcdebug.obj
 0001:00159e90       sf_debug_get_state_vectors_data_size 000000018015ae90 f   sfc_debug:sfcdebug.obj
 0001:00159ed0       sf_debug_get_state_vectors_data 000000018015aed0 f   sfc_debug:sfcdebug.obj
 0001:00159fe0       sf_debug_set_state_vectors_data 000000018015afe0 f   sfc_debug:sfcdebug.obj
 0001:0015a2c0       sf_debug_get_script_index  000000018015b2c0 f   sfc_debug:sfcdebug.obj
 0001:0015a440       sf_debug_add_script        000000018015b440 f   sfc_debug:sfcdebug.obj
 0001:0015a620       cv_eval_point              000000018015b620 f   sfc_debug:sfcdebug.obj
 0001:0015a790       sf_debug_cv_init_state     000000018015b790 f   sfc_debug:sfcdebug.obj
 0001:0015a8b0       sf_debug_cv_init_chart     000000018015b8b0 f   sfc_debug:sfcdebug.obj
 0001:0015a990       sf_debug_cv_init_trans     000000018015b990 f   sfc_debug:sfcdebug.obj
 0001:0015ab00       cv_eml_init_script         000000018015bb00 f   sfc_debug:sfcdebug.obj
 0001:0015ac30       cv_eml_init_fcn            000000018015bc30 f   sfc_debug:sfcdebug.obj
 0001:0015ad30       cv_eml_init_testobjective  000000018015bd30 f   sfc_debug:sfcdebug.obj
 0001:0015ae30       cv_eml_init_if             000000018015be30 f   sfc_debug:sfcdebug.obj
 0001:0015af30       cv_eml_init_for            000000018015bf30 f   sfc_debug:sfcdebug.obj
 0001:0015b020       cv_eml_init_while          000000018015c020 f   sfc_debug:sfcdebug.obj
 0001:0015b110       cv_eml_init_mcdc           000000018015c110 f   sfc_debug:sfcdebug.obj
 0001:0015b250       cv_eml_init_switch         000000018015c250 f   sfc_debug:sfcdebug.obj
 0001:0015b370       cv_eml_eval                000000018015c370 f   sfc_debug:sfcdebug.obj
 0001:0015b470       sf_debug_bm_is_a_eml_breakpoint 000000018015c470 f   sfc_debug:sfcdebug.obj
 0001:0015b660       sf_debug_temporal_threshold 000000018015c660 f   sfc_debug:sfcdebug.obj
 0001:0015ba00       sf_debug_transition_conflict_error 000000018015ca00 f   sfc_debug:sfcdebug.obj
 0001:0015bd60       sf_debug_state_inconsistency_error 000000018015cd60 f   sfc_debug:sfcdebug.obj
 0001:0015be70       sf_debug_check_for_state_inconsistency 000000018015ce70 f   sfc_debug:sfcdebug.obj
 0001:0015bea0       sf_debug_cycle_detecton_error 000000018015cea0 f   sfc_debug:sfcdebug.obj
 0001:0015c640       sf_debug_size_eq_check_1d  000000018015d640 f   sfc_debug:sfcdebug.obj
 0001:0015c660       sf_debug_size_eq_check_nd  000000018015d660 f   sfc_debug:sfcdebug.obj
 0001:0015c850       sf_debug_dim_size_eq_check 000000018015d850 f   sfc_debug:sfcdebug.obj
 0001:0015c880       sf_debug_dim_size_geq_check 000000018015d880 f   sfc_debug:sfcdebug.obj
 0001:0015c8b0       sf_debug_sub_assign_size_check_nd 000000018015d8b0 f   sfc_debug:sfcdebug.obj
 0001:0015cb00       sf_debug_matrix_matrix_index_check 000000018015db00 f   sfc_debug:sfcdebug.obj
 0001:0015cb30       sf_debug_vector_vector_index_check 000000018015db30 f   sfc_debug:sfcdebug.obj
 0001:0015cb60       sf_debug_data_array_bounds_error_check 000000018015db60 f   sfc_debug:sfcdebug.obj
 0001:0015cc70       sf_debug_eml_data_array_bounds_error_check 000000018015dc70 f   sfc_debug:sfcdebug.obj
 0001:0015d130       sf_debug_integer_check     000000018015e130 f   sfc_debug:sfcdebug.obj
 0001:0015d200       sf_debug_not_nan_check     000000018015e200 f   sfc_debug:sfcdebug.obj
 0001:0015d2c0       sf_debug_non_negative_check 000000018015e2c0 f   sfc_debug:sfcdebug.obj
 0001:0015d380       sf_debug_overflow_detection 000000018015e380 f   sfc_debug:sfcdebug.obj
 0001:0015da40       sf_debug_cast_to_real32_T  000000018015ea40 f   sfc_debug:sfcdebug.obj
 0001:0015db00       sf_debug_cast_to_int8_T    000000018015eb00 f   sfc_debug:sfcdebug.obj
 0001:0015dbc0       sf_debug_cast_to_uint8_T   000000018015ebc0 f   sfc_debug:sfcdebug.obj
 0001:0015dc80       sf_debug_cast_to_int16_T   000000018015ec80 f   sfc_debug:sfcdebug.obj
 0001:0015dd40       sf_debug_cast_to_uint16_T  000000018015ed40 f   sfc_debug:sfcdebug.obj
 0001:0015de00       sf_debug_cast_to_int32_T   000000018015ee00 f   sfc_debug:sfcdebug.obj
 0001:0015deb0       sf_debug_cast_to_uint32_T  000000018015eeb0 f   sfc_debug:sfcdebug.obj
 0001:0015df70       sf_debug_data_range_error  000000018015ef70 f   sfc_debug:sfcdebug.obj
 0001:0015e3d0       sf_debug_data_range_error_wrapper_min_max 000000018015f3d0 f   sfc_debug:sfcdebug.obj
 0001:0015e4c0       sf_debug_data_range_error_wrapper_min 000000018015f4c0 f   sfc_debug:sfcdebug.obj
 0001:0015e5a0       sf_debug_data_range_error_wrapper_max 000000018015f5a0 f   sfc_debug:sfcdebug.obj
 0001:0015e680       sf_debug_data_range_wrapper 000000018015f680 f   sfc_debug:sfcdebug.obj
 0001:0015e730       sf_debug_set_current_status_info 000000018015f730 f   sfc_debug:sfcdebug.obj
 0001:0015ec00       sf_debug_call              000000018015fc00 f   sfc_debug:sfcdebug.obj
 0001:0015fab0       sf_debug_initialize_machine 0000000180160ab0 f   sfc_debug:sfcdebug.obj
 0001:0015ff30       sf_debug_initialize_chart  0000000180160f30 f   sfc_debug:sfcdebug.obj
 0001:00160410       sf_debug_ensure_script     0000000180161410 f   sfc_debug:sfcdebug.obj
 0001:00160580       cv_script_init_script      0000000180161580 f   sfc_debug:sfcdebug.obj
 0001:00160700       cv_script_init_fcn         0000000180161700 f   sfc_debug:sfcdebug.obj
 0001:00160850       cv_script_init_testobjective 0000000180161850 f   sfc_debug:sfcdebug.obj
 0001:001609a0       cv_script_init_if          00000001801619a0 f   sfc_debug:sfcdebug.obj
 0001:00160af0       cv_script_init_for         0000000180161af0 f   sfc_debug:sfcdebug.obj
 0001:00160c40       cv_script_init_while       0000000180161c40 f   sfc_debug:sfcdebug.obj
 0001:00160d90       cv_script_init_mcdc        0000000180161d90 f   sfc_debug:sfcdebug.obj
 0001:00160f30       cv_script_init_switch      0000000180161f30 f   sfc_debug:sfcdebug.obj
 0001:001610a0       cv_script_eval             00000001801620a0 f   sfc_debug:sfcdebug.obj
 0001:00161200       eml_debug_line_call        0000000180162200 f   sfc_debug:sfcdebug.obj
 0001:001613b0       sf_debug_terminate         00000001801623b0 f   sfc_debug:sfcdebug.obj
 0001:001615f0       sf_debug_set_script_cv_ids 00000001801625f0 f   sfc_debug:sfcdebug.obj
 0001:001617c0       sf_debug_api               00000001801627c0 f   sfc_debug:sfc_api.obj
 0001:00163060       sf_debug_sm_terminate      0000000180164060 f   sfc_debug:sfdb_animation.obj
 0001:00163220       sf_debug_reset_path_objects 0000000180164220 f   sfc_debug:sfdb_animation.obj
 0001:001632a0       sf_debug_sm_reset_object_selection_status 00000001801642a0 f   sfc_debug:sfdb_animation.obj
 0001:00163340       sf_debug_sm_reset_state_buffer 0000000180164340 f   sfc_debug:sfdb_animation.obj
 0001:00163420       sf_debug_sm_store_state_buffer 0000000180164420 f   sfc_debug:sfdb_animation.obj
 0001:001634a0       sf_debug_sm_restore_state_buffer1 00000001801644a0 f   sfc_debug:sfdb_animation.obj
 0001:00163510       sf_debug_sm_restore_state_buffer2 0000000180164510 f   sfc_debug:sfdb_animation.obj
 0001:00163580       sf_debug_sm_chart_active   0000000180164580 f   sfc_debug:sfdb_animation.obj
 0001:001635d0       sf_debug_sm_select_active_objects 00000001801645d0 f   sfc_debug:sfdb_animation.obj
 0001:00163a60       sf_debug_sm_is_chart_active 0000000180164a60 f   sfc_debug:sfdb_animation.obj
 0001:00163aa0       sf_debug_sm_is_state_active 0000000180164aa0 f   sfc_debug:sfdb_animation.obj
 0001:00163ce0       sf_debug_sm_get_active_states 0000000180164ce0 f   sfc_debug:sfdb_animation.obj
 0001:00164290       sf_debug_sm_initialize_instance 0000000180165290 f   sfc_debug:sfdb_animation.obj
 0001:00164540       sf_debug_sm_change_object_selection_status 0000000180165540 f   sfc_debug:sfdb_animation.obj
 0001:00164830       cv_create_interface        0000000180165830 f   sfc_debug:cv_sfinterface.obj
 0001:00164b80       cv_init_trans              0000000180165b80 f   sfc_debug:cv_sfinterface.obj
 0001:00164bd0       cv_init_state              0000000180165bd0 f   sfc_debug:cv_sfinterface.obj
 0001:00164c40       cv_init_chart              0000000180165c40 f   sfc_debug:cv_sfinterface.obj
 0001:00164c90       cv_dec_update_call         0000000180165c90 f   sfc_debug:cv_sfinterface.obj
 0001:00164cd0       cv_cond_update_call        0000000180165cd0 f   sfc_debug:cv_sfinterface.obj
 0001:00164d10       cv_sigrange_update         0000000180165d10 f   sfc_debug:cv_sfinterface.obj
 0001:00164d50       cvsf_eml_eval              0000000180165d50 f   sfc_debug:cv_sfinterface.obj
 0001:00164e30       cvsf_eml_init_script       0000000180165e30 f   sfc_debug:cv_sfinterface.obj
 0001:00164eb0       cvsf_eml_init_fcn          0000000180165eb0 f   sfc_debug:cv_sfinterface.obj
 0001:00164f10       cvsf_eml_init_testobjective 0000000180165f10 f   sfc_debug:cv_sfinterface.obj
 0001:00164f70       cvsf_eml_init_if           0000000180165f70 f   sfc_debug:cv_sfinterface.obj
 0001:00164fd0       cvsf_eml_init_for          0000000180165fd0 f   sfc_debug:cv_sfinterface.obj
 0001:00165020       cvsf_eml_init_while        0000000180166020 f   sfc_debug:cv_sfinterface.obj
 0001:00165070       cvsf_eml_init_mcdc         0000000180166070 f   sfc_debug:cv_sfinterface.obj
 0001:00165100       cvsf_eml_init_switch       0000000180166100 f   sfc_debug:cv_sfinterface.obj
 0001:00165170       cvsf_script_eval           0000000180166170 f   sfc_debug:cv_sfinterface.obj
 0001:00165250       cvsf_script_init_script    0000000180166250 f   sfc_debug:cv_sfinterface.obj
 0001:001652d0       cvsf_script_init_fcn       00000001801662d0 f   sfc_debug:cv_sfinterface.obj
 0001:00165330       cvsf_script_init_testobjective 0000000180166330 f   sfc_debug:cv_sfinterface.obj
 0001:00165390       cvsf_script_init_if        0000000180166390 f   sfc_debug:cv_sfinterface.obj
 0001:001653f0       cvsf_script_init_for       00000001801663f0 f   sfc_debug:cv_sfinterface.obj
 0001:00165440       cvsf_script_init_while     0000000180166440 f   sfc_debug:cv_sfinterface.obj
 0001:00165490       cvsf_script_init_mcdc      0000000180166490 f   sfc_debug:cv_sfinterface.obj
 0001:00165520       cvsf_script_init_switch    0000000180166520 f   sfc_debug:cv_sfinterface.obj
 0001:00165590       cv_destroy_interface       0000000180166590 f   sfc_debug:cv_sfinterface.obj
 0001:001655b0       cv_create_instance_objects 00000001801665b0 f   sfc_debug:cv_sfinterface.obj
 0001:00165a60       cv_is_enabled              0000000180166a60 f   sfc_debug:cv_sfinterface.obj
 0001:00165a70       sf_debug_cv_initialize_script 0000000180166a70 f   sfc_debug:cv_sfinterface.obj
 0001:00165c10       sf_debug_cv_initialize_instance 0000000180166c10 f   sfc_debug:cv_sfinterface.obj
 0001:00165fa0       sf_debug_cv_terminate_chart 0000000180166fa0 f   sfc_debug:cv_sfinterface.obj
 0001:001660e0       cv_call_trans_test         00000001801670e0 f   sfc_debug:cv_sfinterface.obj
 0001:001660f0       cv_call_sub_cond_test      00000001801670f0 f   sfc_debug:cv_sfinterface.obj
 0001:00166220       sf_debug_hm_initialize_instance 0000000180167220 f   sfc_debug:sfdb_handle_management.obj
 0001:00166840       sf_debug_hm_get_object_id  0000000180167840 f   sfc_debug:sfdb_handle_management.obj
 0001:00168750       sf_debug_object_is_eml_function 0000000180169750 f   sfc_debug:sfdb_handle_management.obj
 0001:001687c0       sf_debug_hm_initialize_ids_in_machine 00000001801697c0 f   sfc_debug:sfdb_handle_management.obj
 0001:00168930       sf_debug_hm_initialize_ids_in_chart 0000000180169930 f   sfc_debug:sfdb_handle_management.obj
 0001:00168a70       sf_debug_hm_initialize_chart 0000000180169a70 f   sfc_debug:sfdb_handle_management.obj
 0001:00169320       sf_debug_hm_terminate      000000018016a320 f   sfc_debug:sfdb_handle_management.obj
 0001:00169380       sf_debug_hm_initialize_machine 000000018016a380 f   sfc_debug:sfdb_handle_management.obj
 0001:00169c30       sf_debug_st_initialize_machine 000000018016ac30 f   sfc_debug:sfdb_data_browse.obj
 0001:00169cf0       sf_debug_st_initialize_instance 000000018016acf0 f   sfc_debug:sfdb_data_browse.obj
 0001:0016a100       sf_debug_st_terminate      000000018016b100 f   sfc_debug:sfdb_data_browse.obj
 0001:0016a4b0       sf_debug_st_set_data_value_ptr_in_machine 000000018016b4b0 f   sfc_debug:sfdb_data_browse.obj
 0001:0016a540       sf_debug_st_set_data_value_ptr_in_instance 000000018016b540 f   sfc_debug:sfdb_data_browse.obj
 0001:0016a620       sf_debug_st_unset_data_value_ptr_in_machine 000000018016b620 f   sfc_debug:sfdb_data_browse.obj
 0001:0016a690       sf_debug_st_unset_data_value_ptr_in_instance 000000018016b690 f   sfc_debug:sfdb_data_browse.obj
 0001:0016a950       sf_debug_mx_value          000000018016b950 f   sfc_debug:sfdb_data_browse.obj
 0001:0016a9b0       sf_debug_mx_packed_vector  000000018016b9b0 f   sfc_debug:sfdb_data_browse.obj
 0001:0016aa90       sf_debug_mx_uint_vector    000000018016ba90 f   sfc_debug:sfdb_data_browse.obj
 0001:0016ab40       sf_debug_st_get_double_value_from_void_ptr_vector 000000018016bb40 f   sfc_debug:sfdb_data_browse.obj
 0001:0016b6a0       sf_debug_st_browse_data    000000018016c6a0 f   sfc_debug:sfdb_data_browse.obj
 0001:0016be40       sf_debug_ss_initialize     000000018016ce40 f   sfc_debug:sfdb_symbol_scope.obj
 0001:0016be60       sf_debug_ss_terminate      000000018016ce60 f   sfc_debug:sfdb_symbol_scope.obj
 0001:0016bef0       sf_debug_ss_push_symbol_scope 000000018016cef0 f   sfc_debug:sfdb_symbol_scope.obj
 0001:0016bff0       sf_debug_ss_push_symbol_scope_eml 000000018016cff0 f   sfc_debug:sfdb_symbol_scope.obj
 0001:0016c050       sf_debug_ss_pop_symbol_scope 000000018016d050 f   sfc_debug:sfdb_symbol_scope.obj
 0001:0016c100       sf_debug_ss_add_symbol     000000018016d100 f   sfc_debug:sfdb_symbol_scope.obj
 0001:0016c250       sf_debug_ss_add_symbol_eml 000000018016d250 f   sfc_debug:sfdb_symbol_scope.obj
 0001:0016d2b0       sf_debug_ss_watch_data     000000018016e2b0 f   sfc_debug:sfdb_symbol_scope.obj
 0001:0016dce0       get_data_entry_name        000000018016ece0 f   sfc_debug:sfdb_symbol_scope.obj
 0001:0016dd30       sf_debug_ss_whos           000000018016ed30 f   sfc_debug:sfdb_symbol_scope.obj
 0001:0016e5d0       sf_debug_cc_initialize_chart 000000018016f5d0 f   sfc_debug:sfdb_coverage.obj
 0001:0016efc0       sf_debug_cc_initialize_instance 000000018016ffc0 f   sfc_debug:sfdb_coverage.obj
 0001:0016fdc0       sf_debug_cc_terminate      0000000180170dc0 f   sfc_debug:sfdb_coverage.obj
 0001:0016feb0       sf_debug_cc_set_transition_maps 0000000180170eb0 f   sfc_debug:sfdb_coverage.obj
 0001:0016ffe0       sf_debug_cc_set_state_maps 0000000180170fe0 f   sfc_debug:sfdb_coverage.obj
 0001:001700c0       sf_debug_cc_set_transition_weights 00000001801710c0 f   sfc_debug:sfdb_coverage.obj
 0001:00170390       sf_debug_cc_set_state_weights 0000000180171390 f   sfc_debug:sfdb_coverage.obj
 0001:00170670       sf_debug_cc_mark_transition_guard 0000000180171670 f   sfc_debug:sfdb_coverage.obj
 0001:00170790       sf_debug_cc_mark_transition_trigger 0000000180171790 f   sfc_debug:sfdb_coverage.obj
 0001:001708b0       sf_debug_cc_mark_transition_decision 00000001801718b0 f   sfc_debug:sfdb_coverage.obj
 0001:00170920       sf_debug_cc_mark_transition_condition_action 0000000180171920 f   sfc_debug:sfdb_coverage.obj
 0001:001709f0       sf_debug_cc_mark_transition_transition_action 00000001801719f0 f   sfc_debug:sfdb_coverage.obj
 0001:00170ac0       sf_debug_cc_mark_state_entry 0000000180171ac0 f   sfc_debug:sfdb_coverage.obj
 0001:00170b90       sf_debug_cc_mark_state_during 0000000180171b90 f   sfc_debug:sfdb_coverage.obj
 0001:00170c60       sf_debug_cc_mark_state_exit 0000000180171c60 f   sfc_debug:sfdb_coverage.obj
 0001:00171520       sf_debug_cc_get_coverage   0000000180172520 f   sfc_debug:sfdb_coverage.obj
 0001:00171ab0       sf_debug_bm_clear_script_breakpoints 0000000180172ab0 f   sfc_debug:sfdb_breakpoints.obj
 0001:00171ae0       sf_debug_bm_set_script_breakpoint 0000000180172ae0 f   sfc_debug:sfdb_breakpoints.obj
 0001:00171b60       sf_debug_bm_clear_single_script_breakpoint 0000000180172b60 f   sfc_debug:sfdb_breakpoints.obj
 0001:00171be0       sf_debug_bm_query_script_breakpoint 0000000180172be0 f   sfc_debug:sfdb_breakpoints.obj
 0001:00171c30       sf_debug_bm_initialize_scripts 0000000180172c30 f   sfc_debug:sfdb_breakpoints.obj
 0001:00172350       sf_debug_bm_terminate      0000000180173350 f   sfc_debug:sfdb_breakpoints.obj
 0001:00172650       sf_debug_bm_remove_all_breakpoints_in_machine 0000000180173650 f   sfc_debug:sfdb_breakpoints.obj
 0001:001726c0       sf_debug_bm_remove_all_breakpoints_in_chart 00000001801736c0 f   sfc_debug:sfdb_breakpoints.obj
 0001:00172810       sf_debug_bm_initialize_global_breakpoints 0000000180173810 f   sfc_debug:sfdb_breakpoints.obj
 0001:00172990       sf_debug_bm_set_breakpoint 0000000180173990 f   sfc_debug:sfdb_breakpoints.obj
 0001:00172f90       sf_debug_bm_set_eml_breakpoint 0000000180173f90 f   sfc_debug:sfdb_breakpoints.obj
 0001:00173030       sf_debug_bm_initialize_machine_breakpoint_map 0000000180174030 f   sfc_debug:sfdb_breakpoints.obj
 0001:00173520       sf_debug_bm_is_a_breakpoint 0000000180174520 f   sfc_debug:sfdb_breakpoints.obj
 0001:00173a40       sf_debug_bm_get_all_breakpoints_in_machine 0000000180174a40 f   sfc_debug:sfdb_breakpoints.obj
 0001:00173d40       sf_debug_bm_get_all_breakpoints_in_chart 0000000180174d40 f   sfc_debug:sfdb_breakpoints.obj
 0001:001749f0       sf_debug_bm_initialize_machine 00000001801759f0 f   sfc_debug:sfdb_breakpoints.obj
 0001:00174ac0       sf_debug_bm_initialize_chart 0000000180175ac0 f   sfc_debug:sfdb_breakpoints.obj
 0001:00175000       sf_debug_sc_terminate      0000000180176000 f   sfc_debug:sfdb_state_consistency.obj
 0001:00175330       sf_debug_sc_is_chart_consistent 0000000180176330 f   sfc_debug:sfdb_state_consistency.obj
 0001:001755d0       sf_debug_sc_get_consistency_error_info 00000001801765d0 f   sfc_debug:sfdb_state_consistency.obj
 0001:00175a00       sf_debug_tm_terminate      0000000180176a00 f   sfc_debug:sfdb_call_stack.obj
 0001:00175ac0       sf_debug_tm_push_chart_instance 0000000180176ac0 f   sfc_debug:sfdb_call_stack.obj
 0001:00175c20       sf_debug_tm_pop_chart_instance 0000000180176c20 f   sfc_debug:sfdb_call_stack.obj
 0001:00175c80       sf_debug_tm_push_trace_node 0000000180176c80 f   sfc_debug:sfdb_call_stack.obj
 0001:00175e10       sf_debug_tm_pop_trace_node 0000000180176e10 f   sfc_debug:sfdb_call_stack.obj
 0001:00175e90       sf_debug_tm_get_current_global_trace_index 0000000180176e90 f   sfc_debug:sfdb_call_stack.obj
 0001:00175ea0       sf_debug_tm_get_current_local_trace_index 0000000180176ea0 f   sfc_debug:sfdb_call_stack.obj
 0001:00175ed0       sf_debug_tm_set_cycle_detected_flag 0000000180176ed0 f   sfc_debug:sfdb_call_stack.obj
 0001:00175f10       sf_debug_tm_set_cycle_started_flag 0000000180176f10 f   sfc_debug:sfdb_call_stack.obj
 0001:00175f50       sf_debug_tm_get_chart_number_from_stack 0000000180176f50 f   sfc_debug:sfdb_call_stack.obj
 0001:00176130       sf_debug_tm_browse_trace   0000000180177130 f   sfc_debug:sfdb_call_stack.obj
 0001:00176460       sf_debug_cd_initialize_instance 0000000180177460 f   sfc_debug:sfdb_cycle_detection.obj
 0001:00176710       sf_debug_cd_mark_processed_transition_in_instance 0000000180177710 f   sfc_debug:sfdb_cycle_detection.obj
 0001:001767b0       sf_debug_cd_checksum_push  00000001801777b0 f   sfc_debug:sfdb_cycle_detection.obj
 0001:00176a70       sf_debug_cd_checksum_pop   0000000180177a70 f   sfc_debug:sfdb_cycle_detection.obj
 0001:00176ae0       sf_debug_cd_turn_off_cycle_detection 0000000180177ae0 f   sfc_debug:sfdb_cycle_detection.obj
 0001:00176b30       sf_debug_cd_terminate      0000000180177b30 f   sfc_debug:sfdb_cycle_detection.obj
 0001:00176d70       md5_initialize_state       0000000180177d70 f   sfc_debug:ckmd5.obj
 0001:001778f0       md5_update_state           00000001801788f0 f   sfc_debug:ckmd5.obj
 0001:001779d0       md5_get_hash               00000001801789d0 f   sfc_debug:ckmd5.obj
 0001:00177a00       md5_get_hash_for_a_single_string 0000000180178a00 f   sfc_debug:ckmd5.obj
 0001:00177b5a       mxGetPr                    0000000180178b5a f   libmx:libmx.dll
 0001:00177b60       mxCreateDoubleScalar       0000000180178b60 f   libmx:libmx.dll
 0001:00177b66       mxSetField_730             0000000180178b66 f   libmx:libmx.dll
 0001:00177b6c       mxCreateDoubleMatrix_730   0000000180178b6c f   libmx:libmx.dll
 0001:00177b72       mxCreateStructMatrix_730   0000000180178b72 f   libmx:libmx.dll
 0001:00177b78       mxDestroyArray             0000000180178b78 f   libmx:libmx.dll
 0001:00177b7e       mxCreateString             0000000180178b7e f   libmx:libmx.dll
 0001:00177b84       mxDuplicateArray           0000000180178b84 f   libmx:libmx.dll
 0001:00177b8a       mxGetNaN                   0000000180178b8a f   libmx:libmx.dll
 0001:00177b90       mxGetString_730            0000000180178b90 f   libmx:libmx.dll
 0001:00177b96       mxIsChar                   0000000180178b96 f   libmx:libmx.dll
 0001:00177b9c       mxGetClassID               0000000180178b9c f   libmx:libmx.dll
 0001:00177ba2       mxIsNumeric                0000000180178ba2 f   libmx:libmx.dll
 0001:00177ba8       mxIsComplex                0000000180178ba8 f   libmx:libmx.dll
 0001:00177bae       mxGetN                     0000000180178bae f   libmx:libmx.dll
 0001:00177bb4       mxGetM                     0000000180178bb4 f   libmx:libmx.dll
 0001:00177bba       mxCalloc                   0000000180178bba f   libmx:libmx.dll
 0001:00177bc0       mxGetScalar                0000000180178bc0 f   libmx:libmx.dll
 0001:00177bc6       mxIsLogical                0000000180178bc6 f   libmx:libmx.dll
 0001:00177bcc       mxCreateDoubleMatrix_700   0000000180178bcc f   libmx:libmx.dll
 0001:00177bd2       mxFree                     0000000180178bd2 f   libmx:libmx.dll
 0001:00177bd8       mxArrayToString            0000000180178bd8 f   libmx:libmx.dll
 0001:00177bde       mxCreateCellMatrix_700     0000000180178bde f   libmx:libmx.dll
 0001:00177be4       mxSetCell_700              0000000180178be4 f   libmx:libmx.dll
 0001:00177bea       mxGetCell_700              0000000180178bea f   libmx:libmx.dll
 0001:00177bf0       mxGetClassName             0000000180178bf0 f   libmx:libmx.dll
 0001:00177bf6       mxSetField_700             0000000180178bf6 f   libmx:libmx.dll
 0001:00177bfc       mxAddField                 0000000180178bfc f   libmx:libmx.dll
 0001:00177c02       mxGetField_700             0000000180178c02 f   libmx:libmx.dll
 0001:00177c08       mxGetNumberOfElements      0000000180178c08 f   libmx:libmx.dll
 0001:00177c0e       mxIsStruct                 0000000180178c0e f   libmx:libmx.dll
 0001:00177c14       mxIsClass                  0000000180178c14 f   libmx:libmx.dll
 0001:00177c1a       mxGetLogicals              0000000180178c1a f   libmx:libmx.dll
 0001:00177c20       mxIsSparse                 0000000180178c20 f   libmx:libmx.dll
 0001:00177c26       mxSetFieldByNumber_700     0000000180178c26 f   libmx:libmx.dll
 0001:00177c2c       mxGetFieldByNumber_700     0000000180178c2c f   libmx:libmx.dll
 0001:00177c32       mxGetFieldNameByNumber     0000000180178c32 f   libmx:libmx.dll
 0001:00177c38       mxGetNumberOfFields        0000000180178c38 f   libmx:libmx.dll
 0001:00177c3e       mxCreateStructMatrix_700   0000000180178c3e f   libmx:libmx.dll
 0001:00177c44       mxGetFieldNumber           0000000180178c44 f   libmx:libmx.dll
 0001:00177c4a       mxIsNaN                    0000000180178c4a f   libmx:libmx.dll
 0001:00177c50       mxIsEmpty                  0000000180178c50 f   libmx:libmx.dll
 0001:00177c56       mxGetData                  0000000180178c56 f   libmx:libmx.dll
 0001:00177c5c       mxGetImagData              0000000180178c5c f   libmx:libmx.dll
 0001:00177c62       mxArrayClassIDName         0000000180178c62 f   libmx:libmx.dll
 0001:00177c68       mxCreateNumericMatrix_700  0000000180178c68 f   libmx:libmx.dll
 0001:00177c6e       mxCreateStructArray_700    0000000180178c6e f   libmx:libmx.dll
 0001:00177c74       mxCalcSingleSubscript_700  0000000180178c74 f   libmx:libmx.dll
 0001:00177c7a       mxGetDimensions_700        0000000180178c7a f   libmx:libmx.dll
 0001:00177c80       mxGetNumberOfDimensions_700 0000000180178c80 f   libmx:libmx.dll
 0001:00177c86       mxCreateNumericArray_700   0000000180178c86 f   libmx:libmx.dll
 0001:00177c8c       mxGetElementSize           0000000180178c8c f   libmx:libmx.dll
 0001:00177c92       mxCreateStringFromNChars_700 0000000180178c92 f   libmx:libmx.dll
 0001:00177c98       mxGetString_700            0000000180178c98 f   libmx:libmx.dll
 0001:00177c9e       mxIsLogicalScalarTrue      0000000180178c9e f   libmx:libmx.dll
 0001:00177ca4       mxCreateLogicalScalar      0000000180178ca4 f   libmx:libmx.dll
 0001:00177caa       mexUnlock                  0000000180178caa f   libmex:libmex.dll
 0001:00177cb0       mexIsLocked                0000000180178cb0 f   libmex:libmex.dll
 0001:00177cb6       mexWarnMsgTxt              0000000180178cb6 f   libmex:libmex.dll
 0001:00177cbc       mexCallMATLAB              0000000180178cbc f   libmex:libmex.dll
 0001:00177cc2       mexErrMsgTxt               0000000180178cc2 f   libmex:libmex.dll
 0001:00177cc8       mexSetTrapFlag             0000000180178cc8 f   libmex:libmex.dll
 0001:00177cce       mexMakeArrayPersistent     0000000180178cce f   libmex:libmex.dll
 0001:00177cd4       mexPutVariable             0000000180178cd4 f   libmex:libmex.dll
 0001:00177cda       mexGetVariable             0000000180178cda f   libmex:libmex.dll
 0001:00177ce0       mexLock                    0000000180178ce0 f   libmex:libmex.dll
 0001:00177ce6       mexMakeMemoryPersistent    0000000180178ce6 f   libmex:libmex.dll
 0001:00177cec       mexFunctionName            0000000180178cec f   libmex:libmex.dll
 0001:00177cf2       ssRegisterDataTypeFxpFSlopeFixExpBias 0000000180178cf2 f   libfixedpoint:libfixedpoint.dll
 0001:00177cf8       utVSNprintf                0000000180178cf8 f   libut:libut.dll
 0001:00177cfe       utCPUtime                  0000000180178cfe f   libut:libut.dll
 0001:00177d04       utFree                     0000000180178d04 f   libut:libut.dll
 0001:00177d0a       utMalloc                   0000000180178d0a f   libut:libut.dll
 0001:00177d10       muDoubleScalarSin          0000000180178d10 f   libmwmathutil:libmwmathutil.dll
 0001:00177d16       muDoubleScalarCos          0000000180178d16 f   libmwmathutil:libmwmathutil.dll
 0001:00177d1c       muDoubleScalarAtan2        0000000180178d1c f   libmwmathutil:libmwmathutil.dll
 0001:00177d22       muDoubleScalarAcos         0000000180178d22 f   libmwmathutil:libmwmathutil.dll
 0001:00177d28       muDoubleScalarPower        0000000180178d28 f   libmwmathutil:libmwmathutil.dll
 0001:00177d2e       muDoubleScalarFloor        0000000180178d2e f   libmwmathutil:libmwmathutil.dll
 0001:00177d34       muDoubleScalarSqrt         0000000180178d34 f   libmwmathutil:libmwmathutil.dll
 0001:00177d3a       muDoubleScalarAbs          0000000180178d3a f   libmwmathutil:libmwmathutil.dll
 0001:00177d40       muDoubleScalarIsNaN        0000000180178d40 f   libmwmathutil:libmwmathutil.dll
 0001:00177d46       emlrtCheckBuiltInR2009a    0000000180178d46 f   libemlrt:libemlrt.dll
 0001:00177d4c       emlrtCheckVsBuiltInR2009a  0000000180178d4c f   libemlrt:libemlrt.dll
 0001:00177d52       emlrtCheckEnumR2009a       0000000180178d52 f   libemlrt:libemlrt.dll
 0001:00177d58       emlrtCreateEnumR2010a      0000000180178d58 f   libemlrt:libemlrt.dll
 0001:00177d5e       emlrtGetEnumElementR2009a  0000000180178d5e f   libemlrt:libemlrt.dll
 0001:00177d64       emlrtImportVsFiArrayR2009b 0000000180178d64 f   libemlrt:libemlrt.dll
 0001:00177d6a       emlrtGetEnumUnderlyingArrayR2009a 0000000180178d6a f   libemlrt:libemlrt.dll
 0001:00177d70       emlrtIsEnumR2009a          0000000180178d70 f   libemlrt:libemlrt.dll
 0001:00177d76       idamax32                   0000000180178d76 f   libmwblascompat32:libmwblascompat32.dll
 0001:00177d7c       dswap32                    0000000180178d7c f   libmwblascompat32:libmwblascompat32.dll
 0001:00177d82       dger32                     0000000180178d82 f   libmwblascompat32:libmwblascompat32.dll
 0001:00177d88       dtrsm32                    0000000180178d88 f   libmwblascompat32:libmwblascompat32.dll
 0001:00177d8e       ddot32                     0000000180178d8e f   libmwblascompat32:libmwblascompat32.dll
 0001:00177d94       dnrm232                    0000000180178d94 f   libmwblascompat32:libmwblascompat32.dll
 0001:00177d9a       dgemm32                    0000000180178d9a f   libmwblascompat32:libmwblascompat32.dll
 0001:00177da0       strlen                     0000000180178da0 f   MSVCRT:MSVCR90.dll
 0001:00177db0       memset                     0000000180178db0 f   MSVCRT:MSVCR90.dll
 0001:00177db6       malloc                     0000000180178db6 f   MSVCRT:MSVCR90.dll
 0001:00177dbc       __GSHandlerCheckCommon     0000000180178dbc f   MSVCRT:gshandler.obj
 0001:00177e20       __GSHandlerCheck           0000000180178e20 f   MSVCRT:gshandler.obj
 0001:00177e50       __security_check_cookie    0000000180178e50 f   MSVCRT:amdsecgs.obj
 0001:00177e70       free                       0000000180178e70 f   MSVCRT:MSVCR90.dll
 0001:00177e76       strcmp                     0000000180178e76 f   MSVCRT:MSVCR90.dll
 0001:00177e7c       sprintf                    0000000180178e7c f   MSVCRT:MSVCR90.dll
 0001:00177e82       strcat                     0000000180178e82 f   MSVCRT:MSVCR90.dll
 0001:00177e88       memcpy                     0000000180178e88 f   MSVCRT:MSVCR90.dll
 0001:00177e90       NtCurrentTeb               0000000180178e90 f i MSVCRT:crtdll.obj
 0001:00177efc       _CRT_INIT                  0000000180178efc f   MSVCRT:crtdll.obj
 0001:00178290       _DllMainCRTStartup         0000000180179290 f   MSVCRT:crtdll.obj
 0001:001782ce       strncpy                    00000001801792ce f   MSVCRT:MSVCR90.dll
 0001:001782d4       longjmp                    00000001801792d4 f   MSVCRT:MSVCR90.dll
 0001:001782da       strncmp                    00000001801792da f   MSVCRT:MSVCR90.dll
 0001:001782e0       ceil                       00000001801792e0 f   MSVCRT:MSVCR90.dll
 0001:001782e6       strrchr                    00000001801792e6 f   MSVCRT:MSVCR90.dll
 0001:001782ec       _setjmp                    00000001801792ec f   MSVCRT:MSVCR90.dll
 0001:001782f2       calloc                     00000001801792f2 f   MSVCRT:MSVCR90.dll
 0001:001782f8       realloc                    00000001801792f8 f   MSVCRT:MSVCR90.dll
 0001:001782fe       ldexp                      00000001801792fe f   MSVCRT:MSVCR90.dll
 0001:00178304       __report_gsfailure         0000000180179304 f   MSVCRT:gs_report.obj
 0001:00178450       __clean_type_info_names    0000000180179450 f   MSVCRT:tncleanup.obj
 0001:0017845c       _onexit                    000000018017945c f   MSVCRT:atonexit.obj
 0001:0017850c       atexit                     000000018017950c f   MSVCRT:atonexit.obj
 0001:00178524       _RTC_Initialize            0000000180179524 f   MSVCRT:_initsect_.obj
 0001:0017855c       _RTC_Terminate             000000018017955c f   MSVCRT:_initsect_.obj
 0001:00178594       _encode_pointer            0000000180179594 f   MSVCRT:MSVCR90.dll
 0001:0017859a       _malloc_crt                000000018017959a f   MSVCRT:MSVCR90.dll
 0001:001785a0       _ValidateImageBase         00000001801795a0 f   MSVCRT:pesect.obj
 0001:001785d0       _FindPESection             00000001801795d0 f   MSVCRT:pesect.obj
 0001:00178620       _IsNonwritableInCurrentImage 0000000180179620 f   MSVCRT:pesect.obj
 0001:00178662       _initterm                  0000000180179662 f   MSVCRT:MSVCR90.dll
 0001:00178668       _initterm_e                0000000180179668 f   MSVCRT:MSVCR90.dll
 0001:0017866e       _encoded_null              000000018017966e f   MSVCRT:MSVCR90.dll
 0001:00178674       _decode_pointer            0000000180179674 f   MSVCRT:MSVCR90.dll
 0001:0017867a       _amsg_exit                 000000018017967a f   MSVCRT:MSVCR90.dll
 0001:00178680       __C_specific_handler       0000000180179680 f   MSVCRT:MSVCR90.dll
 0001:00178686       __CppXcptFilter            0000000180179686 f   MSVCRT:MSVCR90.dll
 0001:0017868c       DllMain                    000000018017968c f   MSVCRT:dllmain.obj
 0001:001786b0       __security_init_cookie     00000001801796b0 f   MSVCRT:gs_support.obj
 0001:00178764       __crt_debugger_hook        0000000180179764 f   MSVCRT:MSVCR90.dll
 0001:0017876a       __clean_type_info_names_internal 000000018017976a f   MSVCRT:MSVCR90.dll
 0001:00178770       _unlock                    0000000180179770 f   MSVCRT:MSVCR90.dll
 0001:00178776       __dllonexit                0000000180179776 f   MSVCRT:MSVCR90.dll
 0001:0017877c       _lock                      000000018017977c f   MSVCRT:MSVCR90.dll
 0001:00178782       Sleep                      0000000180179782 f   kernel32:KERNEL32.dll
 0001:00178788       TerminateProcess           0000000180179788 f   kernel32:KERNEL32.dll
 0001:0017878e       GetCurrentProcess          000000018017978e f   kernel32:KERNEL32.dll
 0001:00178794       UnhandledExceptionFilter   0000000180179794 f   kernel32:KERNEL32.dll
 0001:0017879a       SetUnhandledExceptionFilter 000000018017979a f   kernel32:KERNEL32.dll
 0001:001787a0       IsDebuggerPresent          00000001801797a0 f   kernel32:KERNEL32.dll
 0001:001787a6       RtlVirtualUnwind           00000001801797a6 f   kernel32:KERNEL32.dll
 0001:001787ac       RtlLookupFunctionEntry     00000001801797ac f   kernel32:KERNEL32.dll
 0001:001787b2       RtlCaptureContext          00000001801797b2 f   kernel32:KERNEL32.dll
 0001:001787b8       DisableThreadLibraryCalls  00000001801797b8 f   kernel32:KERNEL32.dll
 0001:001787be       QueryPerformanceCounter    00000001801797be f   kernel32:KERNEL32.dll
 0001:001787c4       GetTickCount               00000001801797c4 f   kernel32:KERNEL32.dll
 0001:001787ca       GetCurrentThreadId         00000001801797ca f   kernel32:KERNEL32.dll
 0001:001787d0       GetCurrentProcessId        00000001801797d0 f   kernel32:KERNEL32.dll
 0001:001787d6       GetSystemTimeAsFileTime    00000001801797d6 f   kernel32:KERNEL32.dll
 0001:001787f0       _alloca_probe              00000001801797f0     MSVCRT:chkstk.obj
 0001:001787f0       __chkstk                   00000001801797f0 f   MSVCRT:chkstk.obj
 0002:00000000       __imp_DisableThreadLibraryCalls 000000018017a000     kernel32:KERNEL32.dll
 0002:00000008       __imp_RtlCaptureContext    000000018017a008     kernel32:KERNEL32.dll
 0002:00000010       __imp_RtlLookupFunctionEntry 000000018017a010     kernel32:KERNEL32.dll
 0002:00000018       __imp_RtlVirtualUnwind     000000018017a018     kernel32:KERNEL32.dll
 0002:00000020       __imp_IsDebuggerPresent    000000018017a020     kernel32:KERNEL32.dll
 0002:00000028       __imp_SetUnhandledExceptionFilter 000000018017a028     kernel32:KERNEL32.dll
 0002:00000030       __imp_UnhandledExceptionFilter 000000018017a030     kernel32:KERNEL32.dll
 0002:00000038       __imp_GetCurrentProcess    000000018017a038     kernel32:KERNEL32.dll
 0002:00000040       __imp_TerminateProcess     000000018017a040     kernel32:KERNEL32.dll
 0002:00000048       __imp_Sleep                000000018017a048     kernel32:KERNEL32.dll
 0002:00000050       __imp_GetTickCount         000000018017a050     kernel32:KERNEL32.dll
 0002:00000058       __imp_GetCurrentThreadId   000000018017a058     kernel32:KERNEL32.dll
 0002:00000060       __imp_GetCurrentProcessId  000000018017a060     kernel32:KERNEL32.dll
 0002:00000068       __imp_GetSystemTimeAsFileTime 000000018017a068     kernel32:KERNEL32.dll
 0002:00000070       __imp_QueryPerformanceCounter 000000018017a070     kernel32:KERNEL32.dll
 0002:00000078       \177KERNEL32_NULL_THUNK_DATA 000000018017a078     kernel32:KERNEL32.dll
 0002:00000080       __imp__onexit              000000018017a080     MSVCRT:MSVCR90.dll
 0002:00000088       __imp__lock                000000018017a088     MSVCRT:MSVCR90.dll
 0002:00000090       __imp___dllonexit          000000018017a090     MSVCRT:MSVCR90.dll
 0002:00000098       __imp__unlock              000000018017a098     MSVCRT:MSVCR90.dll
 0002:000000a0       __imp___clean_type_info_names_internal 000000018017a0a0     MSVCRT:MSVCR90.dll
 0002:000000a8       __imp___crt_debugger_hook  000000018017a0a8     MSVCRT:MSVCR90.dll
 0002:000000b0       __imp___CppXcptFilter      000000018017a0b0     MSVCRT:MSVCR90.dll
 0002:000000b8       __imp___C_specific_handler 000000018017a0b8     MSVCRT:MSVCR90.dll
 0002:000000c0       __imp__amsg_exit           000000018017a0c0     MSVCRT:MSVCR90.dll
 0002:000000c8       __imp__decode_pointer      000000018017a0c8     MSVCRT:MSVCR90.dll
 0002:000000d0       __imp__encoded_null        000000018017a0d0     MSVCRT:MSVCR90.dll
 0002:000000d8       __imp__initterm_e          000000018017a0d8     MSVCRT:MSVCR90.dll
 0002:000000e0       __imp__initterm            000000018017a0e0     MSVCRT:MSVCR90.dll
 0002:000000e8       __imp__malloc_crt          000000018017a0e8     MSVCRT:MSVCR90.dll
 0002:000000f0       __imp__encode_pointer      000000018017a0f0     MSVCRT:MSVCR90.dll
 0002:000000f8       __imp_ldexp                000000018017a0f8     MSVCRT:MSVCR90.dll
 0002:00000100       __imp_realloc              000000018017a100     MSVCRT:MSVCR90.dll
 0002:00000108       __imp_calloc               000000018017a108     MSVCRT:MSVCR90.dll
 0002:00000110       __imp__setjmp              000000018017a110     MSVCRT:MSVCR90.dll
 0002:00000118       __imp_strrchr              000000018017a118     MSVCRT:MSVCR90.dll
 0002:00000120       __imp_ceil                 000000018017a120     MSVCRT:MSVCR90.dll
 0002:00000128       __imp_strncmp              000000018017a128     MSVCRT:MSVCR90.dll
 0002:00000130       __imp_longjmp              000000018017a130     MSVCRT:MSVCR90.dll
 0002:00000138       __imp_strncpy              000000018017a138     MSVCRT:MSVCR90.dll
 0002:00000140       __imp_memcpy               000000018017a140     MSVCRT:MSVCR90.dll
 0002:00000148       __imp_strcat               000000018017a148     MSVCRT:MSVCR90.dll
 0002:00000150       __imp_sprintf              000000018017a150     MSVCRT:MSVCR90.dll
 0002:00000158       __imp_strcmp               000000018017a158     MSVCRT:MSVCR90.dll
 0002:00000160       __imp_free                 000000018017a160     MSVCRT:MSVCR90.dll
 0002:00000168       __imp_malloc               000000018017a168     MSVCRT:MSVCR90.dll
[...]
 0001:0014d4a0       ml_generic_out_of_bounds_check 000000018014e4a0 f   sfc_mex:sfc_mex.obj
 0001:0014d5f0       ml_get_element_value_from_array 000000018014e5f0 f   sfc_mex:sfc_mex.obj
 0001:0014d8f0       _ml_generic_castability_check 000000018014e8f0 f   sfc_mex:sfc_mex.obj
 0001:0014e4c0       ml_generic_castability_check 000000018014f4c0 f   sfc_mex:sfc_mex.obj
 0001:0014e560       ml_check_mx_array_for_single_castability 000000018014f560 f   sfc_mex:sfc_mex.obj
 0001:0014e600       ml_check_mx_array_for_logical_castability 000000018014f600 f   sfc_mex:sfc_mex.obj
 0001:0014e6a0       ml_check_mx_array_for_int8_castability 000000018014f6a0 f   sfc_mex:sfc_mex.obj
 0001:0014e750       ml_check_mx_array_for_uint8_castability 000000018014f750 f   sfc_mex:sfc_mex.obj
 0001:0014e7f0       ml_check_mx_array_for_int16_castability 000000018014f7f0 f   sfc_mex:sfc_mex.obj
 0001:0014e890       ml_check_mx_array_for_uint16_castability 000000018014f890 f   sfc_mex:sfc_mex.obj
 0001:0014e930       ml_check_mx_array_for_int32_castability 000000018014f930 f   sfc_mex:sfc_mex.obj
 0001:0014e9d0       ml_check_mx_array_for_uint32_castability 000000018014f9d0 f   sfc_mex:sfc_mex.obj
 0001:0014ea70       ml_check_mx_array_for_castability 000000018014fa70 f   sfc_mex:sfc_mex.obj
 0001:0014f240       set_data_value             0000000180150240 f   sfc_mex:sfc_mex.obj
 0001:0014f590       get_data_value             0000000180150590 f   sfc_mex:sfc_mex.obj
 0001:0014f680       get_next_element_address   0000000180150680 f   sfc_mex:sfc_mex.obj
 0001:0014f750       sf_normalize_index         0000000180150750 f   sfc_mex:sfc_mex.obj
 0001:0014fae0       ml_array_index_bound_check 0000000180150ae0 f   sfc_mex:sfc_mex.obj
 0001:001506f0       mx_value                   00000001801516f0 f   sfc_mex:sfc_mex.obj
 0001:00150740       sf_create_numeric_array    0000000180151740 f   sfc_mex:sfc_mex.obj
 0001:001507e0       sf_mex_assign_to_mx_array  00000001801517e0 f   sfc_mex:sfc_mex.obj
 0001:00151150       assign_from_mx_array       0000000180152150 f   sfc_mex:sfc_mex.obj
 0001:001523d0       get_machine_and_chart_file_number 00000001801533d0 f   sfc_mex:sfc_sf.obj
 0001:001524c0       get_sfun_block_specialization 00000001801534c0 f   sfc_mex:sfc_sf.obj
 0001:00152540       call_sf_machine_global_method_dispatcher 0000000180153540 f   sfc_mex:sfc_sf.obj
 0001:001527b0       mdl_zeroCrossings_processing 00000001801537b0 f   sfc_mex:sfc_sf.obj
 0001:00152880       mdl_derivatives_processing 0000000180153880 f   sfc_mex:sfc_sf.obj
 0001:00152b40       mdl_outputs_continuous_legacy 0000000180153b40 f   sfc_mex:sfc_sf.obj
 0001:00152bc0       mdl_outputs_processing     0000000180153bc0 f   sfc_mex:sfc_sf.obj
 0001:00152ec0       mdl_enable_processing      0000000180153ec0 f   sfc_mex:sfc_sf.obj
 0001:00152f90       mdl_disable_processing     0000000180153f90 f   sfc_mex:sfc_sf.obj
 0001:00153a80       write_symbol_mapping       0000000180154a80 f   sfc_mex:sfc_sf.obj
 0001:00154200       sf_call_output_fcn_enable_disable 0000000180155200 f   sfc_mex:sfc_sf.obj
 0001:00154480       set_dwork_information_from_mx_array 0000000180155480 f   sfc_mex:sfc_sf.obj
 0001:00154c00       get_dwork_info_from_mat_file 0000000180155c00 f   sfc_mex:sfc_sf.obj
 0001:00154db0       ptr2mxStruct               0000000180155db0 f   sfc_mex:sfc_sf.obj
 0001:001551c0       SNPRINTF_WRAPPER           00000001801561c0 f   sfc_debug:sfcdebug.obj
 0001:001551e0       sf_debug_chart_instance_initialized_quick 00000001801561e0 f   sfc_debug:sfcdebug.obj
 0001:001551f0       sf_debug_chart_instance_initialized 00000001801561f0 f   sfc_debug:sfcdebug.obj
 0001:00155390       sfrtAddSize                0000000180156390 f   sfc_debug:sfcdebug.obj
 0001:00155450       sfrtGenSizeString          0000000180156450 f   sfc_debug:sfcdebug.obj
 0001:00155bd0       sf_debug_sim_status_listener 0000000180156bd0 f   sfc_debug:sfcdebug.obj
 0001:00156140       sf_debug_form_mask_bits    0000000180157140 f   sfc_debug:sfcdebug.obj
 0001:00156180       sf_debug_form_sf_data_type_offsets 0000000180157180 f   sfc_debug:sfcdebug.obj
 0001:00156240       sf_debug_free_all          0000000180157240 f   sfc_debug:sfcdebug.obj
 0001:001563d0       sf_debug_append_debugger_context 00000001801573d0 f   sfc_debug:sfcdebug.obj
 0001:00156690       local_strdup               0000000180157690 f   sfc_debug:sfcdebug.obj
 0001:00157570       sf_debug_em_terminate      0000000180158570 f   sfc_debug:sfcdebug.obj
 0001:001575b0       sf_debug_push_eml_function 00000001801585b0 f   sfc_debug:sfcdebug.obj
 0001:00157650       sf_debug_pop_eml_function  0000000180158650 f   sfc_debug:sfcdebug.obj
 0001:00158310       sf_debug_get_machine_number_from_id_or_name 0000000180159310 f   sfc_debug:sfcdebug.obj
 0001:00158460       sf_debug_get_chart_number_from_id 0000000180159460 f   sfc_debug:sfcdebug.obj
 0001:00159110       sf_debug_transfer_control_to_debugger_GUI 000000018015a110 f   sfc_debug:sfcdebug.obj
 0001:0015a0f0       sf_debug_scripts_rehash    000000018015b0f0 f   sfc_debug:sfcdebug.obj
 0001:0015a340       sf_debug_get_script_line_count 000000018015b340 f   sfc_debug:sfcdebug.obj
 0001:0015aa90       cv_eml_state_cvId          000000018015ba90 f   sfc_debug:sfcdebug.obj
 0001:0015bfb0       sf_debug_data_array_bounds_error 000000018015cfb0 f   sfc_debug:sfcdebug.obj
 0001:0015c3b0       eml_debug_runtime_error_doclink 000000018015d3b0 f   sfc_debug:sfcdebug.obj
 0001:0015c520       sf_debug_runtime_error     000000018015d520 f   sfc_debug:sfcdebug.obj
 0001:0015c590       sf_debug_matlab_error      000000018015d590 f   sfc_debug:sfcdebug.obj
 0001:0015cdd0       sf_debug_data_value_error  000000018015ddd0 f   sfc_debug:sfcdebug.obj
 0001:0015d690       sf_debug_data_loss_error   000000018015e690 f   sfc_debug:sfcdebug.obj
 0001:0015e2a0       call_cv_range_check        000000018015f2a0 f   sfc_debug:sfcdebug.obj
 0001:0015eb90       sf_debug_invoke_cycle_detection_code 000000018015fb90 f   sfc_debug:sfcdebug.obj
 0001:0015f9f0       sf_reset_debug_info_struct 00000001801609f0 f   sfc_debug:sfcdebug.obj
 0001:001604b0       cv_script_cvId             00000001801614b0 f   sfc_debug:sfcdebug.obj
 0001:00161930       sfc_api_chart_visible      0000000180162930 f   sfc_debug:sfc_api.obj
 0001:001619b0       sfc_api_active_instance    00000001801629b0 f   sfc_debug:sfc_api.obj
 0001:00161a30       sfc_api_machine_load       0000000180162a30 f   sfc_debug:sfc_api.obj
 0001:00161b00       sfc_api_debugger_alive     0000000180162b00 f   sfc_debug:sfc_api.obj
 0001:00161b10       sfc_api_go                 0000000180162b10 f   sfc_debug:sfc_api.obj
 0001:00161b20       sfc_api_step_over          0000000180162b20 f   sfc_debug:sfc_api.obj
 0001:00161b30       sfc_api_step_out           0000000180162b30 f   sfc_debug:sfc_api.obj
 0001:00161b40       sfc_api_resume             0000000180162b40 f   sfc_debug:sfc_api.obj
 0001:00161b50       sfc_api_break              0000000180162b50 f   sfc_debug:sfc_api.obj
 0001:00161b60       sfc_api_stop_debugging     0000000180162b60 f   sfc_debug:sfc_api.obj
 0001:00161bb0       sfc_api_is_cycle_detected  0000000180162bb0 f   sfc_debug:sfc_api.obj
 0001:00161c00       sfc_api_is_array_bounds_detected 0000000180162c00 f   sfc_debug:sfc_api.obj
 0001:00161c50       sfc_api_set_disable_all_breakpoints 0000000180162c50 f   sfc_debug:sfc_api.obj
 0001:00161cc0       sfc_api_disable_all_breakpoints_and_go 0000000180162cc0 f   sfc_debug:sfc_api.obj
 0001:00161cd0       sfc_api_close              0000000180162cd0 f   sfc_debug:sfc_api.obj
 0001:00161ce0       sfc_api_browse_data        0000000180162ce0 f   sfc_debug:sfc_api.obj
 0001:00161d50       sfc_api_watch_data         0000000180162d50 f   sfc_debug:sfc_api.obj
 0001:00161df0       sfc_api_whos               0000000180162df0 f   sfc_debug:sfc_api.obj
 0001:00161e80       sfc_api_get_consistency_info 0000000180162e80 f   sfc_debug:sfc_api.obj
 0001:00161e90       sfc_api_browse_trace       0000000180162e90 f   sfc_debug:sfc_api.obj
 0001:00161ea0       sfc_api_break_on_chart_entry 0000000180162ea0 f   sfc_debug:sfc_api.obj
 0001:00161ec0       sfc_api_break_on_event_broadcast 0000000180162ec0 f   sfc_debug:sfc_api.obj
 0001:00161ee0       sfc_api_break_on_state_entry 0000000180162ee0 f   sfc_debug:sfc_api.obj
 0001:00161f00       sfc_api_set_watch          0000000180162f00 f   sfc_debug:sfc_api.obj
 0001:00161fa0       sfc_api_set_breakpoints    0000000180162fa0 f   sfc_debug:sfc_api.obj
 0001:00162040       sfc_api_set_eml_breakpoints 0000000180163040 f   sfc_debug:sfc_api.obj
 0001:001620c0       sfc_api_set_script_breakpoints 00000001801630c0 f   sfc_debug:sfc_api.obj
 0001:00162110       sfc_api_add_script_breakpoints 0000000180163110 f   sfc_debug:sfc_api.obj
 0001:00162160       sfc_api_clear_script_breakpoints 0000000180163160 f   sfc_debug:sfc_api.obj
 0001:001621b0       sfc_api_query_script_breakpoints 00000001801631b0 f   sfc_debug:sfc_api.obj
 0001:00162210       sfc_api_get_script_id      0000000180163210 f   sfc_debug:sfc_api.obj
 0001:001622d0       sfc_api_get_active_states  00000001801632d0 f   sfc_debug:sfc_api.obj
 0001:00162350       sfc_api_break_between_times 0000000180163350 f   sfc_debug:sfc_api.obj
 0001:001623b0       sfc_api_get_instance_handle 00000001801633b0 f   sfc_debug:sfc_api.obj
 0001:00162460       sfc_api_get_coverage       0000000180163460 f   sfc_debug:sfc_api.obj
 0001:001624e0       sfc_api_set_animation      00000001801634e0 f   sfc_debug:sfc_api.obj
 0001:00162530       sfc_api_select_chart       0000000180163530 f   sfc_debug:sfc_api.obj
 0001:00162590       sfc_api_select_charts      0000000180163590 f   sfc_debug:sfc_api.obj
 0001:001625c0       sfc_api_cycle_detection_check 00000001801635c0 f   sfc_debug:sfc_api.obj
 0001:00162610       sfc_api_data_range_check   0000000180163610 f   sfc_debug:sfc_api.obj
 0001:00162660       sfc_api_transition_conflict_check 0000000180163660 f   sfc_debug:sfc_api.obj
 0001:001626b0       sfc_api_state_consistency_check 00000001801636b0 f   sfc_debug:sfc_api.obj
 0001:00162700       sfc_api_set_instance_cv_ids 0000000180163700 f   sfc_debug:sfc_api.obj
 0001:00162810       sfc_api_set_script_cv_ids  0000000180163810 f   sfc_debug:sfc_api.obj
 0001:001628b0       sfc_api_get_current_machine_id 00000001801638b0 f   sfc_debug:sfc_api.obj
 0001:001628e0       sfc_api_get_current_machine_number 00000001801638e0 f   sfc_debug:sfc_api.obj
 0001:00162910       sfc_api_get_current_chart_number 0000000180163910 f   sfc_debug:sfc_api.obj
 0001:00162940       sfc_api_get_current_instance_number 0000000180163940 f   sfc_debug:sfc_api.obj
 0001:00162970       sfc_api_get_current_instance_handle 0000000180163970 f   sfc_debug:sfc_api.obj
 0001:00162990       sfc_api_get_current_is_minor_time_step 0000000180163990 f   sfc_debug:sfc_api.obj
 0001:001629c0       sfc_api_get_current_machine_name 00000001801639c0 f   sfc_debug:sfc_api.obj
 0001:001629e0       sfc_api_get_current_chart_id 00000001801639e0 f   sfc_debug:sfc_api.obj
 0001:00162a10       sfc_api_get_current_object_type 0000000180163a10 f   sfc_debug:sfc_api.obj
 0001:00162a40       sfc_api_get_current_event_type 0000000180163a40 f   sfc_debug:sfc_api.obj
 0001:00162a70       sfc_api_get_current_object_id 0000000180163a70 f   sfc_debug:sfc_api.obj
 0001:00162aa0       sfc_get_current_active_event_type 0000000180163aa0 f   sfc_debug:sfc_api.obj
 0001:00162ad0       sfc_api_get_current_active_event_id 0000000180163ad0 f   sfc_debug:sfc_api.obj
 0001:00162b00       sfc_api_get_current_simulation_time 0000000180163b00 f   sfc_debug:sfc_api.obj
 0001:00162b20       sfc_get_current_tag_type   0000000180163b20 f   sfc_debug:sfc_api.obj
 0001:00162b50       sfc_get_current_coverage_percentage 0000000180163b50 f   sfc_debug:sfc_api.obj
 0001:00162b70       sfc_get_current_statement_context 0000000180163b70 f   sfc_debug:sfc_api.obj
 0001:00162b90       sfc_get_current_optional_integer 0000000180163b90 f   sfc_debug:sfc_api.obj
 0001:00162bb0       sfc_get_current_statement_info 0000000180163bb0 f   sfc_debug:sfc_api.obj
 0001:00162c50       sfc_api_get                0000000180163c50 f   sfc_debug:sfc_api.obj
 0001:00162db0       sf_debug_sm_is_using_unified_editors 0000000180163db0 f   sfc_debug:sfdb_animation.obj
 0001:00162e50       sf_debug_sm_is_chart_visible_in_unified_editors 0000000180163e50 f   sfc_debug:sfdb_animation.obj
 0001:00162f10       sf_debug_sm_check_if_chart_is_visible 0000000180163f10 f   sfc_debug:sfdb_animation.obj
 0001:00163b20       sf_debug_sm_fill_state_activity_data 0000000180164b20 f   sfc_debug:sfdb_animation.obj
 0001:00166130       sf_debug_hm_get_simulink_handle 0000000180167130 f   sfc_debug:sfdb_handle_management.obj
 0001:00166d20       sf_debug_hm_initialize_globals 0000000180167d20 f   sfc_debug:sfdb_handle_management.obj
 0001:00166e20       sf_debug_hm_get_machine_debug_flag 0000000180167e20 f   sfc_debug:sfdb_handle_management.obj
 0001:00166f90       sf_debug_hm_get_machine_id 0000000180167f90 f   sfc_debug:sfdb_handle_management.obj
 0001:001670b0       sf_debug_hm_get_chart_id   00000001801680b0 f   sfc_debug:sfdb_handle_management.obj
 0001:00167250       sf_debug_hm_register_executing_SFunction 0000000180168250 f   sfc_debug:sfdb_handle_management.obj
 0001:001673e0       sf_debug_hm_get_chart_active_instance 00000001801683e0 f   sfc_debug:sfdb_handle_management.obj
 0001:00167550       sf_debug_hm_get_chart_visibility 0000000180168550 f   sfc_debug:sfdb_handle_management.obj
 0001:001676a0       sf_debug_hm_form_object_boolean_properties 00000001801686a0 f   sfc_debug:sfdb_handle_management.obj
 0001:00167970       sf_debug_hm_form_object_properties 0000000180168970 f   sfc_debug:sfdb_handle_management.obj
 0001:00167bb0       sf_debug_hm_terminate_charts 0000000180168bb0 f   sfc_debug:sfdb_handle_management.obj
 0001:001682f0       sf_debug_hm_terminate_machines 00000001801692f0 f   sfc_debug:sfdb_handle_management.obj
 0001:00169df0       void_ptr_stack_vector_free_total 000000018016adf0 f   sfc_debug:sfdb_data_browse.obj
 0001:00169e80       sf_debug_st_terminate_machine 000000018016ae80 f   sfc_debug:sfdb_data_browse.obj
 0001:00169fb0       sf_debug_st_terminate_instance 000000018016afb0 f   sfc_debug:sfdb_data_browse.obj
 0001:0016a460       push_on_to_void_ptr_stack  000000018016b460 f   sfc_debug:sfdb_data_browse.obj
 0001:0016a5f0       pop_from_void_ptr_stack    000000018016b5f0 f   sfc_debug:sfdb_data_browse.obj
 0001:0016a720       sf_debug_st_get_data_value 000000018016b720 f   sfc_debug:sfdb_data_browse.obj
 0001:0016ac50       mx_value                   000000018016bc50 f   sfc_debug:sfdb_data_browse.obj
 0001:0016ac90       sf_debug_st_fill_data_struct 000000018016bc90 f   sfc_debug:sfdb_data_browse.obj
 0001:0016afd0       data_type_format_strings   000000018016bfd0 f   sfc_debug:sfdb_data_browse.obj
 0001:0016b080       sf_debug_st_fill_data      000000018016c080 f   sfc_debug:sfdb_data_browse.obj
 0001:0016c310       sf_debug_ss_copy_dimension 000000018016d310 f   sfc_debug:sfdb_symbol_scope.obj
 0001:0016c3d0       sf_debug_ss_get_number_elements 000000018016d3d0 f   sfc_debug:sfdb_symbol_scope.obj
 0001:0016c3f0       sf_debug_ss_fill_data_struct 000000018016d3f0 f   sfc_debug:sfdb_symbol_scope.obj
 0001:0016c740       sf_debug_ss_reset_data_info 000000018016d740 f   sfc_debug:sfdb_symbol_scope.obj
 0001:0016c7a0       sf_debug_fill_data_info_by_symbol_scope_entry 000000018016d7a0 f   sfc_debug:sfdb_symbol_scope.obj
 0001:0016c850       sf_debug_fill_data_info_by_data_vector 000000018016d850 f   sfc_debug:sfdb_symbol_scope.obj
 0001:0016ca90       sf_debug_ss_get_data_info  000000018016da90 f   sfc_debug:sfdb_symbol_scope.obj
 0001:0016cec0       sf_debug_ss_get_data_value 000000018016dec0 f   sfc_debug:sfdb_symbol_scope.obj
 0001:0016d350       sf_debug_ss_data_bytes_string 000000018016e350 f   sfc_debug:sfdb_symbol_scope.obj
 0001:0016d400       sf_debug_ss_data_class_string 000000018016e400 f   sfc_debug:sfdb_symbol_scope.obj
 0001:0016d790       sf_debug_ss_data_size_string 000000018016e790 f   sfc_debug:sfdb_symbol_scope.obj
 0001:0016d870       sf_debug_ss_data_create_data_info_struct 000000018016e870 f   sfc_debug:sfdb_symbol_scope.obj
 0001:0016dad0       sf_debug_ss_data_create_name_value_pair 000000018016ead0 f   sfc_debug:sfdb_symbol_scope.obj
 0001:0016db70       sf_debug_ss_data_get_whos_info 000000018016eb70 f   sfc_debug:sfdb_symbol_scope.obj
 0001:0016dc30       same_named_data_in_data_array 000000018016ec30 f   sfc_debug:sfdb_symbol_scope.obj
 0001:0016f630       sf_debug_cc_terminate_chart 0000000180170630 f   sfc_debug:sfdb_coverage.obj
 0001:0016f9d0       sf_debug_cc_terminate_instance 00000001801709d0 f   sfc_debug:sfdb_coverage.obj
 0001:001705d0       sf_debug_cc_mark_object_if_needed 00000001801715d0 f   sfc_debug:sfdb_coverage.obj
 0001:00170d30       sf_debug_cc_fill_transition_coverage_data 0000000180171d30 f   sfc_debug:sfdb_coverage.obj
 0001:00170ec0       sf_debug_cc_fill_transition_coverage_map 0000000180171ec0 f   sfc_debug:sfdb_coverage.obj
 0001:00171170       sf_debug_cc_fill_state_coverage_map 0000000180172170 f   sfc_debug:sfdb_coverage.obj
 0001:001713c0       sf_debug_cc_fill_state_coverage_data 00000001801723c0 f   sfc_debug:sfdb_coverage.obj
 0001:00171ff0       sf_debug_bm_initialize_eml 0000000180172ff0 f   sfc_debug:sfdb_breakpoints.obj
 0001:00173140       sf_debug_bm_map_debug_tag_to_breakpoint_tag 0000000180174140 f   sfc_debug:sfdb_breakpoints.obj
 0001:00173220       sf_debug_bm_is_a_eml_breakpoint_impl 0000000180174220 f   sfc_debug:sfdb_breakpoints.obj
 0001:00174e80       sf_debug_sc_push_on_error_stack 0000000180175e80 f   sfc_debug:sfdb_state_consistency.obj
 0001:00174fb0       sf_debug_sc_reset_error_stack 0000000180175fb0 f   sfc_debug:sfdb_state_consistency.obj
 0001:00175140       sf_debug_sc_is_state_inconsistent 0000000180176140 f   sfc_debug:sfdb_state_consistency.obj
 0001:00175440       sf_debug_sc_fill_consistency_info 0000000180176440 f   sfc_debug:sfdb_state_consistency.obj
 0001:001759f0       void_assertion_fcn         00000001801769f0 f   sfc_debug:sfdb_call_stack.obj
 0001:00175f80       sf_debug_tm_fill_local_trace 0000000180176f80 f   sfc_debug:sfdb_call_stack.obj
 0001:00176520       sf_debug_cd_terminate_instance 0000000180177520 f   sfc_debug:sfdb_cycle_detection.obj
 0001:00176580       sf_debug_cd_free_checksum_stack 0000000180177580 f   sfc_debug:sfdb_cycle_detection.obj
 0001:001765d0       sf_debug_cd_reset_pack_strings 00000001801775d0 f   sfc_debug:sfdb_cycle_detection.obj
 0001:00176c90       md5file_clear              0000000180177c90 f   sfc_debug:ckmd5.obj
 0001:00176cc0       Encode                     0000000180177cc0 f   sfc_debug:ckmd5.obj
 0001:00176d10       Decode                     0000000180177d10 f   sfc_debug:ckmd5.obj
 0001:00176db0       MD5Transform               0000000180177db0 f   sfc_debug:ckmd5.obj
 0001:00177600       md5file_addn               0000000180178600 f   sfc_debug:ckmd5.obj
 0001:001776d0       md5file_hash               00000001801786d0 f   sfc_debug:ckmd5.obj
 0001:00177e9c       pre_c_init                 0000000180178e9c f   MSVCRT:crtdll.obj
 0001:00178158       __DllMainCRTStartup        0000000180179158 f   MSVCRT:crtdll.obj
 0001:00178840       __DllMainCRTStartup$filt$0 0000000180179840 f   MSVCRT:crtdll.obj
 0001:00178870       __DllMainCRTStartup$fin$1  0000000180179870 f   MSVCRT:crtdll.obj
 0001:00178889       _onexit$fin$0              0000000180179889 f   MSVCRT:atonexit.obj
 0001:001788b0       _IsNonwritableInCurrentImage$filt$0 00000001801798b0 f   MSVCRT:pesect.obj
