 CtrPlatform_AdaptiveControl1_sfun

 Timestamp is 55dbdaac (Tue Aug 25 11:02:04 2015)

 Preferred load address is 0000000180000000

 Start         Length     Name                   Class
 0001:00000000 00270334H .text                   CODE
 0001:00270340 00000092H .text$x                 CODE
 0002:00000000 000004a8H .idata$5                DATA
 0002:000004a8 00000008H .CRT$XCA                DATA
 0002:000004b0 00000008H .CRT$XCZ                DATA
 0002:000004b8 00000008H .CRT$XIA                DATA
 0002:000004c0 00000008H .CRT$XIAA               DATA
 0002:000004c8 00000008H .CRT$XIZ                DATA
 0002:000004d0 00004c6cH .rdata                  DATA
 0002:00005140 00000008H .rtc$IAA                DATA
 0002:00005148 00000008H .rtc$IZZ                DATA
 0002:00005150 00000008H .rtc$TAA                DATA
 0002:00005158 00000008H .rtc$TZZ                DATA
 0002:00005160 00005e4cH .xdata                  DATA
 0002:0000afac 000000a0H .idata$2                DATA
 0002:0000b04c 00000014H .idata$3                DATA
 0002:0000b060 000004a8H .idata$4                DATA
 0002:0000b508 00000adeH .idata$6                DATA
 0002:0000bff0 00000067H .edata                  DATA
 0003:00000000 000578ecH .data                   DATA
 0003:00057900 00002a78H .bss                    DATA
 0004:00000000 00004fc8H .pdata                  DATA

  Address         Publics by Value              Rva+Base               Lib:Object

 0000:00000000       ___safe_se_handler_table   0000000000000000     <absolute>
 0000:00000000       ___safe_se_handler_count   0000000000000000     <absolute>
 0000:00000000       __ImageBase                0000000180000000     <linker-defined>
 0001:00000000       sf_c1_CtrPlatform_AdaptiveControl1_get_eml_resolved_functions_info 0000000180001000 f   c1_CtrPlatform_AdaptiveControl1.obj
 0001:00007380       sf_c1_CtrPlatform_AdaptiveControl1_get_check_sum 0000000180008380 f   c1_CtrPlatform_AdaptiveControl1.obj
 0001:00007400       sf_c1_CtrPlatform_AdaptiveControl1_get_autoinheritance_info 0000000180008400 f   c1_CtrPlatform_AdaptiveControl1.obj
 0001:00007b00       sf_internal_get_sim_state_c1_CtrPlatform_AdaptiveControl1 0000000180008b00 f   c1_CtrPlatform_AdaptiveControl1.obj
 0001:00007eb0       sf_internal_set_sim_state_c1_CtrPlatform_AdaptiveControl1 0000000180008eb0 f   c1_CtrPlatform_AdaptiveControl1.obj
 0001:00008370       c1_CtrPlatform_AdaptiveControl1_method_dispatcher 0000000180009370 f   c1_CtrPlatform_AdaptiveControl1.obj
 0001:00027fa0       sf_c2_CtrPlatform_AdaptiveControl1_get_eml_resolved_functions_info 0000000180028fa0 f   c2_CtrPlatform_AdaptiveControl1.obj
 0001:0002cc20       sf_c2_CtrPlatform_AdaptiveControl1_get_check_sum 000000018002dc20 f   c2_CtrPlatform_AdaptiveControl1.obj
 0001:0002cca0       sf_c2_CtrPlatform_AdaptiveControl1_get_autoinheritance_info 000000018002dca0 f   c2_CtrPlatform_AdaptiveControl1.obj
 0001:0002d3a0       sf_internal_get_sim_state_c2_CtrPlatform_AdaptiveControl1 000000018002e3a0 f   c2_CtrPlatform_AdaptiveControl1.obj
 0001:0002d760       sf_internal_set_sim_state_c2_CtrPlatform_AdaptiveControl1 000000018002e760 f   c2_CtrPlatform_AdaptiveControl1.obj
 0001:0002dc30       c2_CtrPlatform_AdaptiveControl1_method_dispatcher 000000018002ec30 f   c2_CtrPlatform_AdaptiveControl1.obj
 0001:0003dc80       sf_c3_CtrPlatform_AdaptiveControl1_get_eml_resolved_functions_info 000000018003ec80 f   c3_CtrPlatform_AdaptiveControl1.obj
 0001:0003f170       sf_c3_CtrPlatform_AdaptiveControl1_get_check_sum 0000000180040170 f   c3_CtrPlatform_AdaptiveControl1.obj
 0001:0003f1f0       sf_c3_CtrPlatform_AdaptiveControl1_get_autoinheritance_info 00000001800401f0 f   c3_CtrPlatform_AdaptiveControl1.obj
 0001:00040350       sf_internal_get_sim_state_c3_CtrPlatform_AdaptiveControl1 0000000180041350 f   c3_CtrPlatform_AdaptiveControl1.obj
 0001:00040700       sf_internal_set_sim_state_c3_CtrPlatform_AdaptiveControl1 0000000180041700 f   c3_CtrPlatform_AdaptiveControl1.obj
 0001:00040bc0       c3_CtrPlatform_AdaptiveControl1_method_dispatcher 0000000180041bc0 f   c3_CtrPlatform_AdaptiveControl1.obj
 0001:000646e0       sf_c4_CtrPlatform_AdaptiveControl1_get_eml_resolved_functions_info 00000001800656e0 f   c4_CtrPlatform_AdaptiveControl1.obj
 0001:00066720       sf_c4_CtrPlatform_AdaptiveControl1_get_check_sum 0000000180067720 f   c4_CtrPlatform_AdaptiveControl1.obj
 0001:000667a0       sf_c4_CtrPlatform_AdaptiveControl1_get_autoinheritance_info 00000001800677a0 f   c4_CtrPlatform_AdaptiveControl1.obj
 0001:00067a40       sf_internal_get_sim_state_c4_CtrPlatform_AdaptiveControl1 0000000180068a40 f   c4_CtrPlatform_AdaptiveControl1.obj
 0001:00067e20       sf_internal_set_sim_state_c4_CtrPlatform_AdaptiveControl1 0000000180068e20 f   c4_CtrPlatform_AdaptiveControl1.obj
 0001:000682e0       c4_CtrPlatform_AdaptiveControl1_method_dispatcher 00000001800692e0 f   c4_CtrPlatform_AdaptiveControl1.obj
 0001:00109fa0       sf_c5_CtrPlatform_AdaptiveControl1_get_eml_resolved_functions_info 000000018010afa0 f   c5_CtrPlatform_AdaptiveControl1.obj
 0001:0010a920       sf_c5_CtrPlatform_AdaptiveControl1_get_check_sum 000000018010b920 f   c5_CtrPlatform_AdaptiveControl1.obj
 0001:0010a9a0       sf_c5_CtrPlatform_AdaptiveControl1_get_autoinheritance_info 000000018010b9a0 f   c5_CtrPlatform_AdaptiveControl1.obj
 0001:0010b340       sf_internal_get_sim_state_c5_CtrPlatform_AdaptiveControl1 000000018010c340 f   c5_CtrPlatform_AdaptiveControl1.obj
 0001:0010b720       sf_internal_set_sim_state_c5_CtrPlatform_AdaptiveControl1 000000018010c720 f   c5_CtrPlatform_AdaptiveControl1.obj
 0001:0010bbe0       c5_CtrPlatform_AdaptiveControl1_method_dispatcher 000000018010cbe0 f   c5_CtrPlatform_AdaptiveControl1.obj
 0001:00113af0       sf_c6_CtrPlatform_AdaptiveControl1_get_eml_resolved_functions_info 0000000180114af0 f   c6_CtrPlatform_AdaptiveControl1.obj
 0001:0011ae70       sf_c6_CtrPlatform_AdaptiveControl1_get_check_sum 000000018011be70 f   c6_CtrPlatform_AdaptiveControl1.obj
 0001:0011aef0       sf_c6_CtrPlatform_AdaptiveControl1_get_autoinheritance_info 000000018011bef0 f   c6_CtrPlatform_AdaptiveControl1.obj
 0001:0011b5f0       sf_internal_get_sim_state_c6_CtrPlatform_AdaptiveControl1 000000018011c5f0 f   c6_CtrPlatform_AdaptiveControl1.obj
 0001:0011b990       sf_internal_set_sim_state_c6_CtrPlatform_AdaptiveControl1 000000018011c990 f   c6_CtrPlatform_AdaptiveControl1.obj
 0001:0011be60       c6_CtrPlatform_AdaptiveControl1_method_dispatcher 000000018011ce60 f   c6_CtrPlatform_AdaptiveControl1.obj
 0001:0013ba20       sf_c7_CtrPlatform_AdaptiveControl1_get_eml_resolved_functions_info 000000018013ca20 f   c7_CtrPlatform_AdaptiveControl1.obj
 0001:00140650       sf_c7_CtrPlatform_AdaptiveControl1_get_check_sum 0000000180141650 f   c7_CtrPlatform_AdaptiveControl1.obj
 0001:001406d0       sf_c7_CtrPlatform_AdaptiveControl1_get_autoinheritance_info 00000001801416d0 f   c7_CtrPlatform_AdaptiveControl1.obj
 0001:00140dd0       sf_internal_get_sim_state_c7_CtrPlatform_AdaptiveControl1 0000000180141dd0 f   c7_CtrPlatform_AdaptiveControl1.obj
 0001:001411a0       sf_internal_set_sim_state_c7_CtrPlatform_AdaptiveControl1 00000001801421a0 f   c7_CtrPlatform_AdaptiveControl1.obj
 0001:00141670       c7_CtrPlatform_AdaptiveControl1_method_dispatcher 0000000180142670 f   c7_CtrPlatform_AdaptiveControl1.obj
 0001:001519e0       sf_c8_CtrPlatform_AdaptiveControl1_get_eml_resolved_functions_info 00000001801529e0 f   c8_CtrPlatform_AdaptiveControl1.obj
 0001:00152ec0       sf_c8_CtrPlatform_AdaptiveControl1_get_check_sum 0000000180153ec0 f   c8_CtrPlatform_AdaptiveControl1.obj
 0001:00152f40       sf_c8_CtrPlatform_AdaptiveControl1_get_autoinheritance_info 0000000180153f40 f   c8_CtrPlatform_AdaptiveControl1.obj
 0001:001540a0       sf_internal_get_sim_state_c8_CtrPlatform_AdaptiveControl1 00000001801550a0 f   c8_CtrPlatform_AdaptiveControl1.obj
 0001:00154470       sf_internal_set_sim_state_c8_CtrPlatform_AdaptiveControl1 0000000180155470 f   c8_CtrPlatform_AdaptiveControl1.obj
 0001:00154930       c8_CtrPlatform_AdaptiveControl1_method_dispatcher 0000000180155930 f   c8_CtrPlatform_AdaptiveControl1.obj
 0001:00178520       sf_c9_CtrPlatform_AdaptiveControl1_get_eml_resolved_functions_info 0000000180179520 f   c9_CtrPlatform_AdaptiveControl1.obj
 0001:00178dd0       sf_c9_CtrPlatform_AdaptiveControl1_get_check_sum 0000000180179dd0 f   c9_CtrPlatform_AdaptiveControl1.obj
 0001:00178e50       sf_c9_CtrPlatform_AdaptiveControl1_get_autoinheritance_info 0000000180179e50 f   c9_CtrPlatform_AdaptiveControl1.obj
 0001:001797f0       sf_internal_get_sim_state_c9_CtrPlatform_AdaptiveControl1 000000018017a7f0 f   c9_CtrPlatform_AdaptiveControl1.obj
 0001:00179ba0       sf_internal_set_sim_state_c9_CtrPlatform_AdaptiveControl1 000000018017aba0 f   c9_CtrPlatform_AdaptiveControl1.obj
 0001:0017a070       c9_CtrPlatform_AdaptiveControl1_method_dispatcher 000000018017b070 f   c9_CtrPlatform_AdaptiveControl1.obj
 0001:00181f70       sf_c10_CtrPlatform_AdaptiveControl1_get_eml_resolved_functions_info 0000000180182f70 f   c10_CtrPlatform_AdaptiveControl1.obj
 0001:00183ff0       sf_c10_CtrPlatform_AdaptiveControl1_get_check_sum 0000000180184ff0 f   c10_CtrPlatform_AdaptiveControl1.obj
 0001:00184070       sf_c10_CtrPlatform_AdaptiveControl1_get_autoinheritance_info 0000000180185070 f   c10_CtrPlatform_AdaptiveControl1.obj
 0001:00185310       sf_internal_get_sim_state_c10_CtrPlatform_AdaptiveControl1 0000000180186310 f   c10_CtrPlatform_AdaptiveControl1.obj
 0001:001856d0       sf_internal_set_sim_state_c10_CtrPlatform_AdaptiveControl1 00000001801866d0 f   c10_CtrPlatform_AdaptiveControl1.obj
 0001:00185b90       c10_CtrPlatform_AdaptiveControl1_method_dispatcher 0000000180186b90 f   c10_CtrPlatform_AdaptiveControl1.obj
 0001:00227840       sf_c12_CtrPlatform_AdaptiveControl1_get_eml_resolved_functions_info 0000000180228840 f   c12_CtrPlatform_AdaptiveControl1.obj
 0001:002284d0       sf_c12_CtrPlatform_AdaptiveControl1_get_check_sum 00000001802294d0 f   c12_CtrPlatform_AdaptiveControl1.obj
 0001:00228550       sf_c12_CtrPlatform_AdaptiveControl1_get_autoinheritance_info 0000000180229550 f   c12_CtrPlatform_AdaptiveControl1.obj
 0001:00228b00       sf_internal_get_sim_state_c12_CtrPlatform_AdaptiveControl1 0000000180229b00 f   c12_CtrPlatform_AdaptiveControl1.obj
 0001:00228ec0       sf_internal_set_sim_state_c12_CtrPlatform_AdaptiveControl1 0000000180229ec0 f   c12_CtrPlatform_AdaptiveControl1.obj
 0001:00229360       c12_CtrPlatform_AdaptiveControl1_method_dispatcher 000000018022a360 f   c12_CtrPlatform_AdaptiveControl1.obj
 0001:00230020       sf_c13_CtrPlatform_AdaptiveControl1_get_eml_resolved_functions_info 0000000180231020 f   c13_CtrPlatform_AdaptiveControl1.obj
 0001:00231690       sf_c13_CtrPlatform_AdaptiveControl1_get_check_sum 0000000180232690 f   c13_CtrPlatform_AdaptiveControl1.obj
 0001:00231710       sf_c13_CtrPlatform_AdaptiveControl1_get_autoinheritance_info 0000000180232710 f   c13_CtrPlatform_AdaptiveControl1.obj
 0001:00231e10       sf_internal_get_sim_state_c13_CtrPlatform_AdaptiveControl1 0000000180232e10 f   c13_CtrPlatform_AdaptiveControl1.obj
 0001:002321d0       sf_internal_set_sim_state_c13_CtrPlatform_AdaptiveControl1 00000001802331d0 f   c13_CtrPlatform_AdaptiveControl1.obj
 0001:00232670       c13_CtrPlatform_AdaptiveControl1_method_dispatcher 0000000180233670 f   c13_CtrPlatform_AdaptiveControl1.obj
 0001:0023d970       sf_process_check_sum_call  000000018023e970 f   CtrPlatform_AdaptiveControl1_sfun_registry.obj
 0001:0023d9c0       sf_process_autoinheritance_call 000000018023e9c0 f   CtrPlatform_AdaptiveControl1_sfun_registry.obj
 0001:0023db60       sf_process_get_eml_resolved_functions_info_call 000000018023eb60 f   CtrPlatform_AdaptiveControl1_sfun_registry.obj
 0001:0023dce0       sf_mex_unlock_call         000000018023ece0 f   CtrPlatform_AdaptiveControl1_sfun_registry.obj
 0001:0023dd90       sf_machine_global_initializer_called 000000018023ed90 f   CtrPlatform_AdaptiveControl1_sfun_registry.obj
 0001:0023ddc0       sf_machine_global_method_dispatcher 000000018023edc0 f   CtrPlatform_AdaptiveControl1_sfun_registry.obj
 0001:0023de20       sf_machine_global_terminator 000000018023ee20 f   CtrPlatform_AdaptiveControl1_sfun_registry.obj
 0001:0023de60       sf_register_machine_exported_symbols 000000018023ee60 f   CtrPlatform_AdaptiveControl1_sfun_registry.obj
 0001:0023de80       callCustomFcn              000000018023ee80 f   CtrPlatform_AdaptiveControl1_sfun_registry.obj
 0001:0023de90       sf_machine_global_initializer 000000018023ee90 f   CtrPlatform_AdaptiveControl1_sfun_registry.obj
 0001:0023df00       _ssSetStateAbsTol          000000018023ef00 f   CtrPlatform_AdaptiveControl1_sfun_registry.obj
 0001:0023dfe0       _ssGetAbsTol               000000018023efe0 f   CtrPlatform_AdaptiveControl1_sfun_registry.obj
 0001:0023e050       _ssSetInputPortMatrixDimensions 000000018023f050 f   CtrPlatform_AdaptiveControl1_sfun_registry.obj
 0001:0023e160       _ssSetOutputPortMatrixDimensions 000000018023f160 f   CtrPlatform_AdaptiveControl1_sfun_registry.obj
 0001:0023e270       _ssSetInputPortVectorDimension 000000018023f270 f   CtrPlatform_AdaptiveControl1_sfun_registry.obj
 0001:0023e340       _ssSetOutputPortVectorDimension 000000018023f340 f   CtrPlatform_AdaptiveControl1_sfun_registry.obj
 0001:0023e410       ssIsRunTimeParamTunable    000000018023f410 f   CtrPlatform_AdaptiveControl1_sfun_registry.obj
 0001:0023e480       ssGetSFuncBlockHandle      000000018023f480 f   CtrPlatform_AdaptiveControl1_sfun_registry.obj
 0001:0023e4f0       _ssGetCurrentInputPortWidth 000000018023f4f0 f   CtrPlatform_AdaptiveControl1_sfun_registry.obj
 0001:0023e610       _ssGetCurrentOutputPortWidth 000000018023f610 f   CtrPlatform_AdaptiveControl1_sfun_registry.obj
 0001:0023e730       _ssGetCallSystemNumFcnCallDestinations 000000018023f730 f   CtrPlatform_AdaptiveControl1_sfun_registry.obj
 0001:0023e7a0       ssWarning                  000000018023f7a0 f   CtrPlatform_AdaptiveControl1_sfun_registry.obj
 0001:0023e8b0       ssGetIsZeroCrossControlDisabled 000000018023f8b0 f   CtrPlatform_AdaptiveControl1_sfun_registry.obj
 0001:0023e920       ssSetIsInputPortUsedForContZcSignal 000000018023f920 f   CtrPlatform_AdaptiveControl1_sfun_registry.obj
 0001:0023e990       ssSetZcSignalIsZcElementDisc 000000018023f990 f   CtrPlatform_AdaptiveControl1_sfun_registry.obj
 0001:0023ea40       ssSetZcSignalName          000000018023fa40 f   CtrPlatform_AdaptiveControl1_sfun_registry.obj
 0001:0023eab0       ssSetZcSignalWidth         000000018023fab0 f   CtrPlatform_AdaptiveControl1_sfun_registry.obj
 0001:0023eb20       ssSetZcSignalZcEventType   000000018023fb20 f   CtrPlatform_AdaptiveControl1_sfun_registry.obj
 0001:0023eb90       ssSetZcSignalType          000000018023fb90 f   CtrPlatform_AdaptiveControl1_sfun_registry.obj
 0001:0023ec00       ssSetZcSignalZcTol         000000018023fc00 f   CtrPlatform_AdaptiveControl1_sfun_registry.obj
 0001:0023ec70       ssSetZcSignalNeedsEventNotification 000000018023fc70 f   CtrPlatform_AdaptiveControl1_sfun_registry.obj
 0001:0023ece0       ssCreateAndAddZcSignalInfo 000000018023fce0 f   CtrPlatform_AdaptiveControl1_sfun_registry.obj
 0001:0023ed50       ssCloneAndAddZcSignalInfo  000000018023fd50 f   CtrPlatform_AdaptiveControl1_sfun_registry.obj
 0001:0023edc0       ssGetNumZcSignals          000000018023fdc0 f   CtrPlatform_AdaptiveControl1_sfun_registry.obj
 0001:0023ee30       ssGetZcSignalVector        000000018023fe30 f   CtrPlatform_AdaptiveControl1_sfun_registry.obj
 0001:0023eea0       ssGetZcSignalZcEvents      000000018023fea0 f   CtrPlatform_AdaptiveControl1_sfun_registry.obj
 0001:0023ef10       ssGetZcSignalName          000000018023ff10 f   CtrPlatform_AdaptiveControl1_sfun_registry.obj
 0001:0023ef80       ssGetZcSignalWidth         000000018023ff80 f   CtrPlatform_AdaptiveControl1_sfun_registry.obj
 0001:0023eff0       ssGetZcSignalZcEventType   000000018023fff0 f   CtrPlatform_AdaptiveControl1_sfun_registry.obj
 0001:0023f060       ssGetZcSignalType          0000000180240060 f   CtrPlatform_AdaptiveControl1_sfun_registry.obj
 0001:0023f0d0       ssGetZcSignalZcTol         00000001802400d0 f   CtrPlatform_AdaptiveControl1_sfun_registry.obj
 0001:0023f150       ssGetZcSignalNeedsEventNotification 0000000180240150 f   CtrPlatform_AdaptiveControl1_sfun_registry.obj
 0001:0023f1c0       ssGetZcSignalIsZcElementDisc 00000001802401c0 f   CtrPlatform_AdaptiveControl1_sfun_registry.obj
 0001:0023f260       ssGetIsInputPortElementContinuous 0000000180240260 f   CtrPlatform_AdaptiveControl1_sfun_registry.obj
 0001:0023f300       _ssGetInputPortSignalPtrsFcn 0000000180240300 f   CtrPlatform_AdaptiveControl1_sfun_registry.obj
 0001:0023f5c0       _ssGetInputPortSignalFcn   00000001802405c0 f   CtrPlatform_AdaptiveControl1_sfun_registry.obj
 0001:0023f7e0       _ssSetInputPortDirectFeedThroughFcn 00000001802407e0 f   CtrPlatform_AdaptiveControl1_sfun_registry.obj
 0001:0023f940       _ssSetInputPortReusableFcn 0000000180240940 f   CtrPlatform_AdaptiveControl1_sfun_registry.obj
 0001:0023fa30       _ssSetOutputPortReusableFcn 0000000180240a30 f   CtrPlatform_AdaptiveControl1_sfun_registry.obj
 0001:0023fb10       ssGetDTypeIdFromMxArray    0000000180240b10 f   CtrPlatform_AdaptiveControl1_sfun_registry.obj
 0001:0023fc30       ssWriteRTWStr              0000000180240c30 f   CtrPlatform_AdaptiveControl1_sfun_registry.obj
 0001:0023fc90       ssWriteRTWMxVectParam      0000000180240c90 f   CtrPlatform_AdaptiveControl1_sfun_registry.obj
 0001:0023fcf0       ssWriteRTWMx2dMatParam     0000000180240cf0 f   CtrPlatform_AdaptiveControl1_sfun_registry.obj
 0001:0023fd70       ssWriteRTWNameValuePair    0000000180240d70 f   CtrPlatform_AdaptiveControl1_sfun_registry.obj
 0001:00240260       ssWriteRTWParameters       0000000180241260 f   CtrPlatform_AdaptiveControl1_sfun_registry.obj
 0001:00240860       ssWriteRTWParamSettings    0000000180241860 f   CtrPlatform_AdaptiveControl1_sfun_registry.obj
 0001:00240f30       ssWriteRTWWorkVect         0000000180241f30 f   CtrPlatform_AdaptiveControl1_sfun_registry.obj
 0001:00241430       mexFunction                0000000180242430 f   CtrPlatform_AdaptiveControl1_sfun_registry.obj
 0001:00243070       ProcessMexSfunctionEveryCall 0000000180244070 f   CtrPlatform_AdaptiveControl1_sfun_registry.obj
 0001:002431e0       CtrPlatform_AdaptiveControl1_initializer 00000001802441e0 f   CtrPlatform_AdaptiveControl1_sfun.obj
 0001:002431f0       CtrPlatform_AdaptiveControl1_terminator 00000001802441f0 f   CtrPlatform_AdaptiveControl1_sfun.obj
 0001:00243200       sf_CtrPlatform_AdaptiveControl1_method_dispatcher 0000000180244200 f   CtrPlatform_AdaptiveControl1_sfun.obj
 0001:002433d0       sf_CtrPlatform_AdaptiveControl1_process_check_sum_call 00000001802443d0 f   CtrPlatform_AdaptiveControl1_sfun.obj
 0001:002438e0       sf_CtrPlatform_AdaptiveControl1_autoinheritance_info 00000001802448e0 f   CtrPlatform_AdaptiveControl1_sfun.obj
 0001:00243db0       sf_CtrPlatform_AdaptiveControl1_get_eml_resolved_functions_info 0000000180244db0 f   CtrPlatform_AdaptiveControl1_sfun.obj
 0001:00244190       CtrPlatform_AdaptiveControl1_debug_initialize 0000000180245190 f   CtrPlatform_AdaptiveControl1_sfun.obj
 0001:00244200       CtrPlatform_AdaptiveControl1_register_exported_symbols 0000000180245200 f   CtrPlatform_AdaptiveControl1_sfun.obj
 0001:00244210       load_CtrPlatform_AdaptiveControl1_optimization_info 0000000180245210 f   CtrPlatform_AdaptiveControl1_sfun.obj
 0001:00244260       unload_CtrPlatform_AdaptiveControl1_optimization_info 0000000180245260 f   CtrPlatform_AdaptiveControl1_sfun.obj
 0001:00244330       sf_mex_mx_is_numeric       0000000180245330 f   sfc_mex:sfc_mex.obj
 0001:00244370       strcmp_ignore_ws           0000000180245370 f   sfc_mex:sfc_mex.obj
 0001:002444b0       sf_mex_duplicatearraysafe  00000001802454b0 f   sfc_mex:sfc_mex.obj
 0001:00244610       sf_set_error_debugger_context_message_fcn 0000000180245610 f   sfc_mex:sfc_mex.obj
 0001:00244620       sf_set_debugger_matlab_error_fcn 0000000180245620 f   sfc_mex:sfc_mex.obj
 0001:00244650       sf_set_error_prefix_string 0000000180245650 f   sfc_mex:sfc_mex.obj
 0001:00244680       sf_get_error_prefix_string 0000000180245680 f   sfc_mex:sfc_mex.obj
 0001:00244690       sf_mex_enter_parallel_region 0000000180245690 f   sfc_mex:sfc_mex.obj
 0001:002446a0       sf_mex_exit_parallel_region 00000001802456a0 f   sfc_mex:sfc_mex.obj
 0001:002446b0       sf_get_current_jmp_buf_ptr 00000001802456b0 f   sfc_mex:sfc_mex.obj
 0001:002446c0       sf_set_current_jmp_buf_ptr 00000001802456c0 f   sfc_mex:sfc_mex.obj
 0001:002446d0       sf_mex_set_halt_simulation 00000001802456d0 f   sfc_mex:sfc_mex.obj
 0001:002446e0       sf_mex_get_halt_simulation 00000001802456e0 f   sfc_mex:sfc_mex.obj
 0001:002446f0       sf_mex_clear_error_message 00000001802456f0 f   sfc_mex:sfc_mex.obj
 0001:00244710       sf_mex_get_error_message_for_read 0000000180245710 f   sfc_mex:sfc_mex.obj
 0001:00244720       sf_mex_get_error_message_buffer_length 0000000180245720 f   sfc_mex:sfc_mex.obj
 0001:00244800       sf_mex_warning_message     0000000180245800 f   sfc_mex:sfc_mex.obj
 0001:00244870       sf_mex_v_errbuf_createf    0000000180245870 f   sfc_mex:sfc_mex.obj
 0001:00244880       sf_mex_errbuf_createf      0000000180245880 f   sfc_mex:sfc_mex.obj
 0001:002448b0       sf_mex_v_errbuf_catf       00000001802458b0 f   sfc_mex:sfc_mex.obj
 0001:002448f0       sf_mex_errbuf_catf         00000001802458f0 f   sfc_mex:sfc_mex.obj
 0001:00244940       sf_mex_errbuf_copy         0000000180245940 f   sfc_mex:sfc_mex.obj
 0001:00244950       sf_mex_errbuf_clear        0000000180245950 f   sfc_mex:sfc_mex.obj
 0001:00244960       sf_mex_errbuf_isempty      0000000180245960 f   sfc_mex:sfc_mex.obj
 0001:00244a70       sf_mex_set_error_status    0000000180245a70 f   sfc_mex:sfc_mex.obj
 0001:00244ac0       sf_mex_error_direct_call   0000000180245ac0 f   sfc_mex:sfc_mex.obj
 0001:00244ae0       sf_mex_error_message_no_long_jump 0000000180245ae0 f   sfc_mex:sfc_mex.obj
 0001:00244b00       sf_mex_long_jump_on_error  0000000180245b00 f   sfc_mex:sfc_mex.obj
 0001:00244b30       sf_mex_call_matlab         0000000180245b30 f   sfc_mex:sfc_mex.obj
 0001:00244c50       sf_mex_check_builtin       0000000180245c50 f   sfc_mex:sfc_mex.obj
 0001:00244c90       sf_mex_check_builtin_vs    0000000180245c90 f   sfc_mex:sfc_mex.obj
 0001:00244cf0       sf_mex_check_enum          0000000180245cf0 f   sfc_mex:sfc_mex.obj
 0001:00244d20       sf_mex_create_enum         0000000180245d20 f   sfc_mex:sfc_mex.obj
 0001:00244d40       sf_mex_get_enum_element    0000000180245d40 f   sfc_mex:sfc_mex.obj
 0001:00244d50       sf_mex_createcellarray     0000000180245d50 f   sfc_mex:sfc_mex.obj
 0001:00244d60       sf_mex_setcell             0000000180245d60 f   sfc_mex:sfc_mex.obj
 0001:00244d70       sf_mex_getcell             0000000180245d70 f   sfc_mex:sfc_mex.obj
 0001:00244d80       sf_mex_dup                 0000000180245d80 f   sfc_mex:sfc_mex.obj
 0001:00244da0       sf_mex_assign              0000000180245da0 f   sfc_mex:sfc_mex.obj
 0001:00244e20       sf_mex_destroy             0000000180245e20 f   sfc_mex:sfc_mex.obj
 0001:00244e50       mx_array_has_fi_type       0000000180245e50 f   sfc_mex:sfc_mex.obj
 0001:00244e80       sf_mex_convert_from_fi     0000000180245e80 f   sfc_mex:sfc_mex.obj
 0001:00244f30       sf_mex_convert_to_double   0000000180245f30 f   sfc_mex:sfc_mex.obj
 0001:00245050       sf_mex_import_fi_vs        0000000180246050 f   sfc_mex:sfc_mex.obj
 0001:00245210       sf_matrix_matrix_index_ok  0000000180246210 f   sfc_mex:sfc_mex.obj
 0001:002452a0       sf_vector_vector_index_ok  00000001802462a0 f   sfc_mex:sfc_mex.obj
 0001:002452d0       ssGetCurrentInputPortDimensions_wrapper 00000001802462d0 f   sfc_mex:sfc_mex.obj
 0001:002452f0       ssGetCurrentOutputPortDimensions_wrapper 00000001802462f0 f   sfc_mex:sfc_mex.obj
 0001:00245310       sf_mex_emlrt_context_is_debug_mode 0000000180246310 f   sfc_mex:sfc_mex.obj
 0001:00245320       sf_mex_emlrt_context_set_debug_mode 0000000180246320 f   sfc_mex:sfc_mex.obj
 0001:00245330       sf_mex_emlrtNameCapturePostProcessR2012a 0000000180246330 f   sfc_mex:sfc_mex.obj
 0001:002453a0       sf_clear_error_manager_info 00000001802463a0 f   sfc_mex:sfc_mex.obj
 0001:00245400       sf_mex_stop_simulation_abruptly_wo_error 0000000180246400 f   sfc_mex:sfc_mex.obj
 0001:00245440       sf_mex_error_message       0000000180246440 f   sfc_mex:sfc_mex.obj
 0001:002454a0       sf_react_to_error_in_matlab_call 00000001802464a0 f   sfc_mex:sfc_mex.obj
 0001:002454d0       sf_mex_addfield            00000001802464d0 f   sfc_mex:sfc_mex.obj
 0001:00245570       sf_mex_getfield            0000000180246570 f   sfc_mex:sfc_mex.obj
 0001:00245870       sf_mex_check_class         0000000180246870 f   sfc_mex:sfc_mex.obj
 0001:00245910       sf_mex_is_real             0000000180246910 f   sfc_mex:sfc_mex.obj
 0001:00245d80       sf_mex_decode_encoded_mx_struct_array 0000000180246d80 f   sfc_mex:sfc_mex.obj
 0001:00246060       sf_mex_lw_bounds_check     0000000180247060 f   sfc_mex:sfc_mex.obj
 0001:00246090       sf_mex_lw_size_eq_check_1d 0000000180247090 f   sfc_mex:sfc_mex.obj
 0001:002460b0       sf_mex_lw_size_eq_check_nd 00000001802470b0 f   sfc_mex:sfc_mex.obj
 0001:00246290       sf_mex_lw_dim_size_eq_check 0000000180247290 f   sfc_mex:sfc_mex.obj
 0001:002462c0       sf_mex_lw_dim_size_geq_check 00000001802472c0 f   sfc_mex:sfc_mex.obj
 0001:002462f0       sf_mex_lw_sub_assign_size_check_nd 00000001802472f0 f   sfc_mex:sfc_mex.obj
 0001:00246520       sf_mex_lw_runtime_error_msgid 0000000180247520 f   sfc_mex:sfc_mex.obj
 0001:00246610       sf_mex_lw_matrix_matrix_index_check 0000000180247610 f   sfc_mex:sfc_mex.obj
 0001:00246630       sf_mex_lw_vector_vector_index_check 0000000180247630 f   sfc_mex:sfc_mex.obj
 0001:00246670       sf_mex_lw_for_loop_vector_check 0000000180247670 f   sfc_mex:sfc_mex.obj
 0001:002466f0       sf_mex_lw_non_negative_check 00000001802476f0 f   sfc_mex:sfc_mex.obj
 0001:00246730       sf_mex_overflow_error      0000000180247730 f   sfc_mex:sfc_mex.obj
 0001:00246740       sf_mex_dividebyzero_error  0000000180247740 f   sfc_mex:sfc_mex.obj
 0001:00246750       sf_mex_unsafe_enum_error   0000000180247750 f   sfc_mex:sfc_mex.obj
 0001:00246760       sf_emlrtErrHandler         0000000180247760 f   sfc_mex:sfc_mex.obj
 0001:00246840       sf_mex_size_one_check      0000000180247840 f   sfc_mex:sfc_mex.obj
 0001:00246860       sf_mex_printf              0000000180247860 f   sfc_mex:sfc_mex.obj
 0001:00246a30       sf_mex_check_size          0000000180247a30 f   sfc_mex:sfc_mex.obj
 0001:00246d00       sf_mex_check_struct        0000000180247d00 f   sfc_mex:sfc_mex.obj
 0001:00246f60       sf_mex_check_struct_vs     0000000180247f60 f   sfc_mex:sfc_mex.obj
 0001:00246ff0       sf_mex_check_fi            0000000180247ff0 f   sfc_mex:sfc_mex.obj
 0001:002470f0       sf_mex_check_fi_vs         00000001802480f0 f   sfc_mex:sfc_mex.obj
 0001:00247190       sf_echo_expression         0000000180248190 f   sfc_mex:sfc_mex.obj
 0001:002471f0       sf_assertion_failed        00000001802481f0 f   sfc_mex:sfc_mex.obj
 0001:002474d0       sf_mex_evalin              00000001802484d0 f   sfc_mex:sfc_mex.obj
 0001:00247740       sf_mex_export              0000000180248740 f   sfc_mex:sfc_mex.obj
 0001:00247800       sf_mex_get_ml_var_no_error 0000000180248800 f   sfc_mex:sfc_mex.obj
 0001:002479a0       sf_mex_get_ml_var          00000001802489a0 f   sfc_mex:sfc_mex.obj
 0001:00247e40       ml_set_element_value_in_array 0000000180248e40 f   sfc_mex:sfc_mex.obj
 0001:00249510       sf_mex_call_impl           000000018024a510 f   sfc_mex:sfc_mex.obj
 0001:00249a40       sf_mex_call_debug          000000018024aa40 f   sfc_mex:sfc_mex.obj
 0001:00249a70       sf_mex_call                000000018024aa70 f   sfc_mex:sfc_mex.obj
 0001:0024a0c0       sf_mex_createstruct        000000018024b0c0 f   sfc_mex:sfc_mex.obj
 0001:0024a1b0       sf_mex_createstructarray   000000018024b1b0 f   sfc_mex:sfc_mex.obj
 0001:0024a230       sf_mex_get_mx_datatype_from_sf_datatype 000000018024b230 f   sfc_mex:sfc_mex.obj
 0001:0024a540       sf_mex_ml_var_sub          000000018024b540 f   sfc_mex:sfc_mex.obj
 0001:0024a710       sf_mex_ml_var_subsasgn     000000018024b710 f   sfc_mex:sfc_mex.obj
 0001:0024ab00       sf_mex_sub                 000000018024bb00 f   sfc_mex:sfc_mex.obj
 0001:0024ad00       sf_mex_subsasgn            000000018024bd00 f   sfc_mex:sfc_mex.obj
 0001:0024b1e0       sf_mex_create              000000018024c1e0 f   sfc_mex:sfc_mex.obj
 0001:0024bc30       sf_mex_import_named        000000018024cc30 f   sfc_mex:sfc_mex.obj
 0001:0024bc90       sf_mex_import              000000018024cc90 f   sfc_mex:sfc_mex.obj
 0001:0024bce0       sf_mex_import_vs           000000018024cce0 f   sfc_mex:sfc_mex.obj
 0001:0024bdf0       sf_mex_lower_fixpt_mx_array 000000018024cdf0 f   sfc_mex:sfc_mex.obj
 0001:0024c0e0       sf_send_message_wrapper    000000018024d0e0 f   sfc_mex:sfc_sf.obj
 0001:0024c110       sf_receive_message_wrapper 000000018024d110 f   sfc_mex:sfc_sf.obj
 0001:0024c150       sf_check_out_message_wrapper 000000018024d150 f   sfc_mex:sfc_sf.obj
 0001:0024c190       sf_check_in_message_wrapper 000000018024d190 f   sfc_mex:sfc_sf.obj
 0001:0024c1d0       sf_no_message_wrapper      000000018024d1d0 f   sfc_mex:sfc_sf.obj
 0001:0024c560       sim_mode_is_rtw_gen        000000018024d560 f   sfc_mex:sfc_sf.obj
 0001:0024c590       sim_mode_is_external       000000018024d590 f   sfc_mex:sfc_sf.obj
 0001:0024c5a0       sim_mode_is_modelref_sim   000000018024d5a0 f   sfc_mex:sfc_sf.obj
 0001:0024c5c0       mdlInitializeSizes         000000018024d5c0 f   sfc_mex:sfc_sf.obj
 0001:0024c5e0       mdlInitializeSampleTimes   000000018024d5e0 f   sfc_mex:sfc_sf.obj
 0001:0024c620       mdlZeroCrossings           000000018024d620 f   sfc_mex:sfc_sf.obj
 0001:0024c700       mdlDerivatives             000000018024d700 f   sfc_mex:sfc_sf.obj
 0001:0024c7b0       mdl_initialize_conditions_processing 000000018024d7b0 f   sfc_mex:sfc_sf.obj
 0001:0024c7e0       mdlInitializeConditions    000000018024d7e0 f   sfc_mex:sfc_sf.obj
 0001:0024c8a0       mdlGetSimState             000000018024d8a0 f   sfc_mex:sfc_sf.obj
 0001:0024c8b0       mdlSetSimState             000000018024d8b0 f   sfc_mex:sfc_sf.obj
 0001:0024c8c0       mdl_ext_mode_exec_processing 000000018024d8c0 f   sfc_mex:sfc_sf.obj
 0001:0024c8e0       mdlExtModeExec             000000018024d8e0 f   sfc_mex:sfc_sf.obj
 0001:0024ca70       mdlTerminate               000000018024da70 f   sfc_mex:sfc_sf.obj
 0001:0024cae0       mdlRTW                     000000018024dae0 f   sfc_mex:sfc_sf.obj
 0001:0024cb10       mdlSetWorkWidths           000000018024db10 f   sfc_mex:sfc_sf.obj
 0001:0024cb20       mdlProcessParameters       000000018024db20 f   sfc_mex:sfc_sf.obj
 0001:0024cb30       mdl_start_processing       000000018024db30 f   sfc_mex:sfc_sf.obj
 0001:0024cb70       mdlStart                   000000018024db70 f   sfc_mex:sfc_sf.obj
 0001:0024cc60       mdlEnable                  000000018024dc60 f   sfc_mex:sfc_sf.obj
 0001:0024cd30       mdlDisable                 000000018024dd30 f   sfc_mex:sfc_sf.obj
 0001:0024cde0       sf_get_chart_instance_ptr  000000018024dde0 f   sfc_mex:sfc_sf.obj
 0001:0024ce00       sf_load_rtw_optimization_info 000000018024de00 f   sfc_mex:sfc_sf.obj
 0001:0024ced0       sf_rtw_info_uint_prop      000000018024ded0 f   sfc_mex:sfc_sf.obj
 0001:0024d010       sf_is_chart_inlinable      000000018024e010 f   sfc_mex:sfc_sf.obj
 0001:0024d030       sf_mark_output_events_with_multiple_callers 000000018024e030 f   sfc_mex:sfc_sf.obj
 0001:0024d1c0       sf_mark_chart_reusable_outputs 000000018024e1c0 f   sfc_mex:sfc_sf.obj
 0001:0024d420       sf_mark_chart_expressionable_inputs 000000018024e420 f   sfc_mex:sfc_sf.obj
 0001:0024d680       sf_get_subchart_simstruct  000000018024e680 f   sfc_mex:sfc_sf.obj
 0001:0024d6d0       sf_get_fixpt_data_type_id  000000018024e6d0 f   sfc_mex:sfc_sf.obj
 0001:0024d710       sf_get_enum_data_type_id   000000018024e710 f   sfc_mex:sfc_sf.obj
 0001:0024d750       sf_get_param_data_type_id  000000018024e750 f   sfc_mex:sfc_sf.obj
 0001:0024d780       sf_mex_listen_for_ctrl_c_force 000000018024e780 f   sfc_mex:sfc_sf.obj
 0001:0024d890       sf_mex_draw_now            000000018024e890 f   sfc_mex:sfc_sf.obj
 0001:0024d8d0       sf_mex_set_debugger_sim_status_listener_fcn 000000018024e8d0 f   sfc_mex:sfc_sf.obj
 0001:0024d8e0       sf_mex_listen_for_ctrl_c   000000018024e8e0 f   sfc_mex:sfc_sf.obj
 0001:0024d970       sf_mex_get_sfun_param      000000018024e970 f   sfc_mex:sfc_sf.obj
 0001:0024d9c0       sf_get_runtime_param_data  000000018024e9c0 f   sfc_mex:sfc_sf.obj
 0001:0024da00       sf_call_output_fcn_call    000000018024ea00 f   sfc_mex:sfc_sf.obj
 0001:0024db40       sf_call_output_fcn_enable  000000018024eb40 f   sfc_mex:sfc_sf.obj
 0001:0024dbd0       sf_call_output_fcn_disable 000000018024ebd0 f   sfc_mex:sfc_sf.obj
 0001:0024dc60       sf_clear_rtw_identifier    000000018024ec60 f   sfc_mex:sfc_sf.obj
 0001:0024e450       sf_set_encoded_dwork_info  000000018024f450 f   sfc_mex:sfc_sf.obj
 0001:0024e4a0       sf_get_dwork_info_from_mat_file 000000018024f4a0 f   sfc_mex:sfc_sf.obj
 0001:0024e660       sf_set_rtw_dwork_info      000000018024f660 f   sfc_mex:sfc_sf.obj
 0001:0024e7d0       mdlOutputs                 000000018024f7d0 f   sfc_mex:sfc_sf.obj
 0001:0024e970       sf_debug_disp              000000018024f970 f   sfc_debug:sfcdebug.obj
 0001:0024ebd0       sf_debug_data_runtime_size_mismatch_error_check 000000018024fbd0 f   sfc_debug:sfcdebug.obj
 0001:0024ec70       sf_debug_try_loading_machine 000000018024fc70 f   sfc_debug:sfcdebug.obj
 0001:0024ed70       sf_debug_reset_current_state_configuration 000000018024fd70 f   sfc_debug:sfcdebug.obj
 0001:0024ee00       sf_debug_store_current_state_configuration 000000018024fe00 f   sfc_debug:sfcdebug.obj
 0001:0024ee90       sf_debug_restore_previous_state_configuration 000000018024fe90 f   sfc_debug:sfcdebug.obj
 0001:0024ef20       sf_debug_restore_previous_state_configuration2 000000018024ff20 f   sfc_debug:sfcdebug.obj
 0001:0024efb0       sf_debug_get_event_scope   000000018024ffb0 f   sfc_debug:sfcdebug.obj
 0001:0024f120       use_debugger_step_animation 0000000180250120 f   sfc_debug:sfcdebug.obj
 0001:0024f140       sf_debug_get_script_id     0000000180250140 f   sfc_debug:sfcdebug.obj
 0001:0024f1d0       sf_debug_set_script_translation 00000001802501d0 f   sfc_debug:sfcdebug.obj
 0001:0024f350       sf_debug_extract_message_post_receive_info 0000000180250350 f   sfc_debug:sfcdebug.obj
 0001:0024f450       sf_debug_get_current_machine_id 0000000180250450 f   sfc_debug:sfcdebug.obj
 0001:0024f470       sf_debug_get_current_optional_integer 0000000180250470 f   sfc_debug:sfcdebug.obj
 0001:0024f480       sf_debug_get_current_machine_number 0000000180250480 f   sfc_debug:sfcdebug.obj
 0001:0024f4a0       sf_debug_get_current_machine_name 00000001802504a0 f   sfc_debug:sfcdebug.obj
 0001:0024f4c0       sf_debug_get_current_chart_id 00000001802504c0 f   sfc_debug:sfcdebug.obj
 0001:0024f510       sf_debug_get_current_chart_number 0000000180250510 f   sfc_debug:sfcdebug.obj
 0001:0024f520       sf_debug_get_current_instance_number 0000000180250520 f   sfc_debug:sfcdebug.obj
 0001:0024f530       sf_debug_get_current_is_minor_time_step 0000000180250530 f   sfc_debug:sfcdebug.obj
 0001:0024f5b0       sf_debug_get_current_object_type 00000001802505b0 f   sfc_debug:sfcdebug.obj
 0001:0024f5c0       sf_debug_get_current_instance_handle 00000001802505c0 f   sfc_debug:sfcdebug.obj
 0001:0024f620       sf_debug_get_current_event_type 0000000180250620 f   sfc_debug:sfcdebug.obj
 0001:0024f630       sf_debug_get_current_object_id 0000000180250630 f   sfc_debug:sfcdebug.obj
 0001:0024f670       sf_debug_get_current_active_event_type 0000000180250670 f   sfc_debug:sfcdebug.obj
 0001:0024f680       sf_debug_get_current_active_event_id 0000000180250680 f   sfc_debug:sfcdebug.obj
 0001:0024f6c0       sf_debug_get_current_tag_type 00000001802506c0 f   sfc_debug:sfcdebug.obj
 0001:0024f6d0       sf_debug_get_current_simulation_time 00000001802506d0 f   sfc_debug:sfcdebug.obj
 0001:0024f6e0       sf_debug_get_current_coverage_percentage 00000001802506e0 f   sfc_debug:sfcdebug.obj
 0001:0024f6f0       sf_debug_current_statement_context 00000001802506f0 f   sfc_debug:sfcdebug.obj
 0001:0024f780       sf_debug_get_current_statement_info 0000000180250780 f   sfc_debug:sfcdebug.obj
 0001:0024f900       sf_debug_terminate_instance 0000000180250900 f   sfc_debug:sfcdebug.obj
 0001:0024fc40       sf_debug_assertion_failed  0000000180250c40 f   sfc_debug:sfcdebug.obj
 0001:0024fdf0       sf_debug_set_number_of_data_with_change_event_for_machine 0000000180250df0 f   sfc_debug:sfcdebug.obj
 0001:0024fe30       sf_debug_set_machine_event_thresholds 0000000180250e30 f   sfc_debug:sfcdebug.obj
 0001:0024fe50       sf_debug_set_machine_event_scope 0000000180250e50 f   sfc_debug:sfcdebug.obj
 0001:0024fe90       sf_debug_set_machine_data_thresholds 0000000180250e90 f   sfc_debug:sfcdebug.obj
 0001:0024fed0       sf_debug_set_machine_data_scope 0000000180250ed0 f   sfc_debug:sfcdebug.obj
 0001:0024ff60       sf_debug_set_machine_data_name 0000000180250f60 f   sfc_debug:sfcdebug.obj
 0001:00250000       sf_debug_set_machine_data_size 0000000180251000 f   sfc_debug:sfcdebug.obj
 0001:00250140       sf_debug_set_machine_data_type 0000000180251140 f   sfc_debug:sfcdebug.obj
 0001:002502b0       sf_debug_get_chart_data_number 00000001802512b0 f   sfc_debug:sfcdebug.obj
 0001:002502d0       sf_debug_get_chart_event_number 00000001802512d0 f   sfc_debug:sfcdebug.obj
 0001:002502f0       sf_debug_set_chart_state_info 00000001802512f0 f   sfc_debug:sfcdebug.obj
 0001:00250370       sf_debug_set_chart_decomposition 0000000180251370 f   sfc_debug:sfcdebug.obj
 0001:002503e0       sf_debug_set_chart_substate_count 00000001802513e0 f   sfc_debug:sfcdebug.obj
 0001:002504c0       sf_debug_set_chart_substate_index 00000001802514c0 f   sfc_debug:sfcdebug.obj
 0001:00250530       sf_debug_set_chart_state_substate_count 0000000180251530 f   sfc_debug:sfcdebug.obj
 0001:00250640       sf_debug_set_chart_state_substate_index 0000000180251640 f   sfc_debug:sfcdebug.obj
 0001:002506c0       sf_debug_set_number_of_data_with_change_event_for_chart 00000001802516c0 f   sfc_debug:sfcdebug.obj
 0001:00250740       sf_debug_set_number_of_states_with_entry_event_for_chart 0000000180251740 f   sfc_debug:sfcdebug.obj
 0001:002507b0       sf_debug_set_number_of_states_with_exit_event_for_chart 00000001802517b0 f   sfc_debug:sfcdebug.obj
 0001:00250820       sf_debug_set_chart_disable_implicit_casting 0000000180251820 f   sfc_debug:sfcdebug.obj
 0001:00250890       sf_debug_set_chart_event_thresholds 0000000180251890 f   sfc_debug:sfcdebug.obj
 0001:00250900       sf_debug_set_chart_data_compiled_props 0000000180251900 f   sfc_debug:sfcdebug.obj
 0001:00250c50       sf_debug_set_chart_data_props 0000000180251c50 f   sfc_debug:sfcdebug.obj
 0001:00250f70       sf_debug_check_fi_license  0000000180251f70 f   sfc_debug:sfcdebug.obj
 0001:00251160       sf_debug_symbol_scope_push 0000000180252160 f   sfc_debug:sfcdebug.obj
 0001:002511a0       sf_debug_symbol_scope_push_eml 00000001802521a0 f   sfc_debug:sfcdebug.obj
 0001:002511f0       sf_debug_symbol_scope_pop  00000001802521f0 f   sfc_debug:sfcdebug.obj
 0001:00251230       sf_debug_symbol_scope_add_importable 0000000180252230 f   sfc_debug:sfcdebug.obj
 0001:002512b0       sf_debug_symbol_scope_add  00000001802522b0 f   sfc_debug:sfcdebug.obj
 0001:00251330       sf_debug_symbol_scope_add_dyn_importable 0000000180252330 f   sfc_debug:sfcdebug.obj
 0001:002513f0       sf_debug_symbol_scope_add_dyn 00000001802523f0 f   sfc_debug:sfcdebug.obj
 0001:00251420       sf_debug_symbol_scope_add_eml_importable 0000000180252420 f   sfc_debug:sfcdebug.obj
 0001:00251460       sf_debug_symbol_scope_add_eml 0000000180252460 f   sfc_debug:sfcdebug.obj
 0001:002514a0       sf_debug_symbol_scope_add_eml_dyn_importable 00000001802524a0 f   sfc_debug:sfcdebug.obj
 0001:00251510       sf_debug_symbol_scope_add_eml_dyn 0000000180252510 f   sfc_debug:sfcdebug.obj
 0001:00251570       sf_debug_symbol_switch     0000000180252570 f   sfc_debug:sfcdebug.obj
 0001:00251590       sf_debug_symbol_scope_add_verbose 0000000180252590 f   sfc_debug:sfcdebug.obj
 0001:00251660       sf_debug_set_machine_data_value_ptr 0000000180252660 f   sfc_debug:sfcdebug.obj
 0001:002516a0       sf_debug_set_instance_data_value_ptr 00000001802526a0 f   sfc_debug:sfcdebug.obj
 0001:00251760       sf_debug_unset_instance_data_value_ptr 0000000180252760 f   sfc_debug:sfcdebug.obj
 0001:00251810       sf_debug_set_chart_event_scope 0000000180252810 f   sfc_debug:sfcdebug.obj
 0001:00251890       sf_debug_set_chart_transition_coverage_maps 0000000180252890 f   sfc_debug:sfcdebug.obj
 0001:002519a0       sf_debug_set_chart_state_coverage_maps 00000001802529a0 f   sfc_debug:sfcdebug.obj
 0001:00251a80       sf_debug_set_instance_transition_coverage_weights 0000000180252a80 f   sfc_debug:sfcdebug.obj
 0001:00251b20       sf_debug_set_instance_state_coverage_weights 0000000180252b20 f   sfc_debug:sfcdebug.obj
 0001:00251d70       sf_debug_unload_machine    0000000180252d70 f   sfc_debug:sfcdebug.obj
 0001:00251dc0       sf_debug_load_machine      0000000180252dc0 f   sfc_debug:sfcdebug.obj
 0001:00251ec0       sf_debug_set_active_instance_in_data_dictionary 0000000180252ec0 f   sfc_debug:sfcdebug.obj
 0001:002520a0       sf_debug_set_active_instance 00000001802530a0 f   sfc_debug:sfcdebug.obj
 0001:002521e0       sf_debug_chart_visiblity_change 00000001802531e0 f   sfc_debug:sfcdebug.obj
 0001:002522c0       sf_debug_select_chart      00000001802532c0 f   sfc_debug:sfcdebug.obj
 0001:00252390       sf_debug_set_instance_cv_ids 0000000180253390 f   sfc_debug:sfcdebug.obj
 0001:002526a0       sf_debug_select_charts     00000001802536a0 f   sfc_debug:sfcdebug.obj
 0001:002527e0       sf_debug_initialized       00000001802537e0 f   sfc_debug:sfcdebug.obj
 0001:002527f0       sf_debug_is_uninterruptible 00000001802537f0 f   sfc_debug:sfcdebug.obj
 0001:00252820       sf_debug_initialize_debugger_gui 0000000180253820 f   sfc_debug:sfcdebug.obj
 0001:00252c10       sf_debug_resume            0000000180253c10 f   sfc_debug:sfcdebug.obj
 0001:00252c30       sf_debug_go                0000000180253c30 f   sfc_debug:sfcdebug.obj
 0001:00252c40       sf_debug_break             0000000180253c40 f   sfc_debug:sfcdebug.obj
 0001:00252c50       sf_debug_step_over         0000000180253c50 f   sfc_debug:sfcdebug.obj
 0001:00252c60       sf_debug_step_out          0000000180253c60 f   sfc_debug:sfcdebug.obj
 0001:00252c70       sf_debug_set_disable_all_breakpoints 0000000180253c70 f   sfc_debug:sfcdebug.obj
 0001:00252c80       sf_debug_disable_all_breakpoints_and_go 0000000180253c80 f   sfc_debug:sfcdebug.obj
 0001:00252c90       sf_debug_break_on_chart_entry 0000000180253c90 f   sfc_debug:sfcdebug.obj
 0001:00252ca0       sf_debug_break_on_event_broadcast 0000000180253ca0 f   sfc_debug:sfcdebug.obj
 0001:00252cb0       sf_debug_break_on_state_entry 0000000180253cb0 f   sfc_debug:sfcdebug.obj
 0001:00252cc0       sf_debug_break_between_times 0000000180253cc0 f   sfc_debug:sfcdebug.obj
 0001:00252ce0       sf_debug_browse_data       0000000180253ce0 f   sfc_debug:sfcdebug.obj
 0001:00252d00       sf_debug_watch_data        0000000180253d00 f   sfc_debug:sfcdebug.obj
 0001:00252d20       sf_debug_assign_data       0000000180253d20 f   sfc_debug:sfcdebug.obj
 0001:00252d40       sf_debug_whos              0000000180253d40 f   sfc_debug:sfcdebug.obj
 0001:00252d60       sf_debug_get_consistency_info 0000000180253d60 f   sfc_debug:sfcdebug.obj
 0001:00252d70       sf_debug_browse_trace      0000000180253d70 f   sfc_debug:sfcdebug.obj
 0001:00252d80       sf_debug_set_breakpoints   0000000180253d80 f   sfc_debug:sfcdebug.obj
 0001:00252ee0       sf_debug_set_eml_breakpoints 0000000180253ee0 f   sfc_debug:sfcdebug.obj
 0001:00253040       sf_debug_set_script_breakpoints 0000000180254040 f   sfc_debug:sfcdebug.obj
 0001:002530c0       sf_debug_add_script_breakpoints 00000001802540c0 f   sfc_debug:sfcdebug.obj
 0001:00253130       sf_debug_clear_script_breakpoints 0000000180254130 f   sfc_debug:sfcdebug.obj
 0001:002531a0       sf_debug_query_script_breakpoints 00000001802541a0 f   sfc_debug:sfcdebug.obj
 0001:00253260       sf_debug_get_eml_script_id 0000000180254260 f   sfc_debug:sfcdebug.obj
 0001:002532b0       sf_debug_set_watch         00000001802542b0 f   sfc_debug:sfcdebug.obj
 0001:002534e0       sf_debug_get_instance_handle 00000001802544e0 f   sfc_debug:sfcdebug.obj
 0001:00253570       sf_debug_get_active_states 0000000180254570 f   sfc_debug:sfcdebug.obj
 0001:00253580       sf_debug_get_animation     0000000180254580 f   sfc_debug:sfcdebug.obj
 0001:00253590       sf_debug_set_animation     0000000180254590 f   sfc_debug:sfcdebug.obj
 0001:002535a0       sf_debug_animate           00000001802545a0 f   sfc_debug:sfcdebug.obj
 0001:002535d0       sf_debug_cycle_detection_check 00000001802545d0 f   sfc_debug:sfcdebug.obj
 0001:002535e0       sf_debug_data_range_check  00000001802545e0 f   sfc_debug:sfcdebug.obj
 0001:002535f0       sf_debug_transition_conflict_check 00000001802545f0 f   sfc_debug:sfcdebug.obj
 0001:00253600       sf_debug_state_consistency_check 0000000180254600 f   sfc_debug:sfcdebug.obj
 0001:00253610       sf_debug_data_range_check_enabled 0000000180254610 f   sfc_debug:sfcdebug.obj
 0001:00253630       sf_debug_transition_conflict_check_enabled 0000000180254630 f   sfc_debug:sfcdebug.obj
 0001:00253650       sf_debug_transition_conflict_check_begin 0000000180254650 f   sfc_debug:sfcdebug.obj
 0001:00253670       sf_debug_transition_conflict_check_end 0000000180254670 f   sfc_debug:sfcdebug.obj
 0001:00253690       sf_debug_stop_debugging    0000000180254690 f   sfc_debug:sfcdebug.obj
 0001:002536c0       sf_debug_is_cycle_detected 00000001802546c0 f   sfc_debug:sfcdebug.obj
 0001:002536d0       sf_debug_is_array_bounds_detected 00000001802546d0 f   sfc_debug:sfcdebug.obj
 0001:002536e0       sf_debug_get_state_vectors_data_size 00000001802546e0 f   sfc_debug:sfcdebug.obj
 0001:00253720       sf_debug_get_state_vectors_data 0000000180254720 f   sfc_debug:sfcdebug.obj
 0001:00253820       sf_debug_set_state_vectors_data 0000000180254820 f   sfc_debug:sfcdebug.obj
 0001:00253ae0       sf_debug_get_script_index  0000000180254ae0 f   sfc_debug:sfcdebug.obj
 0001:00253c70       sf_debug_add_script        0000000180254c70 f   sfc_debug:sfcdebug.obj
 0001:00253e00       cv_eval_point              0000000180254e00 f   sfc_debug:sfcdebug.obj
 0001:00253f70       cv_eval_testobjective      0000000180254f70 f   sfc_debug:sfcdebug.obj
 0001:00254090       sf_debug_cv_init_state     0000000180255090 f   sfc_debug:sfcdebug.obj
 0001:002541b0       sf_debug_cv_init_chart     00000001802551b0 f   sfc_debug:sfcdebug.obj
 0001:00254290       sf_debug_cv_init_trans     0000000180255290 f   sfc_debug:sfcdebug.obj
 0001:00254390       sf_debug_cv_init_testobjectives 0000000180255390 f   sfc_debug:sfcdebug.obj
 0001:00254570       cv_eml_init_script         0000000180255570 f   sfc_debug:sfcdebug.obj
 0001:00254670       cv_eml_init_fcn            0000000180255670 f   sfc_debug:sfcdebug.obj
 0001:00254720       cv_eml_init_testobjective  0000000180255720 f   sfc_debug:sfcdebug.obj
 0001:002547f0       cv_eml_init_if             00000001802557f0 f   sfc_debug:sfcdebug.obj
 0001:002548c0       cv_eml_init_for            00000001802558c0 f   sfc_debug:sfcdebug.obj
 0001:00254980       cv_eml_init_while          0000000180255980 f   sfc_debug:sfcdebug.obj
 0001:00254a40       cv_eml_init_mcdc           0000000180255a40 f   sfc_debug:sfcdebug.obj
 0001:00254b50       cv_eml_init_switch         0000000180255b50 f   sfc_debug:sfcdebug.obj
 0001:00254c40       cv_eml_eval                0000000180255c40 f   sfc_debug:sfcdebug.obj
 0001:00254d20       sf_debug_bm_is_a_eml_breakpoint 0000000180255d20 f   sfc_debug:sfcdebug.obj
 0001:00254e70       sf_debug_temporal_threshold 0000000180255e70 f   sfc_debug:sfcdebug.obj
 0001:002551d0       sf_debug_transition_conflict_error 00000001802561d0 f   sfc_debug:sfcdebug.obj
 0001:00255550       sf_debug_state_inconsistency_error 0000000180256550 f   sfc_debug:sfcdebug.obj
 0001:00255670       sf_debug_check_for_state_inconsistency 0000000180256670 f   sfc_debug:sfcdebug.obj
 0001:002556a0       sf_debug_cycle_detecton_error 00000001802566a0 f   sfc_debug:sfcdebug.obj
 0001:00255e90       sf_debug_size_eq_check_1d  0000000180256e90 f   sfc_debug:sfcdebug.obj
 0001:00255eb0       sf_debug_size_eq_check_nd  0000000180256eb0 f   sfc_debug:sfcdebug.obj
 0001:00256090       sf_debug_dim_size_eq_check 0000000180257090 f   sfc_debug:sfcdebug.obj
 0001:002560c0       sf_debug_dim_size_geq_check 00000001802570c0 f   sfc_debug:sfcdebug.obj
 0001:002560f0       sf_debug_sub_assign_size_check_nd 00000001802570f0 f   sfc_debug:sfcdebug.obj
 0001:00256330       sf_debug_matrix_matrix_index_check 0000000180257330 f   sfc_debug:sfcdebug.obj
 0001:00256360       sf_debug_vector_vector_index_check 0000000180257360 f   sfc_debug:sfcdebug.obj
 0001:00256390       sf_debug_for_loop_vector_check 0000000180257390 f   sfc_debug:sfcdebug.obj
 0001:00256410       sf_debug_runtime_error_msgid 0000000180257410 f   sfc_debug:sfcdebug.obj
 0001:002564a0       sf_debug_data_array_bounds_error_check 00000001802574a0 f   sfc_debug:sfcdebug.obj
 0001:002565b0       sf_debug_eml_data_array_bounds_error_check 00000001802575b0 f   sfc_debug:sfcdebug.obj
 0001:00256a90       sf_debug_integer_check     0000000180257a90 f   sfc_debug:sfcdebug.obj
 0001:00256b70       sf_debug_not_nan_check     0000000180257b70 f   sfc_debug:sfcdebug.obj
 0001:00256c30       sf_debug_non_negative_check 0000000180257c30 f   sfc_debug:sfcdebug.obj
 0001:00256cf0       sf_debug_overflow_detection 0000000180257cf0 f   sfc_debug:sfcdebug.obj
 0001:002573e0       sf_debug_cast_to_real32_T  00000001802583e0 f   sfc_debug:sfcdebug.obj
 0001:002574a0       sf_debug_cast_to_int8_T    00000001802584a0 f   sfc_debug:sfcdebug.obj
 0001:00257560       sf_debug_cast_to_uint8_T   0000000180258560 f   sfc_debug:sfcdebug.obj
 0001:00257620       sf_debug_cast_to_int16_T   0000000180258620 f   sfc_debug:sfcdebug.obj
 0001:002576e0       sf_debug_cast_to_uint16_T  00000001802586e0 f   sfc_debug:sfcdebug.obj
 0001:002577a0       sf_debug_cast_to_int32_T   00000001802587a0 f   sfc_debug:sfcdebug.obj
 0001:00257860       sf_debug_cast_to_uint32_T  0000000180258860 f   sfc_debug:sfcdebug.obj
 0001:00257920       sf_debug_data_range_error  0000000180258920 f   sfc_debug:sfcdebug.obj
 0001:00257c70       sf_debug_read_before_write_check 0000000180258c70 f   sfc_debug:sfcdebug.obj
 0001:00258060       sf_debug_data_range_error_wrapper_min_max 0000000180259060 f   sfc_debug:sfcdebug.obj
 0001:00258150       sf_debug_data_range_error_wrapper_min 0000000180259150 f   sfc_debug:sfcdebug.obj
 0001:00258230       sf_debug_data_range_error_wrapper_max 0000000180259230 f   sfc_debug:sfcdebug.obj
 0001:00258310       sf_debug_data_range_wrapper 0000000180259310 f   sfc_debug:sfcdebug.obj
 0001:002583c0       sf_debug_set_current_status_info 00000001802593c0 f   sfc_debug:sfcdebug.obj
 0001:00258770       sf_debug_register_message_post_receive_info 0000000180259770 f   sfc_debug:sfcdebug.obj
 0001:002589e0       sf_debug_call              00000001802599e0 f   sfc_debug:sfcdebug.obj
 0001:002598a0       sf_debug_initialize_machine 000000018025a8a0 f   sfc_debug:sfcdebug.obj
 0001:00259bb0       sf_debug_initialize_chart  000000018025abb0 f   sfc_debug:sfcdebug.obj
 0001:0025a090       sf_debug_ensure_script     000000018025b090 f   sfc_debug:sfcdebug.obj
 0001:0025a150       cv_script_init_script      000000018025b150 f   sfc_debug:sfcdebug.obj
 0001:0025a230       cv_script_init_fcn         000000018025b230 f   sfc_debug:sfcdebug.obj
 0001:0025a2e0       cv_script_init_testobjective 000000018025b2e0 f   sfc_debug:sfcdebug.obj
 0001:0025a390       cv_script_init_if          000000018025b390 f   sfc_debug:sfcdebug.obj
 0001:0025a440       cv_script_init_for         000000018025b440 f   sfc_debug:sfcdebug.obj
 0001:0025a4f0       cv_script_init_while       000000018025b4f0 f   sfc_debug:sfcdebug.obj
 0001:0025a5a0       cv_script_init_mcdc        000000018025b5a0 f   sfc_debug:sfcdebug.obj
 0001:0025a6a0       cv_script_init_switch      000000018025b6a0 f   sfc_debug:sfcdebug.obj
 0001:0025a780       cv_script_eval             000000018025b780 f   sfc_debug:sfcdebug.obj
 0001:0025a860       eml_debug_line_call        000000018025b860 f   sfc_debug:sfcdebug.obj
 0001:0025aa10       sf_debug_terminate         000000018025ba10 f   sfc_debug:sfcdebug.obj
 0001:0025ab80       sf_debug_set_script_cv_ids 000000018025bb80 f   sfc_debug:sfcdebug.obj
 0001:0025acb0       sf_debug_api               000000018025bcb0 f   sfc_debug:sfc_api.obj
 0001:0025c490       sf_debug_sm_terminate      000000018025d490 f   sfc_debug:sfdb_animation.obj
 0001:0025c650       sf_debug_reset_path_objects 000000018025d650 f   sfc_debug:sfdb_animation.obj
 0001:0025c6d0       sf_debug_sm_reset_object_selection_status 000000018025d6d0 f   sfc_debug:sfdb_animation.obj
 0001:0025c770       sf_debug_sm_reset_state_buffer 000000018025d770 f   sfc_debug:sfdb_animation.obj
 0001:0025c840       sf_debug_sm_store_state_buffer 000000018025d840 f   sfc_debug:sfdb_animation.obj
 0001:0025c8c0       sf_debug_sm_restore_state_buffer1 000000018025d8c0 f   sfc_debug:sfdb_animation.obj
 0001:0025c930       sf_debug_sm_restore_state_buffer2 000000018025d930 f   sfc_debug:sfdb_animation.obj
 0001:0025c9a0       sf_debug_sm_chart_active   000000018025d9a0 f   sfc_debug:sfdb_animation.obj
 0001:0025c9f0       sf_debug_sm_select_active_objects 000000018025d9f0 f   sfc_debug:sfdb_animation.obj
 0001:0025cea0       sf_debug_sm_is_chart_active 000000018025dea0 f   sfc_debug:sfdb_animation.obj
 0001:0025cee0       sf_debug_sm_is_state_active 000000018025dee0 f   sfc_debug:sfdb_animation.obj
 0001:0025d120       sf_debug_sm_get_active_states 000000018025e120 f   sfc_debug:sfdb_animation.obj
 0001:0025d6e0       sf_debug_sm_initialize_instance 000000018025e6e0 f   sfc_debug:sfdb_animation.obj
 0001:0025d930       sf_debug_sm_change_object_selection_status 000000018025e930 f   sfc_debug:sfdb_animation.obj
 0001:0025dc20       cv_create_interface        000000018025ec20 f   sfc_debug:cv_sfinterface.obj
 0001:0025df80       cv_init_trans              000000018025ef80 f   sfc_debug:cv_sfinterface.obj
 0001:0025dfd0       cv_init_testobjective      000000018025efd0 f   sfc_debug:cv_sfinterface.obj
 0001:0025e010       cv_init_state              000000018025f010 f   sfc_debug:cv_sfinterface.obj
 0001:0025e080       cv_init_chart              000000018025f080 f   sfc_debug:cv_sfinterface.obj
 0001:0025e0d0       cv_dec_update_call         000000018025f0d0 f   sfc_debug:cv_sfinterface.obj
 0001:0025e110       cv_cond_update_call        000000018025f110 f   sfc_debug:cv_sfinterface.obj
 0001:0025e150       cv_testobjective_update_call 000000018025f150 f   sfc_debug:cv_sfinterface.obj
 0001:0025e190       cv_sigrange_update         000000018025f190 f   sfc_debug:cv_sfinterface.obj
 0001:0025e1d0       cvsf_eml_eval              000000018025f1d0 f   sfc_debug:cv_sfinterface.obj
 0001:0025e2b0       cvsf_eml_init_script       000000018025f2b0 f   sfc_debug:cv_sfinterface.obj
 0001:0025e330       cvsf_eml_init_fcn          000000018025f330 f   sfc_debug:cv_sfinterface.obj
 0001:0025e390       cvsf_eml_init_testobjective 000000018025f390 f   sfc_debug:cv_sfinterface.obj
 0001:0025e3f0       cvsf_eml_init_if           000000018025f3f0 f   sfc_debug:cv_sfinterface.obj
 0001:0025e450       cvsf_eml_init_for          000000018025f450 f   sfc_debug:cv_sfinterface.obj
 0001:0025e4a0       cvsf_eml_init_while        000000018025f4a0 f   sfc_debug:cv_sfinterface.obj
 0001:0025e4f0       cvsf_eml_init_mcdc         000000018025f4f0 f   sfc_debug:cv_sfinterface.obj
 0001:0025e580       cvsf_eml_init_switch       000000018025f580 f   sfc_debug:cv_sfinterface.obj
 0001:0025e5f0       cvsf_script_eval           000000018025f5f0 f   sfc_debug:cv_sfinterface.obj
 0001:0025e6d0       cvsf_script_init_script    000000018025f6d0 f   sfc_debug:cv_sfinterface.obj
 0001:0025e750       cvsf_script_init_fcn       000000018025f750 f   sfc_debug:cv_sfinterface.obj
 0001:0025e7b0       cvsf_script_init_testobjective 000000018025f7b0 f   sfc_debug:cv_sfinterface.obj
 0001:0025e810       cvsf_script_init_if        000000018025f810 f   sfc_debug:cv_sfinterface.obj
 0001:0025e870       cvsf_script_init_for       000000018025f870 f   sfc_debug:cv_sfinterface.obj
 0001:0025e8c0       cvsf_script_init_while     000000018025f8c0 f   sfc_debug:cv_sfinterface.obj
 0001:0025e910       cvsf_script_init_mcdc      000000018025f910 f   sfc_debug:cv_sfinterface.obj
 0001:0025e9a0       cvsf_script_init_switch    000000018025f9a0 f   sfc_debug:cv_sfinterface.obj
 0001:0025ea10       cv_destroy_interface       000000018025fa10 f   sfc_debug:cv_sfinterface.obj
 0001:0025ea30       cv_create_instance_objects 000000018025fa30 f   sfc_debug:cv_sfinterface.obj
 0001:0025eee0       cv_is_enabled              000000018025fee0 f   sfc_debug:cv_sfinterface.obj
 0001:0025eef0       sf_debug_cv_initialize_script 000000018025fef0 f   sfc_debug:cv_sfinterface.obj
 0001:0025f0a0       sf_debug_cv_initialize_instance 00000001802600a0 f   sfc_debug:cv_sfinterface.obj
 0001:0025f440       sf_debug_cv_terminate_chart 0000000180260440 f   sfc_debug:cv_sfinterface.obj
 0001:0025f580       cv_call_trans_test         0000000180260580 f   sfc_debug:cv_sfinterface.obj
 0001:0025f590       cv_call_sub_cond_test      0000000180260590 f   sfc_debug:cv_sfinterface.obj
 0001:0025f5d0       sf_debug_st_initialize_machine 00000001802605d0 f   sfc_debug:sfdb_data_browse.obj
 0001:0025f690       sf_debug_st_initialize_instance 0000000180260690 f   sfc_debug:sfdb_data_browse.obj
 0001:0025f8c0       sf_debug_st_terminate      00000001802608c0 f   sfc_debug:sfdb_data_browse.obj
 0001:0025fc60       sf_debug_st_set_data_value_ptr_in_machine 0000000180260c60 f   sfc_debug:sfdb_data_browse.obj
 0001:0025fcf0       sf_debug_st_set_data_value_ptr_in_instance 0000000180260cf0 f   sfc_debug:sfdb_data_browse.obj
 0001:0025fdd0       sf_debug_st_unset_data_value_ptr_in_machine 0000000180260dd0 f   sfc_debug:sfdb_data_browse.obj
 0001:0025fe40       sf_debug_st_unset_data_value_ptr_in_instance 0000000180260e40 f   sfc_debug:sfdb_data_browse.obj
 0001:00260150       sf_debug_mx_value          0000000180261150 f   sfc_debug:sfdb_data_browse.obj
 0001:002601b0       sf_debug_mx_packed_vector  00000001802611b0 f   sfc_debug:sfdb_data_browse.obj
 0001:00260290       sf_debug_mx_uint_vector    0000000180261290 f   sfc_debug:sfdb_data_browse.obj
 0001:00260350       sf_debug_st_get_double_value_from_void_ptr_vector 0000000180261350 f   sfc_debug:sfdb_data_browse.obj
 0001:00260e40       sf_debug_st_browse_data    0000000180261e40 f   sfc_debug:sfdb_data_browse.obj
 0001:002616d0       sf_debug_hm_initialize_instance 00000001802626d0 f   sfc_debug:sfdb_handle_management.obj
 0001:00261c50       sf_debug_hm_get_object_id  0000000180262c50 f   sfc_debug:sfdb_handle_management.obj
 0001:00263bc0       sf_debug_object_is_eml_function 0000000180264bc0 f   sfc_debug:sfdb_handle_management.obj
 0001:00263c30       sf_debug_hm_initialize_ids_in_machine 0000000180264c30 f   sfc_debug:sfdb_handle_management.obj
 0001:00263da0       sf_debug_hm_initialize_ids_in_chart 0000000180264da0 f   sfc_debug:sfdb_handle_management.obj
 0001:00263ee0       sf_debug_hm_initialize_chart 0000000180264ee0 f   sfc_debug:sfdb_handle_management.obj
 0001:00264690       sf_debug_hm_terminate      0000000180265690 f   sfc_debug:sfdb_handle_management.obj
 0001:002646f0       sf_debug_hm_initialize_machine 00000001802656f0 f   sfc_debug:sfdb_handle_management.obj
 0001:00264ea0       sf_debug_ss_initialize     0000000180265ea0 f   sfc_debug:sfdb_symbol_scope.obj
 0001:00264ec0       sf_debug_ss_terminate      0000000180265ec0 f   sfc_debug:sfdb_symbol_scope.obj
 0001:00264f50       sf_debug_ss_push_symbol_scope 0000000180265f50 f   sfc_debug:sfdb_symbol_scope.obj
 0001:00265050       sf_debug_ss_push_symbol_scope_eml 0000000180266050 f   sfc_debug:sfdb_symbol_scope.obj
 0001:002650b0       sf_debug_ss_pop_symbol_scope 00000001802660b0 f   sfc_debug:sfdb_symbol_scope.obj
 0001:00265160       sf_debug_ss_add_symbol     0000000180266160 f   sfc_debug:sfdb_symbol_scope.obj
 0001:002652c0       sf_debug_ss_add_symbol_eml 00000001802662c0 f   sfc_debug:sfdb_symbol_scope.obj
 0001:00265fa0       sf_debug_ss_set_data_value 0000000180266fa0 f   sfc_debug:sfdb_symbol_scope.obj
 0001:00266440       sf_debug_ss_watch_data     0000000180267440 f   sfc_debug:sfdb_symbol_scope.obj
 0001:002664e0       sf_debug_ss_assign_data    00000001802674e0 f   sfc_debug:sfdb_symbol_scope.obj
 0001:00266ee0       get_data_entry_name        0000000180267ee0 f   sfc_debug:sfdb_symbol_scope.obj
 0001:00266f30       sf_debug_ss_whos           0000000180267f30 f   sfc_debug:sfdb_symbol_scope.obj
 0001:00267640       sf_debug_cc_initialize_chart 0000000180268640 f   sfc_debug:sfdb_coverage.obj
 0001:00268030       sf_debug_cc_initialize_instance 0000000180269030 f   sfc_debug:sfdb_coverage.obj
 0001:00268e30       sf_debug_cc_terminate      0000000180269e30 f   sfc_debug:sfdb_coverage.obj
 0001:00268f20       sf_debug_cc_set_transition_maps 0000000180269f20 f   sfc_debug:sfdb_coverage.obj
 0001:00269050       sf_debug_cc_set_state_maps 000000018026a050 f   sfc_debug:sfdb_coverage.obj
 0001:00269130       sf_debug_cc_set_transition_weights 000000018026a130 f   sfc_debug:sfdb_coverage.obj
 0001:00269400       sf_debug_cc_set_state_weights 000000018026a400 f   sfc_debug:sfdb_coverage.obj
 0001:002696d0       sf_debug_cc_mark_transition_guard 000000018026a6d0 f   sfc_debug:sfdb_coverage.obj
 0001:00269760       sf_debug_cc_mark_transition_trigger 000000018026a760 f   sfc_debug:sfdb_coverage.obj
 0001:002697f0       sf_debug_cc_mark_transition_decision 000000018026a7f0 f   sfc_debug:sfdb_coverage.obj
 0001:00269860       sf_debug_cc_mark_transition_condition_action 000000018026a860 f   sfc_debug:sfdb_coverage.obj
 0001:002698b0       sf_debug_cc_mark_transition_transition_action 000000018026a8b0 f   sfc_debug:sfdb_coverage.obj
 0001:00269900       sf_debug_cc_mark_state_entry 000000018026a900 f   sfc_debug:sfdb_coverage.obj
 0001:00269950       sf_debug_cc_mark_state_during 000000018026a950 f   sfc_debug:sfdb_coverage.obj
 0001:002699a0       sf_debug_cc_mark_state_exit 000000018026a9a0 f   sfc_debug:sfdb_coverage.obj
 0001:002699f0       sf_debug_bm_clear_script_breakpoints 000000018026a9f0 f   sfc_debug:sfdb_breakpoints.obj
 0001:00269a20       sf_debug_bm_set_script_breakpoint 000000018026aa20 f   sfc_debug:sfdb_breakpoints.obj
 0001:00269aa0       sf_debug_bm_clear_single_script_breakpoint 000000018026aaa0 f   sfc_debug:sfdb_breakpoints.obj
 0001:00269b20       sf_debug_bm_query_script_breakpoint 000000018026ab20 f   sfc_debug:sfdb_breakpoints.obj
 0001:00269b70       sf_debug_bm_initialize_scripts 000000018026ab70 f   sfc_debug:sfdb_breakpoints.obj
 0001:0026a290       sf_debug_bm_terminate      000000018026b290 f   sfc_debug:sfdb_breakpoints.obj
 0001:0026a580       sf_debug_bm_remove_all_breakpoints_in_machine 000000018026b580 f   sfc_debug:sfdb_breakpoints.obj
 0001:0026a5f0       sf_debug_bm_remove_all_breakpoints_in_chart 000000018026b5f0 f   sfc_debug:sfdb_breakpoints.obj
 0001:0026a740       sf_debug_bm_initialize_global_breakpoints 000000018026b740 f   sfc_debug:sfdb_breakpoints.obj
 0001:0026a8c0       sf_debug_bm_set_breakpoint 000000018026b8c0 f   sfc_debug:sfdb_breakpoints.obj
 0001:0026aef0       sf_debug_bm_set_eml_breakpoint 000000018026bef0 f   sfc_debug:sfdb_breakpoints.obj
 0001:0026af90       sf_debug_bm_initialize_machine_breakpoint_map 000000018026bf90 f   sfc_debug:sfdb_breakpoints.obj
 0001:0026b3b0       sf_debug_bm_is_a_breakpoint 000000018026c3b0 f   sfc_debug:sfdb_breakpoints.obj
 0001:0026b8d0       sf_debug_bm_get_all_breakpoints_in_machine 000000018026c8d0 f   sfc_debug:sfdb_breakpoints.obj
 0001:0026bbd0       sf_debug_bm_get_all_breakpoints_in_chart 000000018026cbd0 f   sfc_debug:sfdb_breakpoints.obj
 0001:0026c890       sf_debug_bm_initialize_machine 000000018026d890 f   sfc_debug:sfdb_breakpoints.obj
 0001:0026c960       sf_debug_bm_initialize_chart 000000018026d960 f   sfc_debug:sfdb_breakpoints.obj
 0001:0026cd80       sf_debug_sc_terminate      000000018026dd80 f   sfc_debug:sfdb_state_consistency.obj
 0001:0026d0b0       sf_debug_sc_is_chart_consistent 000000018026e0b0 f   sfc_debug:sfdb_state_consistency.obj
 0001:0026d360       sf_debug_sc_get_consistency_error_info 000000018026e360 f   sfc_debug:sfdb_state_consistency.obj
 0001:0026d7b0       sf_debug_tm_terminate      000000018026e7b0 f   sfc_debug:sfdb_call_stack.obj
 0001:0026d870       sf_debug_tm_push_chart_instance 000000018026e870 f   sfc_debug:sfdb_call_stack.obj
 0001:0026d9c0       sf_debug_tm_pop_chart_instance 000000018026e9c0 f   sfc_debug:sfdb_call_stack.obj
 0001:0026da20       sf_debug_tm_push_trace_node 000000018026ea20 f   sfc_debug:sfdb_call_stack.obj
 0001:0026dbb0       sf_debug_tm_pop_trace_node 000000018026ebb0 f   sfc_debug:sfdb_call_stack.obj
 0001:0026dc30       sf_debug_tm_get_current_global_trace_index 000000018026ec30 f   sfc_debug:sfdb_call_stack.obj
 0001:0026dc40       sf_debug_tm_get_current_local_trace_index 000000018026ec40 f   sfc_debug:sfdb_call_stack.obj
 0001:0026dc70       sf_debug_tm_set_cycle_detected_flag 000000018026ec70 f   sfc_debug:sfdb_call_stack.obj
 0001:0026dcb0       sf_debug_tm_set_cycle_started_flag 000000018026ecb0 f   sfc_debug:sfdb_call_stack.obj
 0001:0026dcf0       sf_debug_tm_get_chart_number_from_stack 000000018026ecf0 f   sfc_debug:sfdb_call_stack.obj
 0001:0026def0       sf_debug_tm_browse_trace   000000018026eef0 f   sfc_debug:sfdb_call_stack.obj
 0001:0026e230       sf_debug_cd_initialize_instance 000000018026f230 f   sfc_debug:sfdb_cycle_detection.obj
 0001:0026e4e0       sf_debug_cd_mark_processed_transition_in_instance 000000018026f4e0 f   sfc_debug:sfdb_cycle_detection.obj
 0001:0026e580       sf_debug_cd_checksum_push  000000018026f580 f   sfc_debug:sfdb_cycle_detection.obj
 0001:0026e840       sf_debug_cd_checksum_pop   000000018026f840 f   sfc_debug:sfdb_cycle_detection.obj
 0001:0026e8b0       sf_debug_cd_turn_off_cycle_detection 000000018026f8b0 f   sfc_debug:sfdb_cycle_detection.obj
 0001:0026e900       sf_debug_cd_terminate      000000018026f900 f   sfc_debug:sfdb_cycle_detection.obj
 0001:0026eb40       md5_initialize_state       000000018026fb40 f   sfc_debug:ckmd5.obj
 0001:0026f5b0       md5_update_state           00000001802705b0 f   sfc_debug:ckmd5.obj
 0001:0026f5d0       md5_get_hash               00000001802705d0 f   sfc_debug:ckmd5.obj
 0001:0026f600       md5_get_hash_for_a_single_string 0000000180270600 f   sfc_debug:ckmd5.obj
 0001:0026f664       mxGetPr                    0000000180270664 f   libmx:libmx.dll
 0001:0026f66a       mxCreateDoubleScalar       000000018027066a f   libmx:libmx.dll
 0001:0026f670       mxCreateDoubleMatrix_730   0000000180270670 f   libmx:libmx.dll
 0001:0026f676       mxSetField_730             0000000180270676 f   libmx:libmx.dll
 0001:0026f67c       mxCreateString             000000018027067c f   libmx:libmx.dll
 0001:0026f682       mxCreateStructMatrix_730   0000000180270682 f   libmx:libmx.dll
 0001:0026f688       mxDestroyArray             0000000180270688 f   libmx:libmx.dll
 0001:0026f68e       mxDuplicateArray           000000018027068e f   libmx:libmx.dll
 0001:0026f694       mxGetString_730            0000000180270694 f   libmx:libmx.dll
 0001:0026f69a       mxIsChar                   000000018027069a f   libmx:libmx.dll
 0001:0026f6a0       mxGetClassID               00000001802706a0 f   libmx:libmx.dll
 0001:0026f6a6       mxIsNumeric                00000001802706a6 f   libmx:libmx.dll
 0001:0026f6ac       mxIsComplex                00000001802706ac f   libmx:libmx.dll
 0001:0026f6b2       mxGetN                     00000001802706b2 f   libmx:libmx.dll
 0001:0026f6b8       mxGetM                     00000001802706b8 f   libmx:libmx.dll
 0001:0026f6be       mxCalloc                   00000001802706be f   libmx:libmx.dll
 0001:0026f6c4       mxGetScalar                00000001802706c4 f   libmx:libmx.dll
 0001:0026f6ca       mxIsLogical                00000001802706ca f   libmx:libmx.dll
 0001:0026f6d0       mxCreateDoubleMatrix_700   00000001802706d0 f   libmx:libmx.dll
 0001:0026f6d6       mxFree                     00000001802706d6 f   libmx:libmx.dll
 0001:0026f6dc       mxArrayToString            00000001802706dc f   libmx:libmx.dll
 0001:0026f6e2       mxCreateCellMatrix_700     00000001802706e2 f   libmx:libmx.dll
 0001:0026f6e8       mxSetCell_700              00000001802706e8 f   libmx:libmx.dll
 0001:0026f6ee       mxGetCell_700              00000001802706ee f   libmx:libmx.dll
 0001:0026f6f4       mxGetClassName             00000001802706f4 f   libmx:libmx.dll
 0001:0026f6fa       mxSetField_700             00000001802706fa f   libmx:libmx.dll
 0001:0026f700       mxAddField                 0000000180270700 f   libmx:libmx.dll
 0001:0026f706       mxGetField_700             0000000180270706 f   libmx:libmx.dll
 0001:0026f70c       mxGetNumberOfElements      000000018027070c f   libmx:libmx.dll
 0001:0026f712       mxIsStruct                 0000000180270712 f   libmx:libmx.dll
 0001:0026f718       mxIsA                      0000000180270718 f   libmx:libmx.dll
 0001:0026f71e       mxIsClass                  000000018027071e f   libmx:libmx.dll
 0001:0026f724       mxGetLogicals              0000000180270724 f   libmx:libmx.dll
 0001:0026f72a       mxIsSparse                 000000018027072a f   libmx:libmx.dll
 0001:0026f730       mxSetFieldByNumber_700     0000000180270730 f   libmx:libmx.dll
 0001:0026f736       mxGetFieldByNumber_700     0000000180270736 f   libmx:libmx.dll
 0001:0026f73c       mxGetFieldNameByNumber     000000018027073c f   libmx:libmx.dll
 0001:0026f742       mxGetNumberOfFields        0000000180270742 f   libmx:libmx.dll
 0001:0026f748       mxCreateStructMatrix_700   0000000180270748 f   libmx:libmx.dll
 0001:0026f74e       mxGetFieldNumber           000000018027074e f   libmx:libmx.dll
 0001:0026f754       mxIsNaN                    0000000180270754 f   libmx:libmx.dll
 0001:0026f75a       mxIsEmpty                  000000018027075a f   libmx:libmx.dll
 0001:0026f760       mxGetData                  0000000180270760 f   libmx:libmx.dll
 0001:0026f766       mxGetImagData              0000000180270766 f   libmx:libmx.dll
 0001:0026f76c       mxArrayClassIDName         000000018027076c f   libmx:libmx.dll
 0001:0026f772       mxCreateNumericMatrix_700  0000000180270772 f   libmx:libmx.dll
 0001:0026f778       mxCreateStructArray_700    0000000180270778 f   libmx:libmx.dll
 0001:0026f77e       mxCalcSingleSubscript_700  000000018027077e f   libmx:libmx.dll
 0001:0026f784       mxGetDimensions_700        0000000180270784 f   libmx:libmx.dll
 0001:0026f78a       mxGetNumberOfDimensions_700 000000018027078a f   libmx:libmx.dll
 0001:0026f790       mxCreateNumericArray_700   0000000180270790 f   libmx:libmx.dll
 0001:0026f796       mxGetElementSize           0000000180270796 f   libmx:libmx.dll
 0001:0026f79c       mxCreateStringFromNChars_700 000000018027079c f   libmx:libmx.dll
 0001:0026f7a2       mxGetString_700            00000001802707a2 f   libmx:libmx.dll
 0001:0026f7a8       mxIsLogicalScalarTrue      00000001802707a8 f   libmx:libmx.dll
 0001:0026f7ae       mxCreateLogicalScalar      00000001802707ae f   libmx:libmx.dll
 0001:0026f7b4       mexUnlock                  00000001802707b4 f   libmex:libmex.dll
 0001:0026f7ba       mexIsLocked                00000001802707ba f   libmex:libmex.dll
 0001:0026f7c0       mexWarnMsgTxt              00000001802707c0 f   libmex:libmex.dll
 0001:0026f7c6       mexCallMATLAB              00000001802707c6 f   libmex:libmex.dll
 0001:0026f7cc       mexErrMsgTxt               00000001802707cc f   libmex:libmex.dll
 0001:0026f7d2       mexMakeArrayPersistent     00000001802707d2 f   libmex:libmex.dll
 0001:0026f7d8       mexSetTrapFlag             00000001802707d8 f   libmex:libmex.dll
 0001:0026f7de       mexPutVariable             00000001802707de f   libmex:libmex.dll
 0001:0026f7e4       mexGetVariable             00000001802707e4 f   libmex:libmex.dll
 0001:0026f7ea       mexLock                    00000001802707ea f   libmex:libmex.dll
 0001:0026f7f0       mexMakeMemoryPersistent    00000001802707f0 f   libmex:libmex.dll
 0001:0026f7f6       mexFunctionName            00000001802707f6 f   libmex:libmex.dll
 0001:0026f7fc       ssRegisterDataTypeFxpFSlopeFixExpBias 00000001802707fc f   libfixedpoint:libfixedpoint.dll
 0001:0026f802       utVSNprintf                0000000180270802 f   libut:libut.dll
 0001:0026f808       utCPUtime                  0000000180270808 f   libut:libut.dll
 0001:0026f80e       utFree                     000000018027080e f   libut:libut.dll
 0001:0026f814       utMalloc                   0000000180270814 f   libut:libut.dll
 0001:0026f81a       muDoubleScalarAtan2        000000018027081a f   libmwmathutil:libmwmathutil.dll
 0001:0026f820       muDoubleScalarCos          0000000180270820 f   libmwmathutil:libmwmathutil.dll
 0001:0026f826       muDoubleScalarSin          0000000180270826 f   libmwmathutil:libmwmathutil.dll
 0001:0026f82c       muDoubleScalarAcos         000000018027082c f   libmwmathutil:libmwmathutil.dll
 0001:0026f832       muDoubleScalarPower        0000000180270832 f   libmwmathutil:libmwmathutil.dll
 0001:0026f838       muDoubleScalarSqrt         0000000180270838 f   libmwmathutil:libmwmathutil.dll
 0001:0026f83e       muDoubleScalarAbs          000000018027083e f   libmwmathutil:libmwmathutil.dll
 0001:0026f844       emlrtCheckBuiltInCtxR2011a 0000000180270844 f   libemlrt:libemlrt.dll
 0001:0026f84a       emlrtCheckVsBuiltInCtxR2011a 000000018027084a f   libemlrt:libemlrt.dll
 0001:0026f850       emlrtCheckEnumR2009a       0000000180270850 f   libemlrt:libemlrt.dll
 0001:0026f856       emlrtCreateEnumR2010a      0000000180270856 f   libemlrt:libemlrt.dll
 0001:0026f85c       emlrtGetEnumElementR2009a  000000018027085c f   libemlrt:libemlrt.dll
 0001:0026f862       emlrtCreateReference       0000000180270862 f   libemlrt:libemlrt.dll
 0001:0026f868       emlrtImportVsFiArrayR2009b 0000000180270868 f   libemlrt:libemlrt.dll
 0001:0026f86e       emlrtNameCapturePostProcessR2012a 000000018027086e f   libemlrt:libemlrt.dll
 0001:0026f874       emlrtExtractMessageId      0000000180270874 f   libemlrt:libemlrt.dll
 0001:0026f87a       emlrtTranslateMessageIDtoLCPstring 000000018027087a f   libemlrt:libemlrt.dll
 0001:0026f880       emlrtForLoopVectorIsValidR2011b 0000000180270880 f   libemlrt:libemlrt.dll
 0001:0026f886       emlrtTranslateUTF16MessagetoLCPstring 0000000180270886 f   libemlrt:libemlrt.dll
 0001:0026f88c       emlrtGetEnumUnderlyingArrayR2009a 000000018027088c f   libemlrt:libemlrt.dll
 0001:0026f892       emlrtIsEnumR2009a          0000000180270892 f   libemlrt:libemlrt.dll
 0001:0026f898       __GSHandlerCheckCommon     0000000180270898 f   MSVCRT:gshandler.obj
 0001:0026f8fc       __GSHandlerCheck           00000001802708fc f   MSVCRT:gshandler.obj
 0001:0026f91a       strlen                     000000018027091a f   MSVCRT:MSVCR100.dll
 0001:0026f930       __security_check_cookie    0000000180270930 f   MSVCRT:amdsecgs.obj
 0001:0026f960       __chkstk                   0000000180270960 f   MSVCRT:chkstk.obj
 0001:0026f960       _alloca_probe              0000000180270960     MSVCRT:chkstk.obj
 0001:0026f9ae       memset                     00000001802709ae f   MSVCRT:MSVCR100.dll
 0001:0026f9b4       malloc                     00000001802709b4 f   MSVCRT:MSVCR100.dll
 0001:0026f9ba       free                       00000001802709ba f   MSVCRT:MSVCR100.dll
 0001:0026f9c0       strcmp                     00000001802709c0 f   MSVCRT:MSVCR100.dll
 0001:0026f9c6       sprintf                    00000001802709c6 f   MSVCRT:MSVCR100.dll
 0001:0026f9cc       strcat                     00000001802709cc f   MSVCRT:MSVCR100.dll
 0001:0026f9d2       memcpy                     00000001802709d2 f   MSVCRT:MSVCR100.dll
 0001:0026f9d8       NtCurrentTeb               00000001802709d8 f i MSVCRT:crtdll.obj
 0001:0026fa44       _CRT_INIT                  0000000180270a44 f   MSVCRT:crtdll.obj
 0001:0026fddc       _DllMainCRTStartup         0000000180270ddc f   MSVCRT:crtdll.obj
 0001:0026fe1a       strncpy                    0000000180270e1a f   MSVCRT:MSVCR100.dll
 0001:0026fe20       longjmp                    0000000180270e20 f   MSVCRT:MSVCR100.dll
 0001:0026fe26       strncmp                    0000000180270e26 f   MSVCRT:MSVCR100.dll
 0001:0026fe2c       ceil                       0000000180270e2c f   MSVCRT:MSVCR100.dll
 0001:0026fe32       strrchr                    0000000180270e32 f   MSVCRT:MSVCR100.dll
 0001:0026fe38       _setjmp                    0000000180270e38 f   MSVCRT:MSVCR100.dll
 0001:0026fe3e       calloc                     0000000180270e3e f   MSVCRT:MSVCR100.dll
 0001:0026fe44       realloc                    0000000180270e44 f   MSVCRT:MSVCR100.dll
 0001:0026fe4a       ldexp                      0000000180270e4a f   MSVCRT:MSVCR100.dll
 0001:0026fe50       __report_gsfailure         0000000180270e50 f   MSVCRT:gs_report.obj
 0001:0026ff9c       __clean_type_info_names    0000000180270f9c f   MSVCRT:tncleanup.obj
 0001:0026ffa8       _onexit                    0000000180270fa8 f   MSVCRT:atonexit.obj
 0001:00270058       atexit                     0000000180271058 f   MSVCRT:atonexit.obj
 0001:00270070       _RTC_Initialize            0000000180271070 f   MSVCRT:_initsect_.obj
 0001:002700a8       _RTC_Terminate             00000001802710a8 f   MSVCRT:_initsect_.obj
 0001:002700e0       _malloc_crt                00000001802710e0 f   MSVCRT:MSVCR100.dll
 0001:002700f0       _ValidateImageBase         00000001802710f0 f   MSVCRT:pesect.obj
 0001:00270120       _FindPESection             0000000180271120 f   MSVCRT:pesect.obj
 0001:00270170       _IsNonwritableInCurrentImage 0000000180271170 f   MSVCRT:pesect.obj
[...]
 0001:00247c00       ml_get_element_value_from_array 0000000180248c00 f   sfc_mex:sfc_mex.obj
 0001:00247fa0       _ml_generic_castability_check 0000000180248fa0 f   sfc_mex:sfc_mex.obj
 0001:00248d00       ml_generic_castability_check 0000000180249d00 f   sfc_mex:sfc_mex.obj
 0001:00248da0       ml_check_mx_array_for_single_castability 0000000180249da0 f   sfc_mex:sfc_mex.obj
 0001:00248e40       ml_check_mx_array_for_logical_castability 0000000180249e40 f   sfc_mex:sfc_mex.obj
 0001:00248ee0       ml_check_mx_array_for_int8_castability 0000000180249ee0 f   sfc_mex:sfc_mex.obj
 0001:00248f90       ml_check_mx_array_for_uint8_castability 0000000180249f90 f   sfc_mex:sfc_mex.obj
 0001:00248ff0       ml_check_mx_array_for_int16_castability 0000000180249ff0 f   sfc_mex:sfc_mex.obj
 0001:00249050       ml_check_mx_array_for_uint16_castability 000000018024a050 f   sfc_mex:sfc_mex.obj
 0001:002490b0       ml_check_mx_array_for_int32_castability 000000018024a0b0 f   sfc_mex:sfc_mex.obj
 0001:00249110       ml_check_mx_array_for_uint32_castability 000000018024a110 f   sfc_mex:sfc_mex.obj
 0001:00249170       ml_check_mx_array_for_castability 000000018024a170 f   sfc_mex:sfc_mex.obj
 0001:00249aa0       set_data_value             000000018024aaa0 f   sfc_mex:sfc_mex.obj
 0001:00249e10       get_data_value             000000018024ae10 f   sfc_mex:sfc_mex.obj
 0001:00249f20       get_next_element_address   000000018024af20 f   sfc_mex:sfc_mex.obj
 0001:00249ff0       sf_normalize_index         000000018024aff0 f   sfc_mex:sfc_mex.obj
 0001:0024a380       ml_array_index_bound_check 000000018024b380 f   sfc_mex:sfc_mex.obj
 0001:0024aea0       mx_value                   000000018024bea0 f   sfc_mex:sfc_mex.obj
 0001:0024aef0       sf_create_numeric_array    000000018024bef0 f   sfc_mex:sfc_mex.obj
 0001:0024af90       sf_mex_assign_to_mx_array  000000018024bf90 f   sfc_mex:sfc_mex.obj
 0001:0024b2e0       assign_from_mx_array       000000018024c2e0 f   sfc_mex:sfc_mex.obj
 0001:0024bb10       sf_mex_import_v            000000018024cb10 f   sfc_mex:sfc_mex.obj
 0001:0024c210       get_machine_and_chart_file_number 000000018024d210 f   sfc_mex:sfc_sf.obj
 0001:0024c300       get_sfun_block_specialization 000000018024d300 f   sfc_mex:sfc_sf.obj
 0001:0024c3b0       call_sf_machine_global_method_dispatcher 000000018024d3b0 f   sfc_mex:sfc_sf.obj
 0001:0024c600       mdl_zeroCrossings_processing 000000018024d600 f   sfc_mex:sfc_sf.obj
 0001:0024c6d0       mdl_derivatives_processing 000000018024d6d0 f   sfc_mex:sfc_sf.obj
 0001:0024c990       mdl_outputs_continuous_legacy 000000018024d990 f   sfc_mex:sfc_sf.obj
 0001:0024ca10       mdl_outputs_processing     000000018024da10 f   sfc_mex:sfc_sf.obj
 0001:0024cc40       mdl_enable_processing      000000018024dc40 f   sfc_mex:sfc_sf.obj
 0001:0024cd10       mdl_disable_processing     000000018024dd10 f   sfc_mex:sfc_sf.obj
 0001:0024da80       sf_call_output_fcn_enable_disable 000000018024ea80 f   sfc_mex:sfc_sf.obj
 0001:0024dd00       set_dwork_information_from_mx_array 000000018024ed00 f   sfc_mex:sfc_sf.obj
 0001:0024e5c0       ptr2mxStruct               000000018024f5c0 f   sfc_mex:sfc_sf.obj
 0001:0024e8d0       SNPRINTF_WRAPPER           000000018024f8d0 f   sfc_debug:sfcdebug.obj
 0001:0024e8f0       sf_debug_chart_instance_initialized_quick 000000018024f8f0 f   sfc_debug:sfcdebug.obj
 0001:0024e900       sf_debug_chart_instance_initialized 000000018024f900 f   sfc_debug:sfcdebug.obj
 0001:0024eaa0       sfrtAddSize                000000018024faa0 f   sfc_debug:sfcdebug.obj
 0001:0024eb60       sfrtGenSizeString          000000018024fb60 f   sfc_debug:sfcdebug.obj
 0001:0024f270       fill_single_message_info   0000000180250270 f   sfc_debug:sfcdebug.obj
 0001:0024f430       sf_debug_sim_status_listener 0000000180250430 f   sfc_debug:sfcdebug.obj
 0001:0024f9a0       sf_debug_form_mask_bits    00000001802509a0 f   sfc_debug:sfcdebug.obj
 0001:0024f9e0       sf_debug_form_sf_data_type_offsets 00000001802509e0 f   sfc_debug:sfcdebug.obj
 0001:0024faa0       sf_debug_free_all          0000000180250aa0 f   sfc_debug:sfcdebug.obj
 0001:0024fc50       sf_debug_append_debugger_context 0000000180250c50 f   sfc_debug:sfcdebug.obj
 0001:0024ff10       local_strdup               0000000180250f10 f   sfc_debug:sfcdebug.obj
 0001:00250df0       sf_debug_em_terminate      0000000180251df0 f   sfc_debug:sfcdebug.obj
 0001:00250e30       sf_debug_push_eml_function 0000000180251e30 f   sfc_debug:sfcdebug.obj
 0001:00250ed0       sf_debug_pop_eml_function  0000000180251ed0 f   sfc_debug:sfcdebug.obj
 0001:00251bd0       sf_debug_get_machine_number_from_id_or_name 0000000180252bd0 f   sfc_debug:sfcdebug.obj
 0001:00251d20       sf_debug_get_chart_number_from_id 0000000180252d20 f   sfc_debug:sfcdebug.obj
 0001:00252990       sf_debug_transfer_control_to_debugger_GUI 0000000180253990 f   sfc_debug:sfcdebug.obj
 0001:00253920       sf_debug_scripts_rehash    0000000180254920 f   sfc_debug:sfcdebug.obj
 0001:00253b60       sf_debug_get_script_line_count 0000000180254b60 f   sfc_debug:sfcdebug.obj
 0001:00254490       cv_eml_state_cvId          0000000180255490 f   sfc_debug:sfcdebug.obj
 0001:00254500       cv_eml_trans_cvId          0000000180255500 f   sfc_debug:sfcdebug.obj
 0001:002557c0       sf_debug_data_array_bounds_error 00000001802567c0 f   sfc_debug:sfcdebug.obj
 0001:00255bf0       eml_debug_runtime_error_doclink 0000000180256bf0 f   sfc_debug:sfcdebug.obj
 0001:00255d70       sf_debug_runtime_error     0000000180256d70 f   sfc_debug:sfcdebug.obj
 0001:00255de0       sf_debug_matlab_error      0000000180256de0 f   sfc_debug:sfcdebug.obj
 0001:00256710       sf_debug_data_value_error  0000000180257710 f   sfc_debug:sfcdebug.obj
 0001:00257010       sf_debug_data_loss_error   0000000180258010 f   sfc_debug:sfcdebug.obj
 0001:00257f30       call_cv_range_check        0000000180258f30 f   sfc_debug:sfcdebug.obj
 0001:00258700       sf_debug_invoke_cycle_detection_code 0000000180259700 f   sfc_debug:sfcdebug.obj
 0001:002597e0       sf_reset_debug_info_struct 000000018025a7e0 f   sfc_debug:sfcdebug.obj
 0001:0025a0d0       cv_script_cvId             000000018025b0d0 f   sfc_debug:sfcdebug.obj
 0001:0025ae20       sfc_api_chart_visible      000000018025be20 f   sfc_debug:sfc_api.obj
 0001:0025aea0       sfc_api_active_instance    000000018025bea0 f   sfc_debug:sfc_api.obj
 0001:0025af20       sfc_api_machine_load       000000018025bf20 f   sfc_debug:sfc_api.obj
 0001:0025aff0       sfc_api_debugger_alive     000000018025bff0 f   sfc_debug:sfc_api.obj
 0001:0025b000       sfc_api_go                 000000018025c000 f   sfc_debug:sfc_api.obj
 0001:0025b010       sfc_api_step_over          000000018025c010 f   sfc_debug:sfc_api.obj
 0001:0025b020       sfc_api_step_out           000000018025c020 f   sfc_debug:sfc_api.obj
 0001:0025b030       sfc_api_resume             000000018025c030 f   sfc_debug:sfc_api.obj
 0001:0025b040       sfc_api_break              000000018025c040 f   sfc_debug:sfc_api.obj
 0001:0025b050       sfc_api_stop_debugging     000000018025c050 f   sfc_debug:sfc_api.obj
 0001:0025b0a0       sfc_api_is_cycle_detected  000000018025c0a0 f   sfc_debug:sfc_api.obj
 0001:0025b0f0       sfc_api_is_array_bounds_detected 000000018025c0f0 f   sfc_debug:sfc_api.obj
 0001:0025b140       sfc_api_set_disable_all_breakpoints 000000018025c140 f   sfc_debug:sfc_api.obj
 0001:0025b1b0       sfc_api_disable_all_breakpoints_and_go 000000018025c1b0 f   sfc_debug:sfc_api.obj
 0001:0025b1c0       sfc_api_close              000000018025c1c0 f   sfc_debug:sfc_api.obj
 0001:0025b1d0       sfc_api_browse_data        000000018025c1d0 f   sfc_debug:sfc_api.obj
 0001:0025b240       sfc_api_watch_data         000000018025c240 f   sfc_debug:sfc_api.obj
 0001:0025b2e0       sfc_api_extract_message_post_receive_info 000000018025c2e0 f   sfc_debug:sfc_api.obj
 0001:0025b300       sfc_api_assign_data        000000018025c300 f   sfc_debug:sfc_api.obj
 0001:0025b3a0       sfc_api_whos               000000018025c3a0 f   sfc_debug:sfc_api.obj
 0001:0025b430       sfc_api_get_consistency_info 000000018025c430 f   sfc_debug:sfc_api.obj
 0001:0025b440       sfc_api_browse_trace       000000018025c440 f   sfc_debug:sfc_api.obj
 0001:0025b450       sfc_api_break_on_chart_entry 000000018025c450 f   sfc_debug:sfc_api.obj
 0001:0025b470       sfc_api_break_on_event_broadcast 000000018025c470 f   sfc_debug:sfc_api.obj
 0001:0025b490       sfc_api_break_on_state_entry 000000018025c490 f   sfc_debug:sfc_api.obj
 0001:0025b4b0       sfc_api_set_watch          000000018025c4b0 f   sfc_debug:sfc_api.obj
 0001:0025b550       sfc_api_set_breakpoints    000000018025c550 f   sfc_debug:sfc_api.obj
 0001:0025b5f0       sfc_api_set_eml_breakpoints 000000018025c5f0 f   sfc_debug:sfc_api.obj
 0001:0025b670       sfc_api_set_script_breakpoints 000000018025c670 f   sfc_debug:sfc_api.obj
 0001:0025b6c0       sfc_api_add_script_breakpoints 000000018025c6c0 f   sfc_debug:sfc_api.obj
 0001:0025b710       sfc_api_clear_script_breakpoints 000000018025c710 f   sfc_debug:sfc_api.obj
 0001:0025b760       sfc_api_query_script_breakpoints 000000018025c760 f   sfc_debug:sfc_api.obj
 0001:0025b7c0       sfc_api_get_script_id      000000018025c7c0 f   sfc_debug:sfc_api.obj
 0001:0025b880       sfc_api_get_active_states  000000018025c880 f   sfc_debug:sfc_api.obj
 0001:0025b900       sfc_api_break_between_times 000000018025c900 f   sfc_debug:sfc_api.obj
 0001:0025b960       sfc_api_get_instance_handle 000000018025c960 f   sfc_debug:sfc_api.obj
 0001:0025ba10       sfc_api_set_animation      000000018025ca10 f   sfc_debug:sfc_api.obj
 0001:0025ba60       sfc_api_select_chart       000000018025ca60 f   sfc_debug:sfc_api.obj
 0001:0025bac0       sfc_api_select_charts      000000018025cac0 f   sfc_debug:sfc_api.obj
 0001:0025baf0       sfc_api_cycle_detection_check 000000018025caf0 f   sfc_debug:sfc_api.obj
 0001:0025bb40       sfc_api_data_range_check   000000018025cb40 f   sfc_debug:sfc_api.obj
 0001:0025bb90       sfc_api_transition_conflict_check 000000018025cb90 f   sfc_debug:sfc_api.obj
 0001:0025bbe0       sfc_api_state_consistency_check 000000018025cbe0 f   sfc_debug:sfc_api.obj
 0001:0025bc30       sfc_api_set_instance_cv_ids 000000018025cc30 f   sfc_debug:sfc_api.obj
 0001:0025bd40       sfc_api_set_script_cv_ids  000000018025cd40 f   sfc_debug:sfc_api.obj
 0001:0025bdf0       sfc_api_get_current_machine_id 000000018025cdf0 f   sfc_debug:sfc_api.obj
 0001:0025be20       sfc_api_get_current_machine_number 000000018025ce20 f   sfc_debug:sfc_api.obj
 0001:0025be50       sfc_api_get_current_chart_number 000000018025ce50 f   sfc_debug:sfc_api.obj
 0001:0025be80       sfc_api_get_current_instance_number 000000018025ce80 f   sfc_debug:sfc_api.obj
 0001:0025beb0       sfc_api_get_current_instance_handle 000000018025ceb0 f   sfc_debug:sfc_api.obj
 0001:0025bed0       sfc_api_get_current_is_minor_time_step 000000018025ced0 f   sfc_debug:sfc_api.obj
 0001:0025bf00       sfc_api_get_current_machine_name 000000018025cf00 f   sfc_debug:sfc_api.obj
 0001:0025bf20       sfc_api_get_current_chart_id 000000018025cf20 f   sfc_debug:sfc_api.obj
 0001:0025bf50       sfc_api_get_current_object_type 000000018025cf50 f   sfc_debug:sfc_api.obj
 0001:0025bf80       sfc_api_get_current_event_type 000000018025cf80 f   sfc_debug:sfc_api.obj
 0001:0025bfb0       sfc_api_get_current_object_id 000000018025cfb0 f   sfc_debug:sfc_api.obj
 0001:0025bfe0       sfc_get_current_active_event_type 000000018025cfe0 f   sfc_debug:sfc_api.obj
 0001:0025c010       sfc_api_get_current_active_event_id 000000018025d010 f   sfc_debug:sfc_api.obj
 0001:0025c040       sfc_api_get_current_simulation_time 000000018025d040 f   sfc_debug:sfc_api.obj
 0001:0025c060       sfc_get_current_tag_type   000000018025d060 f   sfc_debug:sfc_api.obj
 0001:0025c090       sfc_get_current_coverage_percentage 000000018025d090 f   sfc_debug:sfc_api.obj
 0001:0025c0b0       sfc_get_current_statement_context 000000018025d0b0 f   sfc_debug:sfc_api.obj
 0001:0025c0d0       sfc_get_current_optional_integer 000000018025d0d0 f   sfc_debug:sfc_api.obj
 0001:0025c100       sfc_get_current_statement_info 000000018025d100 f   sfc_debug:sfc_api.obj
 0001:0025c1a0       sfc_api_get                000000018025d1a0 f   sfc_debug:sfc_api.obj
 0001:0025c300       sf_debug_sm_is_using_unified_editors 000000018025d300 f   sfc_debug:sfdb_animation.obj
 0001:0025c3a0       sf_debug_sm_is_chart_visible_in_unified_editors 000000018025d3a0 f   sfc_debug:sfdb_animation.obj
 0001:0025c460       sf_debug_sm_check_if_chart_is_visible 000000018025d460 f   sfc_debug:sfdb_animation.obj
 0001:0025cf60       sf_debug_sm_fill_state_activity_data 000000018025df60 f   sfc_debug:sfdb_animation.obj
 0001:0025f790       void_ptr_stack_vector_free_total 0000000180260790 f   sfc_debug:sfdb_data_browse.obj
 0001:0025f820       sf_debug_st_terminate_machine 0000000180260820 f   sfc_debug:sfdb_data_browse.obj
 0001:0025f860       sf_debug_st_terminate_instance 0000000180260860 f   sfc_debug:sfdb_data_browse.obj
 0001:0025fc10       push_on_to_void_ptr_stack  0000000180260c10 f   sfc_debug:sfdb_data_browse.obj
 0001:0025fda0       pop_from_void_ptr_stack    0000000180260da0 f   sfc_debug:sfdb_data_browse.obj
 0001:0025fed0       sf_debug_st_get_data_value 0000000180260ed0 f   sfc_debug:sfdb_data_browse.obj
 0001:00260460       mx_value                   0000000180261460 f   sfc_debug:sfdb_data_browse.obj
 0001:002604a0       sf_debug_st_fill_data_struct 00000001802614a0 f   sfc_debug:sfdb_data_browse.obj
 0001:002607e0       data_type_format_strings   00000001802617e0 f   sfc_debug:sfdb_data_browse.obj
 0001:00260890       sf_debug_st_fill_data      0000000180261890 f   sfc_debug:sfdb_data_browse.obj
 0001:002615e0       sf_debug_hm_get_simulink_handle 00000001802625e0 f   sfc_debug:sfdb_handle_management.obj
 0001:00262130       sf_debug_hm_initialize_globals 0000000180263130 f   sfc_debug:sfdb_handle_management.obj
 0001:00262230       sf_debug_hm_get_machine_debug_flag 0000000180263230 f   sfc_debug:sfdb_handle_management.obj
 0001:002623a0       sf_debug_hm_get_machine_id 00000001802633a0 f   sfc_debug:sfdb_handle_management.obj
 0001:002624c0       sf_debug_hm_get_chart_id   00000001802634c0 f   sfc_debug:sfdb_handle_management.obj
 0001:00262660       sf_debug_hm_register_executing_SFunction 0000000180263660 f   sfc_debug:sfdb_handle_management.obj
 0001:00262800       sf_debug_hm_get_chart_active_instance 0000000180263800 f   sfc_debug:sfdb_handle_management.obj
 0001:00262970       sf_debug_hm_get_chart_visibility 0000000180263970 f   sfc_debug:sfdb_handle_management.obj
 0001:00262ac0       sf_debug_hm_form_object_boolean_properties 0000000180263ac0 f   sfc_debug:sfdb_handle_management.obj
 0001:00262d90       sf_debug_hm_form_object_properties 0000000180263d90 f   sfc_debug:sfdb_handle_management.obj
 0001:00262fd0       sf_debug_hm_terminate_charts 0000000180263fd0 f   sfc_debug:sfdb_handle_management.obj
 0001:00263740       sf_debug_hm_terminate_machines 0000000180264740 f   sfc_debug:sfdb_handle_management.obj
 0001:00265390       sf_debug_ss_copy_dimension 0000000180266390 f   sfc_debug:sfdb_symbol_scope.obj
 0001:00265450       sf_debug_ss_get_number_elements 0000000180266450 f   sfc_debug:sfdb_symbol_scope.obj
 0001:00265470       sf_debug_ss_fill_data_struct 0000000180266470 f   sfc_debug:sfdb_symbol_scope.obj
 0001:002657c0       sf_debug_ss_reset_data_info 00000001802667c0 f   sfc_debug:sfdb_symbol_scope.obj
 0001:00265820       sf_debug_fill_data_info_by_symbol_scope_entry 0000000180266820 f   sfc_debug:sfdb_symbol_scope.obj
 0001:002658e0       sf_debug_fill_data_info_by_data_vector 00000001802668e0 f   sfc_debug:sfdb_symbol_scope.obj
 0001:00265b30       sf_debug_ss_get_data_info  0000000180266b30 f   sfc_debug:sfdb_symbol_scope.obj
 0001:00265e20       sf_debug_select_mex_function 0000000180266e20 f   sfc_debug:sfdb_symbol_scope.obj
 0001:00265e50       sf_debug_is_dyn_matrix_initialized 0000000180266e50 f   sfc_debug:sfdb_symbol_scope.obj
 0001:00265e70       sf_debug_ss_set_data_value_try 0000000180266e70 f   sfc_debug:sfdb_symbol_scope.obj
 0001:00266040       sf_debug_ss_get_data_value 0000000180267040 f   sfc_debug:sfdb_symbol_scope.obj
 0001:00266590       sf_debug_ss_data_bytes_string 0000000180267590 f   sfc_debug:sfdb_symbol_scope.obj
 0001:00266640       sf_debug_ss_data_class_string 0000000180267640 f   sfc_debug:sfdb_symbol_scope.obj
 0001:002669d0       sf_debug_ss_data_size_string 00000001802679d0 f   sfc_debug:sfdb_symbol_scope.obj
 0001:00266ab0       sf_debug_ss_data_create_data_info_struct 0000000180267ab0 f   sfc_debug:sfdb_symbol_scope.obj
 0001:00266d80       sf_debug_ss_data_create_name_value_pair 0000000180267d80 f   sfc_debug:sfdb_symbol_scope.obj
 0001:00266e20       sf_debug_ss_data_get_whos_info 0000000180267e20 f   sfc_debug:sfdb_symbol_scope.obj
 0001:00266e30       same_named_data_in_data_array 0000000180267e30 f   sfc_debug:sfdb_symbol_scope.obj
 0001:002686a0       sf_debug_cc_terminate_chart 00000001802696a0 f   sfc_debug:sfdb_coverage.obj
 0001:00268a40       sf_debug_cc_terminate_instance 0000000180269a40 f   sfc_debug:sfdb_coverage.obj
 0001:00269630       sf_debug_cc_mark_object_if_needed 000000018026a630 f   sfc_debug:sfdb_coverage.obj
 0001:00269f30       sf_debug_bm_initialize_eml 000000018026af30 f   sfc_debug:sfdb_breakpoints.obj
 0001:0026b0a0       sf_debug_bm_map_debug_tag_to_breakpoint_tag 000000018026c0a0 f   sfc_debug:sfdb_breakpoints.obj
 0001:0026b180       sf_debug_bm_is_a_eml_breakpoint_impl 000000018026c180 f   sfc_debug:sfdb_breakpoints.obj
 0001:0026cc00       sf_debug_sc_push_on_error_stack 000000018026dc00 f   sfc_debug:sfdb_state_consistency.obj
 0001:0026cd30       sf_debug_sc_reset_error_stack 000000018026dd30 f   sfc_debug:sfdb_state_consistency.obj
 0001:0026cec0       sf_debug_sc_is_state_inconsistent 000000018026dec0 f   sfc_debug:sfdb_state_consistency.obj
 0001:0026d1c0       sf_debug_sc_fill_consistency_info 000000018026e1c0 f   sfc_debug:sfdb_state_consistency.obj
 0001:0026d7a0       void_assertion_fcn         000000018026e7a0 f   sfc_debug:sfdb_call_stack.obj
 0001:0026dd20       sf_debug_tm_fill_local_trace 000000018026ed20 f   sfc_debug:sfdb_call_stack.obj
 0001:0026e2f0       sf_debug_cd_terminate_instance 000000018026f2f0 f   sfc_debug:sfdb_cycle_detection.obj
 0001:0026e350       sf_debug_cd_free_checksum_stack 000000018026f350 f   sfc_debug:sfdb_cycle_detection.obj
 0001:0026e3a0       sf_debug_cd_reset_pack_strings 000000018026f3a0 f   sfc_debug:sfdb_cycle_detection.obj
 0001:0026ea60       md5file_clear              000000018026fa60 f   sfc_debug:ckmd5.obj
 0001:0026ea90       Encode                     000000018026fa90 f   sfc_debug:ckmd5.obj
 0001:0026eae0       Decode                     000000018026fae0 f   sfc_debug:ckmd5.obj
 0001:0026eb80       MD5Transform               000000018026fb80 f   sfc_debug:ckmd5.obj
 0001:0026f3d0       md5file_addn               00000001802703d0 f   sfc_debug:ckmd5.obj
 0001:0026f4a0       md5file_hash               00000001802704a0 f   sfc_debug:ckmd5.obj
 0001:0026f9e4       pre_c_init                 00000001802709e4 f   MSVCRT:crtdll.obj
 0001:0026fca0       __DllMainCRTStartup        0000000180270ca0 f   MSVCRT:crtdll.obj
 0001:00270340       __DllMainCRTStartup$filt$0 0000000180271340 f   MSVCRT:crtdll.obj
 0001:00270370       __DllMainCRTStartup$fin$1  0000000180271370 f   MSVCRT:crtdll.obj
 0001:0027038a       _onexit$fin$0              000000018027138a f   MSVCRT:atonexit.obj
 0001:002703b0       _IsNonwritableInCurrentImage$filt$0 00000001802713b0 f   MSVCRT:pesect.obj
