 TmpTest_sfun

 Timestamp is 536b367b (Thu May 08 15:47:07 2014)

 Preferred load address is 0000000180000000

 Start         Length     Name                   Class
 0001:00000000 000662ecH .text                   CODE
 0001:000662f0 0000005eH .text$00                CODE
 0001:00066350 00000091H .text$x                 CODE
 0002:00000000 000004a8H .idata$5                DATA
 0002:000004a8 00000008H .CRT$XCA                DATA
 0002:000004b0 00000008H .CRT$XCZ                DATA
 0002:000004b8 00000008H .CRT$XIA                DATA
 0002:000004c0 00000008H .CRT$XIAA               DATA
 0002:000004c8 00000008H .CRT$XIZ                DATA
 0002:000004d0 0000494cH .rdata                  DATA
 0002:00004e20 00000008H .rtc$IAA                DATA
 0002:00004e28 00000008H .rtc$IZZ                DATA
 0002:00004e30 00000008H .rtc$TAA                DATA
 0002:00004e38 00000008H .rtc$TZZ                DATA
 0002:00004e40 000045b4H .xdata                  DATA
 0002:000093f4 000000b4H .idata$2                DATA
 0002:000094a8 00000014H .idata$3                DATA
 0002:000094c0 000004a8H .idata$4                DATA
 0002:00009968 00000a56H .idata$6                DATA
 0002:0000a3c0 00000052H .edata                  DATA
 0003:00000000 00006a38H .data                   DATA
 0003:00006a40 00002738H .bss                    DATA
 0004:00000000 00003474H .pdata                  DATA

  Address         Publics by Value              Rva+Base               Lib:Object

 0000:00000000       ___safe_se_handler_table   0000000000000000     <absolute>
 0000:00000000       ___safe_se_handler_count   0000000000000000     <absolute>
 0000:00000000       __ImageBase                0000000180000000     <linker-defined>
 0001:00000000       sf_c3_TmpTest_get_eml_resolved_functions_info 0000000180001000 f   c3_TmpTest.obj
 0001:00003a60       sf_c3_TmpTest_get_check_sum 0000000180004a60 f   c3_TmpTest.obj
 0001:00003ae0       sf_c3_TmpTest_get_autoinheritance_info 0000000180004ae0 f   c3_TmpTest.obj
 0001:00004880       c3_TmpTest_method_dispatcher 0000000180005880 f   c3_TmpTest.obj
 0001:00031a20       sf_process_check_sum_call  0000000180032a20 f   TmpTest_sfun_registry.obj
 0001:00031a70       sf_process_autoinheritance_call 0000000180032a70 f   TmpTest_sfun_registry.obj
 0001:00031ac0       sf_process_get_eml_resolved_functions_info_call 0000000180032ac0 f   TmpTest_sfun_registry.obj
 0001:00031c40       sf_mex_unlock_call         0000000180032c40 f   TmpTest_sfun_registry.obj
 0001:00031cf0       sf_machine_global_initializer_called 0000000180032cf0 f   TmpTest_sfun_registry.obj
 0001:00031d20       sf_machine_global_method_dispatcher 0000000180032d20 f   TmpTest_sfun_registry.obj
 0001:00031d80       sf_machine_global_terminator 0000000180032d80 f   TmpTest_sfun_registry.obj
 0001:00031dc0       sf_register_machine_exported_symbols 0000000180032dc0 f   TmpTest_sfun_registry.obj
 0001:00031de0       callCustomFcn              0000000180032de0 f   TmpTest_sfun_registry.obj
 0001:00031df0       sf_machine_global_initializer 0000000180032df0 f   TmpTest_sfun_registry.obj
 0001:00031e60       _ssSetInputPortMatrixDimensions 0000000180032e60 f   TmpTest_sfun_registry.obj
 0001:00031f70       _ssSetOutputPortMatrixDimensions 0000000180032f70 f   TmpTest_sfun_registry.obj
 0001:00032080       _ssSetInputPortVectorDimension 0000000180033080 f   TmpTest_sfun_registry.obj
 0001:00032140       _ssSetOutputPortVectorDimension 0000000180033140 f   TmpTest_sfun_registry.obj
 0001:00032200       ssIsRunTimeParamTunable    0000000180033200 f   TmpTest_sfun_registry.obj
 0001:00032270       ssGetSFuncBlockHandle      0000000180033270 f   TmpTest_sfun_registry.obj
 0001:000322e0       _ssGetCurrentInputPortWidth 00000001800332e0 f   TmpTest_sfun_registry.obj
 0001:00032400       _ssGetCurrentOutputPortWidth 0000000180033400 f   TmpTest_sfun_registry.obj
 0001:00032520       _ssGetCallSystemNumFcnCallDestinations 0000000180033520 f   TmpTest_sfun_registry.obj
 0001:00032590       ssWarning                  0000000180033590 f   TmpTest_sfun_registry.obj
 0001:00032670       ssGetIsZeroCrossControlDisabled 0000000180033670 f   TmpTest_sfun_registry.obj
 0001:000326e0       ssSetIsInputPortUsedForContZcSignal 00000001800336e0 f   TmpTest_sfun_registry.obj
 0001:00032750       ssSetZcSignalIsZcElementDisc 0000000180033750 f   TmpTest_sfun_registry.obj
 0001:000327e0       ssSetZcSignalName          00000001800337e0 f   TmpTest_sfun_registry.obj
 0001:00032850       ssSetZcSignalWidth         0000000180033850 f   TmpTest_sfun_registry.obj
 0001:000328c0       ssSetZcSignalZcEventType   00000001800338c0 f   TmpTest_sfun_registry.obj
 0001:00032930       ssSetZcSignalType          0000000180033930 f   TmpTest_sfun_registry.obj
 0001:000329a0       ssSetZcSignalZcTol         00000001800339a0 f   TmpTest_sfun_registry.obj
 0001:00032a10       ssSetZcSignalNeedsEventNotification 0000000180033a10 f   TmpTest_sfun_registry.obj
 0001:00032a80       ssCreateAndAddZcSignalInfo 0000000180033a80 f   TmpTest_sfun_registry.obj
 0001:00032af0       ssCloneAndAddZcSignalInfo  0000000180033af0 f   TmpTest_sfun_registry.obj
 0001:00032b60       ssGetNumZcSignals          0000000180033b60 f   TmpTest_sfun_registry.obj
 0001:00032bd0       ssGetZcSignalVector        0000000180033bd0 f   TmpTest_sfun_registry.obj
 0001:00032c40       ssGetZcSignalZcEvents      0000000180033c40 f   TmpTest_sfun_registry.obj
 0001:00032cb0       ssGetZcSignalName          0000000180033cb0 f   TmpTest_sfun_registry.obj
 0001:00032d20       ssGetZcSignalWidth         0000000180033d20 f   TmpTest_sfun_registry.obj
 0001:00032d90       ssGetZcSignalZcEventType   0000000180033d90 f   TmpTest_sfun_registry.obj
 0001:00032e00       ssGetZcSignalType          0000000180033e00 f   TmpTest_sfun_registry.obj
 0001:00032e70       ssGetZcSignalZcTol         0000000180033e70 f   TmpTest_sfun_registry.obj
 0001:00032ef0       ssGetZcSignalNeedsEventNotification 0000000180033ef0 f   TmpTest_sfun_registry.obj
 0001:00032f60       ssGetZcSignalIsZcElementDisc 0000000180033f60 f   TmpTest_sfun_registry.obj
 0001:00032fe0       ssGetIsInputPortElementContinuous 0000000180033fe0 f   TmpTest_sfun_registry.obj
 0001:00033060       _ssGetInputPortSignalPtrsFcn 0000000180034060 f   TmpTest_sfun_registry.obj
 0001:000332d0       _ssGetInputPortSignalFcn   00000001800342d0 f   TmpTest_sfun_registry.obj
 0001:000334a0       _ssSetInputPortDirectFeedThroughFcn 00000001800344a0 f   TmpTest_sfun_registry.obj
 0001:000335f0       _ssSetInputPortReusableFcn 00000001800345f0 f   TmpTest_sfun_registry.obj
 0001:000336e0       _ssSetOutputPortReusableFcn 00000001800346e0 f   TmpTest_sfun_registry.obj
 0001:000337c0       ssGetDTypeIdFromMxArray    00000001800347c0 f   TmpTest_sfun_registry.obj
 0001:000338e0       ssWriteRTWStr              00000001800348e0 f   TmpTest_sfun_registry.obj
 0001:00033940       ssWriteRTWMxVectParam      0000000180034940 f   TmpTest_sfun_registry.obj
 0001:000339a0       ssWriteRTWMx2dMatParam     00000001800349a0 f   TmpTest_sfun_registry.obj
 0001:00033a20       ssWriteRTWNameValuePair    0000000180034a20 f   TmpTest_sfun_registry.obj
 0001:00033f00       ssWriteRTWParameters       0000000180034f00 f   TmpTest_sfun_registry.obj
 0001:00034500       ssWriteRTWParamSettings    0000000180035500 f   TmpTest_sfun_registry.obj
 0001:00034bd0       ssWriteRTWWorkVect         0000000180035bd0 f   TmpTest_sfun_registry.obj
 0001:000350d0       mexFunction                00000001800360d0 f   TmpTest_sfun_registry.obj
 0001:00036d60       ProcessMexSfunctionEveryCall 0000000180037d60 f   TmpTest_sfun_registry.obj
 0001:00036ed0       TmpTest_initializer        0000000180037ed0 f   TmpTest_sfun.obj
 0001:00036ef0       TmpTest_terminator         0000000180037ef0 f   TmpTest_sfun.obj
 0001:00036f00       sf_TmpTest_method_dispatcher 0000000180037f00 f   TmpTest_sfun.obj
 0001:00036f50       sf_TmpTest_process_check_sum_call 0000000180037f50 f   TmpTest_sfun.obj
 0001:00037360       sf_TmpTest_autoinheritance_info 0000000180038360 f   TmpTest_sfun.obj
 0001:00037460       sf_TmpTest_get_eml_resolved_functions_info 0000000180038460 f   TmpTest_sfun.obj
 0001:00037590       TmpTest_debug_initialize   0000000180038590 f   TmpTest_sfun.obj
 0001:00037600       TmpTest_register_exported_symbols 0000000180038600 f   TmpTest_sfun.obj
 0001:000376b0       sf_mex_mx_is_numeric       00000001800386b0 f   sfc_mex:sfc_mex.obj
 0001:000376f0       strcmp_ignore_ws           00000001800386f0 f   sfc_mex:sfc_mex.obj
 0001:00037830       sf_mex_duplicatearraysafe  0000000180038830 f   sfc_mex:sfc_mex.obj
 0001:00037990       sf_set_error_debugger_context_message_fcn 0000000180038990 f   sfc_mex:sfc_mex.obj
 0001:000379a0       sf_set_debugger_matlab_error_fcn 00000001800389a0 f   sfc_mex:sfc_mex.obj
 0001:000379d0       sf_set_error_prefix_string 00000001800389d0 f   sfc_mex:sfc_mex.obj
 0001:00037a00       sf_get_error_prefix_string 0000000180038a00 f   sfc_mex:sfc_mex.obj
 0001:00037a10       sf_get_current_jmp_buf_ptr 0000000180038a10 f   sfc_mex:sfc_mex.obj
 0001:00037a20       sf_set_current_jmp_buf_ptr 0000000180038a20 f   sfc_mex:sfc_mex.obj
 0001:00037a30       sf_mex_set_halt_simulation 0000000180038a30 f   sfc_mex:sfc_mex.obj
 0001:00037a40       sf_mex_get_halt_simulation 0000000180038a40 f   sfc_mex:sfc_mex.obj
 0001:00037a50       sf_mex_clear_error_message 0000000180038a50 f   sfc_mex:sfc_mex.obj
 0001:00037a70       sf_mex_get_error_message_for_read 0000000180038a70 f   sfc_mex:sfc_mex.obj
 0001:00037a80       sf_mex_get_error_message_buffer_length 0000000180038a80 f   sfc_mex:sfc_mex.obj
 0001:00037b70       sf_mex_warning_message     0000000180038b70 f   sfc_mex:sfc_mex.obj
 0001:00037be0       sf_mex_v_errbuf_createf    0000000180038be0 f   sfc_mex:sfc_mex.obj
 0001:00037bf0       sf_mex_errbuf_createf      0000000180038bf0 f   sfc_mex:sfc_mex.obj
 0001:00037c20       sf_mex_v_errbuf_catf       0000000180038c20 f   sfc_mex:sfc_mex.obj
 0001:00037c60       sf_mex_errbuf_catf         0000000180038c60 f   sfc_mex:sfc_mex.obj
 0001:00037cb0       sf_mex_errbuf_copy         0000000180038cb0 f   sfc_mex:sfc_mex.obj
 0001:00037cc0       sf_mex_errbuf_clear        0000000180038cc0 f   sfc_mex:sfc_mex.obj
 0001:00037cd0       sf_mex_errbuf_isempty      0000000180038cd0 f   sfc_mex:sfc_mex.obj
 0001:00037de0       sf_mex_set_error_status    0000000180038de0 f   sfc_mex:sfc_mex.obj
 0001:00037e30       sf_mex_error_direct_call   0000000180038e30 f   sfc_mex:sfc_mex.obj
 0001:00037e50       sf_mex_long_jump_on_error  0000000180038e50 f   sfc_mex:sfc_mex.obj
 0001:00037e80       sf_mex_call_matlab         0000000180038e80 f   sfc_mex:sfc_mex.obj
 0001:00037fa0       sf_mex_check_builtin       0000000180038fa0 f   sfc_mex:sfc_mex.obj
 0001:00037fe0       sf_mex_check_builtin_vs    0000000180038fe0 f   sfc_mex:sfc_mex.obj
 0001:00038040       sf_mex_check_enum          0000000180039040 f   sfc_mex:sfc_mex.obj
 0001:00038070       sf_mex_create_enum         0000000180039070 f   sfc_mex:sfc_mex.obj
 0001:00038090       sf_mex_get_enum_element    0000000180039090 f   sfc_mex:sfc_mex.obj
 0001:000380a0       sf_mex_createcellarray     00000001800390a0 f   sfc_mex:sfc_mex.obj
 0001:000380b0       sf_mex_setcell             00000001800390b0 f   sfc_mex:sfc_mex.obj
 0001:000380c0       sf_mex_getcell             00000001800390c0 f   sfc_mex:sfc_mex.obj
 0001:000380d0       sf_mex_dup                 00000001800390d0 f   sfc_mex:sfc_mex.obj
 0001:000380f0       sf_mex_assign              00000001800390f0 f   sfc_mex:sfc_mex.obj
 0001:00038150       sf_mex_destroy             0000000180039150 f   sfc_mex:sfc_mex.obj
 0001:00038180       mx_array_has_fi_type       0000000180039180 f   sfc_mex:sfc_mex.obj
 0001:000381b0       sf_mex_convert_from_fi     00000001800391b0 f   sfc_mex:sfc_mex.obj
 0001:00038310       sf_mex_convert_to_double   0000000180039310 f   sfc_mex:sfc_mex.obj
 0001:00038430       sf_mex_import_fi_vs        0000000180039430 f   sfc_mex:sfc_mex.obj
 0001:00038660       sf_matrix_matrix_index_ok  0000000180039660 f   sfc_mex:sfc_mex.obj
 0001:000386f0       sf_vector_vector_index_ok  00000001800396f0 f   sfc_mex:sfc_mex.obj
 0001:00038720       ssGetCurrentInputPortDimensions_wrapper 0000000180039720 f   sfc_mex:sfc_mex.obj
 0001:00038740       ssGetCurrentOutputPortDimensions_wrapper 0000000180039740 f   sfc_mex:sfc_mex.obj
 0001:00038760       sf_mex_emlrt_context_is_debug_mode 0000000180039760 f   sfc_mex:sfc_mex.obj
 0001:00038770       sf_mex_emlrt_context_set_debug_mode 0000000180039770 f   sfc_mex:sfc_mex.obj
 0001:00038780       sf_clear_error_manager_info 0000000180039780 f   sfc_mex:sfc_mex.obj
 0001:000387d0       sf_mex_stop_simulation_abruptly_wo_error 00000001800397d0 f   sfc_mex:sfc_mex.obj
 0001:00038810       sf_mex_error_message       0000000180039810 f   sfc_mex:sfc_mex.obj
 0001:00038870       sf_react_to_error_in_matlab_call 0000000180039870 f   sfc_mex:sfc_mex.obj
 0001:000388a0       sf_mex_addfield            00000001800398a0 f   sfc_mex:sfc_mex.obj
 0001:00038940       sf_mex_getfield            0000000180039940 f   sfc_mex:sfc_mex.obj
 0001:00038bf0       sf_mex_check_class         0000000180039bf0 f   sfc_mex:sfc_mex.obj
 0001:00038c80       sf_mex_is_real             0000000180039c80 f   sfc_mex:sfc_mex.obj
 0001:00038da0       sf_mex_check_complex       0000000180039da0 f   sfc_mex:sfc_mex.obj
 0001:00038e00       sf_mex_check_sparse        0000000180039e00 f   sfc_mex:sfc_mex.obj
 0001:00038e70       sf_mex_check_numerictype   0000000180039e70 f   sfc_mex:sfc_mex.obj
 0001:000390d0       sf_mex_check_fimath        000000018003a0d0 f   sfc_mex:sfc_mex.obj
 0001:00039330       sf_mex_decode_encoded_mx_struct_array 000000018003a330 f   sfc_mex:sfc_mex.obj
 0001:00039600       sf_mex_lw_bounds_check     000000018003a600 f   sfc_mex:sfc_mex.obj
 0001:00039630       sf_mex_lw_size_eq_check_1d 000000018003a630 f   sfc_mex:sfc_mex.obj
 0001:00039650       sf_mex_lw_size_eq_check_nd 000000018003a650 f   sfc_mex:sfc_mex.obj
 0001:00039840       sf_mex_lw_dim_size_eq_check 000000018003a840 f   sfc_mex:sfc_mex.obj
 0001:00039870       sf_mex_lw_dim_size_geq_check 000000018003a870 f   sfc_mex:sfc_mex.obj
 0001:000398a0       sf_mex_lw_sub_assign_size_check_nd 000000018003a8a0 f   sfc_mex:sfc_mex.obj
 0001:00039ae0       sf_mex_lw_matrix_matrix_index_check 000000018003aae0 f   sfc_mex:sfc_mex.obj
 0001:00039b70       sf_mex_lw_vector_vector_index_check 000000018003ab70 f   sfc_mex:sfc_mex.obj
 0001:00039bb0       sf_mex_lw_non_negative_check 000000018003abb0 f   sfc_mex:sfc_mex.obj
 0001:00039bf0       sf_mex_overflow_error      000000018003abf0 f   sfc_mex:sfc_mex.obj
 0001:00039c00       sf_mex_dividebyzero_error  000000018003ac00 f   sfc_mex:sfc_mex.obj
 0001:00039c10       sf_mex_unsafe_enum_error   000000018003ac10 f   sfc_mex:sfc_mex.obj
 0001:00039c20       sf_emlrtErrHandler         000000018003ac20 f   sfc_mex:sfc_mex.obj
 0001:00039c50       sf_mex_printf              000000018003ac50 f   sfc_mex:sfc_mex.obj
 0001:00039e80       sf_mex_check_size          000000018003ae80 f   sfc_mex:sfc_mex.obj
 0001:0003a180       sf_mex_check_struct        000000018003b180 f   sfc_mex:sfc_mex.obj
 0001:0003a340       sf_mex_check_struct_vs     000000018003b340 f   sfc_mex:sfc_mex.obj
 0001:0003a3d0       sf_mex_check_fi            000000018003b3d0 f   sfc_mex:sfc_mex.obj
 0001:0003a630       sf_mex_check_fi_vs         000000018003b630 f   sfc_mex:sfc_mex.obj
 0001:0003a6d0       sf_echo_expression         000000018003b6d0 f   sfc_mex:sfc_mex.obj
 0001:0003a730       sf_assertion_failed        000000018003b730 f   sfc_mex:sfc_mex.obj
 0001:0003a900       sf_mex_evalin              000000018003b900 f   sfc_mex:sfc_mex.obj
 0001:0003ac20       sf_mex_export              000000018003bc20 f   sfc_mex:sfc_mex.obj
 0001:0003acc0       sf_mex_get_ml_var_no_error 000000018003bcc0 f   sfc_mex:sfc_mex.obj
 0001:0003af40       sf_mex_get_ml_var          000000018003bf40 f   sfc_mex:sfc_mex.obj
 0001:0003b2c0       ml_set_element_value_in_array 000000018003c2c0 f   sfc_mex:sfc_mex.obj
 0001:0003c750       sf_mex_call_impl           000000018003d750 f   sfc_mex:sfc_mex.obj
 0001:0003cd10       sf_mex_call_debug          000000018003dd10 f   sfc_mex:sfc_mex.obj
 0001:0003cd40       sf_mex_call                000000018003dd40 f   sfc_mex:sfc_mex.obj
 0001:0003d350       sf_mex_createstruct        000000018003e350 f   sfc_mex:sfc_mex.obj
 0001:0003d440       sf_mex_createstructarray   000000018003e440 f   sfc_mex:sfc_mex.obj
 0001:0003d4c0       sf_mex_get_mx_datatype_from_sf_datatype 000000018003e4c0 f   sfc_mex:sfc_mex.obj
 0001:0003d7d0       sf_mex_ml_var_sub          000000018003e7d0 f   sfc_mex:sfc_mex.obj
 0001:0003d9a0       sf_mex_ml_var_subsasgn     000000018003e9a0 f   sfc_mex:sfc_mex.obj
 0001:0003ddb0       sf_mex_sub                 000000018003edb0 f   sfc_mex:sfc_mex.obj
 0001:0003dfd0       sf_mex_subsasgn            000000018003efd0 f   sfc_mex:sfc_mex.obj
 0001:0003eb80       sf_mex_create              000000018003fb80 f   sfc_mex:sfc_mex.obj
 0001:0003fa00       sf_mex_import              0000000180040a00 f   sfc_mex:sfc_mex.obj
 0001:0003fb10       sf_mex_import_vs           0000000180040b10 f   sfc_mex:sfc_mex.obj
 0001:0003fc20       sf_mex_lower_fixpt_mx_array 0000000180040c20 f   sfc_mex:sfc_mex.obj
 0001:00040260       sim_mode_is_rtw_gen        0000000180041260 f   sfc_mex:sfc_sf.obj
 0001:00040290       sim_mode_is_external       0000000180041290 f   sfc_mex:sfc_sf.obj
 0001:000402a0       mdlInitializeSizes         00000001800412a0 f   sfc_mex:sfc_sf.obj
 0001:000402c0       mdlInitializeSampleTimes   00000001800412c0 f   sfc_mex:sfc_sf.obj
 0001:00040300       mdlZeroCrossings           0000000180041300 f   sfc_mex:sfc_sf.obj
 0001:000403e0       mdlDerivatives             00000001800413e0 f   sfc_mex:sfc_sf.obj
 0001:00040490       mdl_initialize_conditions_processing 0000000180041490 f   sfc_mex:sfc_sf.obj
 0001:000404c0       mdlInitializeConditions    00000001800414c0 f   sfc_mex:sfc_sf.obj
 0001:00040580       mdlGetSimState             0000000180041580 f   sfc_mex:sfc_sf.obj
 0001:00040590       mdlSetSimState             0000000180041590 f   sfc_mex:sfc_sf.obj
 0001:000405a0       mdl_ext_mode_exec_processing 00000001800415a0 f   sfc_mex:sfc_sf.obj
 0001:000405c0       mdlExtModeExec             00000001800415c0 f   sfc_mex:sfc_sf.obj
 0001:00040820       mdlTerminate               0000000180041820 f   sfc_mex:sfc_sf.obj
 0001:00040890       mdlRTW                     0000000180041890 f   sfc_mex:sfc_sf.obj
 0001:000408c0       mdlSetWorkWidths           00000001800418c0 f   sfc_mex:sfc_sf.obj
 0001:000408d0       mdlProcessParameters       00000001800418d0 f   sfc_mex:sfc_sf.obj
 0001:000408e0       mdl_start_processing       00000001800418e0 f   sfc_mex:sfc_sf.obj
 0001:00040920       mdlStart                   0000000180041920 f   sfc_mex:sfc_sf.obj
 0001:00040a10       mdlEnable                  0000000180041a10 f   sfc_mex:sfc_sf.obj
 0001:00040ae0       mdlDisable                 0000000180041ae0 f   sfc_mex:sfc_sf.obj
 0001:00040b90       sf_get_chart_instance_ptr  0000000180041b90 f   sfc_mex:sfc_sf.obj
 0001:00040bb0       sf_rtw_info_uint_prop      0000000180041bb0 f   sfc_mex:sfc_sf.obj
 0001:00040d90       sf_is_chart_inlinable      0000000180041d90 f   sfc_mex:sfc_sf.obj
 0001:00040db0       sf_mark_output_events_with_multiple_callers 0000000180041db0 f   sfc_mex:sfc_sf.obj
 0001:00040fd0       sf_mark_chart_reusable_outputs 0000000180041fd0 f   sfc_mex:sfc_sf.obj
 0001:000412b0       sf_mark_chart_expressionable_inputs 00000001800422b0 f   sfc_mex:sfc_sf.obj
 0001:00041680       sf_get_subchart_simstruct  0000000180042680 f   sfc_mex:sfc_sf.obj
 0001:000416d0       sf_write_symbol_mapping    00000001800426d0 f   sfc_mex:sfc_sf.obj
 0001:00041980       sf_get_fixpt_data_type_id  0000000180042980 f   sfc_mex:sfc_sf.obj
 0001:000419c0       sf_get_enum_data_type_id   00000001800429c0 f   sfc_mex:sfc_sf.obj
 0001:00041a00       sf_get_param_data_type_id  0000000180042a00 f   sfc_mex:sfc_sf.obj
 0001:00041a30       sf_mex_listen_for_ctrl_c_force 0000000180042a30 f   sfc_mex:sfc_sf.obj
 0001:00041b40       sf_mex_draw_now            0000000180042b40 f   sfc_mex:sfc_sf.obj
 0001:00041b80       sf_mex_set_debugger_sim_status_listener_fcn 0000000180042b80 f   sfc_mex:sfc_sf.obj
 0001:00041b90       sf_mex_listen_for_ctrl_c   0000000180042b90 f   sfc_mex:sfc_sf.obj
 0001:00041c20       sf_mex_get_sfun_param      0000000180042c20 f   sfc_mex:sfc_sf.obj
 0001:00041c70       sf_get_runtime_param_data  0000000180042c70 f   sfc_mex:sfc_sf.obj
 0001:00041cb0       sf_call_output_fcn_call    0000000180042cb0 f   sfc_mex:sfc_sf.obj
 0001:00041df0       sf_call_output_fcn_enable  0000000180042df0 f   sfc_mex:sfc_sf.obj
 0001:00041e80       sf_call_output_fcn_disable 0000000180042e80 f   sfc_mex:sfc_sf.obj
 0001:00041f10       sf_clear_rtw_identifier    0000000180042f10 f   sfc_mex:sfc_sf.obj
 0001:000426e0       sf_set_encoded_dwork_info  00000001800436e0 f   sfc_mex:sfc_sf.obj
 0001:00042980       sf_set_rtw_dwork_info      0000000180043980 f   sfc_mex:sfc_sf.obj
 0001:00042c50       mdlOutputs                 0000000180043c50 f   sfc_mex:sfc_sf.obj
 0001:00042d90       sf_debug_disp              0000000180043d90 f   sfc_debug:sfcdebug.obj
 0001:00043060       sf_debug_data_runtime_size_mismatch_error_check 0000000180044060 f   sfc_debug:sfcdebug.obj
 0001:00043100       sf_debug_try_loading_machine 0000000180044100 f   sfc_debug:sfcdebug.obj
 0001:00043200       sf_debug_reset_current_state_configuration 0000000180044200 f   sfc_debug:sfcdebug.obj
 0001:00043290       sf_debug_store_current_state_configuration 0000000180044290 f   sfc_debug:sfcdebug.obj
 0001:00043320       sf_debug_restore_previous_state_configuration 0000000180044320 f   sfc_debug:sfcdebug.obj
 0001:000433b0       sf_debug_restore_previous_state_configuration2 00000001800443b0 f   sfc_debug:sfcdebug.obj
 0001:00043440       sf_debug_get_event_scope   0000000180044440 f   sfc_debug:sfcdebug.obj
 0001:000435b0       use_debugger_step_animation 00000001800445b0 f   sfc_debug:sfcdebug.obj
 0001:000435d0       sf_debug_get_script_id     00000001800445d0 f   sfc_debug:sfcdebug.obj
 0001:00043660       sf_debug_set_script_translation 0000000180044660 f   sfc_debug:sfcdebug.obj
 0001:00043720       sf_debug_get_current_machine_id 0000000180044720 f   sfc_debug:sfcdebug.obj
 0001:00043740       sf_debug_get_current_optional_integer 0000000180044740 f   sfc_debug:sfcdebug.obj
 0001:00043750       sf_debug_get_current_machine_number 0000000180044750 f   sfc_debug:sfcdebug.obj
 0001:00043770       sf_debug_get_current_machine_name 0000000180044770 f   sfc_debug:sfcdebug.obj
 0001:00043790       sf_debug_get_current_chart_id 0000000180044790 f   sfc_debug:sfcdebug.obj
 0001:000437e0       sf_debug_get_current_chart_number 00000001800447e0 f   sfc_debug:sfcdebug.obj
 0001:000437f0       sf_debug_get_current_instance_number 00000001800447f0 f   sfc_debug:sfcdebug.obj
 0001:00043800       sf_debug_get_current_is_minor_time_step 0000000180044800 f   sfc_debug:sfcdebug.obj
 0001:00043880       sf_debug_get_current_object_type 0000000180044880 f   sfc_debug:sfcdebug.obj
 0001:00043890       sf_debug_get_current_instance_handle 0000000180044890 f   sfc_debug:sfcdebug.obj
 0001:000438f0       sf_debug_get_current_event_type 00000001800448f0 f   sfc_debug:sfcdebug.obj
 0001:00043900       sf_debug_get_current_object_id 0000000180044900 f   sfc_debug:sfcdebug.obj
 0001:00043940       sf_debug_get_current_active_event_type 0000000180044940 f   sfc_debug:sfcdebug.obj
 0001:00043950       sf_debug_get_current_active_event_id 0000000180044950 f   sfc_debug:sfcdebug.obj
 0001:00043990       sf_debug_get_current_tag_type 0000000180044990 f   sfc_debug:sfcdebug.obj
 0001:000439a0       sf_debug_get_current_simulation_time 00000001800449a0 f   sfc_debug:sfcdebug.obj
 0001:000439b0       sf_debug_get_current_coverage_percentage 00000001800449b0 f   sfc_debug:sfcdebug.obj
 0001:000439c0       sf_debug_current_statement_context 00000001800449c0 f   sfc_debug:sfcdebug.obj
 0001:00043a50       sf_debug_get_current_statement_info 0000000180044a50 f   sfc_debug:sfcdebug.obj
 0001:00043bd0       sf_debug_terminate_instance 0000000180044bd0 f   sfc_debug:sfcdebug.obj
 0001:00043ef0       sf_debug_assertion_failed  0000000180044ef0 f   sfc_debug:sfcdebug.obj
 0001:000440a0       sf_debug_set_number_of_data_with_change_event_for_machine 00000001800450a0 f   sfc_debug:sfcdebug.obj
 0001:000440e0       sf_debug_set_machine_event_thresholds 00000001800450e0 f   sfc_debug:sfcdebug.obj
 0001:00044100       sf_debug_set_machine_event_scope 0000000180045100 f   sfc_debug:sfcdebug.obj
 0001:00044140       sf_debug_set_machine_data_thresholds 0000000180045140 f   sfc_debug:sfcdebug.obj
 0001:00044180       sf_debug_set_machine_data_scope 0000000180045180 f   sfc_debug:sfcdebug.obj
 0001:00044210       sf_debug_set_machine_data_name 0000000180045210 f   sfc_debug:sfcdebug.obj
 0001:000442b0       sf_debug_set_machine_data_size 00000001800452b0 f   sfc_debug:sfcdebug.obj
 0001:000443f0       sf_debug_set_machine_data_type 00000001800453f0 f   sfc_debug:sfcdebug.obj
 0001:00044560       sf_debug_get_chart_data_number 0000000180045560 f   sfc_debug:sfcdebug.obj
 0001:00044580       sf_debug_get_chart_event_number 0000000180045580 f   sfc_debug:sfcdebug.obj
 0001:000445a0       sf_debug_set_chart_state_info 00000001800455a0 f   sfc_debug:sfcdebug.obj
 0001:00044620       sf_debug_set_chart_decomposition 0000000180045620 f   sfc_debug:sfcdebug.obj
 0001:00044690       sf_debug_set_chart_substate_count 0000000180045690 f   sfc_debug:sfcdebug.obj
 0001:00044770       sf_debug_set_chart_substate_index 0000000180045770 f   sfc_debug:sfcdebug.obj
 0001:000447e0       sf_debug_set_chart_state_substate_count 00000001800457e0 f   sfc_debug:sfcdebug.obj
 0001:000448f0       sf_debug_set_chart_state_substate_index 00000001800458f0 f   sfc_debug:sfcdebug.obj
 0001:00044970       sf_debug_set_number_of_data_with_change_event_for_chart 0000000180045970 f   sfc_debug:sfcdebug.obj
 0001:000449f0       sf_debug_set_number_of_states_with_entry_event_for_chart 00000001800459f0 f   sfc_debug:sfcdebug.obj
 0001:00044a60       sf_debug_set_number_of_states_with_exit_event_for_chart 0000000180045a60 f   sfc_debug:sfcdebug.obj
 0001:00044ad0       sf_debug_set_chart_disable_implicit_casting 0000000180045ad0 f   sfc_debug:sfcdebug.obj
 0001:00044b40       sf_debug_set_chart_event_thresholds 0000000180045b40 f   sfc_debug:sfcdebug.obj
 0001:00044bb0       sf_debug_set_chart_data_compiled_props 0000000180045bb0 f   sfc_debug:sfcdebug.obj
 0001:00044ef0       sf_debug_set_chart_data_props 0000000180045ef0 f   sfc_debug:sfcdebug.obj
 0001:00045220       sf_debug_check_fi_license  0000000180046220 f   sfc_debug:sfcdebug.obj
 0001:00045410       sf_debug_symbol_scope_push 0000000180046410 f   sfc_debug:sfcdebug.obj
 0001:000454f0       sf_debug_symbol_scope_push_eml 00000001800464f0 f   sfc_debug:sfcdebug.obj
 0001:000455d0       sf_debug_symbol_scope_pop  00000001800465d0 f   sfc_debug:sfcdebug.obj
 0001:00045610       sf_debug_symbol_scope_add  0000000180046610 f   sfc_debug:sfcdebug.obj
 0001:00045690       sf_debug_symbol_scope_add_eml 0000000180046690 f   sfc_debug:sfcdebug.obj
 0001:000456d0       sf_debug_symbol_scope_add_dyn 00000001800466d0 f   sfc_debug:sfcdebug.obj
 0001:00045780       sf_debug_symbol_scope_add_eml_dyn 0000000180046780 f   sfc_debug:sfcdebug.obj
 0001:000457e0       sf_debug_symbol_switch     00000001800467e0 f   sfc_debug:sfcdebug.obj
 0001:00045800       sf_debug_symbol_scope_add_verbose 0000000180046800 f   sfc_debug:sfcdebug.obj
 0001:000458d0       sf_debug_set_machine_data_value_ptr 00000001800468d0 f   sfc_debug:sfcdebug.obj
 0001:00045910       sf_debug_set_instance_data_value_ptr 0000000180046910 f   sfc_debug:sfcdebug.obj
 0001:000459d0       sf_debug_unset_instance_data_value_ptr 00000001800469d0 f   sfc_debug:sfcdebug.obj
 0001:00045a80       sf_debug_set_chart_event_scope 0000000180046a80 f   sfc_debug:sfcdebug.obj
 0001:00045b00       sf_debug_set_chart_transition_coverage_maps 0000000180046b00 f   sfc_debug:sfcdebug.obj
 0001:00045c10       sf_debug_set_chart_state_coverage_maps 0000000180046c10 f   sfc_debug:sfcdebug.obj
 0001:00045cf0       sf_debug_set_instance_transition_coverage_weights 0000000180046cf0 f   sfc_debug:sfcdebug.obj
 0001:00045d90       sf_debug_set_instance_state_coverage_weights 0000000180046d90 f   sfc_debug:sfcdebug.obj
 0001:00045fe0       sf_debug_unload_machine    0000000180046fe0 f   sfc_debug:sfcdebug.obj
 0001:00046030       sf_debug_load_machine      0000000180047030 f   sfc_debug:sfcdebug.obj
 0001:00046140       sf_debug_set_active_instance_in_data_dictionary 0000000180047140 f   sfc_debug:sfcdebug.obj
 0001:00046320       sf_debug_set_active_instance 0000000180047320 f   sfc_debug:sfcdebug.obj
 0001:00046470       sf_debug_chart_visiblity_change 0000000180047470 f   sfc_debug:sfcdebug.obj
 0001:00046550       sf_debug_select_chart      0000000180047550 f   sfc_debug:sfcdebug.obj
 0001:00046630       sf_debug_set_instance_cv_ids 0000000180047630 f   sfc_debug:sfcdebug.obj
 0001:00046950       sf_debug_select_charts     0000000180047950 f   sfc_debug:sfcdebug.obj
 0001:00046a90       sf_debug_initialized       0000000180047a90 f   sfc_debug:sfcdebug.obj
 0001:00046aa0       sf_debug_is_uninterruptible 0000000180047aa0 f   sfc_debug:sfcdebug.obj
 0001:00046ad0       sf_debug_initialize_debugger_gui 0000000180047ad0 f   sfc_debug:sfcdebug.obj
 0001:00046eb0       sf_debug_resume            0000000180047eb0 f   sfc_debug:sfcdebug.obj
 0001:00046ed0       sf_debug_go                0000000180047ed0 f   sfc_debug:sfcdebug.obj
 0001:00046ee0       sf_debug_break             0000000180047ee0 f   sfc_debug:sfcdebug.obj
 0001:00046ef0       sf_debug_step_over         0000000180047ef0 f   sfc_debug:sfcdebug.obj
 0001:00046f00       sf_debug_step_out          0000000180047f00 f   sfc_debug:sfcdebug.obj
 0001:00046f10       sf_debug_set_disable_all_breakpoints 0000000180047f10 f   sfc_debug:sfcdebug.obj
 0001:00046f20       sf_debug_disable_all_breakpoints_and_go 0000000180047f20 f   sfc_debug:sfcdebug.obj
 0001:00046f30       sf_debug_break_on_chart_entry 0000000180047f30 f   sfc_debug:sfcdebug.obj
 0001:00046f40       sf_debug_break_on_event_broadcast 0000000180047f40 f   sfc_debug:sfcdebug.obj
 0001:00046f50       sf_debug_break_on_state_entry 0000000180047f50 f   sfc_debug:sfcdebug.obj
 0001:00046f60       sf_debug_break_between_times 0000000180047f60 f   sfc_debug:sfcdebug.obj
 0001:00046f80       sf_debug_browse_data       0000000180047f80 f   sfc_debug:sfcdebug.obj
 0001:00046fa0       sf_debug_watch_data        0000000180047fa0 f   sfc_debug:sfcdebug.obj
 0001:00046fc0       sf_debug_whos              0000000180047fc0 f   sfc_debug:sfcdebug.obj
 0001:00046fe0       sf_debug_get_consistency_info 0000000180047fe0 f   sfc_debug:sfcdebug.obj
 0001:00046ff0       sf_debug_browse_trace      0000000180047ff0 f   sfc_debug:sfcdebug.obj
 0001:00047000       sf_debug_set_breakpoints   0000000180048000 f   sfc_debug:sfcdebug.obj
 0001:00047150       sf_debug_set_eml_breakpoints 0000000180048150 f   sfc_debug:sfcdebug.obj
 0001:000472b0       sf_debug_set_script_breakpoints 00000001800482b0 f   sfc_debug:sfcdebug.obj
 0001:00047330       sf_debug_add_script_breakpoints 0000000180048330 f   sfc_debug:sfcdebug.obj
 0001:000473a0       sf_debug_clear_script_breakpoints 00000001800483a0 f   sfc_debug:sfcdebug.obj
 0001:00047410       sf_debug_query_script_breakpoints 0000000180048410 f   sfc_debug:sfcdebug.obj
 0001:000474d0       sf_debug_get_eml_script_id 00000001800484d0 f   sfc_debug:sfcdebug.obj
 0001:00047590       sf_debug_set_watch         0000000180048590 f   sfc_debug:sfcdebug.obj
 0001:000477b0       sf_debug_get_coverage      00000001800487b0 f   sfc_debug:sfcdebug.obj
 0001:000477c0       sf_debug_get_instance_handle 00000001800487c0 f   sfc_debug:sfcdebug.obj
 0001:00047850       sf_debug_get_active_states 0000000180048850 f   sfc_debug:sfcdebug.obj
 0001:00047860       sf_debug_get_animation     0000000180048860 f   sfc_debug:sfcdebug.obj
 0001:00047870       sf_debug_set_animation     0000000180048870 f   sfc_debug:sfcdebug.obj
 0001:00047880       sf_debug_animate           0000000180048880 f   sfc_debug:sfcdebug.obj
 0001:000478b0       sf_debug_cycle_detection_check 00000001800488b0 f   sfc_debug:sfcdebug.obj
 0001:000478c0       sf_debug_data_range_check  00000001800488c0 f   sfc_debug:sfcdebug.obj
 0001:000478d0       sf_debug_transition_conflict_check 00000001800488d0 f   sfc_debug:sfcdebug.obj
 0001:000478e0       sf_debug_state_consistency_check 00000001800488e0 f   sfc_debug:sfcdebug.obj
 0001:000478f0       sf_debug_data_range_check_enabled 00000001800488f0 f   sfc_debug:sfcdebug.obj
 0001:00047910       sf_debug_transition_conflict_check_enabled 0000000180048910 f   sfc_debug:sfcdebug.obj
 0001:00047930       sf_debug_transition_conflict_check_begin 0000000180048930 f   sfc_debug:sfcdebug.obj
 0001:00047950       sf_debug_transition_conflict_check_end 0000000180048950 f   sfc_debug:sfcdebug.obj
 0001:00047970       sf_debug_stop_debugging    0000000180048970 f   sfc_debug:sfcdebug.obj
 0001:000479a0       sf_debug_is_cycle_detected 00000001800489a0 f   sfc_debug:sfcdebug.obj
 0001:000479b0       sf_debug_is_array_bounds_detected 00000001800489b0 f   sfc_debug:sfcdebug.obj
 0001:000479c0       sf_debug_get_state_vectors_data_size 00000001800489c0 f   sfc_debug:sfcdebug.obj
 0001:00047a00       sf_debug_get_state_vectors_data 0000000180048a00 f   sfc_debug:sfcdebug.obj
 0001:00047b10       sf_debug_set_state_vectors_data 0000000180048b10 f   sfc_debug:sfcdebug.obj
 0001:00047df0       sf_debug_get_script_index  0000000180048df0 f   sfc_debug:sfcdebug.obj
 0001:00047f70       sf_debug_add_script        0000000180048f70 f   sfc_debug:sfcdebug.obj
 0001:00048150       cv_eval_point              0000000180049150 f   sfc_debug:sfcdebug.obj
 0001:000482c0       sf_debug_cv_init_state     00000001800492c0 f   sfc_debug:sfcdebug.obj
 0001:000483e0       sf_debug_cv_init_chart     00000001800493e0 f   sfc_debug:sfcdebug.obj
 0001:000484c0       sf_debug_cv_init_trans     00000001800494c0 f   sfc_debug:sfcdebug.obj
 0001:00048630       cv_eml_init_script         0000000180049630 f   sfc_debug:sfcdebug.obj
 0001:00048760       cv_eml_init_fcn            0000000180049760 f   sfc_debug:sfcdebug.obj
 0001:00048860       cv_eml_init_testobjective  0000000180049860 f   sfc_debug:sfcdebug.obj
 0001:00048960       cv_eml_init_if             0000000180049960 f   sfc_debug:sfcdebug.obj
 0001:00048a60       cv_eml_init_for            0000000180049a60 f   sfc_debug:sfcdebug.obj
 0001:00048b50       cv_eml_init_while          0000000180049b50 f   sfc_debug:sfcdebug.obj
 0001:00048c40       cv_eml_init_mcdc           0000000180049c40 f   sfc_debug:sfcdebug.obj
 0001:00048d80       cv_eml_init_switch         0000000180049d80 f   sfc_debug:sfcdebug.obj
 0001:00048ea0       cv_eml_eval                0000000180049ea0 f   sfc_debug:sfcdebug.obj
 0001:00048fa0       sf_debug_bm_is_a_eml_breakpoint 0000000180049fa0 f   sfc_debug:sfcdebug.obj
 0001:00049190       sf_debug_temporal_threshold 000000018004a190 f   sfc_debug:sfcdebug.obj
 0001:00049530       sf_debug_transition_conflict_error 000000018004a530 f   sfc_debug:sfcdebug.obj
 0001:00049890       sf_debug_state_inconsistency_error 000000018004a890 f   sfc_debug:sfcdebug.obj
 0001:000499a0       sf_debug_check_for_state_inconsistency 000000018004a9a0 f   sfc_debug:sfcdebug.obj
 0001:000499d0       sf_debug_cycle_detecton_error 000000018004a9d0 f   sfc_debug:sfcdebug.obj
 0001:0004a170       sf_debug_size_eq_check_1d  000000018004b170 f   sfc_debug:sfcdebug.obj
 0001:0004a190       sf_debug_size_eq_check_nd  000000018004b190 f   sfc_debug:sfcdebug.obj
 0001:0004a380       sf_debug_dim_size_eq_check 000000018004b380 f   sfc_debug:sfcdebug.obj
 0001:0004a3b0       sf_debug_dim_size_geq_check 000000018004b3b0 f   sfc_debug:sfcdebug.obj
 0001:0004a3e0       sf_debug_sub_assign_size_check_nd 000000018004b3e0 f   sfc_debug:sfcdebug.obj
 0001:0004a630       sf_debug_matrix_matrix_index_check 000000018004b630 f   sfc_debug:sfcdebug.obj
 0001:0004a660       sf_debug_vector_vector_index_check 000000018004b660 f   sfc_debug:sfcdebug.obj
 0001:0004a690       sf_debug_data_array_bounds_error_check 000000018004b690 f   sfc_debug:sfcdebug.obj
 0001:0004a7a0       sf_debug_eml_data_array_bounds_error_check 000000018004b7a0 f   sfc_debug:sfcdebug.obj
 0001:0004ac60       sf_debug_integer_check     000000018004bc60 f   sfc_debug:sfcdebug.obj
 0001:0004ad30       sf_debug_not_nan_check     000000018004bd30 f   sfc_debug:sfcdebug.obj
 0001:0004adf0       sf_debug_non_negative_check 000000018004bdf0 f   sfc_debug:sfcdebug.obj
 0001:0004aeb0       sf_debug_overflow_detection 000000018004beb0 f   sfc_debug:sfcdebug.obj
 0001:0004b570       sf_debug_cast_to_real32_T  000000018004c570 f   sfc_debug:sfcdebug.obj
 0001:0004b630       sf_debug_cast_to_int8_T    000000018004c630 f   sfc_debug:sfcdebug.obj
 0001:0004b6f0       sf_debug_cast_to_uint8_T   000000018004c6f0 f   sfc_debug:sfcdebug.obj
 0001:0004b7b0       sf_debug_cast_to_int16_T   000000018004c7b0 f   sfc_debug:sfcdebug.obj
 0001:0004b870       sf_debug_cast_to_uint16_T  000000018004c870 f   sfc_debug:sfcdebug.obj
 0001:0004b930       sf_debug_cast_to_int32_T   000000018004c930 f   sfc_debug:sfcdebug.obj
 0001:0004b9e0       sf_debug_cast_to_uint32_T  000000018004c9e0 f   sfc_debug:sfcdebug.obj
 0001:0004baa0       sf_debug_data_range_error  000000018004caa0 f   sfc_debug:sfcdebug.obj
 0001:0004bf00       sf_debug_data_range_error_wrapper_min_max 000000018004cf00 f   sfc_debug:sfcdebug.obj
 0001:0004bff0       sf_debug_data_range_error_wrapper_min 000000018004cff0 f   sfc_debug:sfcdebug.obj
 0001:0004c0d0       sf_debug_data_range_error_wrapper_max 000000018004d0d0 f   sfc_debug:sfcdebug.obj
 0001:0004c1b0       sf_debug_data_range_wrapper 000000018004d1b0 f   sfc_debug:sfcdebug.obj
 0001:0004c260       sf_debug_set_current_status_info 000000018004d260 f   sfc_debug:sfcdebug.obj
 0001:0004c730       sf_debug_call              000000018004d730 f   sfc_debug:sfcdebug.obj
 0001:0004d5e0       sf_debug_initialize_machine 000000018004e5e0 f   sfc_debug:sfcdebug.obj
 0001:0004da60       sf_debug_initialize_chart  000000018004ea60 f   sfc_debug:sfcdebug.obj
 0001:0004df40       sf_debug_ensure_script     000000018004ef40 f   sfc_debug:sfcdebug.obj
 0001:0004e0b0       cv_script_init_script      000000018004f0b0 f   sfc_debug:sfcdebug.obj
 0001:0004e230       cv_script_init_fcn         000000018004f230 f   sfc_debug:sfcdebug.obj
 0001:0004e380       cv_script_init_testobjective 000000018004f380 f   sfc_debug:sfcdebug.obj
 0001:0004e4d0       cv_script_init_if          000000018004f4d0 f   sfc_debug:sfcdebug.obj
 0001:0004e620       cv_script_init_for         000000018004f620 f   sfc_debug:sfcdebug.obj
 0001:0004e770       cv_script_init_while       000000018004f770 f   sfc_debug:sfcdebug.obj
 0001:0004e8c0       cv_script_init_mcdc        000000018004f8c0 f   sfc_debug:sfcdebug.obj
 0001:0004ea60       cv_script_init_switch      000000018004fa60 f   sfc_debug:sfcdebug.obj
 0001:0004ebd0       cv_script_eval             000000018004fbd0 f   sfc_debug:sfcdebug.obj
 0001:0004ed30       eml_debug_line_call        000000018004fd30 f   sfc_debug:sfcdebug.obj
 0001:0004eee0       sf_debug_terminate         000000018004fee0 f   sfc_debug:sfcdebug.obj
 0001:0004f120       sf_debug_set_script_cv_ids 0000000180050120 f   sfc_debug:sfcdebug.obj
 0001:0004f2f0       sf_debug_api               00000001800502f0 f   sfc_debug:sfc_api.obj
 0001:00050b90       sf_debug_sm_terminate      0000000180051b90 f   sfc_debug:sfdb_animation.obj
 0001:00050d50       sf_debug_reset_path_objects 0000000180051d50 f   sfc_debug:sfdb_animation.obj
 0001:00050dd0       sf_debug_sm_reset_object_selection_status 0000000180051dd0 f   sfc_debug:sfdb_animation.obj
 0001:00050e70       sf_debug_sm_reset_state_buffer 0000000180051e70 f   sfc_debug:sfdb_animation.obj
 0001:00050f50       sf_debug_sm_store_state_buffer 0000000180051f50 f   sfc_debug:sfdb_animation.obj
 0001:00050fd0       sf_debug_sm_restore_state_buffer1 0000000180051fd0 f   sfc_debug:sfdb_animation.obj
 0001:00051040       sf_debug_sm_restore_state_buffer2 0000000180052040 f   sfc_debug:sfdb_animation.obj
 0001:000510b0       sf_debug_sm_chart_active   00000001800520b0 f   sfc_debug:sfdb_animation.obj
 0001:00051100       sf_debug_sm_select_active_objects 0000000180052100 f   sfc_debug:sfdb_animation.obj
 0001:00051590       sf_debug_sm_is_chart_active 0000000180052590 f   sfc_debug:sfdb_animation.obj
 0001:000515d0       sf_debug_sm_is_state_active 00000001800525d0 f   sfc_debug:sfdb_animation.obj
 0001:00051810       sf_debug_sm_get_active_states 0000000180052810 f   sfc_debug:sfdb_animation.obj
 0001:00051dc0       sf_debug_sm_initialize_instance 0000000180052dc0 f   sfc_debug:sfdb_animation.obj
 0001:00052070       sf_debug_sm_change_object_selection_status 0000000180053070 f   sfc_debug:sfdb_animation.obj
 0001:00052360       cv_create_interface        0000000180053360 f   sfc_debug:cv_sfinterface.obj
 0001:000526b0       cv_init_trans              00000001800536b0 f   sfc_debug:cv_sfinterface.obj
 0001:00052700       cv_init_state              0000000180053700 f   sfc_debug:cv_sfinterface.obj
 0001:00052770       cv_init_chart              0000000180053770 f   sfc_debug:cv_sfinterface.obj
 0001:000527c0       cv_dec_update_call         00000001800537c0 f   sfc_debug:cv_sfinterface.obj
 0001:00052800       cv_cond_update_call        0000000180053800 f   sfc_debug:cv_sfinterface.obj
 0001:00052840       cv_sigrange_update         0000000180053840 f   sfc_debug:cv_sfinterface.obj
 0001:00052880       cvsf_eml_eval              0000000180053880 f   sfc_debug:cv_sfinterface.obj
 0001:00052960       cvsf_eml_init_script       0000000180053960 f   sfc_debug:cv_sfinterface.obj
 0001:000529e0       cvsf_eml_init_fcn          00000001800539e0 f   sfc_debug:cv_sfinterface.obj
 0001:00052a40       cvsf_eml_init_testobjective 0000000180053a40 f   sfc_debug:cv_sfinterface.obj
 0001:00052aa0       cvsf_eml_init_if           0000000180053aa0 f   sfc_debug:cv_sfinterface.obj
 0001:00052b00       cvsf_eml_init_for          0000000180053b00 f   sfc_debug:cv_sfinterface.obj
 0001:00052b50       cvsf_eml_init_while        0000000180053b50 f   sfc_debug:cv_sfinterface.obj
 0001:00052ba0       cvsf_eml_init_mcdc         0000000180053ba0 f   sfc_debug:cv_sfinterface.obj
 0001:00052c30       cvsf_eml_init_switch       0000000180053c30 f   sfc_debug:cv_sfinterface.obj
 0001:00052ca0       cvsf_script_eval           0000000180053ca0 f   sfc_debug:cv_sfinterface.obj
 0001:00052d80       cvsf_script_init_script    0000000180053d80 f   sfc_debug:cv_sfinterface.obj
 0001:00052e00       cvsf_script_init_fcn       0000000180053e00 f   sfc_debug:cv_sfinterface.obj
 0001:00052e60       cvsf_script_init_testobjective 0000000180053e60 f   sfc_debug:cv_sfinterface.obj
 0001:00052ec0       cvsf_script_init_if        0000000180053ec0 f   sfc_debug:cv_sfinterface.obj
 0001:00052f20       cvsf_script_init_for       0000000180053f20 f   sfc_debug:cv_sfinterface.obj
 0001:00052f70       cvsf_script_init_while     0000000180053f70 f   sfc_debug:cv_sfinterface.obj
 0001:00052fc0       cvsf_script_init_mcdc      0000000180053fc0 f   sfc_debug:cv_sfinterface.obj
 0001:00053050       cvsf_script_init_switch    0000000180054050 f   sfc_debug:cv_sfinterface.obj
 0001:000530c0       cv_destroy_interface       00000001800540c0 f   sfc_debug:cv_sfinterface.obj
 0001:000530e0       cv_create_instance_objects 00000001800540e0 f   sfc_debug:cv_sfinterface.obj
 0001:00053590       cv_is_enabled              0000000180054590 f   sfc_debug:cv_sfinterface.obj
 0001:000535a0       sf_debug_cv_initialize_script 00000001800545a0 f   sfc_debug:cv_sfinterface.obj
 0001:00053740       sf_debug_cv_initialize_instance 0000000180054740 f   sfc_debug:cv_sfinterface.obj
 0001:00053ad0       sf_debug_cv_terminate_chart 0000000180054ad0 f   sfc_debug:cv_sfinterface.obj
 0001:00053c10       cv_call_trans_test         0000000180054c10 f   sfc_debug:cv_sfinterface.obj
 0001:00053c20       cv_call_sub_cond_test      0000000180054c20 f   sfc_debug:cv_sfinterface.obj
 0001:00053d50       sf_debug_hm_initialize_instance 0000000180054d50 f   sfc_debug:sfdb_handle_management.obj
 0001:00054370       sf_debug_hm_get_object_id  0000000180055370 f   sfc_debug:sfdb_handle_management.obj
 0001:00056280       sf_debug_object_is_eml_function 0000000180057280 f   sfc_debug:sfdb_handle_management.obj
 0001:000562f0       sf_debug_hm_initialize_ids_in_machine 00000001800572f0 f   sfc_debug:sfdb_handle_management.obj
 0001:00056460       sf_debug_hm_initialize_ids_in_chart 0000000180057460 f   sfc_debug:sfdb_handle_management.obj
 0001:000565a0       sf_debug_hm_initialize_chart 00000001800575a0 f   sfc_debug:sfdb_handle_management.obj
 0001:00056e50       sf_debug_hm_terminate      0000000180057e50 f   sfc_debug:sfdb_handle_management.obj
 0001:00056eb0       sf_debug_hm_initialize_machine 0000000180057eb0 f   sfc_debug:sfdb_handle_management.obj
 0001:00057760       sf_debug_st_initialize_machine 0000000180058760 f   sfc_debug:sfdb_data_browse.obj
 0001:00057820       sf_debug_st_initialize_instance 0000000180058820 f   sfc_debug:sfdb_data_browse.obj
 0001:00057c30       sf_debug_st_terminate      0000000180058c30 f   sfc_debug:sfdb_data_browse.obj
 0001:00057fe0       sf_debug_st_set_data_value_ptr_in_machine 0000000180058fe0 f   sfc_debug:sfdb_data_browse.obj
 0001:00058070       sf_debug_st_set_data_value_ptr_in_instance 0000000180059070 f   sfc_debug:sfdb_data_browse.obj
 0001:00058150       sf_debug_st_unset_data_value_ptr_in_machine 0000000180059150 f   sfc_debug:sfdb_data_browse.obj
 0001:000581c0       sf_debug_st_unset_data_value_ptr_in_instance 00000001800591c0 f   sfc_debug:sfdb_data_browse.obj
 0001:00058480       sf_debug_mx_value          0000000180059480 f   sfc_debug:sfdb_data_browse.obj
 0001:000584e0       sf_debug_mx_packed_vector  00000001800594e0 f   sfc_debug:sfdb_data_browse.obj
 0001:000585c0       sf_debug_mx_uint_vector    00000001800595c0 f   sfc_debug:sfdb_data_browse.obj
 0001:00058670       sf_debug_st_get_double_value_from_void_ptr_vector 0000000180059670 f   sfc_debug:sfdb_data_browse.obj
 0001:000591d0       sf_debug_st_browse_data    000000018005a1d0 f   sfc_debug:sfdb_data_browse.obj
 0001:00059970       sf_debug_ss_initialize     000000018005a970 f   sfc_debug:sfdb_symbol_scope.obj
 0001:00059990       sf_debug_ss_terminate      000000018005a990 f   sfc_debug:sfdb_symbol_scope.obj
 0001:00059a20       sf_debug_ss_push_symbol_scope 000000018005aa20 f   sfc_debug:sfdb_symbol_scope.obj
 0001:00059b20       sf_debug_ss_push_symbol_scope_eml 000000018005ab20 f   sfc_debug:sfdb_symbol_scope.obj
 0001:00059b80       sf_debug_ss_pop_symbol_scope 000000018005ab80 f   sfc_debug:sfdb_symbol_scope.obj
 0001:00059c30       sf_debug_ss_add_symbol     000000018005ac30 f   sfc_debug:sfdb_symbol_scope.obj
 0001:00059d80       sf_debug_ss_add_symbol_eml 000000018005ad80 f   sfc_debug:sfdb_symbol_scope.obj
 0001:0005ade0       sf_debug_ss_watch_data     000000018005bde0 f   sfc_debug:sfdb_symbol_scope.obj
 0001:0005b810       get_data_entry_name        000000018005c810 f   sfc_debug:sfdb_symbol_scope.obj
 0001:0005b860       sf_debug_ss_whos           000000018005c860 f   sfc_debug:sfdb_symbol_scope.obj
 0001:0005c100       sf_debug_cc_initialize_chart 000000018005d100 f   sfc_debug:sfdb_coverage.obj
 0001:0005caf0       sf_debug_cc_initialize_instance 000000018005daf0 f   sfc_debug:sfdb_coverage.obj
 0001:0005d8f0       sf_debug_cc_terminate      000000018005e8f0 f   sfc_debug:sfdb_coverage.obj
 0001:0005d9e0       sf_debug_cc_set_transition_maps 000000018005e9e0 f   sfc_debug:sfdb_coverage.obj
 0001:0005db10       sf_debug_cc_set_state_maps 000000018005eb10 f   sfc_debug:sfdb_coverage.obj
 0001:0005dbf0       sf_debug_cc_set_transition_weights 000000018005ebf0 f   sfc_debug:sfdb_coverage.obj
 0001:0005dec0       sf_debug_cc_set_state_weights 000000018005eec0 f   sfc_debug:sfdb_coverage.obj
 0001:0005e1a0       sf_debug_cc_mark_transition_guard 000000018005f1a0 f   sfc_debug:sfdb_coverage.obj
 0001:0005e2c0       sf_debug_cc_mark_transition_trigger 000000018005f2c0 f   sfc_debug:sfdb_coverage.obj
 0001:0005e3e0       sf_debug_cc_mark_transition_decision 000000018005f3e0 f   sfc_debug:sfdb_coverage.obj
 0001:0005e450       sf_debug_cc_mark_transition_condition_action 000000018005f450 f   sfc_debug:sfdb_coverage.obj
 0001:0005e520       sf_debug_cc_mark_transition_transition_action 000000018005f520 f   sfc_debug:sfdb_coverage.obj
 0001:0005e5f0       sf_debug_cc_mark_state_entry 000000018005f5f0 f   sfc_debug:sfdb_coverage.obj
 0001:0005e6c0       sf_debug_cc_mark_state_during 000000018005f6c0 f   sfc_debug:sfdb_coverage.obj
 0001:0005e790       sf_debug_cc_mark_state_exit 000000018005f790 f   sfc_debug:sfdb_coverage.obj
 0001:0005f050       sf_debug_cc_get_coverage   0000000180060050 f   sfc_debug:sfdb_coverage.obj
 0001:0005f5e0       sf_debug_bm_clear_script_breakpoints 00000001800605e0 f   sfc_debug:sfdb_breakpoints.obj
 0001:0005f610       sf_debug_bm_set_script_breakpoint 0000000180060610 f   sfc_debug:sfdb_breakpoints.obj
 0001:0005f690       sf_debug_bm_clear_single_script_breakpoint 0000000180060690 f   sfc_debug:sfdb_breakpoints.obj
 0001:0005f710       sf_debug_bm_query_script_breakpoint 0000000180060710 f   sfc_debug:sfdb_breakpoints.obj
 0001:0005f760       sf_debug_bm_initialize_scripts 0000000180060760 f   sfc_debug:sfdb_breakpoints.obj
 0001:0005fe80       sf_debug_bm_terminate      0000000180060e80 f   sfc_debug:sfdb_breakpoints.obj
 0001:00060180       sf_debug_bm_remove_all_breakpoints_in_machine 0000000180061180 f   sfc_debug:sfdb_breakpoints.obj
 0001:000601f0       sf_debug_bm_remove_all_breakpoints_in_chart 00000001800611f0 f   sfc_debug:sfdb_breakpoints.obj
 0001:00060340       sf_debug_bm_initialize_global_breakpoints 0000000180061340 f   sfc_debug:sfdb_breakpoints.obj
 0001:000604c0       sf_debug_bm_set_breakpoint 00000001800614c0 f   sfc_debug:sfdb_breakpoints.obj
 0001:00060ac0       sf_debug_bm_set_eml_breakpoint 0000000180061ac0 f   sfc_debug:sfdb_breakpoints.obj
 0001:00060b60       sf_debug_bm_initialize_machine_breakpoint_map 0000000180061b60 f   sfc_debug:sfdb_breakpoints.obj
 0001:00061050       sf_debug_bm_is_a_breakpoint 0000000180062050 f   sfc_debug:sfdb_breakpoints.obj
 0001:00061570       sf_debug_bm_get_all_breakpoints_in_machine 0000000180062570 f   sfc_debug:sfdb_breakpoints.obj
 0001:00061870       sf_debug_bm_get_all_breakpoints_in_chart 0000000180062870 f   sfc_debug:sfdb_breakpoints.obj
 0001:00062520       sf_debug_bm_initialize_machine 0000000180063520 f   sfc_debug:sfdb_breakpoints.obj
 0001:000625f0       sf_debug_bm_initialize_chart 00000001800635f0 f   sfc_debug:sfdb_breakpoints.obj
 0001:00062b30       sf_debug_sc_terminate      0000000180063b30 f   sfc_debug:sfdb_state_consistency.obj
 0001:00062e60       sf_debug_sc_is_chart_consistent 0000000180063e60 f   sfc_debug:sfdb_state_consistency.obj
 0001:00063100       sf_debug_sc_get_consistency_error_info 0000000180064100 f   sfc_debug:sfdb_state_consistency.obj
 0001:00063530       sf_debug_tm_terminate      0000000180064530 f   sfc_debug:sfdb_call_stack.obj
 0001:000635f0       sf_debug_tm_push_chart_instance 00000001800645f0 f   sfc_debug:sfdb_call_stack.obj
 0001:00063750       sf_debug_tm_pop_chart_instance 0000000180064750 f   sfc_debug:sfdb_call_stack.obj
 0001:000637b0       sf_debug_tm_push_trace_node 00000001800647b0 f   sfc_debug:sfdb_call_stack.obj
 0001:00063940       sf_debug_tm_pop_trace_node 0000000180064940 f   sfc_debug:sfdb_call_stack.obj
 0001:000639c0       sf_debug_tm_get_current_global_trace_index 00000001800649c0 f   sfc_debug:sfdb_call_stack.obj
 0001:000639d0       sf_debug_tm_get_current_local_trace_index 00000001800649d0 f   sfc_debug:sfdb_call_stack.obj
 0001:00063a00       sf_debug_tm_set_cycle_detected_flag 0000000180064a00 f   sfc_debug:sfdb_call_stack.obj
 0001:00063a40       sf_debug_tm_set_cycle_started_flag 0000000180064a40 f   sfc_debug:sfdb_call_stack.obj
 0001:00063a80       sf_debug_tm_get_chart_number_from_stack 0000000180064a80 f   sfc_debug:sfdb_call_stack.obj
 0001:00063c60       sf_debug_tm_browse_trace   0000000180064c60 f   sfc_debug:sfdb_call_stack.obj
 0001:00063f90       sf_debug_cd_initialize_instance 0000000180064f90 f   sfc_debug:sfdb_cycle_detection.obj
 0001:00064240       sf_debug_cd_mark_processed_transition_in_instance 0000000180065240 f   sfc_debug:sfdb_cycle_detection.obj
 0001:000642e0       sf_debug_cd_checksum_push  00000001800652e0 f   sfc_debug:sfdb_cycle_detection.obj
 0001:000645a0       sf_debug_cd_checksum_pop   00000001800655a0 f   sfc_debug:sfdb_cycle_detection.obj
 0001:00064610       sf_debug_cd_turn_off_cycle_detection 0000000180065610 f   sfc_debug:sfdb_cycle_detection.obj
 0001:00064660       sf_debug_cd_terminate      0000000180065660 f   sfc_debug:sfdb_cycle_detection.obj
 0001:000648a0       md5_initialize_state       00000001800658a0 f   sfc_debug:ckmd5.obj
 0001:00065420       md5_update_state           0000000180066420 f   sfc_debug:ckmd5.obj
 0001:00065500       md5_get_hash               0000000180066500 f   sfc_debug:ckmd5.obj
 0001:00065530       md5_get_hash_for_a_single_string 0000000180066530 f   sfc_debug:ckmd5.obj
 0001:0006568a       mxGetPr                    000000018006668a f   libmx:libmx.dll
 0001:00065690       mxCreateDoubleScalar       0000000180066690 f   libmx:libmx.dll
 0001:00065696       mxSetField_730             0000000180066696 f   libmx:libmx.dll
 0001:0006569c       mxCreateDoubleMatrix_730   000000018006669c f   libmx:libmx.dll
 0001:000656a2       mxCreateStructMatrix_730   00000001800666a2 f   libmx:libmx.dll
 0001:000656a8       mxGetNaN                   00000001800666a8 f   libmx:libmx.dll
 0001:000656ae       mxDestroyArray             00000001800666ae f   libmx:libmx.dll
 0001:000656b4       mxCreateString             00000001800666b4 f   libmx:libmx.dll
 0001:000656ba       mxDuplicateArray           00000001800666ba f   libmx:libmx.dll
 0001:000656c0       mxGetString_730            00000001800666c0 f   libmx:libmx.dll
 0001:000656c6       mxIsChar                   00000001800666c6 f   libmx:libmx.dll
 0001:000656cc       mxGetClassID               00000001800666cc f   libmx:libmx.dll
 0001:000656d2       mxIsNumeric                00000001800666d2 f   libmx:libmx.dll
 0001:000656d8       mxIsComplex                00000001800666d8 f   libmx:libmx.dll
 0001:000656de       mxGetN                     00000001800666de f   libmx:libmx.dll
 0001:000656e4       mxGetM                     00000001800666e4 f   libmx:libmx.dll
 0001:000656ea       mxCalloc                   00000001800666ea f   libmx:libmx.dll
 0001:000656f0       mxGetScalar                00000001800666f0 f   libmx:libmx.dll
 0001:000656f6       mxIsLogical                00000001800666f6 f   libmx:libmx.dll
 0001:000656fc       mxCreateDoubleMatrix_700   00000001800666fc f   libmx:libmx.dll
 0001:00065702       mxFree                     0000000180066702 f   libmx:libmx.dll
 0001:00065708       mxArrayToString            0000000180066708 f   libmx:libmx.dll
 0001:0006570e       mxCreateCellMatrix_700     000000018006670e f   libmx:libmx.dll
 0001:00065714       mxSetCell_700              0000000180066714 f   libmx:libmx.dll
 0001:0006571a       mxGetCell_700              000000018006671a f   libmx:libmx.dll
 0001:00065720       mxGetClassName             0000000180066720 f   libmx:libmx.dll
 0001:00065726       mxSetField_700             0000000180066726 f   libmx:libmx.dll
 0001:0006572c       mxAddField                 000000018006672c f   libmx:libmx.dll
 0001:00065732       mxGetField_700             0000000180066732 f   libmx:libmx.dll
 0001:00065738       mxGetNumberOfElements      0000000180066738 f   libmx:libmx.dll
 0001:0006573e       mxIsStruct                 000000018006673e f   libmx:libmx.dll
 0001:00065744       mxIsClass                  0000000180066744 f   libmx:libmx.dll
 0001:0006574a       mxGetLogicals              000000018006674a f   libmx:libmx.dll
 0001:00065750       mxIsSparse                 0000000180066750 f   libmx:libmx.dll
 0001:00065756       mxSetFieldByNumber_700     0000000180066756 f   libmx:libmx.dll
 0001:0006575c       mxGetFieldByNumber_700     000000018006675c f   libmx:libmx.dll
 0001:00065762       mxGetFieldNameByNumber     0000000180066762 f   libmx:libmx.dll
 0001:00065768       mxGetNumberOfFields        0000000180066768 f   libmx:libmx.dll
 0001:0006576e       mxCreateStructMatrix_700   000000018006676e f   libmx:libmx.dll
 0001:00065774       mxGetFieldNumber           0000000180066774 f   libmx:libmx.dll
 0001:0006577a       mxIsNaN                    000000018006677a f   libmx:libmx.dll
 0001:00065780       mxIsEmpty                  0000000180066780 f   libmx:libmx.dll
 0001:00065786       mxGetData                  0000000180066786 f   libmx:libmx.dll
 0001:0006578c       mxGetImagData              000000018006678c f   libmx:libmx.dll
 0001:00065792       mxArrayClassIDName         0000000180066792 f   libmx:libmx.dll
 0001:00065798       mxCreateNumericMatrix_700  0000000180066798 f   libmx:libmx.dll
 0001:0006579e       mxCreateStructArray_700    000000018006679e f   libmx:libmx.dll
 0001:000657a4       mxCalcSingleSubscript_700  00000001800667a4 f   libmx:libmx.dll
 0001:000657aa       mxGetDimensions_700        00000001800667aa f   libmx:libmx.dll
 0001:000657b0       mxGetNumberOfDimensions_700 00000001800667b0 f   libmx:libmx.dll
 0001:000657b6       mxCreateNumericArray_700   00000001800667b6 f   libmx:libmx.dll
 0001:000657bc       mxGetElementSize           00000001800667bc f   libmx:libmx.dll
 0001:000657c2       mxCreateStringFromNChars_700 00000001800667c2 f   libmx:libmx.dll
 0001:000657c8       mxGetString_700            00000001800667c8 f   libmx:libmx.dll
 0001:000657ce       mxIsLogicalScalarTrue      00000001800667ce f   libmx:libmx.dll
 0001:000657d4       mxCreateLogicalScalar      00000001800667d4 f   libmx:libmx.dll
 0001:000657da       mexUnlock                  00000001800667da f   libmex:libmex.dll
 0001:000657e0       mexIsLocked                00000001800667e0 f   libmex:libmex.dll
 0001:000657e6       mexWarnMsgTxt              00000001800667e6 f   libmex:libmex.dll
 0001:000657ec       mexCallMATLAB              00000001800667ec f   libmex:libmex.dll
 0001:000657f2       mexErrMsgTxt               00000001800667f2 f   libmex:libmex.dll
 0001:000657f8       mexSetTrapFlag             00000001800667f8 f   libmex:libmex.dll
 0001:000657fe       mexMakeArrayPersistent     00000001800667fe f   libmex:libmex.dll
 0001:00065804       mexPutVariable             0000000180066804 f   libmex:libmex.dll
 0001:0006580a       mexGetVariable             000000018006680a f   libmex:libmex.dll
 0001:00065810       mexLock                    0000000180066810 f   libmex:libmex.dll
 0001:00065816       mexMakeMemoryPersistent    0000000180066816 f   libmex:libmex.dll
 0001:0006581c       mexFunctionName            000000018006681c f   libmex:libmex.dll
 0001:00065822       ssRegisterDataTypeFxpFSlopeFixExpBias 0000000180066822 f   libfixedpoint:libfixedpoint.dll
 0001:00065828       utVSNprintf                0000000180066828 f   libut:libut.dll
 0001:0006582e       utCPUtime                  000000018006682e f   libut:libut.dll
 0001:00065834       utFree                     0000000180066834 f   libut:libut.dll
 0001:0006583a       utMalloc                   000000018006683a f   libut:libut.dll
 0001:00065840       muDoubleScalarCos          0000000180066840 f   libmwmathutil:libmwmathutil.dll
 0001:00065846       muDoubleScalarSin          0000000180066846 f   libmwmathutil:libmwmathutil.dll
 0001:0006584c       muDoubleScalarIsNaN        000000018006684c f   libmwmathutil:libmwmathutil.dll
 0001:00065852       muDoubleScalarFloor        0000000180066852 f   libmwmathutil:libmwmathutil.dll
 0001:00065858       muDoubleScalarAbs          0000000180066858 f   libmwmathutil:libmwmathutil.dll
 0001:0006585e       muDoubleScalarPower        000000018006685e f   libmwmathutil:libmwmathutil.dll
 0001:00065864       emlrtCheckBuiltInR2009a    0000000180066864 f   libemlrt:libemlrt.dll
 0001:0006586a       emlrtCheckVsBuiltInR2009a  000000018006686a f   libemlrt:libemlrt.dll
 0001:00065870       emlrtCheckEnumR2009a       0000000180066870 f   libemlrt:libemlrt.dll
 0001:00065876       emlrtCreateEnumR2010a      0000000180066876 f   libemlrt:libemlrt.dll
 0001:0006587c       emlrtGetEnumElementR2009a  000000018006687c f   libemlrt:libemlrt.dll
 0001:00065882       emlrtImportVsFiArrayR2009b 0000000180066882 f   libemlrt:libemlrt.dll
 0001:00065888       emlrtGetEnumUnderlyingArrayR2009a 0000000180066888 f   libemlrt:libemlrt.dll
 0001:0006588e       emlrtIsEnumR2009a          000000018006688e f   libemlrt:libemlrt.dll
 0001:00065894       dnrm232                    0000000180066894 f   libmwblascompat32:libmwblascompat32.dll
 0001:0006589a       idamax32                   000000018006689a f   libmwblascompat32:libmwblascompat32.dll
 0001:000658a0       dswap32                    00000001800668a0 f   libmwblascompat32:libmwblascompat32.dll
 0001:000658a6       dger32                     00000001800668a6 f   libmwblascompat32:libmwblascompat32.dll
 0001:000658ac       dgemm32                    00000001800668ac f   libmwblascompat32:libmwblascompat32.dll
 0001:000658b2       ddot32                     00000001800668b2 f   libmwblascompat32:libmwblascompat32.dll
 0001:000658b8       strlen                     00000001800668b8 f   MSVCRT:MSVCR90.dll
 0001:000658c0       memset                     00000001800668c0 f   MSVCRT:MSVCR90.dll
 0001:000658c6       malloc                     00000001800668c6 f   MSVCRT:MSVCR90.dll
 0001:000658cc       __GSHandlerCheckCommon     00000001800668cc f   MSVCRT:gshandler.obj
 0001:00065930       __GSHandlerCheck           0000000180066930 f   MSVCRT:gshandler.obj
 0001:00065960       __security_check_cookie    0000000180066960 f   MSVCRT:amdsecgs.obj
 0001:00065980       free                       0000000180066980 f   MSVCRT:MSVCR90.dll
 0001:00065986       strcmp                     0000000180066986 f   MSVCRT:MSVCR90.dll
 0001:0006598c       sprintf                    000000018006698c f   MSVCRT:MSVCR90.dll
 0001:00065992       strcat                     0000000180066992 f   MSVCRT:MSVCR90.dll
 0001:00065998       memcpy                     0000000180066998 f   MSVCRT:MSVCR90.dll
 0001:000659a0       NtCurrentTeb               00000001800669a0 f i MSVCRT:crtdll.obj
 0001:00065a0c       _CRT_INIT                  0000000180066a0c f   MSVCRT:crtdll.obj
 0001:00065da0       _DllMainCRTStartup         0000000180066da0 f   MSVCRT:crtdll.obj
 0001:00065dde       strncpy                    0000000180066dde f   MSVCRT:MSVCR90.dll
 0001:00065de4       longjmp                    0000000180066de4 f   MSVCRT:MSVCR90.dll
 0001:00065dea       strncmp                    0000000180066dea f   MSVCRT:MSVCR90.dll
 0001:00065df0       ceil                       0000000180066df0 f   MSVCRT:MSVCR90.dll
 0001:00065df6       strrchr                    0000000180066df6 f   MSVCRT:MSVCR90.dll
 0001:00065dfc       _setjmp                    0000000180066dfc f   MSVCRT:MSVCR90.dll
 0001:00065e02       calloc                     0000000180066e02 f   MSVCRT:MSVCR90.dll
 0001:00065e08       realloc                    0000000180066e08 f   MSVCRT:MSVCR90.dll
 0001:00065e0e       ldexp                      0000000180066e0e f   MSVCRT:MSVCR90.dll
 0001:00065e14       __report_gsfailure         0000000180066e14 f   MSVCRT:gs_report.obj
 0001:00065f60       __clean_type_info_names    0000000180066f60 f   MSVCRT:tncleanup.obj
 0001:00065f6c       _onexit                    0000000180066f6c f   MSVCRT:atonexit.obj
 0001:0006601c       atexit                     000000018006701c f   MSVCRT:atonexit.obj
 0001:00066034       _RTC_Initialize            0000000180067034 f   MSVCRT:_initsect_.obj
 0001:0006606c       _RTC_Terminate             000000018006706c f   MSVCRT:_initsect_.obj
 0001:000660a4       _encode_pointer            00000001800670a4 f   MSVCRT:MSVCR90.dll
 0001:000660aa       _malloc_crt                00000001800670aa f   MSVCRT:MSVCR90.dll
 0001:000660b0       _ValidateImageBase         00000001800670b0 f   MSVCRT:pesect.obj
 0001:000660e0       _FindPESection             00000001800670e0 f   MSVCRT:pesect.obj
 0001:00066130       _IsNonwritableInCurrentImage 0000000180067130 f   MSVCRT:pesect.obj
 0001:00066172       _initterm                  0000000180067172 f   MSVCRT:MSVCR90.dll
 0001:00066178       _initterm_e                0000000180067178 f   MSVCRT:MSVCR90.dll
 0001:0006617e       _encoded_null              000000018006717e f   MSVCRT:MSVCR90.dll
 0001:00066184       _decode_pointer            0000000180067184 f   MSVCRT:MSVCR90.dll
 0001:0006618a       _amsg_exit                 000000018006718a f   MSVCRT:MSVCR90.dll
 0001:00066190       __C_specific_handler       0000000180067190 f   MSVCRT:MSVCR90.dll
 0001:00066196       __CppXcptFilter            0000000180067196 f   MSVCRT:MSVCR90.dll
 0001:0006619c       DllMain                    000000018006719c f   MSVCRT:dllmain.obj
 0001:000661c0       __security_init_cookie     00000001800671c0 f   MSVCRT:gs_support.obj
 0001:00066274       __crt_debugger_hook        0000000180067274 f   MSVCRT:MSVCR90.dll
 0001:0006627a       __clean_type_info_names_internal 000000018006727a f   MSVCRT:MSVCR90.dll
 0001:00066280       _unlock                    0000000180067280 f   MSVCRT:MSVCR90.dll
 0001:00066286       __dllonexit                0000000180067286 f   MSVCRT:MSVCR90.dll
 0001:0006628c       _lock                      000000018006728c f   MSVCRT:MSVCR90.dll
 0001:00066292       Sleep                      0000000180067292 f   kernel32:KERNEL32.dll
 0001:00066298       TerminateProcess           0000000180067298 f   kernel32:KERNEL32.dll
 0001:0006629e       GetCurrentProcess          000000018006729e f   kernel32:KERNEL32.dll
 0001:000662a4       UnhandledExceptionFilter   00000001800672a4 f   kernel32:KERNEL32.dll
 0001:000662aa       SetUnhandledExceptionFilter 00000001800672aa f   kernel32:KERNEL32.dll
 0001:000662b0       IsDebuggerPresent          00000001800672b0 f   kernel32:KERNEL32.dll
 0001:000662b6       RtlVirtualUnwind           00000001800672b6 f   kernel32:KERNEL32.dll
 0001:000662bc       RtlLookupFunctionEntry     00000001800672bc f   kernel32:KERNEL32.dll
 0001:000662c2       RtlCaptureContext          00000001800672c2 f   kernel32:KERNEL32.dll
 0001:000662c8       DisableThreadLibraryCalls  00000001800672c8 f   kernel32:KERNEL32.dll
 0001:000662ce       QueryPerformanceCounter    00000001800672ce f   kernel32:KERNEL32.dll
 0001:000662d4       GetTickCount               00000001800672d4 f   kernel32:KERNEL32.dll
 0001:000662da       GetCurrentThreadId         00000001800672da f   kernel32:KERNEL32.dll
 0001:000662e0       GetCurrentProcessId        00000001800672e0 f   kernel32:KERNEL32.dll
 0001:000662e6       GetSystemTimeAsFileTime    00000001800672e6 f   kernel32:KERNEL32.dll
 0001:00066300       __chkstk                   0000000180067300 f   MSVCRT:chkstk.obj
 0001:00066300       _alloca_probe              0000000180067300     MSVCRT:chkstk.obj
 0002:00000000       __imp_DisableThreadLibraryCalls 0000000180068000     kernel32:KERNEL32.dll
 0002:00000008       __imp_RtlCaptureContext    0000000180068008     kernel32:KERNEL32.dll
 0002:00000010       __imp_RtlLookupFunctionEntry 0000000180068010     kernel32:KERNEL32.dll
 0002:00000018       __imp_RtlVirtualUnwind     0000000180068018     kernel32:KERNEL32.dll
 0002:00000020       __imp_IsDebuggerPresent    0000000180068020     kernel32:KERNEL32.dll
 0002:00000028       __imp_SetUnhandledExceptionFilter 0000000180068028     kernel32:KERNEL32.dll
 0002:00000030       __imp_UnhandledExceptionFilter 0000000180068030     kernel32:KERNEL32.dll
 0002:00000038       __imp_GetCurrentProcess    0000000180068038     kernel32:KERNEL32.dll
 0002:00000040       __imp_TerminateProcess     0000000180068040     kernel32:KERNEL32.dll
 0002:00000048       __imp_Sleep                0000000180068048     kernel32:KERNEL32.dll
 0002:00000050       __imp_GetTickCount         0000000180068050     kernel32:KERNEL32.dll
 0002:00000058       __imp_GetCurrentThreadId   0000000180068058     kernel32:KERNEL32.dll
 0002:00000060       __imp_GetCurrentProcessId  0000000180068060     kernel32:KERNEL32.dll
 0002:00000068       __imp_GetSystemTimeAsFileTime 0000000180068068     kernel32:KERNEL32.dll
 0002:00000070       __imp_QueryPerformanceCounter 0000000180068070     kernel32:KERNEL32.dll
 0002:00000078       \177KERNEL32_NULL_THUNK_DATA 0000000180068078     kernel32:KERNEL32.dll
 0002:00000080       __imp__onexit              0000000180068080     MSVCRT:MSVCR90.dll
 0002:00000088       __imp__lock                0000000180068088     MSVCRT:MSVCR90.dll
 0002:00000090       __imp___dllonexit          0000000180068090     MSVCRT:MSVCR90.dll
 0002:00000098       __imp__unlock              0000000180068098     MSVCRT:MSVCR90.dll
 0002:000000a0       __imp___clean_type_info_names_internal 00000001800680a0     MSVCRT:MSVCR90.dll
 0002:000000a8       __imp___crt_debugger_hook  00000001800680a8     MSVCRT:MSVCR90.dll
 0002:000000b0       __imp___CppXcptFilter      00000001800680b0     MSVCRT:MSVCR90.dll
 0002:000000b8       __imp___C_specific_handler 00000001800680b8     MSVCRT:MSVCR90.dll
 0002:000000c0       __imp__amsg_exit           00000001800680c0     MSVCRT:MSVCR90.dll
 0002:000000c8       __imp__decode_pointer      00000001800680c8     MSVCRT:MSVCR90.dll
 0002:000000d0       __imp__encoded_null        00000001800680d0     MSVCRT:MSVCR90.dll
 0002:000000d8       __imp__initterm_e          00000001800680d8     MSVCRT:MSVCR90.dll
 0002:000000e0       __imp__initterm            00000001800680e0     MSVCRT:MSVCR90.dll
 0002:000000e8       __imp__malloc_crt          00000001800680e8     MSVCRT:MSVCR90.dll
 0002:000000f0       __imp__encode_pointer      00000001800680f0     MSVCRT:MSVCR90.dll
 0002:000000f8       __imp_ldexp                00000001800680f8     MSVCRT:MSVCR90.dll
 0002:00000100       __imp_realloc              0000000180068100     MSVCRT:MSVCR90.dll
 0002:00000108       __imp_calloc               0000000180068108     MSVCRT:MSVCR90.dll
 0002:00000110       __imp__setjmp              0000000180068110     MSVCRT:MSVCR90.dll
 0002:00000118       __imp_strrchr              0000000180068118     MSVCRT:MSVCR90.dll
 0002:00000120       __imp_ceil                 0000000180068120     MSVCRT:MSVCR90.dll
 0002:00000128       __imp_strncmp              0000000180068128     MSVCRT:MSVCR90.dll
 0002:00000130       __imp_longjmp              0000000180068130     MSVCRT:MSVCR90.dll
 0002:00000138       __imp_strncpy              0000000180068138     MSVCRT:MSVCR90.dll
 0002:00000140       __imp_memcpy               0000000180068140     MSVCRT:MSVCR90.dll
 0002:00000148       __imp_strcat               0000000180068148     MSVCRT:MSVCR90.dll
 0002:00000150       __imp_sprintf              0000000180068150     MSVCRT:MSVCR90.dll
 0002:00000158       __imp_strcmp               0000000180068158     MSVCRT:MSVCR90.dll
 0002:00000160       __imp_free                 0000000180068160     MSVCRT:MSVCR90.dll
 0002:00000168       __imp_malloc               0000000180068168     MSVCRT:MSVCR90.dll
 0002:00000170       __imp_memset               0000000180068170     MSVCRT:MSVCR90.dll
 0002:00000178       __imp_strlen               0000000180068178     MSVCRT:MSVCR90.dll
 0002:00000180       \177MSVCR90_NULL_THUNK_DATA 0000000180068180     MSVCRT:MSVCR90.dll
 0002:00000188       __imp_emlrtCheckVsBuiltInR2009a 0000000180068188     libemlrt:libemlrt.dll
 0002:00000190       __imp_emlrtCheckBuiltInR2009a 0000000180068190     libemlrt:libemlrt.dll
 0002:00000198       __imp_emlrtCheckEnumR2009a 0000000180068198     libemlrt:libemlrt.dll
 0002:000001a0       __imp_emlrtCreateEnumR2010a 00000001800681a0     libemlrt:libemlrt.dll
 0002:000001a8       __imp_emlrtGetEnumElementR2009a 00000001800681a8     libemlrt:libemlrt.dll
 0002:000001b0       __imp_emlrtImportVsFiArrayR2009b 00000001800681b0     libemlrt:libemlrt.dll
 0002:000001b8       __imp_emlrtGetEnumUnderlyingArrayR2009a 00000001800681b8     libemlrt:libemlrt.dll
 0002:000001c0       __imp_emlrtIsEnumR2009a    00000001800681c0     libemlrt:libemlrt.dll
 0002:000001c8       \177libemlrt_NULL_THUNK_DATA 00000001800681c8     libemlrt:libemlrt.dll
 0002:000001d0       __imp_ssRegisterDataTypeFxpFSlopeFixExpBias 00000001800681d0     libfixedpoint:libfixedpoint.dll
 0002:000001d8       \177libfixedpoint_NULL_THUNK_DATA 00000001800681d8     libfixedpoint:libfixedpoint.dll
 0002:000001e0       __imp_mexCallMATLAB        00000001800681e0     libmex:libmex.dll
 0002:000001e8       __imp_mexErrMsgTxt         00000001800681e8     libmex:libmex.dll
 0002:000001f0       __imp_mexSetTrapFlag       00000001800681f0     libmex:libmex.dll
 0002:000001f8       __imp_mexMakeArrayPersistent 00000001800681f8     libmex:libmex.dll
 0002:00000200       __imp_mexWarnMsgTxt        0000000180068200     libmex:libmex.dll
 0002:00000208       __imp_mexGetVariable       0000000180068208     libmex:libmex.dll
 0002:00000210       __imp_mexLock              0000000180068210     libmex:libmex.dll
 0002:00000218       __imp_mexMakeMemoryPersistent 0000000180068218     libmex:libmex.dll
 0002:00000220       __imp_mexFunctionName      0000000180068220     libmex:libmex.dll
 0002:00000228       __imp_mexPutVariable       0000000180068228     libmex:libmex.dll
 0002:00000230       __imp_mexIsLocked          0000000180068230     libmex:libmex.dll
 0002:00000238       __imp_mexUnlock            0000000180068238     libmex:libmex.dll
 0002:00000240       \177libmex_NULL_THUNK_DATA 0000000180068240     libmex:libmex.dll
 0002:00000248       __imp_dnrm232              0000000180068248     libmwblascompat32:libmwblascompat32.dll
 0002:00000250       __imp_idamax32             0000000180068250     libmwblascompat32:libmwblascompat32.dll
 0002:00000258       __imp_dswap32              0000000180068258     libmwblascompat32:libmwblascompat32.dll
 0002:00000260       __imp_dger32               0000000180068260     libmwblascompat32:libmwblascompat32.dll
 0002:00000268       __imp_ddot32               0000000180068268     libmwblascompat32:libmwblascompat32.dll
 0002:00000270       __imp_dgemm32              0000000180068270     libmwblascompat32:libmwblascompat32.dll
 0002:00000278       \177libmwblascompat32_NULL_THUNK_DATA 0000000180068278     libmwblascompat32:libmwblascompat32.dll
 0002:00000280       __imp_muDoubleScalarAbs    0000000180068280     libmwmathutil:libmwmathutil.dll
 0002:00000288       __imp_muDoubleScalarPower  0000000180068288     libmwmathutil:libmwmathutil.dll
 0002:00000290       __imp_muDoubleScalarSin    0000000180068290     libmwmathutil:libmwmathutil.dll
 0002:00000298       __imp_muDoubleScalarCos    0000000180068298     libmwmathutil:libmwmathutil.dll
 0002:000002a0       __imp_muDoubleScalarFloor  00000001800682a0     libmwmathutil:libmwmathutil.dll
 0002:000002a8       __imp_muDoubleScalarIsNaN  00000001800682a8     libmwmathutil:libmwmathutil.dll
 0002:000002b0       \177libmwmathutil_NULL_THUNK_DATA 00000001800682b0     libmwmathutil:libmwmathutil.dll
 0002:000002b8       __imp_mxGetClassID         00000001800682b8     libmx:libmx.dll
 0002:000002c0       __imp_mxIsNumeric          00000001800682c0     libmx:libmx.dll
 0002:000002c8       __imp_mxGetPr              00000001800682c8     libmx:libmx.dll
 0002:000002d0       __imp_mxIsComplex          00000001800682d0     libmx:libmx.dll
 0002:000002d8       __imp_mxGetN               00000001800682d8     libmx:libmx.dll
 0002:000002e0       __imp_mxCreateLogicalScalar 00000001800682e0     libmx:libmx.dll
 0002:000002e8       __imp_mxIsLogicalScalarTrue 00000001800682e8     libmx:libmx.dll
 0002:000002f0       __imp_mxGetString_700      00000001800682f0     libmx:libmx.dll
 0002:000002f8       __imp_mxCreateStringFromNChars_700 00000001800682f8     libmx:libmx.dll
 0002:00000300       __imp_mxGetElementSize     0000000180068300     libmx:libmx.dll
 0002:00000308       __imp_mxCreateNumericArray_700 0000000180068308     libmx:libmx.dll
 0002:00000310       __imp_mxGetNumberOfDimensions_700 0000000180068310     libmx:libmx.dll
 0002:00000318       __imp_mxGetDimensions_700  0000000180068318     libmx:libmx.dll
 0002:00000320       __imp_mxCalcSingleSubscript_700 0000000180068320     libmx:libmx.dll
 0002:00000328       __imp_mxCreateStructArray_700 0000000180068328     libmx:libmx.dll
 0002:00000330       __imp_mxCreateNumericMatrix_700 0000000180068330     libmx:libmx.dll
 0002:00000338       __imp_mxArrayClassIDName   0000000180068338     libmx:libmx.dll
 0002:00000340       __imp_mxGetImagData        0000000180068340     libmx:libmx.dll
 0002:00000348       __imp_mxGetData            0000000180068348     libmx:libmx.dll
 0002:00000350       __imp_mxIsEmpty            0000000180068350     libmx:libmx.dll
 0002:00000358       __imp_mxIsNaN              0000000180068358     libmx:libmx.dll
 0002:00000360       __imp_mxGetFieldNumber     0000000180068360     libmx:libmx.dll
 0002:00000368       __imp_mxCreateStructMatrix_700 0000000180068368     libmx:libmx.dll
 0002:00000370       __imp_mxGetNumberOfFields  0000000180068370     libmx:libmx.dll
 0002:00000378       __imp_mxGetFieldNameByNumber 0000000180068378     libmx:libmx.dll
 0002:00000380       __imp_mxGetFieldByNumber_700 0000000180068380     libmx:libmx.dll
 0002:00000388       __imp_mxSetFieldByNumber_700 0000000180068388     libmx:libmx.dll
 0002:00000390       __imp_mxIsSparse           0000000180068390     libmx:libmx.dll
 0002:00000398       __imp_mxGetLogicals        0000000180068398     libmx:libmx.dll
 0002:000003a0       __imp_mxIsClass            00000001800683a0     libmx:libmx.dll
 0002:000003a8       __imp_mxIsStruct           00000001800683a8     libmx:libmx.dll
 0002:000003b0       __imp_mxGetNumberOfElements 00000001800683b0     libmx:libmx.dll
 0002:000003b8       __imp_mxGetField_700       00000001800683b8     libmx:libmx.dll
 0002:000003c0       __imp_mxAddField           00000001800683c0     libmx:libmx.dll
 0002:000003c8       __imp_mxSetField_700       00000001800683c8     libmx:libmx.dll
[...]
 0001:0003afd0       ml_generic_out_of_bounds_check 000000018003bfd0 f   sfc_mex:sfc_mex.obj
 0001:0003b120       ml_get_element_value_from_array 000000018003c120 f   sfc_mex:sfc_mex.obj
 0001:0003b420       _ml_generic_castability_check 000000018003c420 f   sfc_mex:sfc_mex.obj
 0001:0003bff0       ml_generic_castability_check 000000018003cff0 f   sfc_mex:sfc_mex.obj
 0001:0003c090       ml_check_mx_array_for_single_castability 000000018003d090 f   sfc_mex:sfc_mex.obj
 0001:0003c130       ml_check_mx_array_for_logical_castability 000000018003d130 f   sfc_mex:sfc_mex.obj
 0001:0003c1d0       ml_check_mx_array_for_int8_castability 000000018003d1d0 f   sfc_mex:sfc_mex.obj
 0001:0003c280       ml_check_mx_array_for_uint8_castability 000000018003d280 f   sfc_mex:sfc_mex.obj
 0001:0003c320       ml_check_mx_array_for_int16_castability 000000018003d320 f   sfc_mex:sfc_mex.obj
 0001:0003c3c0       ml_check_mx_array_for_uint16_castability 000000018003d3c0 f   sfc_mex:sfc_mex.obj
 0001:0003c460       ml_check_mx_array_for_int32_castability 000000018003d460 f   sfc_mex:sfc_mex.obj
 0001:0003c500       ml_check_mx_array_for_uint32_castability 000000018003d500 f   sfc_mex:sfc_mex.obj
 0001:0003c5a0       ml_check_mx_array_for_castability 000000018003d5a0 f   sfc_mex:sfc_mex.obj
 0001:0003cd70       set_data_value             000000018003dd70 f   sfc_mex:sfc_mex.obj
 0001:0003d0c0       get_data_value             000000018003e0c0 f   sfc_mex:sfc_mex.obj
 0001:0003d1b0       get_next_element_address   000000018003e1b0 f   sfc_mex:sfc_mex.obj
 0001:0003d280       sf_normalize_index         000000018003e280 f   sfc_mex:sfc_mex.obj
 0001:0003d610       ml_array_index_bound_check 000000018003e610 f   sfc_mex:sfc_mex.obj
 0001:0003e220       mx_value                   000000018003f220 f   sfc_mex:sfc_mex.obj
 0001:0003e270       sf_create_numeric_array    000000018003f270 f   sfc_mex:sfc_mex.obj
 0001:0003e310       sf_mex_assign_to_mx_array  000000018003f310 f   sfc_mex:sfc_mex.obj
 0001:0003ec80       assign_from_mx_array       000000018003fc80 f   sfc_mex:sfc_mex.obj
 0001:0003ff00       get_machine_and_chart_file_number 0000000180040f00 f   sfc_mex:sfc_sf.obj
 0001:0003fff0       get_sfun_block_specialization 0000000180040ff0 f   sfc_mex:sfc_sf.obj
 0001:00040070       call_sf_machine_global_method_dispatcher 0000000180041070 f   sfc_mex:sfc_sf.obj
 0001:000402e0       mdl_zeroCrossings_processing 00000001800412e0 f   sfc_mex:sfc_sf.obj
 0001:000403b0       mdl_derivatives_processing 00000001800413b0 f   sfc_mex:sfc_sf.obj
 0001:00040670       mdl_outputs_continuous_legacy 0000000180041670 f   sfc_mex:sfc_sf.obj
 0001:000406f0       mdl_outputs_processing     00000001800416f0 f   sfc_mex:sfc_sf.obj
 0001:000409f0       mdl_enable_processing      00000001800419f0 f   sfc_mex:sfc_sf.obj
 0001:00040ac0       mdl_disable_processing     0000000180041ac0 f   sfc_mex:sfc_sf.obj
 0001:000415b0       write_symbol_mapping       00000001800425b0 f   sfc_mex:sfc_sf.obj
 0001:00041d30       sf_call_output_fcn_enable_disable 0000000180042d30 f   sfc_mex:sfc_sf.obj
 0001:00041fb0       set_dwork_information_from_mx_array 0000000180042fb0 f   sfc_mex:sfc_sf.obj
 0001:00042730       get_dwork_info_from_mat_file 0000000180043730 f   sfc_mex:sfc_sf.obj
 0001:000428e0       ptr2mxStruct               00000001800438e0 f   sfc_mex:sfc_sf.obj
 0001:00042cf0       SNPRINTF_WRAPPER           0000000180043cf0 f   sfc_debug:sfcdebug.obj
 0001:00042d10       sf_debug_chart_instance_initialized_quick 0000000180043d10 f   sfc_debug:sfcdebug.obj
 0001:00042d20       sf_debug_chart_instance_initialized 0000000180043d20 f   sfc_debug:sfcdebug.obj
 0001:00042ec0       sfrtAddSize                0000000180043ec0 f   sfc_debug:sfcdebug.obj
 0001:00042f80       sfrtGenSizeString          0000000180043f80 f   sfc_debug:sfcdebug.obj
 0001:00043700       sf_debug_sim_status_listener 0000000180044700 f   sfc_debug:sfcdebug.obj
 0001:00043c70       sf_debug_form_mask_bits    0000000180044c70 f   sfc_debug:sfcdebug.obj
 0001:00043cb0       sf_debug_form_sf_data_type_offsets 0000000180044cb0 f   sfc_debug:sfcdebug.obj
 0001:00043d70       sf_debug_free_all          0000000180044d70 f   sfc_debug:sfcdebug.obj
 0001:00043f00       sf_debug_append_debugger_context 0000000180044f00 f   sfc_debug:sfcdebug.obj
 0001:000441c0       local_strdup               00000001800451c0 f   sfc_debug:sfcdebug.obj
 0001:000450a0       sf_debug_em_terminate      00000001800460a0 f   sfc_debug:sfcdebug.obj
 0001:000450e0       sf_debug_push_eml_function 00000001800460e0 f   sfc_debug:sfcdebug.obj
 0001:00045180       sf_debug_pop_eml_function  0000000180046180 f   sfc_debug:sfcdebug.obj
 0001:00045e40       sf_debug_get_machine_number_from_id_or_name 0000000180046e40 f   sfc_debug:sfcdebug.obj
 0001:00045f90       sf_debug_get_chart_number_from_id 0000000180046f90 f   sfc_debug:sfcdebug.obj
 0001:00046c40       sf_debug_transfer_control_to_debugger_GUI 0000000180047c40 f   sfc_debug:sfcdebug.obj
 0001:00047c20       sf_debug_scripts_rehash    0000000180048c20 f   sfc_debug:sfcdebug.obj
 0001:00047e70       sf_debug_get_script_line_count 0000000180048e70 f   sfc_debug:sfcdebug.obj
 0001:000485c0       cv_eml_state_cvId          00000001800495c0 f   sfc_debug:sfcdebug.obj
 0001:00049ae0       sf_debug_data_array_bounds_error 000000018004aae0 f   sfc_debug:sfcdebug.obj
 0001:00049ee0       eml_debug_runtime_error_doclink 000000018004aee0 f   sfc_debug:sfcdebug.obj
 0001:0004a050       sf_debug_runtime_error     000000018004b050 f   sfc_debug:sfcdebug.obj
 0001:0004a0c0       sf_debug_matlab_error      000000018004b0c0 f   sfc_debug:sfcdebug.obj
 0001:0004a900       sf_debug_data_value_error  000000018004b900 f   sfc_debug:sfcdebug.obj
 0001:0004b1c0       sf_debug_data_loss_error   000000018004c1c0 f   sfc_debug:sfcdebug.obj
 0001:0004bdd0       call_cv_range_check        000000018004cdd0 f   sfc_debug:sfcdebug.obj
 0001:0004c6c0       sf_debug_invoke_cycle_detection_code 000000018004d6c0 f   sfc_debug:sfcdebug.obj
 0001:0004d520       sf_reset_debug_info_struct 000000018004e520 f   sfc_debug:sfcdebug.obj
 0001:0004dfe0       cv_script_cvId             000000018004efe0 f   sfc_debug:sfcdebug.obj
 0001:0004f460       sfc_api_chart_visible      0000000180050460 f   sfc_debug:sfc_api.obj
 0001:0004f4e0       sfc_api_active_instance    00000001800504e0 f   sfc_debug:sfc_api.obj
 0001:0004f560       sfc_api_machine_load       0000000180050560 f   sfc_debug:sfc_api.obj
 0001:0004f630       sfc_api_debugger_alive     0000000180050630 f   sfc_debug:sfc_api.obj
 0001:0004f640       sfc_api_go                 0000000180050640 f   sfc_debug:sfc_api.obj
 0001:0004f650       sfc_api_step_over          0000000180050650 f   sfc_debug:sfc_api.obj
 0001:0004f660       sfc_api_step_out           0000000180050660 f   sfc_debug:sfc_api.obj
 0001:0004f670       sfc_api_resume             0000000180050670 f   sfc_debug:sfc_api.obj
 0001:0004f680       sfc_api_break              0000000180050680 f   sfc_debug:sfc_api.obj
 0001:0004f690       sfc_api_stop_debugging     0000000180050690 f   sfc_debug:sfc_api.obj
 0001:0004f6e0       sfc_api_is_cycle_detected  00000001800506e0 f   sfc_debug:sfc_api.obj
 0001:0004f730       sfc_api_is_array_bounds_detected 0000000180050730 f   sfc_debug:sfc_api.obj
 0001:0004f780       sfc_api_set_disable_all_breakpoints 0000000180050780 f   sfc_debug:sfc_api.obj
 0001:0004f7f0       sfc_api_disable_all_breakpoints_and_go 00000001800507f0 f   sfc_debug:sfc_api.obj
 0001:0004f800       sfc_api_close              0000000180050800 f   sfc_debug:sfc_api.obj
 0001:0004f810       sfc_api_browse_data        0000000180050810 f   sfc_debug:sfc_api.obj
 0001:0004f880       sfc_api_watch_data         0000000180050880 f   sfc_debug:sfc_api.obj
 0001:0004f920       sfc_api_whos               0000000180050920 f   sfc_debug:sfc_api.obj
 0001:0004f9b0       sfc_api_get_consistency_info 00000001800509b0 f   sfc_debug:sfc_api.obj
 0001:0004f9c0       sfc_api_browse_trace       00000001800509c0 f   sfc_debug:sfc_api.obj
 0001:0004f9d0       sfc_api_break_on_chart_entry 00000001800509d0 f   sfc_debug:sfc_api.obj
 0001:0004f9f0       sfc_api_break_on_event_broadcast 00000001800509f0 f   sfc_debug:sfc_api.obj
 0001:0004fa10       sfc_api_break_on_state_entry 0000000180050a10 f   sfc_debug:sfc_api.obj
 0001:0004fa30       sfc_api_set_watch          0000000180050a30 f   sfc_debug:sfc_api.obj
 0001:0004fad0       sfc_api_set_breakpoints    0000000180050ad0 f   sfc_debug:sfc_api.obj
 0001:0004fb70       sfc_api_set_eml_breakpoints 0000000180050b70 f   sfc_debug:sfc_api.obj
 0001:0004fbf0       sfc_api_set_script_breakpoints 0000000180050bf0 f   sfc_debug:sfc_api.obj
 0001:0004fc40       sfc_api_add_script_breakpoints 0000000180050c40 f   sfc_debug:sfc_api.obj
 0001:0004fc90       sfc_api_clear_script_breakpoints 0000000180050c90 f   sfc_debug:sfc_api.obj
 0001:0004fce0       sfc_api_query_script_breakpoints 0000000180050ce0 f   sfc_debug:sfc_api.obj
 0001:0004fd40       sfc_api_get_script_id      0000000180050d40 f   sfc_debug:sfc_api.obj
 0001:0004fe00       sfc_api_get_active_states  0000000180050e00 f   sfc_debug:sfc_api.obj
 0001:0004fe80       sfc_api_break_between_times 0000000180050e80 f   sfc_debug:sfc_api.obj
 0001:0004fee0       sfc_api_get_instance_handle 0000000180050ee0 f   sfc_debug:sfc_api.obj
 0001:0004ff90       sfc_api_get_coverage       0000000180050f90 f   sfc_debug:sfc_api.obj
 0001:00050010       sfc_api_set_animation      0000000180051010 f   sfc_debug:sfc_api.obj
 0001:00050060       sfc_api_select_chart       0000000180051060 f   sfc_debug:sfc_api.obj
 0001:000500c0       sfc_api_select_charts      00000001800510c0 f   sfc_debug:sfc_api.obj
 0001:000500f0       sfc_api_cycle_detection_check 00000001800510f0 f   sfc_debug:sfc_api.obj
 0001:00050140       sfc_api_data_range_check   0000000180051140 f   sfc_debug:sfc_api.obj
 0001:00050190       sfc_api_transition_conflict_check 0000000180051190 f   sfc_debug:sfc_api.obj
 0001:000501e0       sfc_api_state_consistency_check 00000001800511e0 f   sfc_debug:sfc_api.obj
 0001:00050230       sfc_api_set_instance_cv_ids 0000000180051230 f   sfc_debug:sfc_api.obj
 0001:00050340       sfc_api_set_script_cv_ids  0000000180051340 f   sfc_debug:sfc_api.obj
 0001:000503e0       sfc_api_get_current_machine_id 00000001800513e0 f   sfc_debug:sfc_api.obj
 0001:00050410       sfc_api_get_current_machine_number 0000000180051410 f   sfc_debug:sfc_api.obj
 0001:00050440       sfc_api_get_current_chart_number 0000000180051440 f   sfc_debug:sfc_api.obj
 0001:00050470       sfc_api_get_current_instance_number 0000000180051470 f   sfc_debug:sfc_api.obj
 0001:000504a0       sfc_api_get_current_instance_handle 00000001800514a0 f   sfc_debug:sfc_api.obj
 0001:000504c0       sfc_api_get_current_is_minor_time_step 00000001800514c0 f   sfc_debug:sfc_api.obj
 0001:000504f0       sfc_api_get_current_machine_name 00000001800514f0 f   sfc_debug:sfc_api.obj
 0001:00050510       sfc_api_get_current_chart_id 0000000180051510 f   sfc_debug:sfc_api.obj
 0001:00050540       sfc_api_get_current_object_type 0000000180051540 f   sfc_debug:sfc_api.obj
 0001:00050570       sfc_api_get_current_event_type 0000000180051570 f   sfc_debug:sfc_api.obj
 0001:000505a0       sfc_api_get_current_object_id 00000001800515a0 f   sfc_debug:sfc_api.obj
 0001:000505d0       sfc_get_current_active_event_type 00000001800515d0 f   sfc_debug:sfc_api.obj
 0001:00050600       sfc_api_get_current_active_event_id 0000000180051600 f   sfc_debug:sfc_api.obj
 0001:00050630       sfc_api_get_current_simulation_time 0000000180051630 f   sfc_debug:sfc_api.obj
 0001:00050650       sfc_get_current_tag_type   0000000180051650 f   sfc_debug:sfc_api.obj
 0001:00050680       sfc_get_current_coverage_percentage 0000000180051680 f   sfc_debug:sfc_api.obj
 0001:000506a0       sfc_get_current_statement_context 00000001800516a0 f   sfc_debug:sfc_api.obj
 0001:000506c0       sfc_get_current_optional_integer 00000001800516c0 f   sfc_debug:sfc_api.obj
 0001:000506e0       sfc_get_current_statement_info 00000001800516e0 f   sfc_debug:sfc_api.obj
 0001:00050780       sfc_api_get                0000000180051780 f   sfc_debug:sfc_api.obj
 0001:000508e0       sf_debug_sm_is_using_unified_editors 00000001800518e0 f   sfc_debug:sfdb_animation.obj
 0001:00050980       sf_debug_sm_is_chart_visible_in_unified_editors 0000000180051980 f   sfc_debug:sfdb_animation.obj
 0001:00050a40       sf_debug_sm_check_if_chart_is_visible 0000000180051a40 f   sfc_debug:sfdb_animation.obj
 0001:00051650       sf_debug_sm_fill_state_activity_data 0000000180052650 f   sfc_debug:sfdb_animation.obj
 0001:00053c60       sf_debug_hm_get_simulink_handle 0000000180054c60 f   sfc_debug:sfdb_handle_management.obj
 0001:00054850       sf_debug_hm_initialize_globals 0000000180055850 f   sfc_debug:sfdb_handle_management.obj
 0001:00054950       sf_debug_hm_get_machine_debug_flag 0000000180055950 f   sfc_debug:sfdb_handle_management.obj
 0001:00054ac0       sf_debug_hm_get_machine_id 0000000180055ac0 f   sfc_debug:sfdb_handle_management.obj
 0001:00054be0       sf_debug_hm_get_chart_id   0000000180055be0 f   sfc_debug:sfdb_handle_management.obj
 0001:00054d80       sf_debug_hm_register_executing_SFunction 0000000180055d80 f   sfc_debug:sfdb_handle_management.obj
 0001:00054f10       sf_debug_hm_get_chart_active_instance 0000000180055f10 f   sfc_debug:sfdb_handle_management.obj
 0001:00055080       sf_debug_hm_get_chart_visibility 0000000180056080 f   sfc_debug:sfdb_handle_management.obj
 0001:000551d0       sf_debug_hm_form_object_boolean_properties 00000001800561d0 f   sfc_debug:sfdb_handle_management.obj
 0001:000554a0       sf_debug_hm_form_object_properties 00000001800564a0 f   sfc_debug:sfdb_handle_management.obj
 0001:000556e0       sf_debug_hm_terminate_charts 00000001800566e0 f   sfc_debug:sfdb_handle_management.obj
 0001:00055e20       sf_debug_hm_terminate_machines 0000000180056e20 f   sfc_debug:sfdb_handle_management.obj
 0001:00057920       void_ptr_stack_vector_free_total 0000000180058920 f   sfc_debug:sfdb_data_browse.obj
 0001:000579b0       sf_debug_st_terminate_machine 00000001800589b0 f   sfc_debug:sfdb_data_browse.obj
 0001:00057ae0       sf_debug_st_terminate_instance 0000000180058ae0 f   sfc_debug:sfdb_data_browse.obj
 0001:00057f90       push_on_to_void_ptr_stack  0000000180058f90 f   sfc_debug:sfdb_data_browse.obj
 0001:00058120       pop_from_void_ptr_stack    0000000180059120 f   sfc_debug:sfdb_data_browse.obj
 0001:00058250       sf_debug_st_get_data_value 0000000180059250 f   sfc_debug:sfdb_data_browse.obj
 0001:00058780       mx_value                   0000000180059780 f   sfc_debug:sfdb_data_browse.obj
 0001:000587c0       sf_debug_st_fill_data_struct 00000001800597c0 f   sfc_debug:sfdb_data_browse.obj
 0001:00058b00       data_type_format_strings   0000000180059b00 f   sfc_debug:sfdb_data_browse.obj
 0001:00058bb0       sf_debug_st_fill_data      0000000180059bb0 f   sfc_debug:sfdb_data_browse.obj
 0001:00059e40       sf_debug_ss_copy_dimension 000000018005ae40 f   sfc_debug:sfdb_symbol_scope.obj
 0001:00059f00       sf_debug_ss_get_number_elements 000000018005af00 f   sfc_debug:sfdb_symbol_scope.obj
 0001:00059f20       sf_debug_ss_fill_data_struct 000000018005af20 f   sfc_debug:sfdb_symbol_scope.obj
 0001:0005a270       sf_debug_ss_reset_data_info 000000018005b270 f   sfc_debug:sfdb_symbol_scope.obj
 0001:0005a2d0       sf_debug_fill_data_info_by_symbol_scope_entry 000000018005b2d0 f   sfc_debug:sfdb_symbol_scope.obj
 0001:0005a380       sf_debug_fill_data_info_by_data_vector 000000018005b380 f   sfc_debug:sfdb_symbol_scope.obj
 0001:0005a5c0       sf_debug_ss_get_data_info  000000018005b5c0 f   sfc_debug:sfdb_symbol_scope.obj
 0001:0005a9f0       sf_debug_ss_get_data_value 000000018005b9f0 f   sfc_debug:sfdb_symbol_scope.obj
 0001:0005ae80       sf_debug_ss_data_bytes_string 000000018005be80 f   sfc_debug:sfdb_symbol_scope.obj
 0001:0005af30       sf_debug_ss_data_class_string 000000018005bf30 f   sfc_debug:sfdb_symbol_scope.obj
 0001:0005b2c0       sf_debug_ss_data_size_string 000000018005c2c0 f   sfc_debug:sfdb_symbol_scope.obj
 0001:0005b3a0       sf_debug_ss_data_create_data_info_struct 000000018005c3a0 f   sfc_debug:sfdb_symbol_scope.obj
 0001:0005b600       sf_debug_ss_data_create_name_value_pair 000000018005c600 f   sfc_debug:sfdb_symbol_scope.obj
 0001:0005b6a0       sf_debug_ss_data_get_whos_info 000000018005c6a0 f   sfc_debug:sfdb_symbol_scope.obj
 0001:0005b760       same_named_data_in_data_array 000000018005c760 f   sfc_debug:sfdb_symbol_scope.obj
 0001:0005d160       sf_debug_cc_terminate_chart 000000018005e160 f   sfc_debug:sfdb_coverage.obj
 0001:0005d500       sf_debug_cc_terminate_instance 000000018005e500 f   sfc_debug:sfdb_coverage.obj
 0001:0005e100       sf_debug_cc_mark_object_if_needed 000000018005f100 f   sfc_debug:sfdb_coverage.obj
 0001:0005e860       sf_debug_cc_fill_transition_coverage_data 000000018005f860 f   sfc_debug:sfdb_coverage.obj
 0001:0005e9f0       sf_debug_cc_fill_transition_coverage_map 000000018005f9f0 f   sfc_debug:sfdb_coverage.obj
 0001:0005eca0       sf_debug_cc_fill_state_coverage_map 000000018005fca0 f   sfc_debug:sfdb_coverage.obj
 0001:0005eef0       sf_debug_cc_fill_state_coverage_data 000000018005fef0 f   sfc_debug:sfdb_coverage.obj
 0001:0005fb20       sf_debug_bm_initialize_eml 0000000180060b20 f   sfc_debug:sfdb_breakpoints.obj
 0001:00060c70       sf_debug_bm_map_debug_tag_to_breakpoint_tag 0000000180061c70 f   sfc_debug:sfdb_breakpoints.obj
 0001:00060d50       sf_debug_bm_is_a_eml_breakpoint_impl 0000000180061d50 f   sfc_debug:sfdb_breakpoints.obj
 0001:000629b0       sf_debug_sc_push_on_error_stack 00000001800639b0 f   sfc_debug:sfdb_state_consistency.obj
 0001:00062ae0       sf_debug_sc_reset_error_stack 0000000180063ae0 f   sfc_debug:sfdb_state_consistency.obj
 0001:00062c70       sf_debug_sc_is_state_inconsistent 0000000180063c70 f   sfc_debug:sfdb_state_consistency.obj
 0001:00062f70       sf_debug_sc_fill_consistency_info 0000000180063f70 f   sfc_debug:sfdb_state_consistency.obj
 0001:00063520       void_assertion_fcn         0000000180064520 f   sfc_debug:sfdb_call_stack.obj
 0001:00063ab0       sf_debug_tm_fill_local_trace 0000000180064ab0 f   sfc_debug:sfdb_call_stack.obj
 0001:00064050       sf_debug_cd_terminate_instance 0000000180065050 f   sfc_debug:sfdb_cycle_detection.obj
 0001:000640b0       sf_debug_cd_free_checksum_stack 00000001800650b0 f   sfc_debug:sfdb_cycle_detection.obj
 0001:00064100       sf_debug_cd_reset_pack_strings 0000000180065100 f   sfc_debug:sfdb_cycle_detection.obj
 0001:000647c0       md5file_clear              00000001800657c0 f   sfc_debug:ckmd5.obj
 0001:000647f0       Encode                     00000001800657f0 f   sfc_debug:ckmd5.obj
 0001:00064840       Decode                     0000000180065840 f   sfc_debug:ckmd5.obj
 0001:000648e0       MD5Transform               00000001800658e0 f   sfc_debug:ckmd5.obj
 0001:00065130       md5file_addn               0000000180066130 f   sfc_debug:ckmd5.obj
 0001:00065200       md5file_hash               0000000180066200 f   sfc_debug:ckmd5.obj
 0001:000659ac       pre_c_init                 00000001800669ac f   MSVCRT:crtdll.obj
 0001:00065c68       __DllMainCRTStartup        0000000180066c68 f   MSVCRT:crtdll.obj
 0001:00066350       __DllMainCRTStartup$filt$0 0000000180067350 f   MSVCRT:crtdll.obj
 0001:00066380       __DllMainCRTStartup$fin$1  0000000180067380 f   MSVCRT:crtdll.obj
 0001:00066399       _onexit$fin$0              0000000180067399 f   MSVCRT:atonexit.obj
 0001:000663c0       _IsNonwritableInCurrentImage$filt$0 00000001800673c0 f   MSVCRT:pesect.obj
