 EurlerDynJointVerify_sfun

 Timestamp is 54eec00f (Thu Feb 26 14:41:19 2015)

 Preferred load address is 0000000180000000

 Start         Length     Name                   Class
 0001:00000000 0023d92cH .text                   CODE
 0001:0023d930 0000005eH .text$00                CODE
 0001:0023d990 00000091H .text$x                 CODE
 0002:00000000 000004c8H .idata$5                DATA
 0002:000004c8 00000008H .CRT$XCA                DATA
 0002:000004d0 00000008H .CRT$XCZ                DATA
 0002:000004d8 00000008H .CRT$XIA                DATA
 0002:000004e0 00000008H .CRT$XIAA               DATA
 0002:000004e8 00000008H .CRT$XIZ                DATA
 0002:000004f0 00004afcH .rdata                  DATA
 0002:00004ff0 00000008H .rtc$IAA                DATA
 0002:00004ff8 00000008H .rtc$IZZ                DATA
 0002:00005000 00000008H .rtc$TAA                DATA
 0002:00005008 00000008H .rtc$TZZ                DATA
 0002:00005010 0000693cH .xdata                  DATA
 0002:0000b94c 000000b4H .idata$2                DATA
 0002:0000ba00 00000014H .idata$3                DATA
 0002:0000ba18 000004c8H .idata$4                DATA
 0002:0000bee0 00000aa2H .idata$6                DATA
 0002:0000c990 0000005fH .edata                  DATA
 0003:00000000 00059168H .data                   DATA
 0003:00059180 00002d78H .bss                    DATA
 0004:00000000 000065f4H .pdata                  DATA

  Address         Publics by Value              Rva+Base               Lib:Object

 0000:00000000       ___safe_se_handler_count   0000000000000000     <absolute>
 0000:00000000       ___safe_se_handler_table   0000000000000000     <absolute>
 0000:00000000       __ImageBase                0000000180000000     <linker-defined>
 0001:00000000       sf_c1_EurlerDynJointVerify_get_eml_resolved_functions_info 0000000180001000 f   c1_EurlerDynJointVerify.obj
 0001:000032e0       sf_c1_EurlerDynJointVerify_get_check_sum 00000001800042e0 f   c1_EurlerDynJointVerify.obj
 0001:00003360       sf_c1_EurlerDynJointVerify_get_autoinheritance_info 0000000180004360 f   c1_EurlerDynJointVerify.obj
 0001:00003a90       c1_EurlerDynJointVerify_method_dispatcher 0000000180004a90 f   c1_EurlerDynJointVerify.obj
 0001:00012770       sf_c2_EurlerDynJointVerify_get_eml_resolved_functions_info 0000000180013770 f   c2_EurlerDynJointVerify.obj
 0001:000164b0       sf_c2_EurlerDynJointVerify_get_check_sum 00000001800174b0 f   c2_EurlerDynJointVerify.obj
 0001:00016530       sf_c2_EurlerDynJointVerify_get_autoinheritance_info 0000000180017530 f   c2_EurlerDynJointVerify.obj
 0001:00016c60       c2_EurlerDynJointVerify_method_dispatcher 0000000180017c60 f   c2_EurlerDynJointVerify.obj
 0001:00039a30       sf_c3_EurlerDynJointVerify_get_eml_resolved_functions_info 000000018003aa30 f   c3_EurlerDynJointVerify.obj
 0001:0003d2b0       sf_c3_EurlerDynJointVerify_get_check_sum 000000018003e2b0 f   c3_EurlerDynJointVerify.obj
 0001:0003d330       sf_c3_EurlerDynJointVerify_get_autoinheritance_info 000000018003e330 f   c3_EurlerDynJointVerify.obj
 0001:0003e4b0       c3_EurlerDynJointVerify_method_dispatcher 000000018003f4b0 f   c3_EurlerDynJointVerify.obj
 0001:0006fe30       sf_c4_EurlerDynJointVerify_get_eml_resolved_functions_info 0000000180070e30 f   c4_EurlerDynJointVerify.obj
 0001:00073b00       sf_c4_EurlerDynJointVerify_get_check_sum 0000000180074b00 f   c4_EurlerDynJointVerify.obj
 0001:00073b80       sf_c4_EurlerDynJointVerify_get_autoinheritance_info 0000000180074b80 f   c4_EurlerDynJointVerify.obj
 0001:000742b0       c4_EurlerDynJointVerify_method_dispatcher 00000001800752b0 f   c4_EurlerDynJointVerify.obj
 0001:000973f0       sf_c5_EurlerDynJointVerify_get_eml_resolved_functions_info 00000001800983f0 f   c5_EurlerDynJointVerify.obj
 0001:0009a740       sf_c5_EurlerDynJointVerify_get_check_sum 000000018009b740 f   c5_EurlerDynJointVerify.obj
 0001:0009a7c0       sf_c5_EurlerDynJointVerify_get_autoinheritance_info 000000018009b7c0 f   c5_EurlerDynJointVerify.obj
 0001:0009aef0       c5_EurlerDynJointVerify_method_dispatcher 000000018009bef0 f   c5_EurlerDynJointVerify.obj
 0001:000a9d00       sf_c6_EurlerDynJointVerify_get_eml_resolved_functions_info 00000001800aad00 f   c6_EurlerDynJointVerify.obj
 0001:000ab2f0       sf_c6_EurlerDynJointVerify_get_check_sum 00000001800ac2f0 f   c6_EurlerDynJointVerify.obj
 0001:000ab370       sf_c6_EurlerDynJointVerify_get_autoinheritance_info 00000001800ac370 f   c6_EurlerDynJointVerify.obj
 0001:000ab950       c6_EurlerDynJointVerify_method_dispatcher 00000001800ac950 f   c6_EurlerDynJointVerify.obj
 0001:000b1ef0       sf_c7_EurlerDynJointVerify_get_eml_resolved_functions_info 00000001800b2ef0 f   c7_EurlerDynJointVerify.obj
 0001:000b3e70       sf_c7_EurlerDynJointVerify_get_check_sum 00000001800b4e70 f   c7_EurlerDynJointVerify.obj
 0001:000b3ef0       sf_c7_EurlerDynJointVerify_get_autoinheritance_info 00000001800b4ef0 f   c7_EurlerDynJointVerify.obj
 0001:000b4620       c7_EurlerDynJointVerify_method_dispatcher 00000001800b5620 f   c7_EurlerDynJointVerify.obj
 0001:000be940       sf_c8_EurlerDynJointVerify_get_eml_resolved_functions_info 00000001800bf940 f   c8_EurlerDynJointVerify.obj
 0001:000c2660       sf_c8_EurlerDynJointVerify_get_check_sum 00000001800c3660 f   c8_EurlerDynJointVerify.obj
 0001:000c26e0       sf_c8_EurlerDynJointVerify_get_autoinheritance_info 00000001800c36e0 f   c8_EurlerDynJointVerify.obj
 0001:000c2e10       c8_EurlerDynJointVerify_method_dispatcher 00000001800c3e10 f   c8_EurlerDynJointVerify.obj
 0001:000e5cf0       sf_c9_EurlerDynJointVerify_get_eml_resolved_functions_info 00000001800e6cf0 f   c9_EurlerDynJointVerify.obj
 0001:000e9040       sf_c9_EurlerDynJointVerify_get_check_sum 00000001800ea040 f   c9_EurlerDynJointVerify.obj
 0001:000e90c0       sf_c9_EurlerDynJointVerify_get_autoinheritance_info 00000001800ea0c0 f   c9_EurlerDynJointVerify.obj
 0001:000e97f0       c9_EurlerDynJointVerify_method_dispatcher 00000001800ea7f0 f   c9_EurlerDynJointVerify.obj
 0001:000f8410       sf_c10_EurlerDynJointVerify_get_eml_resolved_functions_info 00000001800f9410 f   c10_EurlerDynJointVerify.obj
 0001:000fc120       sf_c10_EurlerDynJointVerify_get_check_sum 00000001800fd120 f   c10_EurlerDynJointVerify.obj
 0001:000fc1a0       sf_c10_EurlerDynJointVerify_get_autoinheritance_info 00000001800fd1a0 f   c10_EurlerDynJointVerify.obj
 0001:000fc8d0       c10_EurlerDynJointVerify_method_dispatcher 00000001800fd8d0 f   c10_EurlerDynJointVerify.obj
 0001:0011f990       sf_c11_EurlerDynJointVerify_get_eml_resolved_functions_info 0000000180120990 f   c11_EurlerDynJointVerify.obj
 0001:00122c70       sf_c11_EurlerDynJointVerify_get_check_sum 0000000180123c70 f   c11_EurlerDynJointVerify.obj
 0001:00122cf0       sf_c11_EurlerDynJointVerify_get_autoinheritance_info 0000000180123cf0 f   c11_EurlerDynJointVerify.obj
 0001:00123420       c11_EurlerDynJointVerify_method_dispatcher 0000000180124420 f   c11_EurlerDynJointVerify.obj
 0001:00132070       sf_c12_EurlerDynJointVerify_get_eml_resolved_functions_info 0000000180133070 f   c12_EurlerDynJointVerify.obj
 0001:00133660       sf_c12_EurlerDynJointVerify_get_check_sum 0000000180134660 f   c12_EurlerDynJointVerify.obj
 0001:001336e0       sf_c12_EurlerDynJointVerify_get_autoinheritance_info 00000001801346e0 f   c12_EurlerDynJointVerify.obj
 0001:00133cc0       c12_EurlerDynJointVerify_method_dispatcher 0000000180134cc0 f   c12_EurlerDynJointVerify.obj
 0001:0013a270       sf_c13_EurlerDynJointVerify_get_eml_resolved_functions_info 000000018013b270 f   c13_EurlerDynJointVerify.obj
 0001:0013c200       sf_c13_EurlerDynJointVerify_get_check_sum 000000018013d200 f   c13_EurlerDynJointVerify.obj
 0001:0013c280       sf_c13_EurlerDynJointVerify_get_autoinheritance_info 000000018013d280 f   c13_EurlerDynJointVerify.obj
 0001:0013c9b0       c13_EurlerDynJointVerify_method_dispatcher 000000018013d9b0 f   c13_EurlerDynJointVerify.obj
 0001:00146c40       sf_c14_EurlerDynJointVerify_get_eml_resolved_functions_info 0000000180147c40 f   c14_EurlerDynJointVerify.obj
 0001:0014a910       sf_c14_EurlerDynJointVerify_get_check_sum 000000018014b910 f   c14_EurlerDynJointVerify.obj
 0001:0014a990       sf_c14_EurlerDynJointVerify_get_autoinheritance_info 000000018014b990 f   c14_EurlerDynJointVerify.obj
 0001:0014b0c0       c14_EurlerDynJointVerify_method_dispatcher 000000018014c0c0 f   c14_EurlerDynJointVerify.obj
 0001:0016df60       sf_c15_EurlerDynJointVerify_get_eml_resolved_functions_info 000000018016ef60 f   c15_EurlerDynJointVerify.obj
 0001:00171240       sf_c15_EurlerDynJointVerify_get_check_sum 0000000180172240 f   c15_EurlerDynJointVerify.obj
 0001:001712c0       sf_c15_EurlerDynJointVerify_get_autoinheritance_info 00000001801722c0 f   c15_EurlerDynJointVerify.obj
 0001:001719f0       c15_EurlerDynJointVerify_method_dispatcher 00000001801729f0 f   c15_EurlerDynJointVerify.obj
 0001:001805f0       sf_c16_EurlerDynJointVerify_get_eml_resolved_functions_info 00000001801815f0 f   c16_EurlerDynJointVerify.obj
 0001:00184310       sf_c16_EurlerDynJointVerify_get_check_sum 0000000180185310 f   c16_EurlerDynJointVerify.obj
 0001:00184390       sf_c16_EurlerDynJointVerify_get_autoinheritance_info 0000000180185390 f   c16_EurlerDynJointVerify.obj
 0001:00184ac0       c16_EurlerDynJointVerify_method_dispatcher 0000000180185ac0 f   c16_EurlerDynJointVerify.obj
 0001:001a7b60       sf_c17_EurlerDynJointVerify_get_eml_resolved_functions_info 00000001801a8b60 f   c17_EurlerDynJointVerify.obj
 0001:001aae90       sf_c17_EurlerDynJointVerify_get_check_sum 00000001801abe90 f   c17_EurlerDynJointVerify.obj
 0001:001aaf10       sf_c17_EurlerDynJointVerify_get_autoinheritance_info 00000001801abf10 f   c17_EurlerDynJointVerify.obj
 0001:001ab640       c17_EurlerDynJointVerify_method_dispatcher 00000001801ac640 f   c17_EurlerDynJointVerify.obj
 0001:001ba390       sf_c18_EurlerDynJointVerify_get_eml_resolved_functions_info 00000001801bb390 f   c18_EurlerDynJointVerify.obj
 0001:001bb980       sf_c18_EurlerDynJointVerify_get_check_sum 00000001801bc980 f   c18_EurlerDynJointVerify.obj
 0001:001bba00       sf_c18_EurlerDynJointVerify_get_autoinheritance_info 00000001801bca00 f   c18_EurlerDynJointVerify.obj
 0001:001bbfe0       c18_EurlerDynJointVerify_method_dispatcher 00000001801bcfe0 f   c18_EurlerDynJointVerify.obj
 0001:001c24e0       sf_c19_EurlerDynJointVerify_get_eml_resolved_functions_info 00000001801c34e0 f   c19_EurlerDynJointVerify.obj
 0001:001c4480       sf_c19_EurlerDynJointVerify_get_check_sum 00000001801c5480 f   c19_EurlerDynJointVerify.obj
 0001:001c4500       sf_c19_EurlerDynJointVerify_get_autoinheritance_info 00000001801c5500 f   c19_EurlerDynJointVerify.obj
 0001:001c4c30       c19_EurlerDynJointVerify_method_dispatcher 00000001801c5c30 f   c19_EurlerDynJointVerify.obj
 0001:001cf040       sf_c20_EurlerDynJointVerify_get_eml_resolved_functions_info 00000001801d0040 f   c20_EurlerDynJointVerify.obj
 0001:001d2a40       sf_c20_EurlerDynJointVerify_get_check_sum 00000001801d3a40 f   c20_EurlerDynJointVerify.obj
 0001:001d2ac0       sf_c20_EurlerDynJointVerify_get_autoinheritance_info 00000001801d3ac0 f   c20_EurlerDynJointVerify.obj
 0001:001d3c40       c20_EurlerDynJointVerify_method_dispatcher 00000001801d4c40 f   c20_EurlerDynJointVerify.obj
 0001:00208540       sf_process_check_sum_call  0000000180209540 f   EurlerDynJointVerify_sfun_registry.obj
 0001:00208590       sf_process_autoinheritance_call 0000000180209590 f   EurlerDynJointVerify_sfun_registry.obj
 0001:002085e0       sf_process_get_eml_resolved_functions_info_call 00000001802095e0 f   EurlerDynJointVerify_sfun_registry.obj
 0001:00208760       sf_mex_unlock_call         0000000180209760 f   EurlerDynJointVerify_sfun_registry.obj
 0001:00208810       sf_machine_global_initializer_called 0000000180209810 f   EurlerDynJointVerify_sfun_registry.obj
 0001:00208840       sf_machine_global_method_dispatcher 0000000180209840 f   EurlerDynJointVerify_sfun_registry.obj
 0001:002088a0       sf_machine_global_terminator 00000001802098a0 f   EurlerDynJointVerify_sfun_registry.obj
 0001:002088e0       sf_register_machine_exported_symbols 00000001802098e0 f   EurlerDynJointVerify_sfun_registry.obj
 0001:00208900       callCustomFcn              0000000180209900 f   EurlerDynJointVerify_sfun_registry.obj
 0001:00208910       sf_machine_global_initializer 0000000180209910 f   EurlerDynJointVerify_sfun_registry.obj
 0001:00208980       _ssSetInputPortMatrixDimensions 0000000180209980 f   EurlerDynJointVerify_sfun_registry.obj
 0001:00208a90       _ssSetOutputPortMatrixDimensions 0000000180209a90 f   EurlerDynJointVerify_sfun_registry.obj
 0001:00208ba0       _ssSetInputPortVectorDimension 0000000180209ba0 f   EurlerDynJointVerify_sfun_registry.obj
 0001:00208c60       _ssSetOutputPortVectorDimension 0000000180209c60 f   EurlerDynJointVerify_sfun_registry.obj
 0001:00208d20       ssIsRunTimeParamTunable    0000000180209d20 f   EurlerDynJointVerify_sfun_registry.obj
 0001:00208d90       ssGetSFuncBlockHandle      0000000180209d90 f   EurlerDynJointVerify_sfun_registry.obj
 0001:00208e00       _ssGetCurrentInputPortWidth 0000000180209e00 f   EurlerDynJointVerify_sfun_registry.obj
 0001:00208f20       _ssGetCurrentOutputPortWidth 0000000180209f20 f   EurlerDynJointVerify_sfun_registry.obj
 0001:00209040       _ssGetCallSystemNumFcnCallDestinations 000000018020a040 f   EurlerDynJointVerify_sfun_registry.obj
 0001:002090b0       ssWarning                  000000018020a0b0 f   EurlerDynJointVerify_sfun_registry.obj
 0001:00209190       ssGetIsZeroCrossControlDisabled 000000018020a190 f   EurlerDynJointVerify_sfun_registry.obj
 0001:00209200       ssSetIsInputPortUsedForContZcSignal 000000018020a200 f   EurlerDynJointVerify_sfun_registry.obj
 0001:00209270       ssSetZcSignalIsZcElementDisc 000000018020a270 f   EurlerDynJointVerify_sfun_registry.obj
 0001:00209300       ssSetZcSignalName          000000018020a300 f   EurlerDynJointVerify_sfun_registry.obj
 0001:00209370       ssSetZcSignalWidth         000000018020a370 f   EurlerDynJointVerify_sfun_registry.obj
 0001:002093e0       ssSetZcSignalZcEventType   000000018020a3e0 f   EurlerDynJointVerify_sfun_registry.obj
 0001:00209450       ssSetZcSignalType          000000018020a450 f   EurlerDynJointVerify_sfun_registry.obj
 0001:002094c0       ssSetZcSignalZcTol         000000018020a4c0 f   EurlerDynJointVerify_sfun_registry.obj
 0001:00209530       ssSetZcSignalNeedsEventNotification 000000018020a530 f   EurlerDynJointVerify_sfun_registry.obj
 0001:002095a0       ssCreateAndAddZcSignalInfo 000000018020a5a0 f   EurlerDynJointVerify_sfun_registry.obj
 0001:00209610       ssCloneAndAddZcSignalInfo  000000018020a610 f   EurlerDynJointVerify_sfun_registry.obj
 0001:00209680       ssGetNumZcSignals          000000018020a680 f   EurlerDynJointVerify_sfun_registry.obj
 0001:002096f0       ssGetZcSignalVector        000000018020a6f0 f   EurlerDynJointVerify_sfun_registry.obj
 0001:00209760       ssGetZcSignalZcEvents      000000018020a760 f   EurlerDynJointVerify_sfun_registry.obj
 0001:002097d0       ssGetZcSignalName          000000018020a7d0 f   EurlerDynJointVerify_sfun_registry.obj
 0001:00209840       ssGetZcSignalWidth         000000018020a840 f   EurlerDynJointVerify_sfun_registry.obj
 0001:002098b0       ssGetZcSignalZcEventType   000000018020a8b0 f   EurlerDynJointVerify_sfun_registry.obj
 0001:00209920       ssGetZcSignalType          000000018020a920 f   EurlerDynJointVerify_sfun_registry.obj
 0001:00209990       ssGetZcSignalZcTol         000000018020a990 f   EurlerDynJointVerify_sfun_registry.obj
 0001:00209a10       ssGetZcSignalNeedsEventNotification 000000018020aa10 f   EurlerDynJointVerify_sfun_registry.obj
 0001:00209a80       ssGetZcSignalIsZcElementDisc 000000018020aa80 f   EurlerDynJointVerify_sfun_registry.obj
 0001:00209b00       ssGetIsInputPortElementContinuous 000000018020ab00 f   EurlerDynJointVerify_sfun_registry.obj
 0001:00209b80       _ssGetInputPortSignalPtrsFcn 000000018020ab80 f   EurlerDynJointVerify_sfun_registry.obj
 0001:00209df0       _ssGetInputPortSignalFcn   000000018020adf0 f   EurlerDynJointVerify_sfun_registry.obj
 0001:00209fc0       _ssSetInputPortDirectFeedThroughFcn 000000018020afc0 f   EurlerDynJointVerify_sfun_registry.obj
 0001:0020a110       _ssSetInputPortReusableFcn 000000018020b110 f   EurlerDynJointVerify_sfun_registry.obj
 0001:0020a200       _ssSetOutputPortReusableFcn 000000018020b200 f   EurlerDynJointVerify_sfun_registry.obj
 0001:0020a2e0       ssGetDTypeIdFromMxArray    000000018020b2e0 f   EurlerDynJointVerify_sfun_registry.obj
 0001:0020a400       ssWriteRTWStr              000000018020b400 f   EurlerDynJointVerify_sfun_registry.obj
 0001:0020a460       ssWriteRTWMxVectParam      000000018020b460 f   EurlerDynJointVerify_sfun_registry.obj
 0001:0020a4c0       ssWriteRTWMx2dMatParam     000000018020b4c0 f   EurlerDynJointVerify_sfun_registry.obj
 0001:0020a540       ssWriteRTWNameValuePair    000000018020b540 f   EurlerDynJointVerify_sfun_registry.obj
 0001:0020aa20       ssWriteRTWParameters       000000018020ba20 f   EurlerDynJointVerify_sfun_registry.obj
 0001:0020b020       ssWriteRTWParamSettings    000000018020c020 f   EurlerDynJointVerify_sfun_registry.obj
 0001:0020b6f0       ssWriteRTWWorkVect         000000018020c6f0 f   EurlerDynJointVerify_sfun_registry.obj
 0001:0020bbf0       mexFunction                000000018020cbf0 f   EurlerDynJointVerify_sfun_registry.obj
 0001:0020d880       ProcessMexSfunctionEveryCall 000000018020e880 f   EurlerDynJointVerify_sfun_registry.obj
 0001:0020d9f0       EurlerDynJointVerify_initializer 000000018020e9f0 f   EurlerDynJointVerify_sfun.obj
 0001:0020da10       EurlerDynJointVerify_terminator 000000018020ea10 f   EurlerDynJointVerify_sfun.obj
 0001:0020da20       sf_EurlerDynJointVerify_method_dispatcher 000000018020ea20 f   EurlerDynJointVerify_sfun.obj
 0001:0020dd10       sf_EurlerDynJointVerify_process_check_sum_call 000000018020ed10 f   EurlerDynJointVerify_sfun.obj
 0001:0020e2b0       sf_EurlerDynJointVerify_autoinheritance_info 000000018020f2b0 f   EurlerDynJointVerify_sfun.obj
 0001:0020e5b0       sf_EurlerDynJointVerify_get_eml_resolved_functions_info 000000018020f5b0 f   EurlerDynJointVerify_sfun.obj
 0001:0020ebb0       EurlerDynJointVerify_debug_initialize 000000018020fbb0 f   EurlerDynJointVerify_sfun.obj
 0001:0020ec20       EurlerDynJointVerify_register_exported_symbols 000000018020fc20 f   EurlerDynJointVerify_sfun.obj
 0001:0020ecd0       sf_mex_mx_is_numeric       000000018020fcd0 f   sfc_mex:sfc_mex.obj
 0001:0020ed10       strcmp_ignore_ws           000000018020fd10 f   sfc_mex:sfc_mex.obj
 0001:0020ee50       sf_mex_duplicatearraysafe  000000018020fe50 f   sfc_mex:sfc_mex.obj
 0001:0020efb0       sf_set_error_debugger_context_message_fcn 000000018020ffb0 f   sfc_mex:sfc_mex.obj
 0001:0020efc0       sf_set_debugger_matlab_error_fcn 000000018020ffc0 f   sfc_mex:sfc_mex.obj
 0001:0020eff0       sf_set_error_prefix_string 000000018020fff0 f   sfc_mex:sfc_mex.obj
 0001:0020f020       sf_get_error_prefix_string 0000000180210020 f   sfc_mex:sfc_mex.obj
 0001:0020f030       sf_get_current_jmp_buf_ptr 0000000180210030 f   sfc_mex:sfc_mex.obj
 0001:0020f040       sf_set_current_jmp_buf_ptr 0000000180210040 f   sfc_mex:sfc_mex.obj
 0001:0020f050       sf_mex_set_halt_simulation 0000000180210050 f   sfc_mex:sfc_mex.obj
 0001:0020f060       sf_mex_get_halt_simulation 0000000180210060 f   sfc_mex:sfc_mex.obj
 0001:0020f070       sf_mex_clear_error_message 0000000180210070 f   sfc_mex:sfc_mex.obj
 0001:0020f090       sf_mex_get_error_message_for_read 0000000180210090 f   sfc_mex:sfc_mex.obj
 0001:0020f0a0       sf_mex_get_error_message_buffer_length 00000001802100a0 f   sfc_mex:sfc_mex.obj
 0001:0020f190       sf_mex_warning_message     0000000180210190 f   sfc_mex:sfc_mex.obj
 0001:0020f200       sf_mex_v_errbuf_createf    0000000180210200 f   sfc_mex:sfc_mex.obj
 0001:0020f210       sf_mex_errbuf_createf      0000000180210210 f   sfc_mex:sfc_mex.obj
 0001:0020f240       sf_mex_v_errbuf_catf       0000000180210240 f   sfc_mex:sfc_mex.obj
 0001:0020f280       sf_mex_errbuf_catf         0000000180210280 f   sfc_mex:sfc_mex.obj
 0001:0020f2d0       sf_mex_errbuf_copy         00000001802102d0 f   sfc_mex:sfc_mex.obj
 0001:0020f2e0       sf_mex_errbuf_clear        00000001802102e0 f   sfc_mex:sfc_mex.obj
 0001:0020f2f0       sf_mex_errbuf_isempty      00000001802102f0 f   sfc_mex:sfc_mex.obj
 0001:0020f400       sf_mex_set_error_status    0000000180210400 f   sfc_mex:sfc_mex.obj
 0001:0020f450       sf_mex_error_direct_call   0000000180210450 f   sfc_mex:sfc_mex.obj
 0001:0020f470       sf_mex_long_jump_on_error  0000000180210470 f   sfc_mex:sfc_mex.obj
 0001:0020f4a0       sf_mex_call_matlab         00000001802104a0 f   sfc_mex:sfc_mex.obj
 0001:0020f5c0       sf_mex_check_builtin       00000001802105c0 f   sfc_mex:sfc_mex.obj
 0001:0020f600       sf_mex_check_builtin_vs    0000000180210600 f   sfc_mex:sfc_mex.obj
 0001:0020f660       sf_mex_check_enum          0000000180210660 f   sfc_mex:sfc_mex.obj
 0001:0020f690       sf_mex_create_enum         0000000180210690 f   sfc_mex:sfc_mex.obj
 0001:0020f6b0       sf_mex_get_enum_element    00000001802106b0 f   sfc_mex:sfc_mex.obj
 0001:0020f6c0       sf_mex_createcellarray     00000001802106c0 f   sfc_mex:sfc_mex.obj
 0001:0020f6d0       sf_mex_setcell             00000001802106d0 f   sfc_mex:sfc_mex.obj
 0001:0020f6e0       sf_mex_getcell             00000001802106e0 f   sfc_mex:sfc_mex.obj
 0001:0020f6f0       sf_mex_dup                 00000001802106f0 f   sfc_mex:sfc_mex.obj
 0001:0020f710       sf_mex_assign              0000000180210710 f   sfc_mex:sfc_mex.obj
 0001:0020f770       sf_mex_destroy             0000000180210770 f   sfc_mex:sfc_mex.obj
 0001:0020f7a0       mx_array_has_fi_type       00000001802107a0 f   sfc_mex:sfc_mex.obj
 0001:0020f7d0       sf_mex_convert_from_fi     00000001802107d0 f   sfc_mex:sfc_mex.obj
 0001:0020f930       sf_mex_convert_to_double   0000000180210930 f   sfc_mex:sfc_mex.obj
 0001:0020fa50       sf_mex_import_fi_vs        0000000180210a50 f   sfc_mex:sfc_mex.obj
 0001:0020fc80       sf_matrix_matrix_index_ok  0000000180210c80 f   sfc_mex:sfc_mex.obj
 0001:0020fd10       sf_vector_vector_index_ok  0000000180210d10 f   sfc_mex:sfc_mex.obj
 0001:0020fd40       ssGetCurrentInputPortDimensions_wrapper 0000000180210d40 f   sfc_mex:sfc_mex.obj
 0001:0020fd60       ssGetCurrentOutputPortDimensions_wrapper 0000000180210d60 f   sfc_mex:sfc_mex.obj
 0001:0020fd80       sf_mex_emlrt_context_is_debug_mode 0000000180210d80 f   sfc_mex:sfc_mex.obj
 0001:0020fd90       sf_mex_emlrt_context_set_debug_mode 0000000180210d90 f   sfc_mex:sfc_mex.obj
 0001:0020fda0       sf_clear_error_manager_info 0000000180210da0 f   sfc_mex:sfc_mex.obj
 0001:0020fdf0       sf_mex_stop_simulation_abruptly_wo_error 0000000180210df0 f   sfc_mex:sfc_mex.obj
 0001:0020fe30       sf_mex_error_message       0000000180210e30 f   sfc_mex:sfc_mex.obj
 0001:0020fe90       sf_react_to_error_in_matlab_call 0000000180210e90 f   sfc_mex:sfc_mex.obj
 0001:0020fec0       sf_mex_addfield            0000000180210ec0 f   sfc_mex:sfc_mex.obj
 0001:0020ff60       sf_mex_getfield            0000000180210f60 f   sfc_mex:sfc_mex.obj
 0001:00210210       sf_mex_check_class         0000000180211210 f   sfc_mex:sfc_mex.obj
 0001:002102a0       sf_mex_is_real             00000001802112a0 f   sfc_mex:sfc_mex.obj
 0001:002103c0       sf_mex_check_complex       00000001802113c0 f   sfc_mex:sfc_mex.obj
 0001:00210420       sf_mex_check_sparse        0000000180211420 f   sfc_mex:sfc_mex.obj
 0001:00210490       sf_mex_check_numerictype   0000000180211490 f   sfc_mex:sfc_mex.obj
 0001:002106f0       sf_mex_check_fimath        00000001802116f0 f   sfc_mex:sfc_mex.obj
 0001:00210950       sf_mex_decode_encoded_mx_struct_array 0000000180211950 f   sfc_mex:sfc_mex.obj
 0001:00210c20       sf_mex_lw_bounds_check     0000000180211c20 f   sfc_mex:sfc_mex.obj
 0001:00210c50       sf_mex_lw_size_eq_check_1d 0000000180211c50 f   sfc_mex:sfc_mex.obj
 0001:00210c70       sf_mex_lw_size_eq_check_nd 0000000180211c70 f   sfc_mex:sfc_mex.obj
 0001:00210e60       sf_mex_lw_dim_size_eq_check 0000000180211e60 f   sfc_mex:sfc_mex.obj
 0001:00210e90       sf_mex_lw_dim_size_geq_check 0000000180211e90 f   sfc_mex:sfc_mex.obj
 0001:00210ec0       sf_mex_lw_sub_assign_size_check_nd 0000000180211ec0 f   sfc_mex:sfc_mex.obj
 0001:00211100       sf_mex_lw_matrix_matrix_index_check 0000000180212100 f   sfc_mex:sfc_mex.obj
 0001:00211190       sf_mex_lw_vector_vector_index_check 0000000180212190 f   sfc_mex:sfc_mex.obj
 0001:002111d0       sf_mex_lw_non_negative_check 00000001802121d0 f   sfc_mex:sfc_mex.obj
 0001:00211210       sf_mex_overflow_error      0000000180212210 f   sfc_mex:sfc_mex.obj
 0001:00211220       sf_mex_dividebyzero_error  0000000180212220 f   sfc_mex:sfc_mex.obj
 0001:00211230       sf_mex_unsafe_enum_error   0000000180212230 f   sfc_mex:sfc_mex.obj
 0001:00211240       sf_emlrtErrHandler         0000000180212240 f   sfc_mex:sfc_mex.obj
 0001:00211270       sf_mex_printf              0000000180212270 f   sfc_mex:sfc_mex.obj
 0001:002114a0       sf_mex_check_size          00000001802124a0 f   sfc_mex:sfc_mex.obj
 0001:002117a0       sf_mex_check_struct        00000001802127a0 f   sfc_mex:sfc_mex.obj
 0001:00211960       sf_mex_check_struct_vs     0000000180212960 f   sfc_mex:sfc_mex.obj
 0001:002119f0       sf_mex_check_fi            00000001802129f0 f   sfc_mex:sfc_mex.obj
 0001:00211c50       sf_mex_check_fi_vs         0000000180212c50 f   sfc_mex:sfc_mex.obj
 0001:00211cf0       sf_echo_expression         0000000180212cf0 f   sfc_mex:sfc_mex.obj
 0001:00211d50       sf_assertion_failed        0000000180212d50 f   sfc_mex:sfc_mex.obj
 0001:00211f20       sf_mex_evalin              0000000180212f20 f   sfc_mex:sfc_mex.obj
 0001:00212240       sf_mex_export              0000000180213240 f   sfc_mex:sfc_mex.obj
 0001:002122e0       sf_mex_get_ml_var_no_error 00000001802132e0 f   sfc_mex:sfc_mex.obj
 0001:00212560       sf_mex_get_ml_var          0000000180213560 f   sfc_mex:sfc_mex.obj
 0001:002128e0       ml_set_element_value_in_array 00000001802138e0 f   sfc_mex:sfc_mex.obj
 0001:00213d70       sf_mex_call_impl           0000000180214d70 f   sfc_mex:sfc_mex.obj
 0001:00214330       sf_mex_call_debug          0000000180215330 f   sfc_mex:sfc_mex.obj
 0001:00214360       sf_mex_call                0000000180215360 f   sfc_mex:sfc_mex.obj
 0001:00214970       sf_mex_createstruct        0000000180215970 f   sfc_mex:sfc_mex.obj
 0001:00214a60       sf_mex_createstructarray   0000000180215a60 f   sfc_mex:sfc_mex.obj
 0001:00214ae0       sf_mex_get_mx_datatype_from_sf_datatype 0000000180215ae0 f   sfc_mex:sfc_mex.obj
 0001:00214df0       sf_mex_ml_var_sub          0000000180215df0 f   sfc_mex:sfc_mex.obj
 0001:00214fc0       sf_mex_ml_var_subsasgn     0000000180215fc0 f   sfc_mex:sfc_mex.obj
 0001:002153d0       sf_mex_sub                 00000001802163d0 f   sfc_mex:sfc_mex.obj
 0001:002155f0       sf_mex_subsasgn            00000001802165f0 f   sfc_mex:sfc_mex.obj
 0001:002161a0       sf_mex_create              00000001802171a0 f   sfc_mex:sfc_mex.obj
 0001:00217020       sf_mex_import              0000000180218020 f   sfc_mex:sfc_mex.obj
 0001:00217130       sf_mex_import_vs           0000000180218130 f   sfc_mex:sfc_mex.obj
 0001:00217240       sf_mex_lower_fixpt_mx_array 0000000180218240 f   sfc_mex:sfc_mex.obj
 0001:00217880       sim_mode_is_rtw_gen        0000000180218880 f   sfc_mex:sfc_sf.obj
 0001:002178b0       sim_mode_is_external       00000001802188b0 f   sfc_mex:sfc_sf.obj
 0001:002178c0       mdlInitializeSizes         00000001802188c0 f   sfc_mex:sfc_sf.obj
 0001:002178e0       mdlInitializeSampleTimes   00000001802188e0 f   sfc_mex:sfc_sf.obj
 0001:00217920       mdlZeroCrossings           0000000180218920 f   sfc_mex:sfc_sf.obj
 0001:00217a00       mdlDerivatives             0000000180218a00 f   sfc_mex:sfc_sf.obj
 0001:00217ab0       mdl_initialize_conditions_processing 0000000180218ab0 f   sfc_mex:sfc_sf.obj
 0001:00217ae0       mdlInitializeConditions    0000000180218ae0 f   sfc_mex:sfc_sf.obj
 0001:00217ba0       mdlGetSimState             0000000180218ba0 f   sfc_mex:sfc_sf.obj
 0001:00217bb0       mdlSetSimState             0000000180218bb0 f   sfc_mex:sfc_sf.obj
 0001:00217bc0       mdl_ext_mode_exec_processing 0000000180218bc0 f   sfc_mex:sfc_sf.obj
 0001:00217be0       mdlExtModeExec             0000000180218be0 f   sfc_mex:sfc_sf.obj
 0001:00217e40       mdlTerminate               0000000180218e40 f   sfc_mex:sfc_sf.obj
 0001:00217eb0       mdlRTW                     0000000180218eb0 f   sfc_mex:sfc_sf.obj
 0001:00217ee0       mdlSetWorkWidths           0000000180218ee0 f   sfc_mex:sfc_sf.obj
 0001:00217ef0       mdlProcessParameters       0000000180218ef0 f   sfc_mex:sfc_sf.obj
 0001:00217f00       mdl_start_processing       0000000180218f00 f   sfc_mex:sfc_sf.obj
 0001:00217f40       mdlStart                   0000000180218f40 f   sfc_mex:sfc_sf.obj
 0001:00218030       mdlEnable                  0000000180219030 f   sfc_mex:sfc_sf.obj
 0001:00218100       mdlDisable                 0000000180219100 f   sfc_mex:sfc_sf.obj
 0001:002181b0       sf_get_chart_instance_ptr  00000001802191b0 f   sfc_mex:sfc_sf.obj
 0001:002181d0       sf_rtw_info_uint_prop      00000001802191d0 f   sfc_mex:sfc_sf.obj
 0001:002183b0       sf_is_chart_inlinable      00000001802193b0 f   sfc_mex:sfc_sf.obj
 0001:002183d0       sf_mark_output_events_with_multiple_callers 00000001802193d0 f   sfc_mex:sfc_sf.obj
 0001:002185f0       sf_mark_chart_reusable_outputs 00000001802195f0 f   sfc_mex:sfc_sf.obj
 0001:002188d0       sf_mark_chart_expressionable_inputs 00000001802198d0 f   sfc_mex:sfc_sf.obj
 0001:00218ca0       sf_get_subchart_simstruct  0000000180219ca0 f   sfc_mex:sfc_sf.obj
 0001:00218cf0       sf_write_symbol_mapping    0000000180219cf0 f   sfc_mex:sfc_sf.obj
 0001:00218fa0       sf_get_fixpt_data_type_id  0000000180219fa0 f   sfc_mex:sfc_sf.obj
 0001:00218fe0       sf_get_enum_data_type_id   0000000180219fe0 f   sfc_mex:sfc_sf.obj
 0001:00219020       sf_get_param_data_type_id  000000018021a020 f   sfc_mex:sfc_sf.obj
 0001:00219050       sf_mex_listen_for_ctrl_c_force 000000018021a050 f   sfc_mex:sfc_sf.obj
 0001:00219160       sf_mex_draw_now            000000018021a160 f   sfc_mex:sfc_sf.obj
 0001:002191a0       sf_mex_set_debugger_sim_status_listener_fcn 000000018021a1a0 f   sfc_mex:sfc_sf.obj
 0001:002191b0       sf_mex_listen_for_ctrl_c   000000018021a1b0 f   sfc_mex:sfc_sf.obj
 0001:00219240       sf_mex_get_sfun_param      000000018021a240 f   sfc_mex:sfc_sf.obj
 0001:00219290       sf_get_runtime_param_data  000000018021a290 f   sfc_mex:sfc_sf.obj
 0001:002192d0       sf_call_output_fcn_call    000000018021a2d0 f   sfc_mex:sfc_sf.obj
 0001:00219410       sf_call_output_fcn_enable  000000018021a410 f   sfc_mex:sfc_sf.obj
 0001:002194a0       sf_call_output_fcn_disable 000000018021a4a0 f   sfc_mex:sfc_sf.obj
 0001:00219530       sf_clear_rtw_identifier    000000018021a530 f   sfc_mex:sfc_sf.obj
 0001:00219d00       sf_set_encoded_dwork_info  000000018021ad00 f   sfc_mex:sfc_sf.obj
 0001:00219fa0       sf_set_rtw_dwork_info      000000018021afa0 f   sfc_mex:sfc_sf.obj
 0001:0021a270       mdlOutputs                 000000018021b270 f   sfc_mex:sfc_sf.obj
 0001:0021a3b0       sf_debug_disp              000000018021b3b0 f   sfc_debug:sfcdebug.obj
 0001:0021a680       sf_debug_data_runtime_size_mismatch_error_check 000000018021b680 f   sfc_debug:sfcdebug.obj
 0001:0021a720       sf_debug_try_loading_machine 000000018021b720 f   sfc_debug:sfcdebug.obj
 0001:0021a820       sf_debug_reset_current_state_configuration 000000018021b820 f   sfc_debug:sfcdebug.obj
 0001:0021a8b0       sf_debug_store_current_state_configuration 000000018021b8b0 f   sfc_debug:sfcdebug.obj
 0001:0021a940       sf_debug_restore_previous_state_configuration 000000018021b940 f   sfc_debug:sfcdebug.obj
 0001:0021a9d0       sf_debug_restore_previous_state_configuration2 000000018021b9d0 f   sfc_debug:sfcdebug.obj
 0001:0021aa60       sf_debug_get_event_scope   000000018021ba60 f   sfc_debug:sfcdebug.obj
 0001:0021abd0       use_debugger_step_animation 000000018021bbd0 f   sfc_debug:sfcdebug.obj
 0001:0021abf0       sf_debug_get_script_id     000000018021bbf0 f   sfc_debug:sfcdebug.obj
 0001:0021ac80       sf_debug_set_script_translation 000000018021bc80 f   sfc_debug:sfcdebug.obj
 0001:0021ad40       sf_debug_get_current_machine_id 000000018021bd40 f   sfc_debug:sfcdebug.obj
 0001:0021ad60       sf_debug_get_current_optional_integer 000000018021bd60 f   sfc_debug:sfcdebug.obj
 0001:0021ad70       sf_debug_get_current_machine_number 000000018021bd70 f   sfc_debug:sfcdebug.obj
 0001:0021ad90       sf_debug_get_current_machine_name 000000018021bd90 f   sfc_debug:sfcdebug.obj
 0001:0021adb0       sf_debug_get_current_chart_id 000000018021bdb0 f   sfc_debug:sfcdebug.obj
 0001:0021ae00       sf_debug_get_current_chart_number 000000018021be00 f   sfc_debug:sfcdebug.obj
 0001:0021ae10       sf_debug_get_current_instance_number 000000018021be10 f   sfc_debug:sfcdebug.obj
 0001:0021ae20       sf_debug_get_current_is_minor_time_step 000000018021be20 f   sfc_debug:sfcdebug.obj
 0001:0021aea0       sf_debug_get_current_object_type 000000018021bea0 f   sfc_debug:sfcdebug.obj
 0001:0021aeb0       sf_debug_get_current_instance_handle 000000018021beb0 f   sfc_debug:sfcdebug.obj
 0001:0021af10       sf_debug_get_current_event_type 000000018021bf10 f   sfc_debug:sfcdebug.obj
 0001:0021af20       sf_debug_get_current_object_id 000000018021bf20 f   sfc_debug:sfcdebug.obj
 0001:0021af60       sf_debug_get_current_active_event_type 000000018021bf60 f   sfc_debug:sfcdebug.obj
 0001:0021af70       sf_debug_get_current_active_event_id 000000018021bf70 f   sfc_debug:sfcdebug.obj
 0001:0021afb0       sf_debug_get_current_tag_type 000000018021bfb0 f   sfc_debug:sfcdebug.obj
 0001:0021afc0       sf_debug_get_current_simulation_time 000000018021bfc0 f   sfc_debug:sfcdebug.obj
 0001:0021afd0       sf_debug_get_current_coverage_percentage 000000018021bfd0 f   sfc_debug:sfcdebug.obj
 0001:0021afe0       sf_debug_current_statement_context 000000018021bfe0 f   sfc_debug:sfcdebug.obj
 0001:0021b070       sf_debug_get_current_statement_info 000000018021c070 f   sfc_debug:sfcdebug.obj
 0001:0021b1f0       sf_debug_terminate_instance 000000018021c1f0 f   sfc_debug:sfcdebug.obj
 0001:0021b510       sf_debug_assertion_failed  000000018021c510 f   sfc_debug:sfcdebug.obj
 0001:0021b6c0       sf_debug_set_number_of_data_with_change_event_for_machine 000000018021c6c0 f   sfc_debug:sfcdebug.obj
 0001:0021b700       sf_debug_set_machine_event_thresholds 000000018021c700 f   sfc_debug:sfcdebug.obj
 0001:0021b720       sf_debug_set_machine_event_scope 000000018021c720 f   sfc_debug:sfcdebug.obj
 0001:0021b760       sf_debug_set_machine_data_thresholds 000000018021c760 f   sfc_debug:sfcdebug.obj
 0001:0021b7a0       sf_debug_set_machine_data_scope 000000018021c7a0 f   sfc_debug:sfcdebug.obj
 0001:0021b830       sf_debug_set_machine_data_name 000000018021c830 f   sfc_debug:sfcdebug.obj
 0001:0021b8d0       sf_debug_set_machine_data_size 000000018021c8d0 f   sfc_debug:sfcdebug.obj
 0001:0021ba10       sf_debug_set_machine_data_type 000000018021ca10 f   sfc_debug:sfcdebug.obj
 0001:0021bb80       sf_debug_get_chart_data_number 000000018021cb80 f   sfc_debug:sfcdebug.obj
 0001:0021bba0       sf_debug_get_chart_event_number 000000018021cba0 f   sfc_debug:sfcdebug.obj
 0001:0021bbc0       sf_debug_set_chart_state_info 000000018021cbc0 f   sfc_debug:sfcdebug.obj
 0001:0021bc40       sf_debug_set_chart_decomposition 000000018021cc40 f   sfc_debug:sfcdebug.obj
 0001:0021bcb0       sf_debug_set_chart_substate_count 000000018021ccb0 f   sfc_debug:sfcdebug.obj
 0001:0021bd90       sf_debug_set_chart_substate_index 000000018021cd90 f   sfc_debug:sfcdebug.obj
 0001:0021be00       sf_debug_set_chart_state_substate_count 000000018021ce00 f   sfc_debug:sfcdebug.obj
 0001:0021bf10       sf_debug_set_chart_state_substate_index 000000018021cf10 f   sfc_debug:sfcdebug.obj
 0001:0021bf90       sf_debug_set_number_of_data_with_change_event_for_chart 000000018021cf90 f   sfc_debug:sfcdebug.obj
 0001:0021c010       sf_debug_set_number_of_states_with_entry_event_for_chart 000000018021d010 f   sfc_debug:sfcdebug.obj
 0001:0021c080       sf_debug_set_number_of_states_with_exit_event_for_chart 000000018021d080 f   sfc_debug:sfcdebug.obj
 0001:0021c0f0       sf_debug_set_chart_disable_implicit_casting 000000018021d0f0 f   sfc_debug:sfcdebug.obj
 0001:0021c160       sf_debug_set_chart_event_thresholds 000000018021d160 f   sfc_debug:sfcdebug.obj
 0001:0021c1d0       sf_debug_set_chart_data_compiled_props 000000018021d1d0 f   sfc_debug:sfcdebug.obj
 0001:0021c510       sf_debug_set_chart_data_props 000000018021d510 f   sfc_debug:sfcdebug.obj
 0001:0021c840       sf_debug_check_fi_license  000000018021d840 f   sfc_debug:sfcdebug.obj
 0001:0021ca30       sf_debug_symbol_scope_push 000000018021da30 f   sfc_debug:sfcdebug.obj
 0001:0021cb10       sf_debug_symbol_scope_push_eml 000000018021db10 f   sfc_debug:sfcdebug.obj
 0001:0021cbf0       sf_debug_symbol_scope_pop  000000018021dbf0 f   sfc_debug:sfcdebug.obj
 0001:0021cc30       sf_debug_symbol_scope_add  000000018021dc30 f   sfc_debug:sfcdebug.obj
 0001:0021ccb0       sf_debug_symbol_scope_add_eml 000000018021dcb0 f   sfc_debug:sfcdebug.obj
 0001:0021ccf0       sf_debug_symbol_scope_add_dyn 000000018021dcf0 f   sfc_debug:sfcdebug.obj
 0001:0021cda0       sf_debug_symbol_scope_add_eml_dyn 000000018021dda0 f   sfc_debug:sfcdebug.obj
 0001:0021ce00       sf_debug_symbol_switch     000000018021de00 f   sfc_debug:sfcdebug.obj
 0001:0021ce20       sf_debug_symbol_scope_add_verbose 000000018021de20 f   sfc_debug:sfcdebug.obj
 0001:0021cef0       sf_debug_set_machine_data_value_ptr 000000018021def0 f   sfc_debug:sfcdebug.obj
 0001:0021cf30       sf_debug_set_instance_data_value_ptr 000000018021df30 f   sfc_debug:sfcdebug.obj
 0001:0021cff0       sf_debug_unset_instance_data_value_ptr 000000018021dff0 f   sfc_debug:sfcdebug.obj
 0001:0021d0a0       sf_debug_set_chart_event_scope 000000018021e0a0 f   sfc_debug:sfcdebug.obj
 0001:0021d120       sf_debug_set_chart_transition_coverage_maps 000000018021e120 f   sfc_debug:sfcdebug.obj
 0001:0021d230       sf_debug_set_chart_state_coverage_maps 000000018021e230 f   sfc_debug:sfcdebug.obj
 0001:0021d310       sf_debug_set_instance_transition_coverage_weights 000000018021e310 f   sfc_debug:sfcdebug.obj
 0001:0021d3b0       sf_debug_set_instance_state_coverage_weights 000000018021e3b0 f   sfc_debug:sfcdebug.obj
 0001:0021d600       sf_debug_unload_machine    000000018021e600 f   sfc_debug:sfcdebug.obj
 0001:0021d650       sf_debug_load_machine      000000018021e650 f   sfc_debug:sfcdebug.obj
 0001:0021d760       sf_debug_set_active_instance_in_data_dictionary 000000018021e760 f   sfc_debug:sfcdebug.obj
 0001:0021d940       sf_debug_set_active_instance 000000018021e940 f   sfc_debug:sfcdebug.obj
 0001:0021da90       sf_debug_chart_visiblity_change 000000018021ea90 f   sfc_debug:sfcdebug.obj
 0001:0021db70       sf_debug_select_chart      000000018021eb70 f   sfc_debug:sfcdebug.obj
 0001:0021dc50       sf_debug_set_instance_cv_ids 000000018021ec50 f   sfc_debug:sfcdebug.obj
 0001:0021df70       sf_debug_select_charts     000000018021ef70 f   sfc_debug:sfcdebug.obj
 0001:0021e0b0       sf_debug_initialized       000000018021f0b0 f   sfc_debug:sfcdebug.obj
 0001:0021e0c0       sf_debug_is_uninterruptible 000000018021f0c0 f   sfc_debug:sfcdebug.obj
 0001:0021e0f0       sf_debug_initialize_debugger_gui 000000018021f0f0 f   sfc_debug:sfcdebug.obj
 0001:0021e4d0       sf_debug_resume            000000018021f4d0 f   sfc_debug:sfcdebug.obj
 0001:0021e4f0       sf_debug_go                000000018021f4f0 f   sfc_debug:sfcdebug.obj
 0001:0021e500       sf_debug_break             000000018021f500 f   sfc_debug:sfcdebug.obj
 0001:0021e510       sf_debug_step_over         000000018021f510 f   sfc_debug:sfcdebug.obj
 0001:0021e520       sf_debug_step_out          000000018021f520 f   sfc_debug:sfcdebug.obj
 0001:0021e530       sf_debug_set_disable_all_breakpoints 000000018021f530 f   sfc_debug:sfcdebug.obj
 0001:0021e540       sf_debug_disable_all_breakpoints_and_go 000000018021f540 f   sfc_debug:sfcdebug.obj
 0001:0021e550       sf_debug_break_on_chart_entry 000000018021f550 f   sfc_debug:sfcdebug.obj
 0001:0021e560       sf_debug_break_on_event_broadcast 000000018021f560 f   sfc_debug:sfcdebug.obj
 0001:0021e570       sf_debug_break_on_state_entry 000000018021f570 f   sfc_debug:sfcdebug.obj
 0001:0021e580       sf_debug_break_between_times 000000018021f580 f   sfc_debug:sfcdebug.obj
 0001:0021e5a0       sf_debug_browse_data       000000018021f5a0 f   sfc_debug:sfcdebug.obj
 0001:0021e5c0       sf_debug_watch_data        000000018021f5c0 f   sfc_debug:sfcdebug.obj
 0001:0021e5e0       sf_debug_whos              000000018021f5e0 f   sfc_debug:sfcdebug.obj
 0001:0021e600       sf_debug_get_consistency_info 000000018021f600 f   sfc_debug:sfcdebug.obj
 0001:0021e610       sf_debug_browse_trace      000000018021f610 f   sfc_debug:sfcdebug.obj
 0001:0021e620       sf_debug_set_breakpoints   000000018021f620 f   sfc_debug:sfcdebug.obj
 0001:0021e770       sf_debug_set_eml_breakpoints 000000018021f770 f   sfc_debug:sfcdebug.obj
 0001:0021e8d0       sf_debug_set_script_breakpoints 000000018021f8d0 f   sfc_debug:sfcdebug.obj
 0001:0021e950       sf_debug_add_script_breakpoints 000000018021f950 f   sfc_debug:sfcdebug.obj
 0001:0021e9c0       sf_debug_clear_script_breakpoints 000000018021f9c0 f   sfc_debug:sfcdebug.obj
 0001:0021ea30       sf_debug_query_script_breakpoints 000000018021fa30 f   sfc_debug:sfcdebug.obj
 0001:0021eaf0       sf_debug_get_eml_script_id 000000018021faf0 f   sfc_debug:sfcdebug.obj
 0001:0021ebb0       sf_debug_set_watch         000000018021fbb0 f   sfc_debug:sfcdebug.obj
 0001:0021edd0       sf_debug_get_coverage      000000018021fdd0 f   sfc_debug:sfcdebug.obj
 0001:0021ede0       sf_debug_get_instance_handle 000000018021fde0 f   sfc_debug:sfcdebug.obj
 0001:0021ee70       sf_debug_get_active_states 000000018021fe70 f   sfc_debug:sfcdebug.obj
 0001:0021ee80       sf_debug_get_animation     000000018021fe80 f   sfc_debug:sfcdebug.obj
 0001:0021ee90       sf_debug_set_animation     000000018021fe90 f   sfc_debug:sfcdebug.obj
 0001:0021eea0       sf_debug_animate           000000018021fea0 f   sfc_debug:sfcdebug.obj
 0001:0021eed0       sf_debug_cycle_detection_check 000000018021fed0 f   sfc_debug:sfcdebug.obj
 0001:0021eee0       sf_debug_data_range_check  000000018021fee0 f   sfc_debug:sfcdebug.obj
 0001:0021eef0       sf_debug_transition_conflict_check 000000018021fef0 f   sfc_debug:sfcdebug.obj
 0001:0021ef00       sf_debug_state_consistency_check 000000018021ff00 f   sfc_debug:sfcdebug.obj
 0001:0021ef10       sf_debug_data_range_check_enabled 000000018021ff10 f   sfc_debug:sfcdebug.obj
 0001:0021ef30       sf_debug_transition_conflict_check_enabled 000000018021ff30 f   sfc_debug:sfcdebug.obj
 0001:0021ef50       sf_debug_transition_conflict_check_begin 000000018021ff50 f   sfc_debug:sfcdebug.obj
 0001:0021ef70       sf_debug_transition_conflict_check_end 000000018021ff70 f   sfc_debug:sfcdebug.obj
 0001:0021ef90       sf_debug_stop_debugging    000000018021ff90 f   sfc_debug:sfcdebug.obj
 0001:0021efc0       sf_debug_is_cycle_detected 000000018021ffc0 f   sfc_debug:sfcdebug.obj
 0001:0021efd0       sf_debug_is_array_bounds_detected 000000018021ffd0 f   sfc_debug:sfcdebug.obj
 0001:0021efe0       sf_debug_get_state_vectors_data_size 000000018021ffe0 f   sfc_debug:sfcdebug.obj
 0001:0021f020       sf_debug_get_state_vectors_data 0000000180220020 f   sfc_debug:sfcdebug.obj
 0001:0021f130       sf_debug_set_state_vectors_data 0000000180220130 f   sfc_debug:sfcdebug.obj
 0001:0021f410       sf_debug_get_script_index  0000000180220410 f   sfc_debug:sfcdebug.obj
 0001:0021f590       sf_debug_add_script        0000000180220590 f   sfc_debug:sfcdebug.obj
 0001:0021f770       cv_eval_point              0000000180220770 f   sfc_debug:sfcdebug.obj
 0001:0021f8e0       sf_debug_cv_init_state     00000001802208e0 f   sfc_debug:sfcdebug.obj
 0001:0021fa00       sf_debug_cv_init_chart     0000000180220a00 f   sfc_debug:sfcdebug.obj
 0001:0021fae0       sf_debug_cv_init_trans     0000000180220ae0 f   sfc_debug:sfcdebug.obj
 0001:0021fc50       cv_eml_init_script         0000000180220c50 f   sfc_debug:sfcdebug.obj
 0001:0021fd80       cv_eml_init_fcn            0000000180220d80 f   sfc_debug:sfcdebug.obj
 0001:0021fe80       cv_eml_init_testobjective  0000000180220e80 f   sfc_debug:sfcdebug.obj
 0001:0021ff80       cv_eml_init_if             0000000180220f80 f   sfc_debug:sfcdebug.obj
 0001:00220080       cv_eml_init_for            0000000180221080 f   sfc_debug:sfcdebug.obj
 0001:00220170       cv_eml_init_while          0000000180221170 f   sfc_debug:sfcdebug.obj
 0001:00220260       cv_eml_init_mcdc           0000000180221260 f   sfc_debug:sfcdebug.obj
 0001:002203a0       cv_eml_init_switch         00000001802213a0 f   sfc_debug:sfcdebug.obj
 0001:002204c0       cv_eml_eval                00000001802214c0 f   sfc_debug:sfcdebug.obj
 0001:002205c0       sf_debug_bm_is_a_eml_breakpoint 00000001802215c0 f   sfc_debug:sfcdebug.obj
 0001:002207b0       sf_debug_temporal_threshold 00000001802217b0 f   sfc_debug:sfcdebug.obj
 0001:00220b50       sf_debug_transition_conflict_error 0000000180221b50 f   sfc_debug:sfcdebug.obj
 0001:00220eb0       sf_debug_state_inconsistency_error 0000000180221eb0 f   sfc_debug:sfcdebug.obj
 0001:00220fc0       sf_debug_check_for_state_inconsistency 0000000180221fc0 f   sfc_debug:sfcdebug.obj
 0001:00220ff0       sf_debug_cycle_detecton_error 0000000180221ff0 f   sfc_debug:sfcdebug.obj
 0001:00221790       sf_debug_size_eq_check_1d  0000000180222790 f   sfc_debug:sfcdebug.obj
 0001:002217b0       sf_debug_size_eq_check_nd  00000001802227b0 f   sfc_debug:sfcdebug.obj
 0001:002219a0       sf_debug_dim_size_eq_check 00000001802229a0 f   sfc_debug:sfcdebug.obj
 0001:002219d0       sf_debug_dim_size_geq_check 00000001802229d0 f   sfc_debug:sfcdebug.obj
 0001:00221a00       sf_debug_sub_assign_size_check_nd 0000000180222a00 f   sfc_debug:sfcdebug.obj
 0001:00221c50       sf_debug_matrix_matrix_index_check 0000000180222c50 f   sfc_debug:sfcdebug.obj
 0001:00221c80       sf_debug_vector_vector_index_check 0000000180222c80 f   sfc_debug:sfcdebug.obj
 0001:00221cb0       sf_debug_data_array_bounds_error_check 0000000180222cb0 f   sfc_debug:sfcdebug.obj
 0001:00221dc0       sf_debug_eml_data_array_bounds_error_check 0000000180222dc0 f   sfc_debug:sfcdebug.obj
 0001:00222280       sf_debug_integer_check     0000000180223280 f   sfc_debug:sfcdebug.obj
 0001:00222350       sf_debug_not_nan_check     0000000180223350 f   sfc_debug:sfcdebug.obj
 0001:00222410       sf_debug_non_negative_check 0000000180223410 f   sfc_debug:sfcdebug.obj
 0001:002224d0       sf_debug_overflow_detection 00000001802234d0 f   sfc_debug:sfcdebug.obj
 0001:00222b90       sf_debug_cast_to_real32_T  0000000180223b90 f   sfc_debug:sfcdebug.obj
 0001:00222c50       sf_debug_cast_to_int8_T    0000000180223c50 f   sfc_debug:sfcdebug.obj
 0001:00222d10       sf_debug_cast_to_uint8_T   0000000180223d10 f   sfc_debug:sfcdebug.obj
 0001:00222dd0       sf_debug_cast_to_int16_T   0000000180223dd0 f   sfc_debug:sfcdebug.obj
 0001:00222e90       sf_debug_cast_to_uint16_T  0000000180223e90 f   sfc_debug:sfcdebug.obj
 0001:00222f50       sf_debug_cast_to_int32_T   0000000180223f50 f   sfc_debug:sfcdebug.obj
 0001:00223000       sf_debug_cast_to_uint32_T  0000000180224000 f   sfc_debug:sfcdebug.obj
 0001:002230c0       sf_debug_data_range_error  00000001802240c0 f   sfc_debug:sfcdebug.obj
 0001:00223520       sf_debug_data_range_error_wrapper_min_max 0000000180224520 f   sfc_debug:sfcdebug.obj
 0001:00223610       sf_debug_data_range_error_wrapper_min 0000000180224610 f   sfc_debug:sfcdebug.obj
 0001:002236f0       sf_debug_data_range_error_wrapper_max 00000001802246f0 f   sfc_debug:sfcdebug.obj
 0001:002237d0       sf_debug_data_range_wrapper 00000001802247d0 f   sfc_debug:sfcdebug.obj
 0001:00223880       sf_debug_set_current_status_info 0000000180224880 f   sfc_debug:sfcdebug.obj
 0001:00223d50       sf_debug_call              0000000180224d50 f   sfc_debug:sfcdebug.obj
 0001:00224c00       sf_debug_initialize_machine 0000000180225c00 f   sfc_debug:sfcdebug.obj
 0001:00225080       sf_debug_initialize_chart  0000000180226080 f   sfc_debug:sfcdebug.obj
 0001:00225560       sf_debug_ensure_script     0000000180226560 f   sfc_debug:sfcdebug.obj
 0001:002256d0       cv_script_init_script      00000001802266d0 f   sfc_debug:sfcdebug.obj
 0001:00225850       cv_script_init_fcn         0000000180226850 f   sfc_debug:sfcdebug.obj
 0001:002259a0       cv_script_init_testobjective 00000001802269a0 f   sfc_debug:sfcdebug.obj
 0001:00225af0       cv_script_init_if          0000000180226af0 f   sfc_debug:sfcdebug.obj
 0001:00225c40       cv_script_init_for         0000000180226c40 f   sfc_debug:sfcdebug.obj
 0001:00225d90       cv_script_init_while       0000000180226d90 f   sfc_debug:sfcdebug.obj
 0001:00225ee0       cv_script_init_mcdc        0000000180226ee0 f   sfc_debug:sfcdebug.obj
 0001:00226080       cv_script_init_switch      0000000180227080 f   sfc_debug:sfcdebug.obj
 0001:002261f0       cv_script_eval             00000001802271f0 f   sfc_debug:sfcdebug.obj
 0001:00226350       eml_debug_line_call        0000000180227350 f   sfc_debug:sfcdebug.obj
 0001:00226500       sf_debug_terminate         0000000180227500 f   sfc_debug:sfcdebug.obj
 0001:00226740       sf_debug_set_script_cv_ids 0000000180227740 f   sfc_debug:sfcdebug.obj
 0001:00226910       sf_debug_api               0000000180227910 f   sfc_debug:sfc_api.obj
 0001:002281b0       sf_debug_sm_terminate      00000001802291b0 f   sfc_debug:sfdb_animation.obj
 0001:00228370       sf_debug_reset_path_objects 0000000180229370 f   sfc_debug:sfdb_animation.obj
 0001:002283f0       sf_debug_sm_reset_object_selection_status 00000001802293f0 f   sfc_debug:sfdb_animation.obj
 0001:00228490       sf_debug_sm_reset_state_buffer 0000000180229490 f   sfc_debug:sfdb_animation.obj
 0001:00228570       sf_debug_sm_store_state_buffer 0000000180229570 f   sfc_debug:sfdb_animation.obj
 0001:002285f0       sf_debug_sm_restore_state_buffer1 00000001802295f0 f   sfc_debug:sfdb_animation.obj
 0001:00228660       sf_debug_sm_restore_state_buffer2 0000000180229660 f   sfc_debug:sfdb_animation.obj
 0001:002286d0       sf_debug_sm_chart_active   00000001802296d0 f   sfc_debug:sfdb_animation.obj
 0001:00228720       sf_debug_sm_select_active_objects 0000000180229720 f   sfc_debug:sfdb_animation.obj
 0001:00228bb0       sf_debug_sm_is_chart_active 0000000180229bb0 f   sfc_debug:sfdb_animation.obj
 0001:00228bf0       sf_debug_sm_is_state_active 0000000180229bf0 f   sfc_debug:sfdb_animation.obj
 0001:00228e30       sf_debug_sm_get_active_states 0000000180229e30 f   sfc_debug:sfdb_animation.obj
 0001:002293e0       sf_debug_sm_initialize_instance 000000018022a3e0 f   sfc_debug:sfdb_animation.obj
 0001:00229690       sf_debug_sm_change_object_selection_status 000000018022a690 f   sfc_debug:sfdb_animation.obj
 0001:00229980       cv_create_interface        000000018022a980 f   sfc_debug:cv_sfinterface.obj
 0001:00229cd0       cv_init_trans              000000018022acd0 f   sfc_debug:cv_sfinterface.obj
 0001:00229d20       cv_init_state              000000018022ad20 f   sfc_debug:cv_sfinterface.obj
 0001:00229d90       cv_init_chart              000000018022ad90 f   sfc_debug:cv_sfinterface.obj
 0001:00229de0       cv_dec_update_call         000000018022ade0 f   sfc_debug:cv_sfinterface.obj
 0001:00229e20       cv_cond_update_call        000000018022ae20 f   sfc_debug:cv_sfinterface.obj
 0001:00229e60       cv_sigrange_update         000000018022ae60 f   sfc_debug:cv_sfinterface.obj
 0001:00229ea0       cvsf_eml_eval              000000018022aea0 f   sfc_debug:cv_sfinterface.obj
 0001:00229f80       cvsf_eml_init_script       000000018022af80 f   sfc_debug:cv_sfinterface.obj
 0001:0022a000       cvsf_eml_init_fcn          000000018022b000 f   sfc_debug:cv_sfinterface.obj
 0001:0022a060       cvsf_eml_init_testobjective 000000018022b060 f   sfc_debug:cv_sfinterface.obj
 0001:0022a0c0       cvsf_eml_init_if           000000018022b0c0 f   sfc_debug:cv_sfinterface.obj
 0001:0022a120       cvsf_eml_init_for          000000018022b120 f   sfc_debug:cv_sfinterface.obj
 0001:0022a170       cvsf_eml_init_while        000000018022b170 f   sfc_debug:cv_sfinterface.obj
 0001:0022a1c0       cvsf_eml_init_mcdc         000000018022b1c0 f   sfc_debug:cv_sfinterface.obj
 0001:0022a250       cvsf_eml_init_switch       000000018022b250 f   sfc_debug:cv_sfinterface.obj
 0001:0022a2c0       cvsf_script_eval           000000018022b2c0 f   sfc_debug:cv_sfinterface.obj
 0001:0022a3a0       cvsf_script_init_script    000000018022b3a0 f   sfc_debug:cv_sfinterface.obj
 0001:0022a420       cvsf_script_init_fcn       000000018022b420 f   sfc_debug:cv_sfinterface.obj
 0001:0022a480       cvsf_script_init_testobjective 000000018022b480 f   sfc_debug:cv_sfinterface.obj
 0001:0022a4e0       cvsf_script_init_if        000000018022b4e0 f   sfc_debug:cv_sfinterface.obj
 0001:0022a540       cvsf_script_init_for       000000018022b540 f   sfc_debug:cv_sfinterface.obj
 0001:0022a590       cvsf_script_init_while     000000018022b590 f   sfc_debug:cv_sfinterface.obj
 0001:0022a5e0       cvsf_script_init_mcdc      000000018022b5e0 f   sfc_debug:cv_sfinterface.obj
 0001:0022a670       cvsf_script_init_switch    000000018022b670 f   sfc_debug:cv_sfinterface.obj
 0001:0022a6e0       cv_destroy_interface       000000018022b6e0 f   sfc_debug:cv_sfinterface.obj
 0001:0022a700       cv_create_instance_objects 000000018022b700 f   sfc_debug:cv_sfinterface.obj
 0001:0022abb0       cv_is_enabled              000000018022bbb0 f   sfc_debug:cv_sfinterface.obj
 0001:0022abc0       sf_debug_cv_initialize_script 000000018022bbc0 f   sfc_debug:cv_sfinterface.obj
 0001:0022ad60       sf_debug_cv_initialize_instance 000000018022bd60 f   sfc_debug:cv_sfinterface.obj
 0001:0022b0f0       sf_debug_cv_terminate_chart 000000018022c0f0 f   sfc_debug:cv_sfinterface.obj
 0001:0022b230       cv_call_trans_test         000000018022c230 f   sfc_debug:cv_sfinterface.obj
 0001:0022b240       cv_call_sub_cond_test      000000018022c240 f   sfc_debug:cv_sfinterface.obj
 0001:0022b370       sf_debug_hm_initialize_instance 000000018022c370 f   sfc_debug:sfdb_handle_management.obj
 0001:0022b990       sf_debug_hm_get_object_id  000000018022c990 f   sfc_debug:sfdb_handle_management.obj
 0001:0022d8a0       sf_debug_object_is_eml_function 000000018022e8a0 f   sfc_debug:sfdb_handle_management.obj
 0001:0022d910       sf_debug_hm_initialize_ids_in_machine 000000018022e910 f   sfc_debug:sfdb_handle_management.obj
 0001:0022da80       sf_debug_hm_initialize_ids_in_chart 000000018022ea80 f   sfc_debug:sfdb_handle_management.obj
 0001:0022dbc0       sf_debug_hm_initialize_chart 000000018022ebc0 f   sfc_debug:sfdb_handle_management.obj
 0001:0022e470       sf_debug_hm_terminate      000000018022f470 f   sfc_debug:sfdb_handle_management.obj
 0001:0022e4d0       sf_debug_hm_initialize_machine 000000018022f4d0 f   sfc_debug:sfdb_handle_management.obj
 0001:0022ed80       sf_debug_st_initialize_machine 000000018022fd80 f   sfc_debug:sfdb_data_browse.obj
 0001:0022ee40       sf_debug_st_initialize_instance 000000018022fe40 f   sfc_debug:sfdb_data_browse.obj
 0001:0022f250       sf_debug_st_terminate      0000000180230250 f   sfc_debug:sfdb_data_browse.obj
 0001:0022f600       sf_debug_st_set_data_value_ptr_in_machine 0000000180230600 f   sfc_debug:sfdb_data_browse.obj
 0001:0022f690       sf_debug_st_set_data_value_ptr_in_instance 0000000180230690 f   sfc_debug:sfdb_data_browse.obj
 0001:0022f770       sf_debug_st_unset_data_value_ptr_in_machine 0000000180230770 f   sfc_debug:sfdb_data_browse.obj
 0001:0022f7e0       sf_debug_st_unset_data_value_ptr_in_instance 00000001802307e0 f   sfc_debug:sfdb_data_browse.obj
 0001:0022faa0       sf_debug_mx_value          0000000180230aa0 f   sfc_debug:sfdb_data_browse.obj
 0001:0022fb00       sf_debug_mx_packed_vector  0000000180230b00 f   sfc_debug:sfdb_data_browse.obj
 0001:0022fbe0       sf_debug_mx_uint_vector    0000000180230be0 f   sfc_debug:sfdb_data_browse.obj
 0001:0022fc90       sf_debug_st_get_double_value_from_void_ptr_vector 0000000180230c90 f   sfc_debug:sfdb_data_browse.obj
 0001:002307f0       sf_debug_st_browse_data    00000001802317f0 f   sfc_debug:sfdb_data_browse.obj
 0001:00230f90       sf_debug_ss_initialize     0000000180231f90 f   sfc_debug:sfdb_symbol_scope.obj
 0001:00230fb0       sf_debug_ss_terminate      0000000180231fb0 f   sfc_debug:sfdb_symbol_scope.obj
 0001:00231040       sf_debug_ss_push_symbol_scope 0000000180232040 f   sfc_debug:sfdb_symbol_scope.obj
 0001:00231140       sf_debug_ss_push_symbol_scope_eml 0000000180232140 f   sfc_debug:sfdb_symbol_scope.obj
 0001:002311a0       sf_debug_ss_pop_symbol_scope 00000001802321a0 f   sfc_debug:sfdb_symbol_scope.obj
 0001:00231250       sf_debug_ss_add_symbol     0000000180232250 f   sfc_debug:sfdb_symbol_scope.obj
 0001:002313a0       sf_debug_ss_add_symbol_eml 00000001802323a0 f   sfc_debug:sfdb_symbol_scope.obj
 0001:00232400       sf_debug_ss_watch_data     0000000180233400 f   sfc_debug:sfdb_symbol_scope.obj
 0001:00232e30       get_data_entry_name        0000000180233e30 f   sfc_debug:sfdb_symbol_scope.obj
 0001:00232e80       sf_debug_ss_whos           0000000180233e80 f   sfc_debug:sfdb_symbol_scope.obj
 0001:00233720       sf_debug_cc_initialize_chart 0000000180234720 f   sfc_debug:sfdb_coverage.obj
 0001:00234110       sf_debug_cc_initialize_instance 0000000180235110 f   sfc_debug:sfdb_coverage.obj
 0001:00234f10       sf_debug_cc_terminate      0000000180235f10 f   sfc_debug:sfdb_coverage.obj
 0001:00235000       sf_debug_cc_set_transition_maps 0000000180236000 f   sfc_debug:sfdb_coverage.obj
 0001:00235130       sf_debug_cc_set_state_maps 0000000180236130 f   sfc_debug:sfdb_coverage.obj
 0001:00235210       sf_debug_cc_set_transition_weights 0000000180236210 f   sfc_debug:sfdb_coverage.obj
 0001:002354e0       sf_debug_cc_set_state_weights 00000001802364e0 f   sfc_debug:sfdb_coverage.obj
 0001:002357c0       sf_debug_cc_mark_transition_guard 00000001802367c0 f   sfc_debug:sfdb_coverage.obj
 0001:002358e0       sf_debug_cc_mark_transition_trigger 00000001802368e0 f   sfc_debug:sfdb_coverage.obj
 0001:00235a00       sf_debug_cc_mark_transition_decision 0000000180236a00 f   sfc_debug:sfdb_coverage.obj
 0001:00235a70       sf_debug_cc_mark_transition_condition_action 0000000180236a70 f   sfc_debug:sfdb_coverage.obj
 0001:00235b40       sf_debug_cc_mark_transition_transition_action 0000000180236b40 f   sfc_debug:sfdb_coverage.obj
 0001:00235c10       sf_debug_cc_mark_state_entry 0000000180236c10 f   sfc_debug:sfdb_coverage.obj
 0001:00235ce0       sf_debug_cc_mark_state_during 0000000180236ce0 f   sfc_debug:sfdb_coverage.obj
 0001:00235db0       sf_debug_cc_mark_state_exit 0000000180236db0 f   sfc_debug:sfdb_coverage.obj
 0001:00236670       sf_debug_cc_get_coverage   0000000180237670 f   sfc_debug:sfdb_coverage.obj
 0001:00236c00       sf_debug_bm_clear_script_breakpoints 0000000180237c00 f   sfc_debug:sfdb_breakpoints.obj
 0001:00236c30       sf_debug_bm_set_script_breakpoint 0000000180237c30 f   sfc_debug:sfdb_breakpoints.obj
 0001:00236cb0       sf_debug_bm_clear_single_script_breakpoint 0000000180237cb0 f   sfc_debug:sfdb_breakpoints.obj
 0001:00236d30       sf_debug_bm_query_script_breakpoint 0000000180237d30 f   sfc_debug:sfdb_breakpoints.obj
 0001:00236d80       sf_debug_bm_initialize_scripts 0000000180237d80 f   sfc_debug:sfdb_breakpoints.obj
 0001:002374a0       sf_debug_bm_terminate      00000001802384a0 f   sfc_debug:sfdb_breakpoints.obj
 0001:002377a0       sf_debug_bm_remove_all_breakpoints_in_machine 00000001802387a0 f   sfc_debug:sfdb_breakpoints.obj
 0001:00237810       sf_debug_bm_remove_all_breakpoints_in_chart 0000000180238810 f   sfc_debug:sfdb_breakpoints.obj
 0001:00237960       sf_debug_bm_initialize_global_breakpoints 0000000180238960 f   sfc_debug:sfdb_breakpoints.obj
 0001:00237ae0       sf_debug_bm_set_breakpoint 0000000180238ae0 f   sfc_debug:sfdb_breakpoints.obj
 0001:002380e0       sf_debug_bm_set_eml_breakpoint 00000001802390e0 f   sfc_debug:sfdb_breakpoints.obj
 0001:00238180       sf_debug_bm_initialize_machine_breakpoint_map 0000000180239180 f   sfc_debug:sfdb_breakpoints.obj
 0001:00238670       sf_debug_bm_is_a_breakpoint 0000000180239670 f   sfc_debug:sfdb_breakpoints.obj
 0001:00238b90       sf_debug_bm_get_all_breakpoints_in_machine 0000000180239b90 f   sfc_debug:sfdb_breakpoints.obj
 0001:00238e90       sf_debug_bm_get_all_breakpoints_in_chart 0000000180239e90 f   sfc_debug:sfdb_breakpoints.obj
 0001:00239b40       sf_debug_bm_initialize_machine 000000018023ab40 f   sfc_debug:sfdb_breakpoints.obj
 0001:00239c10       sf_debug_bm_initialize_chart 000000018023ac10 f   sfc_debug:sfdb_breakpoints.obj
 0001:0023a150       sf_debug_sc_terminate      000000018023b150 f   sfc_debug:sfdb_state_consistency.obj
 0001:0023a480       sf_debug_sc_is_chart_consistent 000000018023b480 f   sfc_debug:sfdb_state_consistency.obj
 0001:0023a720       sf_debug_sc_get_consistency_error_info 000000018023b720 f   sfc_debug:sfdb_state_consistency.obj
 0001:0023ab50       sf_debug_tm_terminate      000000018023bb50 f   sfc_debug:sfdb_call_stack.obj
 0001:0023ac10       sf_debug_tm_push_chart_instance 000000018023bc10 f   sfc_debug:sfdb_call_stack.obj
 0001:0023ad70       sf_debug_tm_pop_chart_instance 000000018023bd70 f   sfc_debug:sfdb_call_stack.obj
 0001:0023add0       sf_debug_tm_push_trace_node 000000018023bdd0 f   sfc_debug:sfdb_call_stack.obj
 0001:0023af60       sf_debug_tm_pop_trace_node 000000018023bf60 f   sfc_debug:sfdb_call_stack.obj
 0001:0023afe0       sf_debug_tm_get_current_global_trace_index 000000018023bfe0 f   sfc_debug:sfdb_call_stack.obj
 0001:0023aff0       sf_debug_tm_get_current_local_trace_index 000000018023bff0 f   sfc_debug:sfdb_call_stack.obj
 0001:0023b020       sf_debug_tm_set_cycle_detected_flag 000000018023c020 f   sfc_debug:sfdb_call_stack.obj
 0001:0023b060       sf_debug_tm_set_cycle_started_flag 000000018023c060 f   sfc_debug:sfdb_call_stack.obj
 0001:0023b0a0       sf_debug_tm_get_chart_number_from_stack 000000018023c0a0 f   sfc_debug:sfdb_call_stack.obj
 0001:0023b280       sf_debug_tm_browse_trace   000000018023c280 f   sfc_debug:sfdb_call_stack.obj
 0001:0023b5b0       sf_debug_cd_initialize_instance 000000018023c5b0 f   sfc_debug:sfdb_cycle_detection.obj
 0001:0023b860       sf_debug_cd_mark_processed_transition_in_instance 000000018023c860 f   sfc_debug:sfdb_cycle_detection.obj
 0001:0023b900       sf_debug_cd_checksum_push  000000018023c900 f   sfc_debug:sfdb_cycle_detection.obj
 0001:0023bbc0       sf_debug_cd_checksum_pop   000000018023cbc0 f   sfc_debug:sfdb_cycle_detection.obj
 0001:0023bc30       sf_debug_cd_turn_off_cycle_detection 000000018023cc30 f   sfc_debug:sfdb_cycle_detection.obj
 0001:0023bc80       sf_debug_cd_terminate      000000018023cc80 f   sfc_debug:sfdb_cycle_detection.obj
 0001:0023bec0       md5_initialize_state       000000018023cec0 f   sfc_debug:ckmd5.obj
 0001:0023ca40       md5_update_state           000000018023da40 f   sfc_debug:ckmd5.obj
 0001:0023cb20       md5_get_hash               000000018023db20 f   sfc_debug:ckmd5.obj
 0001:0023cb50       md5_get_hash_for_a_single_string 000000018023db50 f   sfc_debug:ckmd5.obj
 0001:0023ccaa       mxGetPr                    000000018023dcaa f   libmx:libmx.dll
 0001:0023ccb0       mxCreateDoubleScalar       000000018023dcb0 f   libmx:libmx.dll
 0001:0023ccb6       mxSetField_730             000000018023dcb6 f   libmx:libmx.dll
 0001:0023ccbc       mxCreateDoubleMatrix_730   000000018023dcbc f   libmx:libmx.dll
 0001:0023ccc2       mxCreateStructMatrix_730   000000018023dcc2 f   libmx:libmx.dll
 0001:0023ccc8       mxDestroyArray             000000018023dcc8 f   libmx:libmx.dll
 0001:0023ccce       mxCreateString             000000018023dcce f   libmx:libmx.dll
 0001:0023ccd4       mxDuplicateArray           000000018023dcd4 f   libmx:libmx.dll
 0001:0023ccda       mxGetNaN                   000000018023dcda f   libmx:libmx.dll
 0001:0023cce0       mxGetString_730            000000018023dce0 f   libmx:libmx.dll
 0001:0023cce6       mxIsChar                   000000018023dce6 f   libmx:libmx.dll
 0001:0023ccec       mxGetClassID               000000018023dcec f   libmx:libmx.dll
 0001:0023ccf2       mxIsNumeric                000000018023dcf2 f   libmx:libmx.dll
 0001:0023ccf8       mxIsComplex                000000018023dcf8 f   libmx:libmx.dll
 0001:0023ccfe       mxGetN                     000000018023dcfe f   libmx:libmx.dll
 0001:0023cd04       mxGetM                     000000018023dd04 f   libmx:libmx.dll
 0001:0023cd0a       mxCalloc                   000000018023dd0a f   libmx:libmx.dll
 0001:0023cd10       mxGetScalar                000000018023dd10 f   libmx:libmx.dll
 0001:0023cd16       mxIsLogical                000000018023dd16 f   libmx:libmx.dll
 0001:0023cd1c       mxCreateDoubleMatrix_700   000000018023dd1c f   libmx:libmx.dll
 0001:0023cd22       mxFree                     000000018023dd22 f   libmx:libmx.dll
 0001:0023cd28       mxArrayToString            000000018023dd28 f   libmx:libmx.dll
 0001:0023cd2e       mxCreateCellMatrix_700     000000018023dd2e f   libmx:libmx.dll
 0001:0023cd34       mxSetCell_700              000000018023dd34 f   libmx:libmx.dll
 0001:0023cd3a       mxGetCell_700              000000018023dd3a f   libmx:libmx.dll
 0001:0023cd40       mxGetClassName             000000018023dd40 f   libmx:libmx.dll
 0001:0023cd46       mxSetField_700             000000018023dd46 f   libmx:libmx.dll
 0001:0023cd4c       mxAddField                 000000018023dd4c f   libmx:libmx.dll
 0001:0023cd52       mxGetField_700             000000018023dd52 f   libmx:libmx.dll
 0001:0023cd58       mxGetNumberOfElements      000000018023dd58 f   libmx:libmx.dll
 0001:0023cd5e       mxIsStruct                 000000018023dd5e f   libmx:libmx.dll
 0001:0023cd64       mxIsClass                  000000018023dd64 f   libmx:libmx.dll
 0001:0023cd6a       mxGetLogicals              000000018023dd6a f   libmx:libmx.dll
 0001:0023cd70       mxIsSparse                 000000018023dd70 f   libmx:libmx.dll
 0001:0023cd76       mxSetFieldByNumber_700     000000018023dd76 f   libmx:libmx.dll
 0001:0023cd7c       mxGetFieldByNumber_700     000000018023dd7c f   libmx:libmx.dll
 0001:0023cd82       mxGetFieldNameByNumber     000000018023dd82 f   libmx:libmx.dll
 0001:0023cd88       mxGetNumberOfFields        000000018023dd88 f   libmx:libmx.dll
 0001:0023cd8e       mxCreateStructMatrix_700   000000018023dd8e f   libmx:libmx.dll
 0001:0023cd94       mxGetFieldNumber           000000018023dd94 f   libmx:libmx.dll
 0001:0023cd9a       mxIsNaN                    000000018023dd9a f   libmx:libmx.dll
 0001:0023cda0       mxIsEmpty                  000000018023dda0 f   libmx:libmx.dll
 0001:0023cda6       mxGetData                  000000018023dda6 f   libmx:libmx.dll
 0001:0023cdac       mxGetImagData              000000018023ddac f   libmx:libmx.dll
 0001:0023cdb2       mxArrayClassIDName         000000018023ddb2 f   libmx:libmx.dll
 0001:0023cdb8       mxCreateNumericMatrix_700  000000018023ddb8 f   libmx:libmx.dll
 0001:0023cdbe       mxCreateStructArray_700    000000018023ddbe f   libmx:libmx.dll
 0001:0023cdc4       mxCalcSingleSubscript_700  000000018023ddc4 f   libmx:libmx.dll
 0001:0023cdca       mxGetDimensions_700        000000018023ddca f   libmx:libmx.dll
 0001:0023cdd0       mxGetNumberOfDimensions_700 000000018023ddd0 f   libmx:libmx.dll
 0001:0023cdd6       mxCreateNumericArray_700   000000018023ddd6 f   libmx:libmx.dll
 0001:0023cddc       mxGetElementSize           000000018023dddc f   libmx:libmx.dll
 0001:0023cde2       mxCreateStringFromNChars_700 000000018023dde2 f   libmx:libmx.dll
 0001:0023cde8       mxGetString_700            000000018023dde8 f   libmx:libmx.dll
 0001:0023cdee       mxIsLogicalScalarTrue      000000018023ddee f   libmx:libmx.dll
 0001:0023cdf4       mxCreateLogicalScalar      000000018023ddf4 f   libmx:libmx.dll
 0001:0023cdfa       mexUnlock                  000000018023ddfa f   libmex:libmex.dll
 0001:0023ce00       mexIsLocked                000000018023de00 f   libmex:libmex.dll
 0001:0023ce06       mexWarnMsgTxt              000000018023de06 f   libmex:libmex.dll
 0001:0023ce0c       mexCallMATLAB              000000018023de0c f   libmex:libmex.dll
 0001:0023ce12       mexErrMsgTxt               000000018023de12 f   libmex:libmex.dll
 0001:0023ce18       mexSetTrapFlag             000000018023de18 f   libmex:libmex.dll
 0001:0023ce1e       mexMakeArrayPersistent     000000018023de1e f   libmex:libmex.dll
 0001:0023ce24       mexPutVariable             000000018023de24 f   libmex:libmex.dll
 0001:0023ce2a       mexGetVariable             000000018023de2a f   libmex:libmex.dll
 0001:0023ce30       mexLock                    000000018023de30 f   libmex:libmex.dll
 0001:0023ce36       mexMakeMemoryPersistent    000000018023de36 f   libmex:libmex.dll
 0001:0023ce3c       mexFunctionName            000000018023de3c f   libmex:libmex.dll
 0001:0023ce42       ssRegisterDataTypeFxpFSlopeFixExpBias 000000018023de42 f   libfixedpoint:libfixedpoint.dll
 0001:0023ce48       utVSNprintf                000000018023de48 f   libut:libut.dll
 0001:0023ce4e       utCPUtime                  000000018023de4e f   libut:libut.dll
 0001:0023ce54       utFree                     000000018023de54 f   libut:libut.dll
 0001:0023ce5a       utMalloc                   000000018023de5a f   libut:libut.dll
 0001:0023ce60       muDoubleScalarSin          000000018023de60 f   libmwmathutil:libmwmathutil.dll
 0001:0023ce66       muDoubleScalarCos          000000018023de66 f   libmwmathutil:libmwmathutil.dll
 0001:0023ce6c       muDoubleScalarAtan2        000000018023de6c f   libmwmathutil:libmwmathutil.dll
 0001:0023ce72       muDoubleScalarAcos         000000018023de72 f   libmwmathutil:libmwmathutil.dll
 0001:0023ce78       muDoubleScalarPower        000000018023de78 f   libmwmathutil:libmwmathutil.dll
 0001:0023ce7e       muDoubleScalarFloor        000000018023de7e f   libmwmathutil:libmwmathutil.dll
 0001:0023ce84       muDoubleScalarSqrt         000000018023de84 f   libmwmathutil:libmwmathutil.dll
 0001:0023ce8a       muDoubleScalarAbs          000000018023de8a f   libmwmathutil:libmwmathutil.dll
 0001:0023ce90       muDoubleScalarIsNaN        000000018023de90 f   libmwmathutil:libmwmathutil.dll
 0001:0023ce96       emlrtCheckBuiltInR2009a    000000018023de96 f   libemlrt:libemlrt.dll
 0001:0023ce9c       emlrtCheckVsBuiltInR2009a  000000018023de9c f   libemlrt:libemlrt.dll
 0001:0023cea2       emlrtCheckEnumR2009a       000000018023dea2 f   libemlrt:libemlrt.dll
 0001:0023cea8       emlrtCreateEnumR2010a      000000018023dea8 f   libemlrt:libemlrt.dll
 0001:0023ceae       emlrtGetEnumElementR2009a  000000018023deae f   libemlrt:libemlrt.dll
 0001:0023ceb4       emlrtImportVsFiArrayR2009b 000000018023deb4 f   libemlrt:libemlrt.dll
 0001:0023ceba       emlrtGetEnumUnderlyingArrayR2009a 000000018023deba f   libemlrt:libemlrt.dll
 0001:0023cec0       emlrtIsEnumR2009a          000000018023dec0 f   libemlrt:libemlrt.dll
 0001:0023cec6       idamax32                   000000018023dec6 f   libmwblascompat32:libmwblascompat32.dll
 0001:0023cecc       dswap32                    000000018023decc f   libmwblascompat32:libmwblascompat32.dll
 0001:0023ced2       dger32                     000000018023ded2 f   libmwblascompat32:libmwblascompat32.dll
 0001:0023ced8       dtrsm32                    000000018023ded8 f   libmwblascompat32:libmwblascompat32.dll
 0001:0023cede       ddot32                     000000018023dede f   libmwblascompat32:libmwblascompat32.dll
 0001:0023cee4       dnrm232                    000000018023dee4 f   libmwblascompat32:libmwblascompat32.dll
 0001:0023ceea       dgemm32                    000000018023deea f   libmwblascompat32:libmwblascompat32.dll
 0001:0023cef0       strlen                     000000018023def0 f   MSVCRT:MSVCR90.dll
 0001:0023cf00       memset                     000000018023df00 f   MSVCRT:MSVCR90.dll
 0001:0023cf06       malloc                     000000018023df06 f   MSVCRT:MSVCR90.dll
 0001:0023cf0c       __GSHandlerCheckCommon     000000018023df0c f   MSVCRT:gshandler.obj
 0001:0023cf70       __GSHandlerCheck           000000018023df70 f   MSVCRT:gshandler.obj
 0001:0023cfa0       __security_check_cookie    000000018023dfa0 f   MSVCRT:amdsecgs.obj
 0001:0023cfc0       free                       000000018023dfc0 f   MSVCRT:MSVCR90.dll
 0001:0023cfc6       strcmp                     000000018023dfc6 f   MSVCRT:MSVCR90.dll
 0001:0023cfcc       sprintf                    000000018023dfcc f   MSVCRT:MSVCR90.dll
 0001:0023cfd2       strcat                     000000018023dfd2 f   MSVCRT:MSVCR90.dll
 0001:0023cfd8       memcpy                     000000018023dfd8 f   MSVCRT:MSVCR90.dll
 0001:0023cfe0       NtCurrentTeb               000000018023dfe0 f i MSVCRT:crtdll.obj
 0001:0023d04c       _CRT_INIT                  000000018023e04c f   MSVCRT:crtdll.obj
 0001:0023d3e0       _DllMainCRTStartup         000000018023e3e0 f   MSVCRT:crtdll.obj
 0001:0023d41e       strncpy                    000000018023e41e f   MSVCRT:MSVCR90.dll
 0001:0023d424       longjmp                    000000018023e424 f   MSVCRT:MSVCR90.dll
 0001:0023d42a       strncmp                    000000018023e42a f   MSVCRT:MSVCR90.dll
 0001:0023d430       ceil                       000000018023e430 f   MSVCRT:MSVCR90.dll
 0001:0023d436       strrchr                    000000018023e436 f   MSVCRT:MSVCR90.dll
 0001:0023d43c       _setjmp                    000000018023e43c f   MSVCRT:MSVCR90.dll
 0001:0023d442       calloc                     000000018023e442 f   MSVCRT:MSVCR90.dll
 0001:0023d448       realloc                    000000018023e448 f   MSVCRT:MSVCR90.dll
 0001:0023d44e       ldexp                      000000018023e44e f   MSVCRT:MSVCR90.dll
 0001:0023d454       __report_gsfailure         000000018023e454 f   MSVCRT:gs_report.obj
 0001:0023d5a0       __clean_type_info_names    000000018023e5a0 f   MSVCRT:tncleanup.obj
 0001:0023d5ac       _onexit                    000000018023e5ac f   MSVCRT:atonexit.obj
 0001:0023d65c       atexit                     000000018023e65c f   MSVCRT:atonexit.obj
 0001:0023d674       _RTC_Initialize            000000018023e674 f   MSVCRT:_initsect_.obj
 0001:0023d6ac       _RTC_Terminate             000000018023e6ac f   MSVCRT:_initsect_.obj
 0001:0023d6e4       _encode_pointer            000000018023e6e4 f   MSVCRT:MSVCR90.dll
 0001:0023d6ea       _malloc_crt                000000018023e6ea f   MSVCRT:MSVCR90.dll
 0001:0023d6f0       _ValidateImageBase         000000018023e6f0 f   MSVCRT:pesect.obj
 0001:0023d720       _FindPESection             000000018023e720 f   MSVCRT:pesect.obj
 0001:0023d770       _IsNonwritableInCurrentImage 000000018023e770 f   MSVCRT:pesect.obj
 0001:0023d7b2       _initterm                  000000018023e7b2 f   MSVCRT:MSVCR90.dll
 0001:0023d7b8       _initterm_e                000000018023e7b8 f   MSVCRT:MSVCR90.dll
 0001:0023d7be       _encoded_null              000000018023e7be f   MSVCRT:MSVCR90.dll
 0001:0023d7c4       _decode_pointer            000000018023e7c4 f   MSVCRT:MSVCR90.dll
 0001:0023d7ca       _amsg_exit                 000000018023e7ca f   MSVCRT:MSVCR90.dll
 0001:0023d7d0       __C_specific_handler       000000018023e7d0 f   MSVCRT:MSVCR90.dll
 0001:0023d7d6       __CppXcptFilter            000000018023e7d6 f   MSVCRT:MSVCR90.dll
 0001:0023d7dc       DllMain                    000000018023e7dc f   MSVCRT:dllmain.obj
 0001:0023d800       __security_init_cookie     000000018023e800 f   MSVCRT:gs_support.obj
 0001:0023d8b4       __crt_debugger_hook        000000018023e8b4 f   MSVCRT:MSVCR90.dll
 0001:0023d8ba       __clean_type_info_names_internal 000000018023e8ba f   MSVCRT:MSVCR90.dll
 0001:0023d8c0       _unlock                    000000018023e8c0 f   MSVCRT:MSVCR90.dll
 0001:0023d8c6       __dllonexit                000000018023e8c6 f   MSVCRT:MSVCR90.dll
 0001:0023d8cc       _lock                      000000018023e8cc f   MSVCRT:MSVCR90.dll
 0001:0023d8d2       Sleep                      000000018023e8d2 f   kernel32:KERNEL32.dll
 0001:0023d8d8       TerminateProcess           000000018023e8d8 f   kernel32:KERNEL32.dll
 0001:0023d8de       GetCurrentProcess          000000018023e8de f   kernel32:KERNEL32.dll
 0001:0023d8e4       UnhandledExceptionFilter   000000018023e8e4 f   kernel32:KERNEL32.dll
 0001:0023d8ea       SetUnhandledExceptionFilter 000000018023e8ea f   kernel32:KERNEL32.dll
 0001:0023d8f0       IsDebuggerPresent          000000018023e8f0 f   kernel32:KERNEL32.dll
 0001:0023d8f6       RtlVirtualUnwind           000000018023e8f6 f   kernel32:KERNEL32.dll
 0001:0023d8fc       RtlLookupFunctionEntry     000000018023e8fc f   kernel32:KERNEL32.dll
 0001:0023d902       RtlCaptureContext          000000018023e902 f   kernel32:KERNEL32.dll
 0001:0023d908       DisableThreadLibraryCalls  000000018023e908 f   kernel32:KERNEL32.dll
 0001:0023d90e       QueryPerformanceCounter    000000018023e90e f   kernel32:KERNEL32.dll
 0001:0023d914       GetTickCount               000000018023e914 f   kernel32:KERNEL32.dll
 0001:0023d91a       GetCurrentThreadId         000000018023e91a f   kernel32:KERNEL32.dll
 0001:0023d920       GetCurrentProcessId        000000018023e920 f   kernel32:KERNEL32.dll
 0001:0023d926       GetSystemTimeAsFileTime    000000018023e926 f   kernel32:KERNEL32.dll
 0001:0023d940       _alloca_probe              000000018023e940     MSVCRT:chkstk.obj
 0001:0023d940       __chkstk                   000000018023e940 f   MSVCRT:chkstk.obj
 0002:00000000       __imp_DisableThreadLibraryCalls 000000018023f000     kernel32:KERNEL32.dll
 0002:00000008       __imp_RtlCaptureContext    000000018023f008     kernel32:KERNEL32.dll
 0002:00000010       __imp_RtlLookupFunctionEntry 000000018023f010     kernel32:KERNEL32.dll
 0002:00000018       __imp_RtlVirtualUnwind     000000018023f018     kernel32:KERNEL32.dll
 0002:00000020       __imp_IsDebuggerPresent    000000018023f020     kernel32:KERNEL32.dll
 0002:00000028       __imp_SetUnhandledExceptionFilter 000000018023f028     kernel32:KERNEL32.dll
[...]
 0001:002125f0       ml_generic_out_of_bounds_check 00000001802135f0 f   sfc_mex:sfc_mex.obj
 0001:00212740       ml_get_element_value_from_array 0000000180213740 f   sfc_mex:sfc_mex.obj
 0001:00212a40       _ml_generic_castability_check 0000000180213a40 f   sfc_mex:sfc_mex.obj
 0001:00213610       ml_generic_castability_check 0000000180214610 f   sfc_mex:sfc_mex.obj
 0001:002136b0       ml_check_mx_array_for_single_castability 00000001802146b0 f   sfc_mex:sfc_mex.obj
 0001:00213750       ml_check_mx_array_for_logical_castability 0000000180214750 f   sfc_mex:sfc_mex.obj
 0001:002137f0       ml_check_mx_array_for_int8_castability 00000001802147f0 f   sfc_mex:sfc_mex.obj
 0001:002138a0       ml_check_mx_array_for_uint8_castability 00000001802148a0 f   sfc_mex:sfc_mex.obj
 0001:00213940       ml_check_mx_array_for_int16_castability 0000000180214940 f   sfc_mex:sfc_mex.obj
 0001:002139e0       ml_check_mx_array_for_uint16_castability 00000001802149e0 f   sfc_mex:sfc_mex.obj
 0001:00213a80       ml_check_mx_array_for_int32_castability 0000000180214a80 f   sfc_mex:sfc_mex.obj
 0001:00213b20       ml_check_mx_array_for_uint32_castability 0000000180214b20 f   sfc_mex:sfc_mex.obj
 0001:00213bc0       ml_check_mx_array_for_castability 0000000180214bc0 f   sfc_mex:sfc_mex.obj
 0001:00214390       set_data_value             0000000180215390 f   sfc_mex:sfc_mex.obj
 0001:002146e0       get_data_value             00000001802156e0 f   sfc_mex:sfc_mex.obj
 0001:002147d0       get_next_element_address   00000001802157d0 f   sfc_mex:sfc_mex.obj
 0001:002148a0       sf_normalize_index         00000001802158a0 f   sfc_mex:sfc_mex.obj
 0001:00214c30       ml_array_index_bound_check 0000000180215c30 f   sfc_mex:sfc_mex.obj
 0001:00215840       mx_value                   0000000180216840 f   sfc_mex:sfc_mex.obj
 0001:00215890       sf_create_numeric_array    0000000180216890 f   sfc_mex:sfc_mex.obj
 0001:00215930       sf_mex_assign_to_mx_array  0000000180216930 f   sfc_mex:sfc_mex.obj
 0001:002162a0       assign_from_mx_array       00000001802172a0 f   sfc_mex:sfc_mex.obj
 0001:00217520       get_machine_and_chart_file_number 0000000180218520 f   sfc_mex:sfc_sf.obj
 0001:00217610       get_sfun_block_specialization 0000000180218610 f   sfc_mex:sfc_sf.obj
 0001:00217690       call_sf_machine_global_method_dispatcher 0000000180218690 f   sfc_mex:sfc_sf.obj
 0001:00217900       mdl_zeroCrossings_processing 0000000180218900 f   sfc_mex:sfc_sf.obj
 0001:002179d0       mdl_derivatives_processing 00000001802189d0 f   sfc_mex:sfc_sf.obj
 0001:00217c90       mdl_outputs_continuous_legacy 0000000180218c90 f   sfc_mex:sfc_sf.obj
 0001:00217d10       mdl_outputs_processing     0000000180218d10 f   sfc_mex:sfc_sf.obj
 0001:00218010       mdl_enable_processing      0000000180219010 f   sfc_mex:sfc_sf.obj
 0001:002180e0       mdl_disable_processing     00000001802190e0 f   sfc_mex:sfc_sf.obj
 0001:00218bd0       write_symbol_mapping       0000000180219bd0 f   sfc_mex:sfc_sf.obj
 0001:00219350       sf_call_output_fcn_enable_disable 000000018021a350 f   sfc_mex:sfc_sf.obj
 0001:002195d0       set_dwork_information_from_mx_array 000000018021a5d0 f   sfc_mex:sfc_sf.obj
 0001:00219d50       get_dwork_info_from_mat_file 000000018021ad50 f   sfc_mex:sfc_sf.obj
 0001:00219f00       ptr2mxStruct               000000018021af00 f   sfc_mex:sfc_sf.obj
 0001:0021a310       SNPRINTF_WRAPPER           000000018021b310 f   sfc_debug:sfcdebug.obj
 0001:0021a330       sf_debug_chart_instance_initialized_quick 000000018021b330 f   sfc_debug:sfcdebug.obj
 0001:0021a340       sf_debug_chart_instance_initialized 000000018021b340 f   sfc_debug:sfcdebug.obj
 0001:0021a4e0       sfrtAddSize                000000018021b4e0 f   sfc_debug:sfcdebug.obj
 0001:0021a5a0       sfrtGenSizeString          000000018021b5a0 f   sfc_debug:sfcdebug.obj
 0001:0021ad20       sf_debug_sim_status_listener 000000018021bd20 f   sfc_debug:sfcdebug.obj
 0001:0021b290       sf_debug_form_mask_bits    000000018021c290 f   sfc_debug:sfcdebug.obj
 0001:0021b2d0       sf_debug_form_sf_data_type_offsets 000000018021c2d0 f   sfc_debug:sfcdebug.obj
 0001:0021b390       sf_debug_free_all          000000018021c390 f   sfc_debug:sfcdebug.obj
 0001:0021b520       sf_debug_append_debugger_context 000000018021c520 f   sfc_debug:sfcdebug.obj
 0001:0021b7e0       local_strdup               000000018021c7e0 f   sfc_debug:sfcdebug.obj
 0001:0021c6c0       sf_debug_em_terminate      000000018021d6c0 f   sfc_debug:sfcdebug.obj
 0001:0021c700       sf_debug_push_eml_function 000000018021d700 f   sfc_debug:sfcdebug.obj
 0001:0021c7a0       sf_debug_pop_eml_function  000000018021d7a0 f   sfc_debug:sfcdebug.obj
 0001:0021d460       sf_debug_get_machine_number_from_id_or_name 000000018021e460 f   sfc_debug:sfcdebug.obj
 0001:0021d5b0       sf_debug_get_chart_number_from_id 000000018021e5b0 f   sfc_debug:sfcdebug.obj
 0001:0021e260       sf_debug_transfer_control_to_debugger_GUI 000000018021f260 f   sfc_debug:sfcdebug.obj
 0001:0021f240       sf_debug_scripts_rehash    0000000180220240 f   sfc_debug:sfcdebug.obj
 0001:0021f490       sf_debug_get_script_line_count 0000000180220490 f   sfc_debug:sfcdebug.obj
 0001:0021fbe0       cv_eml_state_cvId          0000000180220be0 f   sfc_debug:sfcdebug.obj
 0001:00221100       sf_debug_data_array_bounds_error 0000000180222100 f   sfc_debug:sfcdebug.obj
 0001:00221500       eml_debug_runtime_error_doclink 0000000180222500 f   sfc_debug:sfcdebug.obj
 0001:00221670       sf_debug_runtime_error     0000000180222670 f   sfc_debug:sfcdebug.obj
 0001:002216e0       sf_debug_matlab_error      00000001802226e0 f   sfc_debug:sfcdebug.obj
 0001:00221f20       sf_debug_data_value_error  0000000180222f20 f   sfc_debug:sfcdebug.obj
 0001:002227e0       sf_debug_data_loss_error   00000001802237e0 f   sfc_debug:sfcdebug.obj
 0001:002233f0       call_cv_range_check        00000001802243f0 f   sfc_debug:sfcdebug.obj
 0001:00223ce0       sf_debug_invoke_cycle_detection_code 0000000180224ce0 f   sfc_debug:sfcdebug.obj
 0001:00224b40       sf_reset_debug_info_struct 0000000180225b40 f   sfc_debug:sfcdebug.obj
 0001:00225600       cv_script_cvId             0000000180226600 f   sfc_debug:sfcdebug.obj
 0001:00226a80       sfc_api_chart_visible      0000000180227a80 f   sfc_debug:sfc_api.obj
 0001:00226b00       sfc_api_active_instance    0000000180227b00 f   sfc_debug:sfc_api.obj
 0001:00226b80       sfc_api_machine_load       0000000180227b80 f   sfc_debug:sfc_api.obj
 0001:00226c50       sfc_api_debugger_alive     0000000180227c50 f   sfc_debug:sfc_api.obj
 0001:00226c60       sfc_api_go                 0000000180227c60 f   sfc_debug:sfc_api.obj
 0001:00226c70       sfc_api_step_over          0000000180227c70 f   sfc_debug:sfc_api.obj
 0001:00226c80       sfc_api_step_out           0000000180227c80 f   sfc_debug:sfc_api.obj
 0001:00226c90       sfc_api_resume             0000000180227c90 f   sfc_debug:sfc_api.obj
 0001:00226ca0       sfc_api_break              0000000180227ca0 f   sfc_debug:sfc_api.obj
 0001:00226cb0       sfc_api_stop_debugging     0000000180227cb0 f   sfc_debug:sfc_api.obj
 0001:00226d00       sfc_api_is_cycle_detected  0000000180227d00 f   sfc_debug:sfc_api.obj
 0001:00226d50       sfc_api_is_array_bounds_detected 0000000180227d50 f   sfc_debug:sfc_api.obj
 0001:00226da0       sfc_api_set_disable_all_breakpoints 0000000180227da0 f   sfc_debug:sfc_api.obj
 0001:00226e10       sfc_api_disable_all_breakpoints_and_go 0000000180227e10 f   sfc_debug:sfc_api.obj
 0001:00226e20       sfc_api_close              0000000180227e20 f   sfc_debug:sfc_api.obj
 0001:00226e30       sfc_api_browse_data        0000000180227e30 f   sfc_debug:sfc_api.obj
 0001:00226ea0       sfc_api_watch_data         0000000180227ea0 f   sfc_debug:sfc_api.obj
 0001:00226f40       sfc_api_whos               0000000180227f40 f   sfc_debug:sfc_api.obj
 0001:00226fd0       sfc_api_get_consistency_info 0000000180227fd0 f   sfc_debug:sfc_api.obj
 0001:00226fe0       sfc_api_browse_trace       0000000180227fe0 f   sfc_debug:sfc_api.obj
 0001:00226ff0       sfc_api_break_on_chart_entry 0000000180227ff0 f   sfc_debug:sfc_api.obj
 0001:00227010       sfc_api_break_on_event_broadcast 0000000180228010 f   sfc_debug:sfc_api.obj
 0001:00227030       sfc_api_break_on_state_entry 0000000180228030 f   sfc_debug:sfc_api.obj
 0001:00227050       sfc_api_set_watch          0000000180228050 f   sfc_debug:sfc_api.obj
 0001:002270f0       sfc_api_set_breakpoints    00000001802280f0 f   sfc_debug:sfc_api.obj
 0001:00227190       sfc_api_set_eml_breakpoints 0000000180228190 f   sfc_debug:sfc_api.obj
 0001:00227210       sfc_api_set_script_breakpoints 0000000180228210 f   sfc_debug:sfc_api.obj
 0001:00227260       sfc_api_add_script_breakpoints 0000000180228260 f   sfc_debug:sfc_api.obj
 0001:002272b0       sfc_api_clear_script_breakpoints 00000001802282b0 f   sfc_debug:sfc_api.obj
 0001:00227300       sfc_api_query_script_breakpoints 0000000180228300 f   sfc_debug:sfc_api.obj
 0001:00227360       sfc_api_get_script_id      0000000180228360 f   sfc_debug:sfc_api.obj
 0001:00227420       sfc_api_get_active_states  0000000180228420 f   sfc_debug:sfc_api.obj
 0001:002274a0       sfc_api_break_between_times 00000001802284a0 f   sfc_debug:sfc_api.obj
 0001:00227500       sfc_api_get_instance_handle 0000000180228500 f   sfc_debug:sfc_api.obj
 0001:002275b0       sfc_api_get_coverage       00000001802285b0 f   sfc_debug:sfc_api.obj
 0001:00227630       sfc_api_set_animation      0000000180228630 f   sfc_debug:sfc_api.obj
 0001:00227680       sfc_api_select_chart       0000000180228680 f   sfc_debug:sfc_api.obj
 0001:002276e0       sfc_api_select_charts      00000001802286e0 f   sfc_debug:sfc_api.obj
 0001:00227710       sfc_api_cycle_detection_check 0000000180228710 f   sfc_debug:sfc_api.obj
 0001:00227760       sfc_api_data_range_check   0000000180228760 f   sfc_debug:sfc_api.obj
 0001:002277b0       sfc_api_transition_conflict_check 00000001802287b0 f   sfc_debug:sfc_api.obj
 0001:00227800       sfc_api_state_consistency_check 0000000180228800 f   sfc_debug:sfc_api.obj
 0001:00227850       sfc_api_set_instance_cv_ids 0000000180228850 f   sfc_debug:sfc_api.obj
 0001:00227960       sfc_api_set_script_cv_ids  0000000180228960 f   sfc_debug:sfc_api.obj
 0001:00227a00       sfc_api_get_current_machine_id 0000000180228a00 f   sfc_debug:sfc_api.obj
 0001:00227a30       sfc_api_get_current_machine_number 0000000180228a30 f   sfc_debug:sfc_api.obj
 0001:00227a60       sfc_api_get_current_chart_number 0000000180228a60 f   sfc_debug:sfc_api.obj
 0001:00227a90       sfc_api_get_current_instance_number 0000000180228a90 f   sfc_debug:sfc_api.obj
 0001:00227ac0       sfc_api_get_current_instance_handle 0000000180228ac0 f   sfc_debug:sfc_api.obj
 0001:00227ae0       sfc_api_get_current_is_minor_time_step 0000000180228ae0 f   sfc_debug:sfc_api.obj
 0001:00227b10       sfc_api_get_current_machine_name 0000000180228b10 f   sfc_debug:sfc_api.obj
 0001:00227b30       sfc_api_get_current_chart_id 0000000180228b30 f   sfc_debug:sfc_api.obj
 0001:00227b60       sfc_api_get_current_object_type 0000000180228b60 f   sfc_debug:sfc_api.obj
 0001:00227b90       sfc_api_get_current_event_type 0000000180228b90 f   sfc_debug:sfc_api.obj
 0001:00227bc0       sfc_api_get_current_object_id 0000000180228bc0 f   sfc_debug:sfc_api.obj
 0001:00227bf0       sfc_get_current_active_event_type 0000000180228bf0 f   sfc_debug:sfc_api.obj
 0001:00227c20       sfc_api_get_current_active_event_id 0000000180228c20 f   sfc_debug:sfc_api.obj
 0001:00227c50       sfc_api_get_current_simulation_time 0000000180228c50 f   sfc_debug:sfc_api.obj
 0001:00227c70       sfc_get_current_tag_type   0000000180228c70 f   sfc_debug:sfc_api.obj
 0001:00227ca0       sfc_get_current_coverage_percentage 0000000180228ca0 f   sfc_debug:sfc_api.obj
 0001:00227cc0       sfc_get_current_statement_context 0000000180228cc0 f   sfc_debug:sfc_api.obj
 0001:00227ce0       sfc_get_current_optional_integer 0000000180228ce0 f   sfc_debug:sfc_api.obj
 0001:00227d00       sfc_get_current_statement_info 0000000180228d00 f   sfc_debug:sfc_api.obj
 0001:00227da0       sfc_api_get                0000000180228da0 f   sfc_debug:sfc_api.obj
 0001:00227f00       sf_debug_sm_is_using_unified_editors 0000000180228f00 f   sfc_debug:sfdb_animation.obj
 0001:00227fa0       sf_debug_sm_is_chart_visible_in_unified_editors 0000000180228fa0 f   sfc_debug:sfdb_animation.obj
 0001:00228060       sf_debug_sm_check_if_chart_is_visible 0000000180229060 f   sfc_debug:sfdb_animation.obj
 0001:00228c70       sf_debug_sm_fill_state_activity_data 0000000180229c70 f   sfc_debug:sfdb_animation.obj
 0001:0022b280       sf_debug_hm_get_simulink_handle 000000018022c280 f   sfc_debug:sfdb_handle_management.obj
 0001:0022be70       sf_debug_hm_initialize_globals 000000018022ce70 f   sfc_debug:sfdb_handle_management.obj
 0001:0022bf70       sf_debug_hm_get_machine_debug_flag 000000018022cf70 f   sfc_debug:sfdb_handle_management.obj
 0001:0022c0e0       sf_debug_hm_get_machine_id 000000018022d0e0 f   sfc_debug:sfdb_handle_management.obj
 0001:0022c200       sf_debug_hm_get_chart_id   000000018022d200 f   sfc_debug:sfdb_handle_management.obj
 0001:0022c3a0       sf_debug_hm_register_executing_SFunction 000000018022d3a0 f   sfc_debug:sfdb_handle_management.obj
 0001:0022c530       sf_debug_hm_get_chart_active_instance 000000018022d530 f   sfc_debug:sfdb_handle_management.obj
 0001:0022c6a0       sf_debug_hm_get_chart_visibility 000000018022d6a0 f   sfc_debug:sfdb_handle_management.obj
 0001:0022c7f0       sf_debug_hm_form_object_boolean_properties 000000018022d7f0 f   sfc_debug:sfdb_handle_management.obj
 0001:0022cac0       sf_debug_hm_form_object_properties 000000018022dac0 f   sfc_debug:sfdb_handle_management.obj
 0001:0022cd00       sf_debug_hm_terminate_charts 000000018022dd00 f   sfc_debug:sfdb_handle_management.obj
 0001:0022d440       sf_debug_hm_terminate_machines 000000018022e440 f   sfc_debug:sfdb_handle_management.obj
 0001:0022ef40       void_ptr_stack_vector_free_total 000000018022ff40 f   sfc_debug:sfdb_data_browse.obj
 0001:0022efd0       sf_debug_st_terminate_machine 000000018022ffd0 f   sfc_debug:sfdb_data_browse.obj
 0001:0022f100       sf_debug_st_terminate_instance 0000000180230100 f   sfc_debug:sfdb_data_browse.obj
 0001:0022f5b0       push_on_to_void_ptr_stack  00000001802305b0 f   sfc_debug:sfdb_data_browse.obj
 0001:0022f740       pop_from_void_ptr_stack    0000000180230740 f   sfc_debug:sfdb_data_browse.obj
 0001:0022f870       sf_debug_st_get_data_value 0000000180230870 f   sfc_debug:sfdb_data_browse.obj
 0001:0022fda0       mx_value                   0000000180230da0 f   sfc_debug:sfdb_data_browse.obj
 0001:0022fde0       sf_debug_st_fill_data_struct 0000000180230de0 f   sfc_debug:sfdb_data_browse.obj
 0001:00230120       data_type_format_strings   0000000180231120 f   sfc_debug:sfdb_data_browse.obj
 0001:002301d0       sf_debug_st_fill_data      00000001802311d0 f   sfc_debug:sfdb_data_browse.obj
 0001:00231460       sf_debug_ss_copy_dimension 0000000180232460 f   sfc_debug:sfdb_symbol_scope.obj
 0001:00231520       sf_debug_ss_get_number_elements 0000000180232520 f   sfc_debug:sfdb_symbol_scope.obj
 0001:00231540       sf_debug_ss_fill_data_struct 0000000180232540 f   sfc_debug:sfdb_symbol_scope.obj
 0001:00231890       sf_debug_ss_reset_data_info 0000000180232890 f   sfc_debug:sfdb_symbol_scope.obj
 0001:002318f0       sf_debug_fill_data_info_by_symbol_scope_entry 00000001802328f0 f   sfc_debug:sfdb_symbol_scope.obj
 0001:002319a0       sf_debug_fill_data_info_by_data_vector 00000001802329a0 f   sfc_debug:sfdb_symbol_scope.obj
 0001:00231be0       sf_debug_ss_get_data_info  0000000180232be0 f   sfc_debug:sfdb_symbol_scope.obj
 0001:00232010       sf_debug_ss_get_data_value 0000000180233010 f   sfc_debug:sfdb_symbol_scope.obj
 0001:002324a0       sf_debug_ss_data_bytes_string 00000001802334a0 f   sfc_debug:sfdb_symbol_scope.obj
 0001:00232550       sf_debug_ss_data_class_string 0000000180233550 f   sfc_debug:sfdb_symbol_scope.obj
 0001:002328e0       sf_debug_ss_data_size_string 00000001802338e0 f   sfc_debug:sfdb_symbol_scope.obj
 0001:002329c0       sf_debug_ss_data_create_data_info_struct 00000001802339c0 f   sfc_debug:sfdb_symbol_scope.obj
 0001:00232c20       sf_debug_ss_data_create_name_value_pair 0000000180233c20 f   sfc_debug:sfdb_symbol_scope.obj
 0001:00232cc0       sf_debug_ss_data_get_whos_info 0000000180233cc0 f   sfc_debug:sfdb_symbol_scope.obj
 0001:00232d80       same_named_data_in_data_array 0000000180233d80 f   sfc_debug:sfdb_symbol_scope.obj
 0001:00234780       sf_debug_cc_terminate_chart 0000000180235780 f   sfc_debug:sfdb_coverage.obj
 0001:00234b20       sf_debug_cc_terminate_instance 0000000180235b20 f   sfc_debug:sfdb_coverage.obj
 0001:00235720       sf_debug_cc_mark_object_if_needed 0000000180236720 f   sfc_debug:sfdb_coverage.obj
 0001:00235e80       sf_debug_cc_fill_transition_coverage_data 0000000180236e80 f   sfc_debug:sfdb_coverage.obj
 0001:00236010       sf_debug_cc_fill_transition_coverage_map 0000000180237010 f   sfc_debug:sfdb_coverage.obj
 0001:002362c0       sf_debug_cc_fill_state_coverage_map 00000001802372c0 f   sfc_debug:sfdb_coverage.obj
 0001:00236510       sf_debug_cc_fill_state_coverage_data 0000000180237510 f   sfc_debug:sfdb_coverage.obj
 0001:00237140       sf_debug_bm_initialize_eml 0000000180238140 f   sfc_debug:sfdb_breakpoints.obj
 0001:00238290       sf_debug_bm_map_debug_tag_to_breakpoint_tag 0000000180239290 f   sfc_debug:sfdb_breakpoints.obj
 0001:00238370       sf_debug_bm_is_a_eml_breakpoint_impl 0000000180239370 f   sfc_debug:sfdb_breakpoints.obj
 0001:00239fd0       sf_debug_sc_push_on_error_stack 000000018023afd0 f   sfc_debug:sfdb_state_consistency.obj
 0001:0023a100       sf_debug_sc_reset_error_stack 000000018023b100 f   sfc_debug:sfdb_state_consistency.obj
 0001:0023a290       sf_debug_sc_is_state_inconsistent 000000018023b290 f   sfc_debug:sfdb_state_consistency.obj
 0001:0023a590       sf_debug_sc_fill_consistency_info 000000018023b590 f   sfc_debug:sfdb_state_consistency.obj
 0001:0023ab40       void_assertion_fcn         000000018023bb40 f   sfc_debug:sfdb_call_stack.obj
 0001:0023b0d0       sf_debug_tm_fill_local_trace 000000018023c0d0 f   sfc_debug:sfdb_call_stack.obj
 0001:0023b670       sf_debug_cd_terminate_instance 000000018023c670 f   sfc_debug:sfdb_cycle_detection.obj
 0001:0023b6d0       sf_debug_cd_free_checksum_stack 000000018023c6d0 f   sfc_debug:sfdb_cycle_detection.obj
 0001:0023b720       sf_debug_cd_reset_pack_strings 000000018023c720 f   sfc_debug:sfdb_cycle_detection.obj
 0001:0023bde0       md5file_clear              000000018023cde0 f   sfc_debug:ckmd5.obj
 0001:0023be10       Encode                     000000018023ce10 f   sfc_debug:ckmd5.obj
 0001:0023be60       Decode                     000000018023ce60 f   sfc_debug:ckmd5.obj
 0001:0023bf00       MD5Transform               000000018023cf00 f   sfc_debug:ckmd5.obj
 0001:0023c750       md5file_addn               000000018023d750 f   sfc_debug:ckmd5.obj
 0001:0023c820       md5file_hash               000000018023d820 f   sfc_debug:ckmd5.obj
 0001:0023cfec       pre_c_init                 000000018023dfec f   MSVCRT:crtdll.obj
 0001:0023d2a8       __DllMainCRTStartup        000000018023e2a8 f   MSVCRT:crtdll.obj
 0001:0023d990       __DllMainCRTStartup$filt$0 000000018023e990 f   MSVCRT:crtdll.obj
 0001:0023d9c0       __DllMainCRTStartup$fin$1  000000018023e9c0 f   MSVCRT:crtdll.obj
 0001:0023d9d9       _onexit$fin$0              000000018023e9d9 f   MSVCRT:atonexit.obj
 0001:0023da00       _IsNonwritableInCurrentImage$filt$0 000000018023ea00 f   MSVCRT:pesect.obj
