 DynJointVerify_sfun

 Timestamp is 53edc1a1 (Fri Aug 15 16:15:29 2014)

 Preferred load address is 0000000180000000

 Start         Length     Name                   Class
 0001:00000000 002b55ecH .text                   CODE
 0001:002b55f0 0000005eH .text$00                CODE
 0001:002b5650 00000091H .text$x                 CODE
 0002:00000000 000004b0H .idata$5                DATA
 0002:000004b0 00000008H .CRT$XCA                DATA
 0002:000004b8 00000008H .CRT$XCZ                DATA
 0002:000004c0 00000008H .CRT$XIA                DATA
 0002:000004c8 00000008H .CRT$XIAA               DATA
 0002:000004d0 00000008H .CRT$XIZ                DATA
 0002:000004e0 00004d4cH .rdata                  DATA
 0002:00005230 00000008H .rtc$IAA                DATA
 0002:00005238 00000008H .rtc$IZZ                DATA
 0002:00005240 00000008H .rtc$TAA                DATA
 0002:00005248 00000008H .rtc$TZZ                DATA
 0002:00005250 00006424H .xdata                  DATA
 0002:0000b674 000000b4H .idata$2                DATA
 0002:0000b728 00000014H .idata$3                DATA
 0002:0000b740 000004b0H .idata$4                DATA
 0002:0000bbf0 00000a76H .idata$6                DATA
 0002:0000c670 00000059H .edata                  DATA
 0003:00000000 000655d8H .data                   DATA
 0003:000655e0 00002ab8H .bss                    DATA
 0004:00000000 00005fa0H .pdata                  DATA

  Address         Publics by Value              Rva+Base               Lib:Object

 0000:00000000       ___safe_se_handler_count   0000000000000000     <absolute>
 0000:00000000       ___safe_se_handler_table   0000000000000000     <absolute>
 0000:00000000       __ImageBase                0000000180000000     <linker-defined>
 0001:00000000       sf_c1_DynJointVerify_get_eml_resolved_functions_info 0000000180001000 f   c1_DynJointVerify.obj
 0001:000032e0       sf_c1_DynJointVerify_get_check_sum 00000001800042e0 f   c1_DynJointVerify.obj
 0001:00003360       sf_c1_DynJointVerify_get_autoinheritance_info 0000000180004360 f   c1_DynJointVerify.obj
 0001:00003a90       c1_DynJointVerify_method_dispatcher 0000000180004a90 f   c1_DynJointVerify.obj
 0001:00012770       sf_c2_DynJointVerify_get_eml_resolved_functions_info 0000000180013770 f   c2_DynJointVerify.obj
 0001:000164b0       sf_c2_DynJointVerify_get_check_sum 00000001800174b0 f   c2_DynJointVerify.obj
 0001:00016530       sf_c2_DynJointVerify_get_autoinheritance_info 0000000180017530 f   c2_DynJointVerify.obj
 0001:00016c60       c2_DynJointVerify_method_dispatcher 0000000180017c60 f   c2_DynJointVerify.obj
 0001:00039a30       sf_c3_DynJointVerify_get_eml_resolved_functions_info 000000018003aa30 f   c3_DynJointVerify.obj
 0001:0003bb60       sf_c3_DynJointVerify_get_check_sum 000000018003cb60 f   c3_DynJointVerify.obj
 0001:0003bbe0       sf_c3_DynJointVerify_get_autoinheritance_info 000000018003cbe0 f   c3_DynJointVerify.obj
 0001:0003cd70       c3_DynJointVerify_method_dispatcher 000000018003dd70 f   c3_DynJointVerify.obj
 0001:0005eee0       sf_c4_DynJointVerify_get_eml_resolved_functions_info 000000018005fee0 f   c4_DynJointVerify.obj
 0001:00061220       sf_c4_DynJointVerify_get_check_sum 0000000180062220 f   c4_DynJointVerify.obj
 0001:000612a0       sf_c4_DynJointVerify_get_autoinheritance_info 00000001800622a0 f   c4_DynJointVerify.obj
 0001:00062570       c4_DynJointVerify_method_dispatcher 0000000180063570 f   c4_DynJointVerify.obj
 0001:000fb200       sf_c5_DynJointVerify_get_eml_resolved_functions_info 00000001800fc200 f   c5_DynJointVerify.obj
 0001:000fbfc0       sf_c5_DynJointVerify_get_check_sum 00000001800fcfc0 f   c5_DynJointVerify.obj
 0001:000fc040       sf_c5_DynJointVerify_get_autoinheritance_info 00000001800fd040 f   c5_DynJointVerify.obj
 0001:000fca10       c5_DynJointVerify_method_dispatcher 00000001800fda10 f   c5_DynJointVerify.obj
 0001:00104370       sf_c6_DynJointVerify_get_eml_resolved_functions_info 0000000180105370 f   c6_DynJointVerify.obj
 0001:00105960       sf_c6_DynJointVerify_get_check_sum 0000000180106960 f   c6_DynJointVerify.obj
 0001:001059e0       sf_c6_DynJointVerify_get_autoinheritance_info 00000001801069e0 f   c6_DynJointVerify.obj
 0001:00105fc0       c6_DynJointVerify_method_dispatcher 0000000180106fc0 f   c6_DynJointVerify.obj
 0001:0010c560       sf_c7_DynJointVerify_get_eml_resolved_functions_info 000000018010d560 f   c7_DynJointVerify.obj
 0001:0010e4e0       sf_c7_DynJointVerify_get_check_sum 000000018010f4e0 f   c7_DynJointVerify.obj
 0001:0010e560       sf_c7_DynJointVerify_get_autoinheritance_info 000000018010f560 f   c7_DynJointVerify.obj
 0001:0010ec90       c7_DynJointVerify_method_dispatcher 000000018010fc90 f   c7_DynJointVerify.obj
 0001:00118fb0       sf_c8_DynJointVerify_get_eml_resolved_functions_info 0000000180119fb0 f   c8_DynJointVerify.obj
 0001:0011ccd0       sf_c8_DynJointVerify_get_check_sum 000000018011dcd0 f   c8_DynJointVerify.obj
 0001:0011cd50       sf_c8_DynJointVerify_get_autoinheritance_info 000000018011dd50 f   c8_DynJointVerify.obj
 0001:0011d480       c8_DynJointVerify_method_dispatcher 000000018011e480 f   c8_DynJointVerify.obj
 0001:00140360       sf_c9_DynJointVerify_get_eml_resolved_functions_info 0000000180141360 f   c9_DynJointVerify.obj
 0001:001436b0       sf_c9_DynJointVerify_get_check_sum 00000001801446b0 f   c9_DynJointVerify.obj
 0001:00143730       sf_c9_DynJointVerify_get_autoinheritance_info 0000000180144730 f   c9_DynJointVerify.obj
 0001:00143e60       c9_DynJointVerify_method_dispatcher 0000000180144e60 f   c9_DynJointVerify.obj
 0001:00152a80       sf_c10_DynJointVerify_get_eml_resolved_functions_info 0000000180153a80 f   c10_DynJointVerify.obj
 0001:00156790       sf_c10_DynJointVerify_get_check_sum 0000000180157790 f   c10_DynJointVerify.obj
 0001:00156810       sf_c10_DynJointVerify_get_autoinheritance_info 0000000180157810 f   c10_DynJointVerify.obj
 0001:00156f40       c10_DynJointVerify_method_dispatcher 0000000180157f40 f   c10_DynJointVerify.obj
 0001:0017a000       sf_c11_DynJointVerify_get_eml_resolved_functions_info 000000018017b000 f   c11_DynJointVerify.obj
 0001:0017d2e0       sf_c11_DynJointVerify_get_check_sum 000000018017e2e0 f   c11_DynJointVerify.obj
 0001:0017d360       sf_c11_DynJointVerify_get_autoinheritance_info 000000018017e360 f   c11_DynJointVerify.obj
 0001:0017da90       c11_DynJointVerify_method_dispatcher 000000018017ea90 f   c11_DynJointVerify.obj
 0001:0018c6e0       sf_c12_DynJointVerify_get_eml_resolved_functions_info 000000018018d6e0 f   c12_DynJointVerify.obj
 0001:0018dcd0       sf_c12_DynJointVerify_get_check_sum 000000018018ecd0 f   c12_DynJointVerify.obj
 0001:0018dd50       sf_c12_DynJointVerify_get_autoinheritance_info 000000018018ed50 f   c12_DynJointVerify.obj
 0001:0018e330       c12_DynJointVerify_method_dispatcher 000000018018f330 f   c12_DynJointVerify.obj
 0001:001948e0       sf_c13_DynJointVerify_get_eml_resolved_functions_info 00000001801958e0 f   c13_DynJointVerify.obj
 0001:00196870       sf_c13_DynJointVerify_get_check_sum 0000000180197870 f   c13_DynJointVerify.obj
 0001:001968f0       sf_c13_DynJointVerify_get_autoinheritance_info 00000001801978f0 f   c13_DynJointVerify.obj
 0001:00197020       c13_DynJointVerify_method_dispatcher 0000000180198020 f   c13_DynJointVerify.obj
 0001:001a12b0       sf_c14_DynJointVerify_get_eml_resolved_functions_info 00000001801a22b0 f   c14_DynJointVerify.obj
 0001:001a4f80       sf_c14_DynJointVerify_get_check_sum 00000001801a5f80 f   c14_DynJointVerify.obj
 0001:001a5000       sf_c14_DynJointVerify_get_autoinheritance_info 00000001801a6000 f   c14_DynJointVerify.obj
 0001:001a5730       c14_DynJointVerify_method_dispatcher 00000001801a6730 f   c14_DynJointVerify.obj
 0001:001c85d0       sf_c15_DynJointVerify_get_eml_resolved_functions_info 00000001801c95d0 f   c15_DynJointVerify.obj
 0001:001cb8b0       sf_c15_DynJointVerify_get_check_sum 00000001801cc8b0 f   c15_DynJointVerify.obj
 0001:001cb930       sf_c15_DynJointVerify_get_autoinheritance_info 00000001801cc930 f   c15_DynJointVerify.obj
 0001:001cc060       c15_DynJointVerify_method_dispatcher 00000001801cd060 f   c15_DynJointVerify.obj
 0001:001dac60       sf_c16_DynJointVerify_get_eml_resolved_functions_info 00000001801dbc60 f   c16_DynJointVerify.obj
 0001:001dcb90       sf_c16_DynJointVerify_get_check_sum 00000001801ddb90 f   c16_DynJointVerify.obj
 0001:001dcc10       sf_c16_DynJointVerify_get_autoinheritance_info 00000001801ddc10 f   c16_DynJointVerify.obj
 0001:001ddee0       c16_DynJointVerify_method_dispatcher 00000001801deee0 f   c16_DynJointVerify.obj
 0001:00228240       sf_c17_DynJointVerify_get_eml_resolved_functions_info 0000000180229240 f   c17_DynJointVerify.obj
 0001:0022a140       sf_c17_DynJointVerify_get_check_sum 000000018022b140 f   c17_DynJointVerify.obj
 0001:0022a1c0       sf_c17_DynJointVerify_get_autoinheritance_info 000000018022b1c0 f   c17_DynJointVerify.obj
 0001:0022b350       c17_DynJointVerify_method_dispatcher 000000018022c350 f   c17_DynJointVerify.obj
 0001:00246340       sf_c18_DynJointVerify_get_eml_resolved_functions_info 0000000180247340 f   c18_DynJointVerify.obj
 0001:00247930       sf_c18_DynJointVerify_get_check_sum 0000000180248930 f   c18_DynJointVerify.obj
 0001:002479b0       sf_c18_DynJointVerify_get_autoinheritance_info 00000001802489b0 f   c18_DynJointVerify.obj
 0001:00247f90       c18_DynJointVerify_method_dispatcher 0000000180248f90 f   c18_DynJointVerify.obj
 0001:0024e490       sf_c19_DynJointVerify_get_eml_resolved_functions_info 000000018024f490 f   c19_DynJointVerify.obj
 0001:00250430       sf_c19_DynJointVerify_get_check_sum 0000000180251430 f   c19_DynJointVerify.obj
 0001:002504b0       sf_c19_DynJointVerify_get_autoinheritance_info 00000001802514b0 f   c19_DynJointVerify.obj
 0001:00250be0       c19_DynJointVerify_method_dispatcher 0000000180251be0 f   c19_DynJointVerify.obj
 0001:0025aff0       sf_c20_DynJointVerify_get_eml_resolved_functions_info 000000018025bff0 f   c20_DynJointVerify.obj
 0001:0025c210       sf_c20_DynJointVerify_get_check_sum 000000018025d210 f   c20_DynJointVerify.obj
 0001:0025c290       sf_c20_DynJointVerify_get_autoinheritance_info 000000018025d290 f   c20_DynJointVerify.obj
 0001:0025cc60       c20_DynJointVerify_method_dispatcher 000000018025dc60 f   c20_DynJointVerify.obj
 0001:00265c40       sf_c21_DynJointVerify_get_eml_resolved_functions_info 0000000180266c40 f   c21_DynJointVerify.obj
 0001:00267fc0       sf_c21_DynJointVerify_get_check_sum 0000000180268fc0 f   c21_DynJointVerify.obj
 0001:00268040       sf_c21_DynJointVerify_get_autoinheritance_info 0000000180269040 f   c21_DynJointVerify.obj
 0001:002688b0       c21_DynJointVerify_method_dispatcher 00000001802698b0 f   c21_DynJointVerify.obj
 0001:00280190       sf_process_check_sum_call  0000000180281190 f   DynJointVerify_sfun_registry.obj
 0001:002801e0       sf_process_autoinheritance_call 00000001802811e0 f   DynJointVerify_sfun_registry.obj
 0001:00280230       sf_process_get_eml_resolved_functions_info_call 0000000180281230 f   DynJointVerify_sfun_registry.obj
 0001:002803b0       sf_mex_unlock_call         00000001802813b0 f   DynJointVerify_sfun_registry.obj
 0001:00280460       sf_machine_global_initializer_called 0000000180281460 f   DynJointVerify_sfun_registry.obj
 0001:00280490       sf_machine_global_method_dispatcher 0000000180281490 f   DynJointVerify_sfun_registry.obj
 0001:002804f0       sf_machine_global_terminator 00000001802814f0 f   DynJointVerify_sfun_registry.obj
 0001:00280530       sf_register_machine_exported_symbols 0000000180281530 f   DynJointVerify_sfun_registry.obj
 0001:00280550       callCustomFcn              0000000180281550 f   DynJointVerify_sfun_registry.obj
 0001:00280560       sf_machine_global_initializer 0000000180281560 f   DynJointVerify_sfun_registry.obj
 0001:002805d0       _ssSetInputPortMatrixDimensions 00000001802815d0 f   DynJointVerify_sfun_registry.obj
 0001:002806e0       _ssSetOutputPortMatrixDimensions 00000001802816e0 f   DynJointVerify_sfun_registry.obj
 0001:002807f0       _ssSetInputPortVectorDimension 00000001802817f0 f   DynJointVerify_sfun_registry.obj
 0001:002808b0       _ssSetOutputPortVectorDimension 00000001802818b0 f   DynJointVerify_sfun_registry.obj
 0001:00280970       ssIsRunTimeParamTunable    0000000180281970 f   DynJointVerify_sfun_registry.obj
 0001:002809e0       ssGetSFuncBlockHandle      00000001802819e0 f   DynJointVerify_sfun_registry.obj
 0001:00280a50       _ssGetCurrentInputPortWidth 0000000180281a50 f   DynJointVerify_sfun_registry.obj
 0001:00280b70       _ssGetCurrentOutputPortWidth 0000000180281b70 f   DynJointVerify_sfun_registry.obj
 0001:00280c90       _ssGetCallSystemNumFcnCallDestinations 0000000180281c90 f   DynJointVerify_sfun_registry.obj
 0001:00280d00       ssWarning                  0000000180281d00 f   DynJointVerify_sfun_registry.obj
 0001:00280de0       ssGetIsZeroCrossControlDisabled 0000000180281de0 f   DynJointVerify_sfun_registry.obj
 0001:00280e50       ssSetIsInputPortUsedForContZcSignal 0000000180281e50 f   DynJointVerify_sfun_registry.obj
 0001:00280ec0       ssSetZcSignalIsZcElementDisc 0000000180281ec0 f   DynJointVerify_sfun_registry.obj
 0001:00280f50       ssSetZcSignalName          0000000180281f50 f   DynJointVerify_sfun_registry.obj
 0001:00280fc0       ssSetZcSignalWidth         0000000180281fc0 f   DynJointVerify_sfun_registry.obj
 0001:00281030       ssSetZcSignalZcEventType   0000000180282030 f   DynJointVerify_sfun_registry.obj
 0001:002810a0       ssSetZcSignalType          00000001802820a0 f   DynJointVerify_sfun_registry.obj
 0001:00281110       ssSetZcSignalZcTol         0000000180282110 f   DynJointVerify_sfun_registry.obj
 0001:00281180       ssSetZcSignalNeedsEventNotification 0000000180282180 f   DynJointVerify_sfun_registry.obj
 0001:002811f0       ssCreateAndAddZcSignalInfo 00000001802821f0 f   DynJointVerify_sfun_registry.obj
 0001:00281260       ssCloneAndAddZcSignalInfo  0000000180282260 f   DynJointVerify_sfun_registry.obj
 0001:002812d0       ssGetNumZcSignals          00000001802822d0 f   DynJointVerify_sfun_registry.obj
 0001:00281340       ssGetZcSignalVector        0000000180282340 f   DynJointVerify_sfun_registry.obj
 0001:002813b0       ssGetZcSignalZcEvents      00000001802823b0 f   DynJointVerify_sfun_registry.obj
 0001:00281420       ssGetZcSignalName          0000000180282420 f   DynJointVerify_sfun_registry.obj
 0001:00281490       ssGetZcSignalWidth         0000000180282490 f   DynJointVerify_sfun_registry.obj
 0001:00281500       ssGetZcSignalZcEventType   0000000180282500 f   DynJointVerify_sfun_registry.obj
 0001:00281570       ssGetZcSignalType          0000000180282570 f   DynJointVerify_sfun_registry.obj
 0001:002815e0       ssGetZcSignalZcTol         00000001802825e0 f   DynJointVerify_sfun_registry.obj
 0001:00281660       ssGetZcSignalNeedsEventNotification 0000000180282660 f   DynJointVerify_sfun_registry.obj
 0001:002816d0       ssGetZcSignalIsZcElementDisc 00000001802826d0 f   DynJointVerify_sfun_registry.obj
 0001:00281750       ssGetIsInputPortElementContinuous 0000000180282750 f   DynJointVerify_sfun_registry.obj
 0001:002817d0       _ssGetInputPortSignalPtrsFcn 00000001802827d0 f   DynJointVerify_sfun_registry.obj
 0001:00281a40       _ssGetInputPortSignalFcn   0000000180282a40 f   DynJointVerify_sfun_registry.obj
 0001:00281c10       _ssSetInputPortDirectFeedThroughFcn 0000000180282c10 f   DynJointVerify_sfun_registry.obj
 0001:00281d60       _ssSetInputPortReusableFcn 0000000180282d60 f   DynJointVerify_sfun_registry.obj
 0001:00281e50       _ssSetOutputPortReusableFcn 0000000180282e50 f   DynJointVerify_sfun_registry.obj
 0001:00281f30       ssGetDTypeIdFromMxArray    0000000180282f30 f   DynJointVerify_sfun_registry.obj
 0001:00282050       ssWriteRTWStr              0000000180283050 f   DynJointVerify_sfun_registry.obj
 0001:002820b0       ssWriteRTWMxVectParam      00000001802830b0 f   DynJointVerify_sfun_registry.obj
 0001:00282110       ssWriteRTWMx2dMatParam     0000000180283110 f   DynJointVerify_sfun_registry.obj
 0001:00282190       ssWriteRTWNameValuePair    0000000180283190 f   DynJointVerify_sfun_registry.obj
 0001:00282670       ssWriteRTWParameters       0000000180283670 f   DynJointVerify_sfun_registry.obj
 0001:00282c70       ssWriteRTWParamSettings    0000000180283c70 f   DynJointVerify_sfun_registry.obj
 0001:00283340       ssWriteRTWWorkVect         0000000180284340 f   DynJointVerify_sfun_registry.obj
 0001:00283840       mexFunction                0000000180284840 f   DynJointVerify_sfun_registry.obj
 0001:002854d0       ProcessMexSfunctionEveryCall 00000001802864d0 f   DynJointVerify_sfun_registry.obj
 0001:00285640       DynJointVerify_initializer 0000000180286640 f   DynJointVerify_sfun.obj
 0001:00285660       DynJointVerify_terminator  0000000180286660 f   DynJointVerify_sfun.obj
 0001:00285670       sf_DynJointVerify_method_dispatcher 0000000180286670 f   DynJointVerify_sfun.obj
 0001:00285980       sf_DynJointVerify_process_check_sum_call 0000000180286980 f   DynJointVerify_sfun.obj
 0001:00285f30       sf_DynJointVerify_autoinheritance_info 0000000180286f30 f   DynJointVerify_sfun.obj
 0001:00286240       sf_DynJointVerify_get_eml_resolved_functions_info 0000000180287240 f   DynJointVerify_sfun.obj
 0001:00286880       DynJointVerify_debug_initialize 0000000180287880 f   DynJointVerify_sfun.obj
 0001:002868f0       DynJointVerify_register_exported_symbols 00000001802878f0 f   DynJointVerify_sfun.obj
 0001:002869a0       sf_mex_mx_is_numeric       00000001802879a0 f   sfc_mex:sfc_mex.obj
 0001:002869e0       strcmp_ignore_ws           00000001802879e0 f   sfc_mex:sfc_mex.obj
 0001:00286b20       sf_mex_duplicatearraysafe  0000000180287b20 f   sfc_mex:sfc_mex.obj
 0001:00286c80       sf_set_error_debugger_context_message_fcn 0000000180287c80 f   sfc_mex:sfc_mex.obj
 0001:00286c90       sf_set_debugger_matlab_error_fcn 0000000180287c90 f   sfc_mex:sfc_mex.obj
 0001:00286cc0       sf_set_error_prefix_string 0000000180287cc0 f   sfc_mex:sfc_mex.obj
 0001:00286cf0       sf_get_error_prefix_string 0000000180287cf0 f   sfc_mex:sfc_mex.obj
 0001:00286d00       sf_get_current_jmp_buf_ptr 0000000180287d00 f   sfc_mex:sfc_mex.obj
 0001:00286d10       sf_set_current_jmp_buf_ptr 0000000180287d10 f   sfc_mex:sfc_mex.obj
 0001:00286d20       sf_mex_set_halt_simulation 0000000180287d20 f   sfc_mex:sfc_mex.obj
 0001:00286d30       sf_mex_get_halt_simulation 0000000180287d30 f   sfc_mex:sfc_mex.obj
 0001:00286d40       sf_mex_clear_error_message 0000000180287d40 f   sfc_mex:sfc_mex.obj
 0001:00286d60       sf_mex_get_error_message_for_read 0000000180287d60 f   sfc_mex:sfc_mex.obj
 0001:00286d70       sf_mex_get_error_message_buffer_length 0000000180287d70 f   sfc_mex:sfc_mex.obj
 0001:00286e60       sf_mex_warning_message     0000000180287e60 f   sfc_mex:sfc_mex.obj
 0001:00286ed0       sf_mex_v_errbuf_createf    0000000180287ed0 f   sfc_mex:sfc_mex.obj
 0001:00286ee0       sf_mex_errbuf_createf      0000000180287ee0 f   sfc_mex:sfc_mex.obj
 0001:00286f10       sf_mex_v_errbuf_catf       0000000180287f10 f   sfc_mex:sfc_mex.obj
 0001:00286f50       sf_mex_errbuf_catf         0000000180287f50 f   sfc_mex:sfc_mex.obj
 0001:00286fa0       sf_mex_errbuf_copy         0000000180287fa0 f   sfc_mex:sfc_mex.obj
 0001:00286fb0       sf_mex_errbuf_clear        0000000180287fb0 f   sfc_mex:sfc_mex.obj
 0001:00286fc0       sf_mex_errbuf_isempty      0000000180287fc0 f   sfc_mex:sfc_mex.obj
 0001:002870d0       sf_mex_set_error_status    00000001802880d0 f   sfc_mex:sfc_mex.obj
 0001:00287120       sf_mex_error_direct_call   0000000180288120 f   sfc_mex:sfc_mex.obj
 0001:00287140       sf_mex_long_jump_on_error  0000000180288140 f   sfc_mex:sfc_mex.obj
 0001:00287170       sf_mex_call_matlab         0000000180288170 f   sfc_mex:sfc_mex.obj
 0001:00287290       sf_mex_check_builtin       0000000180288290 f   sfc_mex:sfc_mex.obj
 0001:002872d0       sf_mex_check_builtin_vs    00000001802882d0 f   sfc_mex:sfc_mex.obj
 0001:00287330       sf_mex_check_enum          0000000180288330 f   sfc_mex:sfc_mex.obj
 0001:00287360       sf_mex_create_enum         0000000180288360 f   sfc_mex:sfc_mex.obj
 0001:00287380       sf_mex_get_enum_element    0000000180288380 f   sfc_mex:sfc_mex.obj
 0001:00287390       sf_mex_createcellarray     0000000180288390 f   sfc_mex:sfc_mex.obj
 0001:002873a0       sf_mex_setcell             00000001802883a0 f   sfc_mex:sfc_mex.obj
 0001:002873b0       sf_mex_getcell             00000001802883b0 f   sfc_mex:sfc_mex.obj
 0001:002873c0       sf_mex_dup                 00000001802883c0 f   sfc_mex:sfc_mex.obj
 0001:002873e0       sf_mex_assign              00000001802883e0 f   sfc_mex:sfc_mex.obj
 0001:00287440       sf_mex_destroy             0000000180288440 f   sfc_mex:sfc_mex.obj
 0001:00287470       mx_array_has_fi_type       0000000180288470 f   sfc_mex:sfc_mex.obj
 0001:002874a0       sf_mex_convert_from_fi     00000001802884a0 f   sfc_mex:sfc_mex.obj
 0001:00287600       sf_mex_convert_to_double   0000000180288600 f   sfc_mex:sfc_mex.obj
 0001:00287720       sf_mex_import_fi_vs        0000000180288720 f   sfc_mex:sfc_mex.obj
 0001:00287950       sf_matrix_matrix_index_ok  0000000180288950 f   sfc_mex:sfc_mex.obj
 0001:002879e0       sf_vector_vector_index_ok  00000001802889e0 f   sfc_mex:sfc_mex.obj
 0001:00287a10       ssGetCurrentInputPortDimensions_wrapper 0000000180288a10 f   sfc_mex:sfc_mex.obj
 0001:00287a30       ssGetCurrentOutputPortDimensions_wrapper 0000000180288a30 f   sfc_mex:sfc_mex.obj
 0001:00287a50       sf_mex_emlrt_context_is_debug_mode 0000000180288a50 f   sfc_mex:sfc_mex.obj
 0001:00287a60       sf_mex_emlrt_context_set_debug_mode 0000000180288a60 f   sfc_mex:sfc_mex.obj
 0001:00287a70       sf_clear_error_manager_info 0000000180288a70 f   sfc_mex:sfc_mex.obj
 0001:00287ac0       sf_mex_stop_simulation_abruptly_wo_error 0000000180288ac0 f   sfc_mex:sfc_mex.obj
 0001:00287b00       sf_mex_error_message       0000000180288b00 f   sfc_mex:sfc_mex.obj
 0001:00287b60       sf_react_to_error_in_matlab_call 0000000180288b60 f   sfc_mex:sfc_mex.obj
 0001:00287b90       sf_mex_addfield            0000000180288b90 f   sfc_mex:sfc_mex.obj
 0001:00287c30       sf_mex_getfield            0000000180288c30 f   sfc_mex:sfc_mex.obj
 0001:00287ee0       sf_mex_check_class         0000000180288ee0 f   sfc_mex:sfc_mex.obj
 0001:00287f70       sf_mex_is_real             0000000180288f70 f   sfc_mex:sfc_mex.obj
 0001:00288090       sf_mex_check_complex       0000000180289090 f   sfc_mex:sfc_mex.obj
 0001:002880f0       sf_mex_check_sparse        00000001802890f0 f   sfc_mex:sfc_mex.obj
 0001:00288160       sf_mex_check_numerictype   0000000180289160 f   sfc_mex:sfc_mex.obj
 0001:002883c0       sf_mex_check_fimath        00000001802893c0 f   sfc_mex:sfc_mex.obj
 0001:00288620       sf_mex_decode_encoded_mx_struct_array 0000000180289620 f   sfc_mex:sfc_mex.obj
 0001:002888f0       sf_mex_lw_bounds_check     00000001802898f0 f   sfc_mex:sfc_mex.obj
 0001:00288920       sf_mex_lw_size_eq_check_1d 0000000180289920 f   sfc_mex:sfc_mex.obj
 0001:00288940       sf_mex_lw_size_eq_check_nd 0000000180289940 f   sfc_mex:sfc_mex.obj
 0001:00288b30       sf_mex_lw_dim_size_eq_check 0000000180289b30 f   sfc_mex:sfc_mex.obj
 0001:00288b60       sf_mex_lw_dim_size_geq_check 0000000180289b60 f   sfc_mex:sfc_mex.obj
 0001:00288b90       sf_mex_lw_sub_assign_size_check_nd 0000000180289b90 f   sfc_mex:sfc_mex.obj
 0001:00288dd0       sf_mex_lw_matrix_matrix_index_check 0000000180289dd0 f   sfc_mex:sfc_mex.obj
 0001:00288e60       sf_mex_lw_vector_vector_index_check 0000000180289e60 f   sfc_mex:sfc_mex.obj
 0001:00288ea0       sf_mex_lw_non_negative_check 0000000180289ea0 f   sfc_mex:sfc_mex.obj
 0001:00288ee0       sf_mex_overflow_error      0000000180289ee0 f   sfc_mex:sfc_mex.obj
 0001:00288ef0       sf_mex_dividebyzero_error  0000000180289ef0 f   sfc_mex:sfc_mex.obj
 0001:00288f00       sf_mex_unsafe_enum_error   0000000180289f00 f   sfc_mex:sfc_mex.obj
 0001:00288f10       sf_emlrtErrHandler         0000000180289f10 f   sfc_mex:sfc_mex.obj
 0001:00288f40       sf_mex_printf              0000000180289f40 f   sfc_mex:sfc_mex.obj
 0001:00289170       sf_mex_check_size          000000018028a170 f   sfc_mex:sfc_mex.obj
 0001:00289470       sf_mex_check_struct        000000018028a470 f   sfc_mex:sfc_mex.obj
 0001:00289630       sf_mex_check_struct_vs     000000018028a630 f   sfc_mex:sfc_mex.obj
 0001:002896c0       sf_mex_check_fi            000000018028a6c0 f   sfc_mex:sfc_mex.obj
 0001:00289920       sf_mex_check_fi_vs         000000018028a920 f   sfc_mex:sfc_mex.obj
 0001:002899c0       sf_echo_expression         000000018028a9c0 f   sfc_mex:sfc_mex.obj
 0001:00289a20       sf_assertion_failed        000000018028aa20 f   sfc_mex:sfc_mex.obj
 0001:00289bf0       sf_mex_evalin              000000018028abf0 f   sfc_mex:sfc_mex.obj
 0001:00289f10       sf_mex_export              000000018028af10 f   sfc_mex:sfc_mex.obj
 0001:00289fb0       sf_mex_get_ml_var_no_error 000000018028afb0 f   sfc_mex:sfc_mex.obj
 0001:0028a230       sf_mex_get_ml_var          000000018028b230 f   sfc_mex:sfc_mex.obj
 0001:0028a5b0       ml_set_element_value_in_array 000000018028b5b0 f   sfc_mex:sfc_mex.obj
 0001:0028ba40       sf_mex_call_impl           000000018028ca40 f   sfc_mex:sfc_mex.obj
 0001:0028c000       sf_mex_call_debug          000000018028d000 f   sfc_mex:sfc_mex.obj
 0001:0028c030       sf_mex_call                000000018028d030 f   sfc_mex:sfc_mex.obj
 0001:0028c640       sf_mex_createstruct        000000018028d640 f   sfc_mex:sfc_mex.obj
 0001:0028c730       sf_mex_createstructarray   000000018028d730 f   sfc_mex:sfc_mex.obj
 0001:0028c7b0       sf_mex_get_mx_datatype_from_sf_datatype 000000018028d7b0 f   sfc_mex:sfc_mex.obj
 0001:0028cac0       sf_mex_ml_var_sub          000000018028dac0 f   sfc_mex:sfc_mex.obj
 0001:0028cc90       sf_mex_ml_var_subsasgn     000000018028dc90 f   sfc_mex:sfc_mex.obj
 0001:0028d0a0       sf_mex_sub                 000000018028e0a0 f   sfc_mex:sfc_mex.obj
 0001:0028d2c0       sf_mex_subsasgn            000000018028e2c0 f   sfc_mex:sfc_mex.obj
 0001:0028de70       sf_mex_create              000000018028ee70 f   sfc_mex:sfc_mex.obj
 0001:0028ecf0       sf_mex_import              000000018028fcf0 f   sfc_mex:sfc_mex.obj
 0001:0028ee00       sf_mex_import_vs           000000018028fe00 f   sfc_mex:sfc_mex.obj
 0001:0028ef10       sf_mex_lower_fixpt_mx_array 000000018028ff10 f   sfc_mex:sfc_mex.obj
 0001:0028f550       sim_mode_is_rtw_gen        0000000180290550 f   sfc_mex:sfc_sf.obj
 0001:0028f580       sim_mode_is_external       0000000180290580 f   sfc_mex:sfc_sf.obj
 0001:0028f590       mdlInitializeSizes         0000000180290590 f   sfc_mex:sfc_sf.obj
 0001:0028f5b0       mdlInitializeSampleTimes   00000001802905b0 f   sfc_mex:sfc_sf.obj
 0001:0028f5f0       mdlZeroCrossings           00000001802905f0 f   sfc_mex:sfc_sf.obj
 0001:0028f6d0       mdlDerivatives             00000001802906d0 f   sfc_mex:sfc_sf.obj
 0001:0028f780       mdl_initialize_conditions_processing 0000000180290780 f   sfc_mex:sfc_sf.obj
 0001:0028f7b0       mdlInitializeConditions    00000001802907b0 f   sfc_mex:sfc_sf.obj
 0001:0028f870       mdlGetSimState             0000000180290870 f   sfc_mex:sfc_sf.obj
 0001:0028f880       mdlSetSimState             0000000180290880 f   sfc_mex:sfc_sf.obj
 0001:0028f890       mdl_ext_mode_exec_processing 0000000180290890 f   sfc_mex:sfc_sf.obj
 0001:0028f8b0       mdlExtModeExec             00000001802908b0 f   sfc_mex:sfc_sf.obj
 0001:0028fb10       mdlTerminate               0000000180290b10 f   sfc_mex:sfc_sf.obj
 0001:0028fb80       mdlRTW                     0000000180290b80 f   sfc_mex:sfc_sf.obj
 0001:0028fbb0       mdlSetWorkWidths           0000000180290bb0 f   sfc_mex:sfc_sf.obj
 0001:0028fbc0       mdlProcessParameters       0000000180290bc0 f   sfc_mex:sfc_sf.obj
 0001:0028fbd0       mdl_start_processing       0000000180290bd0 f   sfc_mex:sfc_sf.obj
 0001:0028fc10       mdlStart                   0000000180290c10 f   sfc_mex:sfc_sf.obj
 0001:0028fd00       mdlEnable                  0000000180290d00 f   sfc_mex:sfc_sf.obj
 0001:0028fdd0       mdlDisable                 0000000180290dd0 f   sfc_mex:sfc_sf.obj
 0001:0028fe80       sf_get_chart_instance_ptr  0000000180290e80 f   sfc_mex:sfc_sf.obj
 0001:0028fea0       sf_rtw_info_uint_prop      0000000180290ea0 f   sfc_mex:sfc_sf.obj
 0001:00290080       sf_is_chart_inlinable      0000000180291080 f   sfc_mex:sfc_sf.obj
 0001:002900a0       sf_mark_output_events_with_multiple_callers 00000001802910a0 f   sfc_mex:sfc_sf.obj
 0001:002902c0       sf_mark_chart_reusable_outputs 00000001802912c0 f   sfc_mex:sfc_sf.obj
 0001:002905a0       sf_mark_chart_expressionable_inputs 00000001802915a0 f   sfc_mex:sfc_sf.obj
 0001:00290970       sf_get_subchart_simstruct  0000000180291970 f   sfc_mex:sfc_sf.obj
 0001:002909c0       sf_write_symbol_mapping    00000001802919c0 f   sfc_mex:sfc_sf.obj
 0001:00290c70       sf_get_fixpt_data_type_id  0000000180291c70 f   sfc_mex:sfc_sf.obj
 0001:00290cb0       sf_get_enum_data_type_id   0000000180291cb0 f   sfc_mex:sfc_sf.obj
 0001:00290cf0       sf_get_param_data_type_id  0000000180291cf0 f   sfc_mex:sfc_sf.obj
 0001:00290d20       sf_mex_listen_for_ctrl_c_force 0000000180291d20 f   sfc_mex:sfc_sf.obj
 0001:00290e30       sf_mex_draw_now            0000000180291e30 f   sfc_mex:sfc_sf.obj
 0001:00290e70       sf_mex_set_debugger_sim_status_listener_fcn 0000000180291e70 f   sfc_mex:sfc_sf.obj
 0001:00290e80       sf_mex_listen_for_ctrl_c   0000000180291e80 f   sfc_mex:sfc_sf.obj
 0001:00290f10       sf_mex_get_sfun_param      0000000180291f10 f   sfc_mex:sfc_sf.obj
 0001:00290f60       sf_get_runtime_param_data  0000000180291f60 f   sfc_mex:sfc_sf.obj
 0001:00290fa0       sf_call_output_fcn_call    0000000180291fa0 f   sfc_mex:sfc_sf.obj
 0001:002910e0       sf_call_output_fcn_enable  00000001802920e0 f   sfc_mex:sfc_sf.obj
 0001:00291170       sf_call_output_fcn_disable 0000000180292170 f   sfc_mex:sfc_sf.obj
 0001:00291200       sf_clear_rtw_identifier    0000000180292200 f   sfc_mex:sfc_sf.obj
 0001:002919d0       sf_set_encoded_dwork_info  00000001802929d0 f   sfc_mex:sfc_sf.obj
 0001:00291c70       sf_set_rtw_dwork_info      0000000180292c70 f   sfc_mex:sfc_sf.obj
 0001:00291f40       mdlOutputs                 0000000180292f40 f   sfc_mex:sfc_sf.obj
 0001:00292080       sf_debug_disp              0000000180293080 f   sfc_debug:sfcdebug.obj
 0001:00292350       sf_debug_data_runtime_size_mismatch_error_check 0000000180293350 f   sfc_debug:sfcdebug.obj
 0001:002923f0       sf_debug_try_loading_machine 00000001802933f0 f   sfc_debug:sfcdebug.obj
 0001:002924f0       sf_debug_reset_current_state_configuration 00000001802934f0 f   sfc_debug:sfcdebug.obj
 0001:00292580       sf_debug_store_current_state_configuration 0000000180293580 f   sfc_debug:sfcdebug.obj
 0001:00292610       sf_debug_restore_previous_state_configuration 0000000180293610 f   sfc_debug:sfcdebug.obj
 0001:002926a0       sf_debug_restore_previous_state_configuration2 00000001802936a0 f   sfc_debug:sfcdebug.obj
 0001:00292730       sf_debug_get_event_scope   0000000180293730 f   sfc_debug:sfcdebug.obj
 0001:002928a0       use_debugger_step_animation 00000001802938a0 f   sfc_debug:sfcdebug.obj
 0001:002928c0       sf_debug_get_script_id     00000001802938c0 f   sfc_debug:sfcdebug.obj
 0001:00292950       sf_debug_set_script_translation 0000000180293950 f   sfc_debug:sfcdebug.obj
 0001:00292a10       sf_debug_get_current_machine_id 0000000180293a10 f   sfc_debug:sfcdebug.obj
 0001:00292a30       sf_debug_get_current_optional_integer 0000000180293a30 f   sfc_debug:sfcdebug.obj
 0001:00292a40       sf_debug_get_current_machine_number 0000000180293a40 f   sfc_debug:sfcdebug.obj
 0001:00292a60       sf_debug_get_current_machine_name 0000000180293a60 f   sfc_debug:sfcdebug.obj
 0001:00292a80       sf_debug_get_current_chart_id 0000000180293a80 f   sfc_debug:sfcdebug.obj
 0001:00292ad0       sf_debug_get_current_chart_number 0000000180293ad0 f   sfc_debug:sfcdebug.obj
 0001:00292ae0       sf_debug_get_current_instance_number 0000000180293ae0 f   sfc_debug:sfcdebug.obj
 0001:00292af0       sf_debug_get_current_is_minor_time_step 0000000180293af0 f   sfc_debug:sfcdebug.obj
 0001:00292b70       sf_debug_get_current_object_type 0000000180293b70 f   sfc_debug:sfcdebug.obj
 0001:00292b80       sf_debug_get_current_instance_handle 0000000180293b80 f   sfc_debug:sfcdebug.obj
 0001:00292be0       sf_debug_get_current_event_type 0000000180293be0 f   sfc_debug:sfcdebug.obj
 0001:00292bf0       sf_debug_get_current_object_id 0000000180293bf0 f   sfc_debug:sfcdebug.obj
 0001:00292c30       sf_debug_get_current_active_event_type 0000000180293c30 f   sfc_debug:sfcdebug.obj
 0001:00292c40       sf_debug_get_current_active_event_id 0000000180293c40 f   sfc_debug:sfcdebug.obj
 0001:00292c80       sf_debug_get_current_tag_type 0000000180293c80 f   sfc_debug:sfcdebug.obj
 0001:00292c90       sf_debug_get_current_simulation_time 0000000180293c90 f   sfc_debug:sfcdebug.obj
 0001:00292ca0       sf_debug_get_current_coverage_percentage 0000000180293ca0 f   sfc_debug:sfcdebug.obj
 0001:00292cb0       sf_debug_current_statement_context 0000000180293cb0 f   sfc_debug:sfcdebug.obj
 0001:00292d40       sf_debug_get_current_statement_info 0000000180293d40 f   sfc_debug:sfcdebug.obj
 0001:00292ec0       sf_debug_terminate_instance 0000000180293ec0 f   sfc_debug:sfcdebug.obj
 0001:002931e0       sf_debug_assertion_failed  00000001802941e0 f   sfc_debug:sfcdebug.obj
 0001:00293390       sf_debug_set_number_of_data_with_change_event_for_machine 0000000180294390 f   sfc_debug:sfcdebug.obj
 0001:002933d0       sf_debug_set_machine_event_thresholds 00000001802943d0 f   sfc_debug:sfcdebug.obj
 0001:002933f0       sf_debug_set_machine_event_scope 00000001802943f0 f   sfc_debug:sfcdebug.obj
 0001:00293430       sf_debug_set_machine_data_thresholds 0000000180294430 f   sfc_debug:sfcdebug.obj
 0001:00293470       sf_debug_set_machine_data_scope 0000000180294470 f   sfc_debug:sfcdebug.obj
 0001:00293500       sf_debug_set_machine_data_name 0000000180294500 f   sfc_debug:sfcdebug.obj
 0001:002935a0       sf_debug_set_machine_data_size 00000001802945a0 f   sfc_debug:sfcdebug.obj
 0001:002936e0       sf_debug_set_machine_data_type 00000001802946e0 f   sfc_debug:sfcdebug.obj
 0001:00293850       sf_debug_get_chart_data_number 0000000180294850 f   sfc_debug:sfcdebug.obj
 0001:00293870       sf_debug_get_chart_event_number 0000000180294870 f   sfc_debug:sfcdebug.obj
 0001:00293890       sf_debug_set_chart_state_info 0000000180294890 f   sfc_debug:sfcdebug.obj
 0001:00293910       sf_debug_set_chart_decomposition 0000000180294910 f   sfc_debug:sfcdebug.obj
 0001:00293980       sf_debug_set_chart_substate_count 0000000180294980 f   sfc_debug:sfcdebug.obj
 0001:00293a60       sf_debug_set_chart_substate_index 0000000180294a60 f   sfc_debug:sfcdebug.obj
 0001:00293ad0       sf_debug_set_chart_state_substate_count 0000000180294ad0 f   sfc_debug:sfcdebug.obj
 0001:00293be0       sf_debug_set_chart_state_substate_index 0000000180294be0 f   sfc_debug:sfcdebug.obj
 0001:00293c60       sf_debug_set_number_of_data_with_change_event_for_chart 0000000180294c60 f   sfc_debug:sfcdebug.obj
 0001:00293ce0       sf_debug_set_number_of_states_with_entry_event_for_chart 0000000180294ce0 f   sfc_debug:sfcdebug.obj
 0001:00293d50       sf_debug_set_number_of_states_with_exit_event_for_chart 0000000180294d50 f   sfc_debug:sfcdebug.obj
 0001:00293dc0       sf_debug_set_chart_disable_implicit_casting 0000000180294dc0 f   sfc_debug:sfcdebug.obj
 0001:00293e30       sf_debug_set_chart_event_thresholds 0000000180294e30 f   sfc_debug:sfcdebug.obj
 0001:00293ea0       sf_debug_set_chart_data_compiled_props 0000000180294ea0 f   sfc_debug:sfcdebug.obj
 0001:002941e0       sf_debug_set_chart_data_props 00000001802951e0 f   sfc_debug:sfcdebug.obj
 0001:00294510       sf_debug_check_fi_license  0000000180295510 f   sfc_debug:sfcdebug.obj
 0001:00294700       sf_debug_symbol_scope_push 0000000180295700 f   sfc_debug:sfcdebug.obj
 0001:002947e0       sf_debug_symbol_scope_push_eml 00000001802957e0 f   sfc_debug:sfcdebug.obj
 0001:002948c0       sf_debug_symbol_scope_pop  00000001802958c0 f   sfc_debug:sfcdebug.obj
 0001:00294900       sf_debug_symbol_scope_add  0000000180295900 f   sfc_debug:sfcdebug.obj
 0001:00294980       sf_debug_symbol_scope_add_eml 0000000180295980 f   sfc_debug:sfcdebug.obj
 0001:002949c0       sf_debug_symbol_scope_add_dyn 00000001802959c0 f   sfc_debug:sfcdebug.obj
 0001:00294a70       sf_debug_symbol_scope_add_eml_dyn 0000000180295a70 f   sfc_debug:sfcdebug.obj
 0001:00294ad0       sf_debug_symbol_switch     0000000180295ad0 f   sfc_debug:sfcdebug.obj
 0001:00294af0       sf_debug_symbol_scope_add_verbose 0000000180295af0 f   sfc_debug:sfcdebug.obj
 0001:00294bc0       sf_debug_set_machine_data_value_ptr 0000000180295bc0 f   sfc_debug:sfcdebug.obj
 0001:00294c00       sf_debug_set_instance_data_value_ptr 0000000180295c00 f   sfc_debug:sfcdebug.obj
 0001:00294cc0       sf_debug_unset_instance_data_value_ptr 0000000180295cc0 f   sfc_debug:sfcdebug.obj
 0001:00294d70       sf_debug_set_chart_event_scope 0000000180295d70 f   sfc_debug:sfcdebug.obj
 0001:00294df0       sf_debug_set_chart_transition_coverage_maps 0000000180295df0 f   sfc_debug:sfcdebug.obj
 0001:00294f00       sf_debug_set_chart_state_coverage_maps 0000000180295f00 f   sfc_debug:sfcdebug.obj
 0001:00294fe0       sf_debug_set_instance_transition_coverage_weights 0000000180295fe0 f   sfc_debug:sfcdebug.obj
 0001:00295080       sf_debug_set_instance_state_coverage_weights 0000000180296080 f   sfc_debug:sfcdebug.obj
 0001:002952d0       sf_debug_unload_machine    00000001802962d0 f   sfc_debug:sfcdebug.obj
 0001:00295320       sf_debug_load_machine      0000000180296320 f   sfc_debug:sfcdebug.obj
 0001:00295430       sf_debug_set_active_instance_in_data_dictionary 0000000180296430 f   sfc_debug:sfcdebug.obj
 0001:00295610       sf_debug_set_active_instance 0000000180296610 f   sfc_debug:sfcdebug.obj
 0001:00295760       sf_debug_chart_visiblity_change 0000000180296760 f   sfc_debug:sfcdebug.obj
 0001:00295840       sf_debug_select_chart      0000000180296840 f   sfc_debug:sfcdebug.obj
 0001:00295920       sf_debug_set_instance_cv_ids 0000000180296920 f   sfc_debug:sfcdebug.obj
 0001:00295c40       sf_debug_select_charts     0000000180296c40 f   sfc_debug:sfcdebug.obj
 0001:00295d80       sf_debug_initialized       0000000180296d80 f   sfc_debug:sfcdebug.obj
 0001:00295d90       sf_debug_is_uninterruptible 0000000180296d90 f   sfc_debug:sfcdebug.obj
 0001:00295dc0       sf_debug_initialize_debugger_gui 0000000180296dc0 f   sfc_debug:sfcdebug.obj
 0001:002961a0       sf_debug_resume            00000001802971a0 f   sfc_debug:sfcdebug.obj
 0001:002961c0       sf_debug_go                00000001802971c0 f   sfc_debug:sfcdebug.obj
 0001:002961d0       sf_debug_break             00000001802971d0 f   sfc_debug:sfcdebug.obj
 0001:002961e0       sf_debug_step_over         00000001802971e0 f   sfc_debug:sfcdebug.obj
 0001:002961f0       sf_debug_step_out          00000001802971f0 f   sfc_debug:sfcdebug.obj
 0001:00296200       sf_debug_set_disable_all_breakpoints 0000000180297200 f   sfc_debug:sfcdebug.obj
 0001:00296210       sf_debug_disable_all_breakpoints_and_go 0000000180297210 f   sfc_debug:sfcdebug.obj
 0001:00296220       sf_debug_break_on_chart_entry 0000000180297220 f   sfc_debug:sfcdebug.obj
 0001:00296230       sf_debug_break_on_event_broadcast 0000000180297230 f   sfc_debug:sfcdebug.obj
 0001:00296240       sf_debug_break_on_state_entry 0000000180297240 f   sfc_debug:sfcdebug.obj
 0001:00296250       sf_debug_break_between_times 0000000180297250 f   sfc_debug:sfcdebug.obj
 0001:00296270       sf_debug_browse_data       0000000180297270 f   sfc_debug:sfcdebug.obj
 0001:00296290       sf_debug_watch_data        0000000180297290 f   sfc_debug:sfcdebug.obj
 0001:002962b0       sf_debug_whos              00000001802972b0 f   sfc_debug:sfcdebug.obj
 0001:002962d0       sf_debug_get_consistency_info 00000001802972d0 f   sfc_debug:sfcdebug.obj
 0001:002962e0       sf_debug_browse_trace      00000001802972e0 f   sfc_debug:sfcdebug.obj
 0001:002962f0       sf_debug_set_breakpoints   00000001802972f0 f   sfc_debug:sfcdebug.obj
 0001:00296440       sf_debug_set_eml_breakpoints 0000000180297440 f   sfc_debug:sfcdebug.obj
 0001:002965a0       sf_debug_set_script_breakpoints 00000001802975a0 f   sfc_debug:sfcdebug.obj
 0001:00296620       sf_debug_add_script_breakpoints 0000000180297620 f   sfc_debug:sfcdebug.obj
 0001:00296690       sf_debug_clear_script_breakpoints 0000000180297690 f   sfc_debug:sfcdebug.obj
 0001:00296700       sf_debug_query_script_breakpoints 0000000180297700 f   sfc_debug:sfcdebug.obj
 0001:002967c0       sf_debug_get_eml_script_id 00000001802977c0 f   sfc_debug:sfcdebug.obj
 0001:00296880       sf_debug_set_watch         0000000180297880 f   sfc_debug:sfcdebug.obj
 0001:00296aa0       sf_debug_get_coverage      0000000180297aa0 f   sfc_debug:sfcdebug.obj
 0001:00296ab0       sf_debug_get_instance_handle 0000000180297ab0 f   sfc_debug:sfcdebug.obj
 0001:00296b40       sf_debug_get_active_states 0000000180297b40 f   sfc_debug:sfcdebug.obj
 0001:00296b50       sf_debug_get_animation     0000000180297b50 f   sfc_debug:sfcdebug.obj
 0001:00296b60       sf_debug_set_animation     0000000180297b60 f   sfc_debug:sfcdebug.obj
 0001:00296b70       sf_debug_animate           0000000180297b70 f   sfc_debug:sfcdebug.obj
 0001:00296ba0       sf_debug_cycle_detection_check 0000000180297ba0 f   sfc_debug:sfcdebug.obj
 0001:00296bb0       sf_debug_data_range_check  0000000180297bb0 f   sfc_debug:sfcdebug.obj
 0001:00296bc0       sf_debug_transition_conflict_check 0000000180297bc0 f   sfc_debug:sfcdebug.obj
 0001:00296bd0       sf_debug_state_consistency_check 0000000180297bd0 f   sfc_debug:sfcdebug.obj
 0001:00296be0       sf_debug_data_range_check_enabled 0000000180297be0 f   sfc_debug:sfcdebug.obj
 0001:00296c00       sf_debug_transition_conflict_check_enabled 0000000180297c00 f   sfc_debug:sfcdebug.obj
 0001:00296c20       sf_debug_transition_conflict_check_begin 0000000180297c20 f   sfc_debug:sfcdebug.obj
 0001:00296c40       sf_debug_transition_conflict_check_end 0000000180297c40 f   sfc_debug:sfcdebug.obj
 0001:00296c60       sf_debug_stop_debugging    0000000180297c60 f   sfc_debug:sfcdebug.obj
 0001:00296c90       sf_debug_is_cycle_detected 0000000180297c90 f   sfc_debug:sfcdebug.obj
 0001:00296ca0       sf_debug_is_array_bounds_detected 0000000180297ca0 f   sfc_debug:sfcdebug.obj
 0001:00296cb0       sf_debug_get_state_vectors_data_size 0000000180297cb0 f   sfc_debug:sfcdebug.obj
 0001:00296cf0       sf_debug_get_state_vectors_data 0000000180297cf0 f   sfc_debug:sfcdebug.obj
 0001:00296e00       sf_debug_set_state_vectors_data 0000000180297e00 f   sfc_debug:sfcdebug.obj
 0001:002970e0       sf_debug_get_script_index  00000001802980e0 f   sfc_debug:sfcdebug.obj
 0001:00297260       sf_debug_add_script        0000000180298260 f   sfc_debug:sfcdebug.obj
 0001:00297440       cv_eval_point              0000000180298440 f   sfc_debug:sfcdebug.obj
 0001:002975b0       sf_debug_cv_init_state     00000001802985b0 f   sfc_debug:sfcdebug.obj
 0001:002976d0       sf_debug_cv_init_chart     00000001802986d0 f   sfc_debug:sfcdebug.obj
 0001:002977b0       sf_debug_cv_init_trans     00000001802987b0 f   sfc_debug:sfcdebug.obj
 0001:00297920       cv_eml_init_script         0000000180298920 f   sfc_debug:sfcdebug.obj
 0001:00297a50       cv_eml_init_fcn            0000000180298a50 f   sfc_debug:sfcdebug.obj
 0001:00297b50       cv_eml_init_testobjective  0000000180298b50 f   sfc_debug:sfcdebug.obj
 0001:00297c50       cv_eml_init_if             0000000180298c50 f   sfc_debug:sfcdebug.obj
 0001:00297d50       cv_eml_init_for            0000000180298d50 f   sfc_debug:sfcdebug.obj
 0001:00297e40       cv_eml_init_while          0000000180298e40 f   sfc_debug:sfcdebug.obj
 0001:00297f30       cv_eml_init_mcdc           0000000180298f30 f   sfc_debug:sfcdebug.obj
 0001:00298070       cv_eml_init_switch         0000000180299070 f   sfc_debug:sfcdebug.obj
 0001:00298190       cv_eml_eval                0000000180299190 f   sfc_debug:sfcdebug.obj
 0001:00298290       sf_debug_bm_is_a_eml_breakpoint 0000000180299290 f   sfc_debug:sfcdebug.obj
 0001:00298480       sf_debug_temporal_threshold 0000000180299480 f   sfc_debug:sfcdebug.obj
 0001:00298820       sf_debug_transition_conflict_error 0000000180299820 f   sfc_debug:sfcdebug.obj
 0001:00298b80       sf_debug_state_inconsistency_error 0000000180299b80 f   sfc_debug:sfcdebug.obj
 0001:00298c90       sf_debug_check_for_state_inconsistency 0000000180299c90 f   sfc_debug:sfcdebug.obj
 0001:00298cc0       sf_debug_cycle_detecton_error 0000000180299cc0 f   sfc_debug:sfcdebug.obj
 0001:00299460       sf_debug_size_eq_check_1d  000000018029a460 f   sfc_debug:sfcdebug.obj
 0001:00299480       sf_debug_size_eq_check_nd  000000018029a480 f   sfc_debug:sfcdebug.obj
 0001:00299670       sf_debug_dim_size_eq_check 000000018029a670 f   sfc_debug:sfcdebug.obj
 0001:002996a0       sf_debug_dim_size_geq_check 000000018029a6a0 f   sfc_debug:sfcdebug.obj
 0001:002996d0       sf_debug_sub_assign_size_check_nd 000000018029a6d0 f   sfc_debug:sfcdebug.obj
 0001:00299920       sf_debug_matrix_matrix_index_check 000000018029a920 f   sfc_debug:sfcdebug.obj
 0001:00299950       sf_debug_vector_vector_index_check 000000018029a950 f   sfc_debug:sfcdebug.obj
 0001:00299980       sf_debug_data_array_bounds_error_check 000000018029a980 f   sfc_debug:sfcdebug.obj
 0001:00299a90       sf_debug_eml_data_array_bounds_error_check 000000018029aa90 f   sfc_debug:sfcdebug.obj
 0001:00299f50       sf_debug_integer_check     000000018029af50 f   sfc_debug:sfcdebug.obj
 0001:0029a020       sf_debug_not_nan_check     000000018029b020 f   sfc_debug:sfcdebug.obj
 0001:0029a0e0       sf_debug_non_negative_check 000000018029b0e0 f   sfc_debug:sfcdebug.obj
 0001:0029a1a0       sf_debug_overflow_detection 000000018029b1a0 f   sfc_debug:sfcdebug.obj
 0001:0029a860       sf_debug_cast_to_real32_T  000000018029b860 f   sfc_debug:sfcdebug.obj
 0001:0029a920       sf_debug_cast_to_int8_T    000000018029b920 f   sfc_debug:sfcdebug.obj
 0001:0029a9e0       sf_debug_cast_to_uint8_T   000000018029b9e0 f   sfc_debug:sfcdebug.obj
 0001:0029aaa0       sf_debug_cast_to_int16_T   000000018029baa0 f   sfc_debug:sfcdebug.obj
 0001:0029ab60       sf_debug_cast_to_uint16_T  000000018029bb60 f   sfc_debug:sfcdebug.obj
 0001:0029ac20       sf_debug_cast_to_int32_T   000000018029bc20 f   sfc_debug:sfcdebug.obj
 0001:0029acd0       sf_debug_cast_to_uint32_T  000000018029bcd0 f   sfc_debug:sfcdebug.obj
 0001:0029ad90       sf_debug_data_range_error  000000018029bd90 f   sfc_debug:sfcdebug.obj
 0001:0029b1f0       sf_debug_data_range_error_wrapper_min_max 000000018029c1f0 f   sfc_debug:sfcdebug.obj
 0001:0029b2e0       sf_debug_data_range_error_wrapper_min 000000018029c2e0 f   sfc_debug:sfcdebug.obj
 0001:0029b3c0       sf_debug_data_range_error_wrapper_max 000000018029c3c0 f   sfc_debug:sfcdebug.obj
 0001:0029b4a0       sf_debug_data_range_wrapper 000000018029c4a0 f   sfc_debug:sfcdebug.obj
 0001:0029b550       sf_debug_set_current_status_info 000000018029c550 f   sfc_debug:sfcdebug.obj
 0001:0029ba20       sf_debug_call              000000018029ca20 f   sfc_debug:sfcdebug.obj
 0001:0029c8d0       sf_debug_initialize_machine 000000018029d8d0 f   sfc_debug:sfcdebug.obj
 0001:0029cd50       sf_debug_initialize_chart  000000018029dd50 f   sfc_debug:sfcdebug.obj
 0001:0029d230       sf_debug_ensure_script     000000018029e230 f   sfc_debug:sfcdebug.obj
 0001:0029d3a0       cv_script_init_script      000000018029e3a0 f   sfc_debug:sfcdebug.obj
 0001:0029d520       cv_script_init_fcn         000000018029e520 f   sfc_debug:sfcdebug.obj
 0001:0029d670       cv_script_init_testobjective 000000018029e670 f   sfc_debug:sfcdebug.obj
 0001:0029d7c0       cv_script_init_if          000000018029e7c0 f   sfc_debug:sfcdebug.obj
 0001:0029d910       cv_script_init_for         000000018029e910 f   sfc_debug:sfcdebug.obj
 0001:0029da60       cv_script_init_while       000000018029ea60 f   sfc_debug:sfcdebug.obj
 0001:0029dbb0       cv_script_init_mcdc        000000018029ebb0 f   sfc_debug:sfcdebug.obj
 0001:0029dd50       cv_script_init_switch      000000018029ed50 f   sfc_debug:sfcdebug.obj
 0001:0029dec0       cv_script_eval             000000018029eec0 f   sfc_debug:sfcdebug.obj
 0001:0029e020       eml_debug_line_call        000000018029f020 f   sfc_debug:sfcdebug.obj
 0001:0029e1d0       sf_debug_terminate         000000018029f1d0 f   sfc_debug:sfcdebug.obj
 0001:0029e410       sf_debug_set_script_cv_ids 000000018029f410 f   sfc_debug:sfcdebug.obj
 0001:0029e5e0       sf_debug_api               000000018029f5e0 f   sfc_debug:sfc_api.obj
 0001:0029fe80       sf_debug_sm_terminate      00000001802a0e80 f   sfc_debug:sfdb_animation.obj
 0001:002a0040       sf_debug_reset_path_objects 00000001802a1040 f   sfc_debug:sfdb_animation.obj
 0001:002a00c0       sf_debug_sm_reset_object_selection_status 00000001802a10c0 f   sfc_debug:sfdb_animation.obj
 0001:002a0160       sf_debug_sm_reset_state_buffer 00000001802a1160 f   sfc_debug:sfdb_animation.obj
 0001:002a0240       sf_debug_sm_store_state_buffer 00000001802a1240 f   sfc_debug:sfdb_animation.obj
 0001:002a02c0       sf_debug_sm_restore_state_buffer1 00000001802a12c0 f   sfc_debug:sfdb_animation.obj
 0001:002a0330       sf_debug_sm_restore_state_buffer2 00000001802a1330 f   sfc_debug:sfdb_animation.obj
 0001:002a03a0       sf_debug_sm_chart_active   00000001802a13a0 f   sfc_debug:sfdb_animation.obj
 0001:002a03f0       sf_debug_sm_select_active_objects 00000001802a13f0 f   sfc_debug:sfdb_animation.obj
 0001:002a0880       sf_debug_sm_is_chart_active 00000001802a1880 f   sfc_debug:sfdb_animation.obj
 0001:002a08c0       sf_debug_sm_is_state_active 00000001802a18c0 f   sfc_debug:sfdb_animation.obj
 0001:002a0b00       sf_debug_sm_get_active_states 00000001802a1b00 f   sfc_debug:sfdb_animation.obj
 0001:002a10b0       sf_debug_sm_initialize_instance 00000001802a20b0 f   sfc_debug:sfdb_animation.obj
 0001:002a1360       sf_debug_sm_change_object_selection_status 00000001802a2360 f   sfc_debug:sfdb_animation.obj
 0001:002a1650       cv_create_interface        00000001802a2650 f   sfc_debug:cv_sfinterface.obj
 0001:002a19a0       cv_init_trans              00000001802a29a0 f   sfc_debug:cv_sfinterface.obj
 0001:002a19f0       cv_init_state              00000001802a29f0 f   sfc_debug:cv_sfinterface.obj
 0001:002a1a60       cv_init_chart              00000001802a2a60 f   sfc_debug:cv_sfinterface.obj
 0001:002a1ab0       cv_dec_update_call         00000001802a2ab0 f   sfc_debug:cv_sfinterface.obj
 0001:002a1af0       cv_cond_update_call        00000001802a2af0 f   sfc_debug:cv_sfinterface.obj
 0001:002a1b30       cv_sigrange_update         00000001802a2b30 f   sfc_debug:cv_sfinterface.obj
 0001:002a1b70       cvsf_eml_eval              00000001802a2b70 f   sfc_debug:cv_sfinterface.obj
 0001:002a1c50       cvsf_eml_init_script       00000001802a2c50 f   sfc_debug:cv_sfinterface.obj
 0001:002a1cd0       cvsf_eml_init_fcn          00000001802a2cd0 f   sfc_debug:cv_sfinterface.obj
 0001:002a1d30       cvsf_eml_init_testobjective 00000001802a2d30 f   sfc_debug:cv_sfinterface.obj
 0001:002a1d90       cvsf_eml_init_if           00000001802a2d90 f   sfc_debug:cv_sfinterface.obj
 0001:002a1df0       cvsf_eml_init_for          00000001802a2df0 f   sfc_debug:cv_sfinterface.obj
 0001:002a1e40       cvsf_eml_init_while        00000001802a2e40 f   sfc_debug:cv_sfinterface.obj
 0001:002a1e90       cvsf_eml_init_mcdc         00000001802a2e90 f   sfc_debug:cv_sfinterface.obj
 0001:002a1f20       cvsf_eml_init_switch       00000001802a2f20 f   sfc_debug:cv_sfinterface.obj
 0001:002a1f90       cvsf_script_eval           00000001802a2f90 f   sfc_debug:cv_sfinterface.obj
 0001:002a2070       cvsf_script_init_script    00000001802a3070 f   sfc_debug:cv_sfinterface.obj
 0001:002a20f0       cvsf_script_init_fcn       00000001802a30f0 f   sfc_debug:cv_sfinterface.obj
 0001:002a2150       cvsf_script_init_testobjective 00000001802a3150 f   sfc_debug:cv_sfinterface.obj
 0001:002a21b0       cvsf_script_init_if        00000001802a31b0 f   sfc_debug:cv_sfinterface.obj
 0001:002a2210       cvsf_script_init_for       00000001802a3210 f   sfc_debug:cv_sfinterface.obj
 0001:002a2260       cvsf_script_init_while     00000001802a3260 f   sfc_debug:cv_sfinterface.obj
 0001:002a22b0       cvsf_script_init_mcdc      00000001802a32b0 f   sfc_debug:cv_sfinterface.obj
 0001:002a2340       cvsf_script_init_switch    00000001802a3340 f   sfc_debug:cv_sfinterface.obj
 0001:002a23b0       cv_destroy_interface       00000001802a33b0 f   sfc_debug:cv_sfinterface.obj
 0001:002a23d0       cv_create_instance_objects 00000001802a33d0 f   sfc_debug:cv_sfinterface.obj
 0001:002a2880       cv_is_enabled              00000001802a3880 f   sfc_debug:cv_sfinterface.obj
 0001:002a2890       sf_debug_cv_initialize_script 00000001802a3890 f   sfc_debug:cv_sfinterface.obj
 0001:002a2a30       sf_debug_cv_initialize_instance 00000001802a3a30 f   sfc_debug:cv_sfinterface.obj
 0001:002a2dc0       sf_debug_cv_terminate_chart 00000001802a3dc0 f   sfc_debug:cv_sfinterface.obj
 0001:002a2f00       cv_call_trans_test         00000001802a3f00 f   sfc_debug:cv_sfinterface.obj
 0001:002a2f10       cv_call_sub_cond_test      00000001802a3f10 f   sfc_debug:cv_sfinterface.obj
 0001:002a3040       sf_debug_hm_initialize_instance 00000001802a4040 f   sfc_debug:sfdb_handle_management.obj
 0001:002a3660       sf_debug_hm_get_object_id  00000001802a4660 f   sfc_debug:sfdb_handle_management.obj
 0001:002a5570       sf_debug_object_is_eml_function 00000001802a6570 f   sfc_debug:sfdb_handle_management.obj
 0001:002a55e0       sf_debug_hm_initialize_ids_in_machine 00000001802a65e0 f   sfc_debug:sfdb_handle_management.obj
 0001:002a5750       sf_debug_hm_initialize_ids_in_chart 00000001802a6750 f   sfc_debug:sfdb_handle_management.obj
 0001:002a5890       sf_debug_hm_initialize_chart 00000001802a6890 f   sfc_debug:sfdb_handle_management.obj
 0001:002a6140       sf_debug_hm_terminate      00000001802a7140 f   sfc_debug:sfdb_handle_management.obj
 0001:002a61a0       sf_debug_hm_initialize_machine 00000001802a71a0 f   sfc_debug:sfdb_handle_management.obj
 0001:002a6a50       sf_debug_st_initialize_machine 00000001802a7a50 f   sfc_debug:sfdb_data_browse.obj
 0001:002a6b10       sf_debug_st_initialize_instance 00000001802a7b10 f   sfc_debug:sfdb_data_browse.obj
 0001:002a6f20       sf_debug_st_terminate      00000001802a7f20 f   sfc_debug:sfdb_data_browse.obj
 0001:002a72d0       sf_debug_st_set_data_value_ptr_in_machine 00000001802a82d0 f   sfc_debug:sfdb_data_browse.obj
 0001:002a7360       sf_debug_st_set_data_value_ptr_in_instance 00000001802a8360 f   sfc_debug:sfdb_data_browse.obj
 0001:002a7440       sf_debug_st_unset_data_value_ptr_in_machine 00000001802a8440 f   sfc_debug:sfdb_data_browse.obj
 0001:002a74b0       sf_debug_st_unset_data_value_ptr_in_instance 00000001802a84b0 f   sfc_debug:sfdb_data_browse.obj
 0001:002a7770       sf_debug_mx_value          00000001802a8770 f   sfc_debug:sfdb_data_browse.obj
 0001:002a77d0       sf_debug_mx_packed_vector  00000001802a87d0 f   sfc_debug:sfdb_data_browse.obj
 0001:002a78b0       sf_debug_mx_uint_vector    00000001802a88b0 f   sfc_debug:sfdb_data_browse.obj
 0001:002a7960       sf_debug_st_get_double_value_from_void_ptr_vector 00000001802a8960 f   sfc_debug:sfdb_data_browse.obj
 0001:002a84c0       sf_debug_st_browse_data    00000001802a94c0 f   sfc_debug:sfdb_data_browse.obj
 0001:002a8c60       sf_debug_ss_initialize     00000001802a9c60 f   sfc_debug:sfdb_symbol_scope.obj
 0001:002a8c80       sf_debug_ss_terminate      00000001802a9c80 f   sfc_debug:sfdb_symbol_scope.obj
 0001:002a8d10       sf_debug_ss_push_symbol_scope 00000001802a9d10 f   sfc_debug:sfdb_symbol_scope.obj
 0001:002a8e10       sf_debug_ss_push_symbol_scope_eml 00000001802a9e10 f   sfc_debug:sfdb_symbol_scope.obj
 0001:002a8e70       sf_debug_ss_pop_symbol_scope 00000001802a9e70 f   sfc_debug:sfdb_symbol_scope.obj
 0001:002a8f20       sf_debug_ss_add_symbol     00000001802a9f20 f   sfc_debug:sfdb_symbol_scope.obj
 0001:002a9070       sf_debug_ss_add_symbol_eml 00000001802aa070 f   sfc_debug:sfdb_symbol_scope.obj
 0001:002aa0d0       sf_debug_ss_watch_data     00000001802ab0d0 f   sfc_debug:sfdb_symbol_scope.obj
 0001:002aab00       get_data_entry_name        00000001802abb00 f   sfc_debug:sfdb_symbol_scope.obj
 0001:002aab50       sf_debug_ss_whos           00000001802abb50 f   sfc_debug:sfdb_symbol_scope.obj
 0001:002ab3f0       sf_debug_cc_initialize_chart 00000001802ac3f0 f   sfc_debug:sfdb_coverage.obj
 0001:002abde0       sf_debug_cc_initialize_instance 00000001802acde0 f   sfc_debug:sfdb_coverage.obj
 0001:002acbe0       sf_debug_cc_terminate      00000001802adbe0 f   sfc_debug:sfdb_coverage.obj
 0001:002accd0       sf_debug_cc_set_transition_maps 00000001802adcd0 f   sfc_debug:sfdb_coverage.obj
 0001:002ace00       sf_debug_cc_set_state_maps 00000001802ade00 f   sfc_debug:sfdb_coverage.obj
 0001:002acee0       sf_debug_cc_set_transition_weights 00000001802adee0 f   sfc_debug:sfdb_coverage.obj
 0001:002ad1b0       sf_debug_cc_set_state_weights 00000001802ae1b0 f   sfc_debug:sfdb_coverage.obj
 0001:002ad490       sf_debug_cc_mark_transition_guard 00000001802ae490 f   sfc_debug:sfdb_coverage.obj
 0001:002ad5b0       sf_debug_cc_mark_transition_trigger 00000001802ae5b0 f   sfc_debug:sfdb_coverage.obj
 0001:002ad6d0       sf_debug_cc_mark_transition_decision 00000001802ae6d0 f   sfc_debug:sfdb_coverage.obj
 0001:002ad740       sf_debug_cc_mark_transition_condition_action 00000001802ae740 f   sfc_debug:sfdb_coverage.obj
 0001:002ad810       sf_debug_cc_mark_transition_transition_action 00000001802ae810 f   sfc_debug:sfdb_coverage.obj
 0001:002ad8e0       sf_debug_cc_mark_state_entry 00000001802ae8e0 f   sfc_debug:sfdb_coverage.obj
 0001:002ad9b0       sf_debug_cc_mark_state_during 00000001802ae9b0 f   sfc_debug:sfdb_coverage.obj
 0001:002ada80       sf_debug_cc_mark_state_exit 00000001802aea80 f   sfc_debug:sfdb_coverage.obj
 0001:002ae340       sf_debug_cc_get_coverage   00000001802af340 f   sfc_debug:sfdb_coverage.obj
 0001:002ae8d0       sf_debug_bm_clear_script_breakpoints 00000001802af8d0 f   sfc_debug:sfdb_breakpoints.obj
 0001:002ae900       sf_debug_bm_set_script_breakpoint 00000001802af900 f   sfc_debug:sfdb_breakpoints.obj
 0001:002ae980       sf_debug_bm_clear_single_script_breakpoint 00000001802af980 f   sfc_debug:sfdb_breakpoints.obj
 0001:002aea00       sf_debug_bm_query_script_breakpoint 00000001802afa00 f   sfc_debug:sfdb_breakpoints.obj
 0001:002aea50       sf_debug_bm_initialize_scripts 00000001802afa50 f   sfc_debug:sfdb_breakpoints.obj
 0001:002af170       sf_debug_bm_terminate      00000001802b0170 f   sfc_debug:sfdb_breakpoints.obj
 0001:002af470       sf_debug_bm_remove_all_breakpoints_in_machine 00000001802b0470 f   sfc_debug:sfdb_breakpoints.obj
 0001:002af4e0       sf_debug_bm_remove_all_breakpoints_in_chart 00000001802b04e0 f   sfc_debug:sfdb_breakpoints.obj
 0001:002af630       sf_debug_bm_initialize_global_breakpoints 00000001802b0630 f   sfc_debug:sfdb_breakpoints.obj
 0001:002af7b0       sf_debug_bm_set_breakpoint 00000001802b07b0 f   sfc_debug:sfdb_breakpoints.obj
 0001:002afdb0       sf_debug_bm_set_eml_breakpoint 00000001802b0db0 f   sfc_debug:sfdb_breakpoints.obj
 0001:002afe50       sf_debug_bm_initialize_machine_breakpoint_map 00000001802b0e50 f   sfc_debug:sfdb_breakpoints.obj
 0001:002b0340       sf_debug_bm_is_a_breakpoint 00000001802b1340 f   sfc_debug:sfdb_breakpoints.obj
 0001:002b0860       sf_debug_bm_get_all_breakpoints_in_machine 00000001802b1860 f   sfc_debug:sfdb_breakpoints.obj
 0001:002b0b60       sf_debug_bm_get_all_breakpoints_in_chart 00000001802b1b60 f   sfc_debug:sfdb_breakpoints.obj
 0001:002b1810       sf_debug_bm_initialize_machine 00000001802b2810 f   sfc_debug:sfdb_breakpoints.obj
 0001:002b18e0       sf_debug_bm_initialize_chart 00000001802b28e0 f   sfc_debug:sfdb_breakpoints.obj
 0001:002b1e20       sf_debug_sc_terminate      00000001802b2e20 f   sfc_debug:sfdb_state_consistency.obj
 0001:002b2150       sf_debug_sc_is_chart_consistent 00000001802b3150 f   sfc_debug:sfdb_state_consistency.obj
 0001:002b23f0       sf_debug_sc_get_consistency_error_info 00000001802b33f0 f   sfc_debug:sfdb_state_consistency.obj
 0001:002b2820       sf_debug_tm_terminate      00000001802b3820 f   sfc_debug:sfdb_call_stack.obj
 0001:002b28e0       sf_debug_tm_push_chart_instance 00000001802b38e0 f   sfc_debug:sfdb_call_stack.obj
 0001:002b2a40       sf_debug_tm_pop_chart_instance 00000001802b3a40 f   sfc_debug:sfdb_call_stack.obj
 0001:002b2aa0       sf_debug_tm_push_trace_node 00000001802b3aa0 f   sfc_debug:sfdb_call_stack.obj
 0001:002b2c30       sf_debug_tm_pop_trace_node 00000001802b3c30 f   sfc_debug:sfdb_call_stack.obj
 0001:002b2cb0       sf_debug_tm_get_current_global_trace_index 00000001802b3cb0 f   sfc_debug:sfdb_call_stack.obj
 0001:002b2cc0       sf_debug_tm_get_current_local_trace_index 00000001802b3cc0 f   sfc_debug:sfdb_call_stack.obj
 0001:002b2cf0       sf_debug_tm_set_cycle_detected_flag 00000001802b3cf0 f   sfc_debug:sfdb_call_stack.obj
 0001:002b2d30       sf_debug_tm_set_cycle_started_flag 00000001802b3d30 f   sfc_debug:sfdb_call_stack.obj
 0001:002b2d70       sf_debug_tm_get_chart_number_from_stack 00000001802b3d70 f   sfc_debug:sfdb_call_stack.obj
 0001:002b2f50       sf_debug_tm_browse_trace   00000001802b3f50 f   sfc_debug:sfdb_call_stack.obj
 0001:002b3280       sf_debug_cd_initialize_instance 00000001802b4280 f   sfc_debug:sfdb_cycle_detection.obj
 0001:002b3530       sf_debug_cd_mark_processed_transition_in_instance 00000001802b4530 f   sfc_debug:sfdb_cycle_detection.obj
 0001:002b35d0       sf_debug_cd_checksum_push  00000001802b45d0 f   sfc_debug:sfdb_cycle_detection.obj
 0001:002b3890       sf_debug_cd_checksum_pop   00000001802b4890 f   sfc_debug:sfdb_cycle_detection.obj
 0001:002b3900       sf_debug_cd_turn_off_cycle_detection 00000001802b4900 f   sfc_debug:sfdb_cycle_detection.obj
 0001:002b3950       sf_debug_cd_terminate      00000001802b4950 f   sfc_debug:sfdb_cycle_detection.obj
 0001:002b3b90       md5_initialize_state       00000001802b4b90 f   sfc_debug:ckmd5.obj
 0001:002b4710       md5_update_state           00000001802b5710 f   sfc_debug:ckmd5.obj
 0001:002b47f0       md5_get_hash               00000001802b57f0 f   sfc_debug:ckmd5.obj
 0001:002b4820       md5_get_hash_for_a_single_string 00000001802b5820 f   sfc_debug:ckmd5.obj
 0001:002b497a       mxGetPr                    00000001802b597a f   libmx:libmx.dll
 0001:002b4980       mxCreateDoubleScalar       00000001802b5980 f   libmx:libmx.dll
 0001:002b4986       mxSetField_730             00000001802b5986 f   libmx:libmx.dll
 0001:002b498c       mxCreateDoubleMatrix_730   00000001802b598c f   libmx:libmx.dll
 0001:002b4992       mxCreateStructMatrix_730   00000001802b5992 f   libmx:libmx.dll
 0001:002b4998       mxDestroyArray             00000001802b5998 f   libmx:libmx.dll
 0001:002b499e       mxCreateString             00000001802b599e f   libmx:libmx.dll
 0001:002b49a4       mxDuplicateArray           00000001802b59a4 f   libmx:libmx.dll
 0001:002b49aa       mxGetString_730            00000001802b59aa f   libmx:libmx.dll
 0001:002b49b0       mxIsChar                   00000001802b59b0 f   libmx:libmx.dll
 0001:002b49b6       mxGetClassID               00000001802b59b6 f   libmx:libmx.dll
 0001:002b49bc       mxIsNumeric                00000001802b59bc f   libmx:libmx.dll
 0001:002b49c2       mxIsComplex                00000001802b59c2 f   libmx:libmx.dll
 0001:002b49c8       mxGetN                     00000001802b59c8 f   libmx:libmx.dll
 0001:002b49ce       mxGetM                     00000001802b59ce f   libmx:libmx.dll
 0001:002b49d4       mxCalloc                   00000001802b59d4 f   libmx:libmx.dll
 0001:002b49da       mxGetScalar                00000001802b59da f   libmx:libmx.dll
 0001:002b49e0       mxIsLogical                00000001802b59e0 f   libmx:libmx.dll
 0001:002b49e6       mxCreateDoubleMatrix_700   00000001802b59e6 f   libmx:libmx.dll
 0001:002b49ec       mxFree                     00000001802b59ec f   libmx:libmx.dll
 0001:002b49f2       mxArrayToString            00000001802b59f2 f   libmx:libmx.dll
 0001:002b49f8       mxCreateCellMatrix_700     00000001802b59f8 f   libmx:libmx.dll
 0001:002b49fe       mxSetCell_700              00000001802b59fe f   libmx:libmx.dll
 0001:002b4a04       mxGetCell_700              00000001802b5a04 f   libmx:libmx.dll
 0001:002b4a0a       mxGetClassName             00000001802b5a0a f   libmx:libmx.dll
 0001:002b4a10       mxSetField_700             00000001802b5a10 f   libmx:libmx.dll
 0001:002b4a16       mxAddField                 00000001802b5a16 f   libmx:libmx.dll
 0001:002b4a1c       mxGetField_700             00000001802b5a1c f   libmx:libmx.dll
 0001:002b4a22       mxGetNumberOfElements      00000001802b5a22 f   libmx:libmx.dll
 0001:002b4a28       mxIsStruct                 00000001802b5a28 f   libmx:libmx.dll
 0001:002b4a2e       mxIsClass                  00000001802b5a2e f   libmx:libmx.dll
 0001:002b4a34       mxGetLogicals              00000001802b5a34 f   libmx:libmx.dll
 0001:002b4a3a       mxIsSparse                 00000001802b5a3a f   libmx:libmx.dll
 0001:002b4a40       mxSetFieldByNumber_700     00000001802b5a40 f   libmx:libmx.dll
 0001:002b4a46       mxGetFieldByNumber_700     00000001802b5a46 f   libmx:libmx.dll
 0001:002b4a4c       mxGetFieldNameByNumber     00000001802b5a4c f   libmx:libmx.dll
 0001:002b4a52       mxGetNumberOfFields        00000001802b5a52 f   libmx:libmx.dll
 0001:002b4a58       mxCreateStructMatrix_700   00000001802b5a58 f   libmx:libmx.dll
 0001:002b4a5e       mxGetFieldNumber           00000001802b5a5e f   libmx:libmx.dll
 0001:002b4a64       mxIsNaN                    00000001802b5a64 f   libmx:libmx.dll
 0001:002b4a6a       mxIsEmpty                  00000001802b5a6a f   libmx:libmx.dll
 0001:002b4a70       mxGetData                  00000001802b5a70 f   libmx:libmx.dll
 0001:002b4a76       mxGetImagData              00000001802b5a76 f   libmx:libmx.dll
 0001:002b4a7c       mxArrayClassIDName         00000001802b5a7c f   libmx:libmx.dll
 0001:002b4a82       mxCreateNumericMatrix_700  00000001802b5a82 f   libmx:libmx.dll
 0001:002b4a88       mxCreateStructArray_700    00000001802b5a88 f   libmx:libmx.dll
 0001:002b4a8e       mxCalcSingleSubscript_700  00000001802b5a8e f   libmx:libmx.dll
 0001:002b4a94       mxGetDimensions_700        00000001802b5a94 f   libmx:libmx.dll
 0001:002b4a9a       mxGetNumberOfDimensions_700 00000001802b5a9a f   libmx:libmx.dll
 0001:002b4aa0       mxCreateNumericArray_700   00000001802b5aa0 f   libmx:libmx.dll
 0001:002b4aa6       mxGetElementSize           00000001802b5aa6 f   libmx:libmx.dll
 0001:002b4aac       mxCreateStringFromNChars_700 00000001802b5aac f   libmx:libmx.dll
 0001:002b4ab2       mxGetString_700            00000001802b5ab2 f   libmx:libmx.dll
 0001:002b4ab8       mxIsLogicalScalarTrue      00000001802b5ab8 f   libmx:libmx.dll
 0001:002b4abe       mxCreateLogicalScalar      00000001802b5abe f   libmx:libmx.dll
 0001:002b4ac4       mexUnlock                  00000001802b5ac4 f   libmex:libmex.dll
 0001:002b4aca       mexIsLocked                00000001802b5aca f   libmex:libmex.dll
 0001:002b4ad0       mexWarnMsgTxt              00000001802b5ad0 f   libmex:libmex.dll
 0001:002b4ad6       mexCallMATLAB              00000001802b5ad6 f   libmex:libmex.dll
 0001:002b4adc       mexErrMsgTxt               00000001802b5adc f   libmex:libmex.dll
 0001:002b4ae2       mexSetTrapFlag             00000001802b5ae2 f   libmex:libmex.dll
 0001:002b4ae8       mexMakeArrayPersistent     00000001802b5ae8 f   libmex:libmex.dll
 0001:002b4aee       mexPutVariable             00000001802b5aee f   libmex:libmex.dll
 0001:002b4af4       mexGetVariable             00000001802b5af4 f   libmex:libmex.dll
 0001:002b4afa       mexLock                    00000001802b5afa f   libmex:libmex.dll
 0001:002b4b00       mexMakeMemoryPersistent    00000001802b5b00 f   libmex:libmex.dll
 0001:002b4b06       mexFunctionName            00000001802b5b06 f   libmex:libmex.dll
 0001:002b4b0c       ssRegisterDataTypeFxpFSlopeFixExpBias 00000001802b5b0c f   libfixedpoint:libfixedpoint.dll
 0001:002b4b12       utVSNprintf                00000001802b5b12 f   libut:libut.dll
 0001:002b4b18       utCPUtime                  00000001802b5b18 f   libut:libut.dll
 0001:002b4b1e       utFree                     00000001802b5b1e f   libut:libut.dll
 0001:002b4b24       utMalloc                   00000001802b5b24 f   libut:libut.dll
 0001:002b4b2a       muDoubleScalarSin          00000001802b5b2a f   libmwmathutil:libmwmathutil.dll
 0001:002b4b30       muDoubleScalarCos          00000001802b5b30 f   libmwmathutil:libmwmathutil.dll
 0001:002b4b36       muDoubleScalarAtan2        00000001802b5b36 f   libmwmathutil:libmwmathutil.dll
 0001:002b4b3c       muDoubleScalarAcos         00000001802b5b3c f   libmwmathutil:libmwmathutil.dll
 0001:002b4b42       muDoubleScalarPower        00000001802b5b42 f   libmwmathutil:libmwmathutil.dll
 0001:002b4b48       muDoubleScalarFloor        00000001802b5b48 f   libmwmathutil:libmwmathutil.dll
 0001:002b4b4e       muDoubleScalarSqrt         00000001802b5b4e f   libmwmathutil:libmwmathutil.dll
 0001:002b4b54       muDoubleScalarAbs          00000001802b5b54 f   libmwmathutil:libmwmathutil.dll
 0001:002b4b5a       emlrtCheckBuiltInR2009a    00000001802b5b5a f   libemlrt:libemlrt.dll
 0001:002b4b60       emlrtCheckVsBuiltInR2009a  00000001802b5b60 f   libemlrt:libemlrt.dll
 0001:002b4b66       emlrtCheckEnumR2009a       00000001802b5b66 f   libemlrt:libemlrt.dll
 0001:002b4b6c       emlrtCreateEnumR2010a      00000001802b5b6c f   libemlrt:libemlrt.dll
 0001:002b4b72       emlrtGetEnumElementR2009a  00000001802b5b72 f   libemlrt:libemlrt.dll
 0001:002b4b78       emlrtImportVsFiArrayR2009b 00000001802b5b78 f   libemlrt:libemlrt.dll
 0001:002b4b7e       emlrtGetEnumUnderlyingArrayR2009a 00000001802b5b7e f   libemlrt:libemlrt.dll
 0001:002b4b84       emlrtIsEnumR2009a          00000001802b5b84 f   libemlrt:libemlrt.dll
 0001:002b4b8a       idamax32                   00000001802b5b8a f   libmwblascompat32:libmwblascompat32.dll
 0001:002b4b90       dswap32                    00000001802b5b90 f   libmwblascompat32:libmwblascompat32.dll
 0001:002b4b96       dger32                     00000001802b5b96 f   libmwblascompat32:libmwblascompat32.dll
 0001:002b4b9c       dtrsm32                    00000001802b5b9c f   libmwblascompat32:libmwblascompat32.dll
 0001:002b4ba2       ddot32                     00000001802b5ba2 f   libmwblascompat32:libmwblascompat32.dll
 0001:002b4ba8       dnrm232                    00000001802b5ba8 f   libmwblascompat32:libmwblascompat32.dll
 0001:002b4bae       strlen                     00000001802b5bae f   MSVCRT:MSVCR90.dll
 0001:002b4bc0       memset                     00000001802b5bc0 f   MSVCRT:MSVCR90.dll
 0001:002b4bc6       malloc                     00000001802b5bc6 f   MSVCRT:MSVCR90.dll
 0001:002b4bcc       __GSHandlerCheckCommon     00000001802b5bcc f   MSVCRT:gshandler.obj
 0001:002b4c30       __GSHandlerCheck           00000001802b5c30 f   MSVCRT:gshandler.obj
 0001:002b4c60       __security_check_cookie    00000001802b5c60 f   MSVCRT:amdsecgs.obj
 0001:002b4c80       free                       00000001802b5c80 f   MSVCRT:MSVCR90.dll
 0001:002b4c86       strcmp                     00000001802b5c86 f   MSVCRT:MSVCR90.dll
 0001:002b4c8c       sprintf                    00000001802b5c8c f   MSVCRT:MSVCR90.dll
 0001:002b4c92       strcat                     00000001802b5c92 f   MSVCRT:MSVCR90.dll
 0001:002b4c98       memcpy                     00000001802b5c98 f   MSVCRT:MSVCR90.dll
 0001:002b4ca0       NtCurrentTeb               00000001802b5ca0 f i MSVCRT:crtdll.obj
 0001:002b4d0c       _CRT_INIT                  00000001802b5d0c f   MSVCRT:crtdll.obj
 0001:002b50a0       _DllMainCRTStartup         00000001802b60a0 f   MSVCRT:crtdll.obj
 0001:002b50de       strncpy                    00000001802b60de f   MSVCRT:MSVCR90.dll
 0001:002b50e4       longjmp                    00000001802b60e4 f   MSVCRT:MSVCR90.dll
 0001:002b50ea       strncmp                    00000001802b60ea f   MSVCRT:MSVCR90.dll
 0001:002b50f0       ceil                       00000001802b60f0 f   MSVCRT:MSVCR90.dll
 0001:002b50f6       strrchr                    00000001802b60f6 f   MSVCRT:MSVCR90.dll
 0001:002b50fc       _setjmp                    00000001802b60fc f   MSVCRT:MSVCR90.dll
 0001:002b5102       calloc                     00000001802b6102 f   MSVCRT:MSVCR90.dll
 0001:002b5108       realloc                    00000001802b6108 f   MSVCRT:MSVCR90.dll
 0001:002b510e       ldexp                      00000001802b610e f   MSVCRT:MSVCR90.dll
 0001:002b5114       __report_gsfailure         00000001802b6114 f   MSVCRT:gs_report.obj
 0001:002b5260       __clean_type_info_names    00000001802b6260 f   MSVCRT:tncleanup.obj
 0001:002b526c       _onexit                    00000001802b626c f   MSVCRT:atonexit.obj
 0001:002b531c       atexit                     00000001802b631c f   MSVCRT:atonexit.obj
 0001:002b5334       _RTC_Initialize            00000001802b6334 f   MSVCRT:_initsect_.obj
 0001:002b536c       _RTC_Terminate             00000001802b636c f   MSVCRT:_initsect_.obj
 0001:002b53a4       _encode_pointer            00000001802b63a4 f   MSVCRT:MSVCR90.dll
 0001:002b53aa       _malloc_crt                00000001802b63aa f   MSVCRT:MSVCR90.dll
 0001:002b53b0       _ValidateImageBase         00000001802b63b0 f   MSVCRT:pesect.obj
 0001:002b53e0       _FindPESection             00000001802b63e0 f   MSVCRT:pesect.obj
 0001:002b5430       _IsNonwritableInCurrentImage 00000001802b6430 f   MSVCRT:pesect.obj
 0001:002b5472       _initterm                  00000001802b6472 f   MSVCRT:MSVCR90.dll
 0001:002b5478       _initterm_e                00000001802b6478 f   MSVCRT:MSVCR90.dll
 0001:002b547e       _encoded_null              00000001802b647e f   MSVCRT:MSVCR90.dll
 0001:002b5484       _decode_pointer            00000001802b6484 f   MSVCRT:MSVCR90.dll
 0001:002b548a       _amsg_exit                 00000001802b648a f   MSVCRT:MSVCR90.dll
 0001:002b5490       __C_specific_handler       00000001802b6490 f   MSVCRT:MSVCR90.dll
 0001:002b5496       __CppXcptFilter            00000001802b6496 f   MSVCRT:MSVCR90.dll
 0001:002b549c       DllMain                    00000001802b649c f   MSVCRT:dllmain.obj
 0001:002b54c0       __security_init_cookie     00000001802b64c0 f   MSVCRT:gs_support.obj
 0001:002b5574       __crt_debugger_hook        00000001802b6574 f   MSVCRT:MSVCR90.dll
 0001:002b557a       __clean_type_info_names_internal 00000001802b657a f   MSVCRT:MSVCR90.dll
 0001:002b5580       _unlock                    00000001802b6580 f   MSVCRT:MSVCR90.dll
 0001:002b5586       __dllonexit                00000001802b6586 f   MSVCRT:MSVCR90.dll
 0001:002b558c       _lock                      00000001802b658c f   MSVCRT:MSVCR90.dll
 0001:002b5592       Sleep                      00000001802b6592 f   kernel32:KERNEL32.dll
 0001:002b5598       TerminateProcess           00000001802b6598 f   kernel32:KERNEL32.dll
 0001:002b559e       GetCurrentProcess          00000001802b659e f   kernel32:KERNEL32.dll
 0001:002b55a4       UnhandledExceptionFilter   00000001802b65a4 f   kernel32:KERNEL32.dll
 0001:002b55aa       SetUnhandledExceptionFilter 00000001802b65aa f   kernel32:KERNEL32.dll
 0001:002b55b0       IsDebuggerPresent          00000001802b65b0 f   kernel32:KERNEL32.dll
 0001:002b55b6       RtlVirtualUnwind           00000001802b65b6 f   kernel32:KERNEL32.dll
 0001:002b55bc       RtlLookupFunctionEntry     00000001802b65bc f   kernel32:KERNEL32.dll
 0001:002b55c2       RtlCaptureContext          00000001802b65c2 f   kernel32:KERNEL32.dll
 0001:002b55c8       DisableThreadLibraryCalls  00000001802b65c8 f   kernel32:KERNEL32.dll
 0001:002b55ce       QueryPerformanceCounter    00000001802b65ce f   kernel32:KERNEL32.dll
 0001:002b55d4       GetTickCount               00000001802b65d4 f   kernel32:KERNEL32.dll
 0001:002b55da       GetCurrentThreadId         00000001802b65da f   kernel32:KERNEL32.dll
 0001:002b55e0       GetCurrentProcessId        00000001802b65e0 f   kernel32:KERNEL32.dll
 0001:002b55e6       GetSystemTimeAsFileTime    00000001802b65e6 f   kernel32:KERNEL32.dll
 0001:002b5600       __chkstk                   00000001802b6600 f   MSVCRT:chkstk.obj
 0001:002b5600       _alloca_probe              00000001802b6600     MSVCRT:chkstk.obj
 0002:00000000       __imp_DisableThreadLibraryCalls 00000001802b7000     kernel32:KERNEL32.dll
 0002:00000008       __imp_RtlCaptureContext    00000001802b7008     kernel32:KERNEL32.dll
 0002:00000010       __imp_RtlLookupFunctionEntry 00000001802b7010     kernel32:KERNEL32.dll
 0002:00000018       __imp_RtlVirtualUnwind     00000001802b7018     kernel32:KERNEL32.dll
 0002:00000020       __imp_IsDebuggerPresent    00000001802b7020     kernel32:KERNEL32.dll
 0002:00000028       __imp_SetUnhandledExceptionFilter 00000001802b7028     kernel32:KERNEL32.dll
 0002:00000030       __imp_UnhandledExceptionFilter 00000001802b7030     kernel32:KERNEL32.dll
 0002:00000038       __imp_GetCurrentProcess    00000001802b7038     kernel32:KERNEL32.dll
 0002:00000040       __imp_TerminateProcess     00000001802b7040     kernel32:KERNEL32.dll
 0002:00000048       __imp_Sleep                00000001802b7048     kernel32:KERNEL32.dll
 0002:00000050       __imp_GetTickCount         00000001802b7050     kernel32:KERNEL32.dll
 0002:00000058       __imp_GetCurrentThreadId   00000001802b7058     kernel32:KERNEL32.dll
 0002:00000060       __imp_GetCurrentProcessId  00000001802b7060     kernel32:KERNEL32.dll
 0002:00000068       __imp_GetSystemTimeAsFileTime 00000001802b7068     kernel32:KERNEL32.dll
 0002:00000070       __imp_QueryPerformanceCounter 00000001802b7070     kernel32:KERNEL32.dll
 0002:00000078       \177KERNEL32_NULL_THUNK_DATA 00000001802b7078     kernel32:KERNEL32.dll
 0002:00000080       __imp__onexit              00000001802b7080     MSVCRT:MSVCR90.dll
 0002:00000088       __imp__lock                00000001802b7088     MSVCRT:MSVCR90.dll
 0002:00000090       __imp___dllonexit          00000001802b7090     MSVCRT:MSVCR90.dll
 0002:00000098       __imp__unlock              00000001802b7098     MSVCRT:MSVCR90.dll
[...]
 0001:0028a2c0       ml_generic_out_of_bounds_check 000000018028b2c0 f   sfc_mex:sfc_mex.obj
 0001:0028a410       ml_get_element_value_from_array 000000018028b410 f   sfc_mex:sfc_mex.obj
 0001:0028a710       _ml_generic_castability_check 000000018028b710 f   sfc_mex:sfc_mex.obj
 0001:0028b2e0       ml_generic_castability_check 000000018028c2e0 f   sfc_mex:sfc_mex.obj
 0001:0028b380       ml_check_mx_array_for_single_castability 000000018028c380 f   sfc_mex:sfc_mex.obj
 0001:0028b420       ml_check_mx_array_for_logical_castability 000000018028c420 f   sfc_mex:sfc_mex.obj
 0001:0028b4c0       ml_check_mx_array_for_int8_castability 000000018028c4c0 f   sfc_mex:sfc_mex.obj
 0001:0028b570       ml_check_mx_array_for_uint8_castability 000000018028c570 f   sfc_mex:sfc_mex.obj
 0001:0028b610       ml_check_mx_array_for_int16_castability 000000018028c610 f   sfc_mex:sfc_mex.obj
 0001:0028b6b0       ml_check_mx_array_for_uint16_castability 000000018028c6b0 f   sfc_mex:sfc_mex.obj
 0001:0028b750       ml_check_mx_array_for_int32_castability 000000018028c750 f   sfc_mex:sfc_mex.obj
 0001:0028b7f0       ml_check_mx_array_for_uint32_castability 000000018028c7f0 f   sfc_mex:sfc_mex.obj
 0001:0028b890       ml_check_mx_array_for_castability 000000018028c890 f   sfc_mex:sfc_mex.obj
 0001:0028c060       set_data_value             000000018028d060 f   sfc_mex:sfc_mex.obj
 0001:0028c3b0       get_data_value             000000018028d3b0 f   sfc_mex:sfc_mex.obj
 0001:0028c4a0       get_next_element_address   000000018028d4a0 f   sfc_mex:sfc_mex.obj
 0001:0028c570       sf_normalize_index         000000018028d570 f   sfc_mex:sfc_mex.obj
 0001:0028c900       ml_array_index_bound_check 000000018028d900 f   sfc_mex:sfc_mex.obj
 0001:0028d510       mx_value                   000000018028e510 f   sfc_mex:sfc_mex.obj
 0001:0028d560       sf_create_numeric_array    000000018028e560 f   sfc_mex:sfc_mex.obj
 0001:0028d600       sf_mex_assign_to_mx_array  000000018028e600 f   sfc_mex:sfc_mex.obj
 0001:0028df70       assign_from_mx_array       000000018028ef70 f   sfc_mex:sfc_mex.obj
 0001:0028f1f0       get_machine_and_chart_file_number 00000001802901f0 f   sfc_mex:sfc_sf.obj
 0001:0028f2e0       get_sfun_block_specialization 00000001802902e0 f   sfc_mex:sfc_sf.obj
 0001:0028f360       call_sf_machine_global_method_dispatcher 0000000180290360 f   sfc_mex:sfc_sf.obj
 0001:0028f5d0       mdl_zeroCrossings_processing 00000001802905d0 f   sfc_mex:sfc_sf.obj
 0001:0028f6a0       mdl_derivatives_processing 00000001802906a0 f   sfc_mex:sfc_sf.obj
 0001:0028f960       mdl_outputs_continuous_legacy 0000000180290960 f   sfc_mex:sfc_sf.obj
 0001:0028f9e0       mdl_outputs_processing     00000001802909e0 f   sfc_mex:sfc_sf.obj
 0001:0028fce0       mdl_enable_processing      0000000180290ce0 f   sfc_mex:sfc_sf.obj
 0001:0028fdb0       mdl_disable_processing     0000000180290db0 f   sfc_mex:sfc_sf.obj
 0001:002908a0       write_symbol_mapping       00000001802918a0 f   sfc_mex:sfc_sf.obj
 0001:00291020       sf_call_output_fcn_enable_disable 0000000180292020 f   sfc_mex:sfc_sf.obj
 0001:002912a0       set_dwork_information_from_mx_array 00000001802922a0 f   sfc_mex:sfc_sf.obj
 0001:00291a20       get_dwork_info_from_mat_file 0000000180292a20 f   sfc_mex:sfc_sf.obj
 0001:00291bd0       ptr2mxStruct               0000000180292bd0 f   sfc_mex:sfc_sf.obj
 0001:00291fe0       SNPRINTF_WRAPPER           0000000180292fe0 f   sfc_debug:sfcdebug.obj
 0001:00292000       sf_debug_chart_instance_initialized_quick 0000000180293000 f   sfc_debug:sfcdebug.obj
 0001:00292010       sf_debug_chart_instance_initialized 0000000180293010 f   sfc_debug:sfcdebug.obj
 0001:002921b0       sfrtAddSize                00000001802931b0 f   sfc_debug:sfcdebug.obj
 0001:00292270       sfrtGenSizeString          0000000180293270 f   sfc_debug:sfcdebug.obj
 0001:002929f0       sf_debug_sim_status_listener 00000001802939f0 f   sfc_debug:sfcdebug.obj
 0001:00292f60       sf_debug_form_mask_bits    0000000180293f60 f   sfc_debug:sfcdebug.obj
 0001:00292fa0       sf_debug_form_sf_data_type_offsets 0000000180293fa0 f   sfc_debug:sfcdebug.obj
 0001:00293060       sf_debug_free_all          0000000180294060 f   sfc_debug:sfcdebug.obj
 0001:002931f0       sf_debug_append_debugger_context 00000001802941f0 f   sfc_debug:sfcdebug.obj
 0001:002934b0       local_strdup               00000001802944b0 f   sfc_debug:sfcdebug.obj
 0001:00294390       sf_debug_em_terminate      0000000180295390 f   sfc_debug:sfcdebug.obj
 0001:002943d0       sf_debug_push_eml_function 00000001802953d0 f   sfc_debug:sfcdebug.obj
 0001:00294470       sf_debug_pop_eml_function  0000000180295470 f   sfc_debug:sfcdebug.obj
 0001:00295130       sf_debug_get_machine_number_from_id_or_name 0000000180296130 f   sfc_debug:sfcdebug.obj
 0001:00295280       sf_debug_get_chart_number_from_id 0000000180296280 f   sfc_debug:sfcdebug.obj
 0001:00295f30       sf_debug_transfer_control_to_debugger_GUI 0000000180296f30 f   sfc_debug:sfcdebug.obj
 0001:00296f10       sf_debug_scripts_rehash    0000000180297f10 f   sfc_debug:sfcdebug.obj
 0001:00297160       sf_debug_get_script_line_count 0000000180298160 f   sfc_debug:sfcdebug.obj
 0001:002978b0       cv_eml_state_cvId          00000001802988b0 f   sfc_debug:sfcdebug.obj
 0001:00298dd0       sf_debug_data_array_bounds_error 0000000180299dd0 f   sfc_debug:sfcdebug.obj
 0001:002991d0       eml_debug_runtime_error_doclink 000000018029a1d0 f   sfc_debug:sfcdebug.obj
 0001:00299340       sf_debug_runtime_error     000000018029a340 f   sfc_debug:sfcdebug.obj
 0001:002993b0       sf_debug_matlab_error      000000018029a3b0 f   sfc_debug:sfcdebug.obj
 0001:00299bf0       sf_debug_data_value_error  000000018029abf0 f   sfc_debug:sfcdebug.obj
 0001:0029a4b0       sf_debug_data_loss_error   000000018029b4b0 f   sfc_debug:sfcdebug.obj
 0001:0029b0c0       call_cv_range_check        000000018029c0c0 f   sfc_debug:sfcdebug.obj
 0001:0029b9b0       sf_debug_invoke_cycle_detection_code 000000018029c9b0 f   sfc_debug:sfcdebug.obj
 0001:0029c810       sf_reset_debug_info_struct 000000018029d810 f   sfc_debug:sfcdebug.obj
 0001:0029d2d0       cv_script_cvId             000000018029e2d0 f   sfc_debug:sfcdebug.obj
 0001:0029e750       sfc_api_chart_visible      000000018029f750 f   sfc_debug:sfc_api.obj
 0001:0029e7d0       sfc_api_active_instance    000000018029f7d0 f   sfc_debug:sfc_api.obj
 0001:0029e850       sfc_api_machine_load       000000018029f850 f   sfc_debug:sfc_api.obj
 0001:0029e920       sfc_api_debugger_alive     000000018029f920 f   sfc_debug:sfc_api.obj
 0001:0029e930       sfc_api_go                 000000018029f930 f   sfc_debug:sfc_api.obj
 0001:0029e940       sfc_api_step_over          000000018029f940 f   sfc_debug:sfc_api.obj
 0001:0029e950       sfc_api_step_out           000000018029f950 f   sfc_debug:sfc_api.obj
 0001:0029e960       sfc_api_resume             000000018029f960 f   sfc_debug:sfc_api.obj
 0001:0029e970       sfc_api_break              000000018029f970 f   sfc_debug:sfc_api.obj
 0001:0029e980       sfc_api_stop_debugging     000000018029f980 f   sfc_debug:sfc_api.obj
 0001:0029e9d0       sfc_api_is_cycle_detected  000000018029f9d0 f   sfc_debug:sfc_api.obj
 0001:0029ea20       sfc_api_is_array_bounds_detected 000000018029fa20 f   sfc_debug:sfc_api.obj
 0001:0029ea70       sfc_api_set_disable_all_breakpoints 000000018029fa70 f   sfc_debug:sfc_api.obj
 0001:0029eae0       sfc_api_disable_all_breakpoints_and_go 000000018029fae0 f   sfc_debug:sfc_api.obj
 0001:0029eaf0       sfc_api_close              000000018029faf0 f   sfc_debug:sfc_api.obj
 0001:0029eb00       sfc_api_browse_data        000000018029fb00 f   sfc_debug:sfc_api.obj
 0001:0029eb70       sfc_api_watch_data         000000018029fb70 f   sfc_debug:sfc_api.obj
 0001:0029ec10       sfc_api_whos               000000018029fc10 f   sfc_debug:sfc_api.obj
 0001:0029eca0       sfc_api_get_consistency_info 000000018029fca0 f   sfc_debug:sfc_api.obj
 0001:0029ecb0       sfc_api_browse_trace       000000018029fcb0 f   sfc_debug:sfc_api.obj
 0001:0029ecc0       sfc_api_break_on_chart_entry 000000018029fcc0 f   sfc_debug:sfc_api.obj
 0001:0029ece0       sfc_api_break_on_event_broadcast 000000018029fce0 f   sfc_debug:sfc_api.obj
 0001:0029ed00       sfc_api_break_on_state_entry 000000018029fd00 f   sfc_debug:sfc_api.obj
 0001:0029ed20       sfc_api_set_watch          000000018029fd20 f   sfc_debug:sfc_api.obj
 0001:0029edc0       sfc_api_set_breakpoints    000000018029fdc0 f   sfc_debug:sfc_api.obj
 0001:0029ee60       sfc_api_set_eml_breakpoints 000000018029fe60 f   sfc_debug:sfc_api.obj
 0001:0029eee0       sfc_api_set_script_breakpoints 000000018029fee0 f   sfc_debug:sfc_api.obj
 0001:0029ef30       sfc_api_add_script_breakpoints 000000018029ff30 f   sfc_debug:sfc_api.obj
 0001:0029ef80       sfc_api_clear_script_breakpoints 000000018029ff80 f   sfc_debug:sfc_api.obj
 0001:0029efd0       sfc_api_query_script_breakpoints 000000018029ffd0 f   sfc_debug:sfc_api.obj
 0001:0029f030       sfc_api_get_script_id      00000001802a0030 f   sfc_debug:sfc_api.obj
 0001:0029f0f0       sfc_api_get_active_states  00000001802a00f0 f   sfc_debug:sfc_api.obj
 0001:0029f170       sfc_api_break_between_times 00000001802a0170 f   sfc_debug:sfc_api.obj
 0001:0029f1d0       sfc_api_get_instance_handle 00000001802a01d0 f   sfc_debug:sfc_api.obj
 0001:0029f280       sfc_api_get_coverage       00000001802a0280 f   sfc_debug:sfc_api.obj
 0001:0029f300       sfc_api_set_animation      00000001802a0300 f   sfc_debug:sfc_api.obj
 0001:0029f350       sfc_api_select_chart       00000001802a0350 f   sfc_debug:sfc_api.obj
 0001:0029f3b0       sfc_api_select_charts      00000001802a03b0 f   sfc_debug:sfc_api.obj
 0001:0029f3e0       sfc_api_cycle_detection_check 00000001802a03e0 f   sfc_debug:sfc_api.obj
 0001:0029f430       sfc_api_data_range_check   00000001802a0430 f   sfc_debug:sfc_api.obj
 0001:0029f480       sfc_api_transition_conflict_check 00000001802a0480 f   sfc_debug:sfc_api.obj
 0001:0029f4d0       sfc_api_state_consistency_check 00000001802a04d0 f   sfc_debug:sfc_api.obj
 0001:0029f520       sfc_api_set_instance_cv_ids 00000001802a0520 f   sfc_debug:sfc_api.obj
 0001:0029f630       sfc_api_set_script_cv_ids  00000001802a0630 f   sfc_debug:sfc_api.obj
 0001:0029f6d0       sfc_api_get_current_machine_id 00000001802a06d0 f   sfc_debug:sfc_api.obj
 0001:0029f700       sfc_api_get_current_machine_number 00000001802a0700 f   sfc_debug:sfc_api.obj
 0001:0029f730       sfc_api_get_current_chart_number 00000001802a0730 f   sfc_debug:sfc_api.obj
 0001:0029f760       sfc_api_get_current_instance_number 00000001802a0760 f   sfc_debug:sfc_api.obj
 0001:0029f790       sfc_api_get_current_instance_handle 00000001802a0790 f   sfc_debug:sfc_api.obj
 0001:0029f7b0       sfc_api_get_current_is_minor_time_step 00000001802a07b0 f   sfc_debug:sfc_api.obj
 0001:0029f7e0       sfc_api_get_current_machine_name 00000001802a07e0 f   sfc_debug:sfc_api.obj
 0001:0029f800       sfc_api_get_current_chart_id 00000001802a0800 f   sfc_debug:sfc_api.obj
 0001:0029f830       sfc_api_get_current_object_type 00000001802a0830 f   sfc_debug:sfc_api.obj
 0001:0029f860       sfc_api_get_current_event_type 00000001802a0860 f   sfc_debug:sfc_api.obj
 0001:0029f890       sfc_api_get_current_object_id 00000001802a0890 f   sfc_debug:sfc_api.obj
 0001:0029f8c0       sfc_get_current_active_event_type 00000001802a08c0 f   sfc_debug:sfc_api.obj
 0001:0029f8f0       sfc_api_get_current_active_event_id 00000001802a08f0 f   sfc_debug:sfc_api.obj
 0001:0029f920       sfc_api_get_current_simulation_time 00000001802a0920 f   sfc_debug:sfc_api.obj
 0001:0029f940       sfc_get_current_tag_type   00000001802a0940 f   sfc_debug:sfc_api.obj
 0001:0029f970       sfc_get_current_coverage_percentage 00000001802a0970 f   sfc_debug:sfc_api.obj
 0001:0029f990       sfc_get_current_statement_context 00000001802a0990 f   sfc_debug:sfc_api.obj
 0001:0029f9b0       sfc_get_current_optional_integer 00000001802a09b0 f   sfc_debug:sfc_api.obj
 0001:0029f9d0       sfc_get_current_statement_info 00000001802a09d0 f   sfc_debug:sfc_api.obj
 0001:0029fa70       sfc_api_get                00000001802a0a70 f   sfc_debug:sfc_api.obj
 0001:0029fbd0       sf_debug_sm_is_using_unified_editors 00000001802a0bd0 f   sfc_debug:sfdb_animation.obj
 0001:0029fc70       sf_debug_sm_is_chart_visible_in_unified_editors 00000001802a0c70 f   sfc_debug:sfdb_animation.obj
 0001:0029fd30       sf_debug_sm_check_if_chart_is_visible 00000001802a0d30 f   sfc_debug:sfdb_animation.obj
 0001:002a0940       sf_debug_sm_fill_state_activity_data 00000001802a1940 f   sfc_debug:sfdb_animation.obj
 0001:002a2f50       sf_debug_hm_get_simulink_handle 00000001802a3f50 f   sfc_debug:sfdb_handle_management.obj
 0001:002a3b40       sf_debug_hm_initialize_globals 00000001802a4b40 f   sfc_debug:sfdb_handle_management.obj
 0001:002a3c40       sf_debug_hm_get_machine_debug_flag 00000001802a4c40 f   sfc_debug:sfdb_handle_management.obj
 0001:002a3db0       sf_debug_hm_get_machine_id 00000001802a4db0 f   sfc_debug:sfdb_handle_management.obj
 0001:002a3ed0       sf_debug_hm_get_chart_id   00000001802a4ed0 f   sfc_debug:sfdb_handle_management.obj
 0001:002a4070       sf_debug_hm_register_executing_SFunction 00000001802a5070 f   sfc_debug:sfdb_handle_management.obj
 0001:002a4200       sf_debug_hm_get_chart_active_instance 00000001802a5200 f   sfc_debug:sfdb_handle_management.obj
 0001:002a4370       sf_debug_hm_get_chart_visibility 00000001802a5370 f   sfc_debug:sfdb_handle_management.obj
 0001:002a44c0       sf_debug_hm_form_object_boolean_properties 00000001802a54c0 f   sfc_debug:sfdb_handle_management.obj
 0001:002a4790       sf_debug_hm_form_object_properties 00000001802a5790 f   sfc_debug:sfdb_handle_management.obj
 0001:002a49d0       sf_debug_hm_terminate_charts 00000001802a59d0 f   sfc_debug:sfdb_handle_management.obj
 0001:002a5110       sf_debug_hm_terminate_machines 00000001802a6110 f   sfc_debug:sfdb_handle_management.obj
 0001:002a6c10       void_ptr_stack_vector_free_total 00000001802a7c10 f   sfc_debug:sfdb_data_browse.obj
 0001:002a6ca0       sf_debug_st_terminate_machine 00000001802a7ca0 f   sfc_debug:sfdb_data_browse.obj
 0001:002a6dd0       sf_debug_st_terminate_instance 00000001802a7dd0 f   sfc_debug:sfdb_data_browse.obj
 0001:002a7280       push_on_to_void_ptr_stack  00000001802a8280 f   sfc_debug:sfdb_data_browse.obj
 0001:002a7410       pop_from_void_ptr_stack    00000001802a8410 f   sfc_debug:sfdb_data_browse.obj
 0001:002a7540       sf_debug_st_get_data_value 00000001802a8540 f   sfc_debug:sfdb_data_browse.obj
 0001:002a7a70       mx_value                   00000001802a8a70 f   sfc_debug:sfdb_data_browse.obj
 0001:002a7ab0       sf_debug_st_fill_data_struct 00000001802a8ab0 f   sfc_debug:sfdb_data_browse.obj
 0001:002a7df0       data_type_format_strings   00000001802a8df0 f   sfc_debug:sfdb_data_browse.obj
 0001:002a7ea0       sf_debug_st_fill_data      00000001802a8ea0 f   sfc_debug:sfdb_data_browse.obj
 0001:002a9130       sf_debug_ss_copy_dimension 00000001802aa130 f   sfc_debug:sfdb_symbol_scope.obj
 0001:002a91f0       sf_debug_ss_get_number_elements 00000001802aa1f0 f   sfc_debug:sfdb_symbol_scope.obj
 0001:002a9210       sf_debug_ss_fill_data_struct 00000001802aa210 f   sfc_debug:sfdb_symbol_scope.obj
 0001:002a9560       sf_debug_ss_reset_data_info 00000001802aa560 f   sfc_debug:sfdb_symbol_scope.obj
 0001:002a95c0       sf_debug_fill_data_info_by_symbol_scope_entry 00000001802aa5c0 f   sfc_debug:sfdb_symbol_scope.obj
 0001:002a9670       sf_debug_fill_data_info_by_data_vector 00000001802aa670 f   sfc_debug:sfdb_symbol_scope.obj
 0001:002a98b0       sf_debug_ss_get_data_info  00000001802aa8b0 f   sfc_debug:sfdb_symbol_scope.obj
 0001:002a9ce0       sf_debug_ss_get_data_value 00000001802aace0 f   sfc_debug:sfdb_symbol_scope.obj
 0001:002aa170       sf_debug_ss_data_bytes_string 00000001802ab170 f   sfc_debug:sfdb_symbol_scope.obj
 0001:002aa220       sf_debug_ss_data_class_string 00000001802ab220 f   sfc_debug:sfdb_symbol_scope.obj
 0001:002aa5b0       sf_debug_ss_data_size_string 00000001802ab5b0 f   sfc_debug:sfdb_symbol_scope.obj
 0001:002aa690       sf_debug_ss_data_create_data_info_struct 00000001802ab690 f   sfc_debug:sfdb_symbol_scope.obj
 0001:002aa8f0       sf_debug_ss_data_create_name_value_pair 00000001802ab8f0 f   sfc_debug:sfdb_symbol_scope.obj
 0001:002aa990       sf_debug_ss_data_get_whos_info 00000001802ab990 f   sfc_debug:sfdb_symbol_scope.obj
 0001:002aaa50       same_named_data_in_data_array 00000001802aba50 f   sfc_debug:sfdb_symbol_scope.obj
 0001:002ac450       sf_debug_cc_terminate_chart 00000001802ad450 f   sfc_debug:sfdb_coverage.obj
 0001:002ac7f0       sf_debug_cc_terminate_instance 00000001802ad7f0 f   sfc_debug:sfdb_coverage.obj
 0001:002ad3f0       sf_debug_cc_mark_object_if_needed 00000001802ae3f0 f   sfc_debug:sfdb_coverage.obj
 0001:002adb50       sf_debug_cc_fill_transition_coverage_data 00000001802aeb50 f   sfc_debug:sfdb_coverage.obj
 0001:002adce0       sf_debug_cc_fill_transition_coverage_map 00000001802aece0 f   sfc_debug:sfdb_coverage.obj
 0001:002adf90       sf_debug_cc_fill_state_coverage_map 00000001802aef90 f   sfc_debug:sfdb_coverage.obj
 0001:002ae1e0       sf_debug_cc_fill_state_coverage_data 00000001802af1e0 f   sfc_debug:sfdb_coverage.obj
 0001:002aee10       sf_debug_bm_initialize_eml 00000001802afe10 f   sfc_debug:sfdb_breakpoints.obj
 0001:002aff60       sf_debug_bm_map_debug_tag_to_breakpoint_tag 00000001802b0f60 f   sfc_debug:sfdb_breakpoints.obj
 0001:002b0040       sf_debug_bm_is_a_eml_breakpoint_impl 00000001802b1040 f   sfc_debug:sfdb_breakpoints.obj
 0001:002b1ca0       sf_debug_sc_push_on_error_stack 00000001802b2ca0 f   sfc_debug:sfdb_state_consistency.obj
 0001:002b1dd0       sf_debug_sc_reset_error_stack 00000001802b2dd0 f   sfc_debug:sfdb_state_consistency.obj
 0001:002b1f60       sf_debug_sc_is_state_inconsistent 00000001802b2f60 f   sfc_debug:sfdb_state_consistency.obj
 0001:002b2260       sf_debug_sc_fill_consistency_info 00000001802b3260 f   sfc_debug:sfdb_state_consistency.obj
 0001:002b2810       void_assertion_fcn         00000001802b3810 f   sfc_debug:sfdb_call_stack.obj
 0001:002b2da0       sf_debug_tm_fill_local_trace 00000001802b3da0 f   sfc_debug:sfdb_call_stack.obj
 0001:002b3340       sf_debug_cd_terminate_instance 00000001802b4340 f   sfc_debug:sfdb_cycle_detection.obj
 0001:002b33a0       sf_debug_cd_free_checksum_stack 00000001802b43a0 f   sfc_debug:sfdb_cycle_detection.obj
 0001:002b33f0       sf_debug_cd_reset_pack_strings 00000001802b43f0 f   sfc_debug:sfdb_cycle_detection.obj
 0001:002b3ab0       md5file_clear              00000001802b4ab0 f   sfc_debug:ckmd5.obj
 0001:002b3ae0       Encode                     00000001802b4ae0 f   sfc_debug:ckmd5.obj
 0001:002b3b30       Decode                     00000001802b4b30 f   sfc_debug:ckmd5.obj
 0001:002b3bd0       MD5Transform               00000001802b4bd0 f   sfc_debug:ckmd5.obj
 0001:002b4420       md5file_addn               00000001802b5420 f   sfc_debug:ckmd5.obj
 0001:002b44f0       md5file_hash               00000001802b54f0 f   sfc_debug:ckmd5.obj
 0001:002b4cac       pre_c_init                 00000001802b5cac f   MSVCRT:crtdll.obj
 0001:002b4f68       __DllMainCRTStartup        00000001802b5f68 f   MSVCRT:crtdll.obj
 0001:002b5650       __DllMainCRTStartup$filt$0 00000001802b6650 f   MSVCRT:crtdll.obj
 0001:002b5680       __DllMainCRTStartup$fin$1  00000001802b6680 f   MSVCRT:crtdll.obj
 0001:002b5699       _onexit$fin$0              00000001802b6699 f   MSVCRT:atonexit.obj
 0001:002b56c0       _IsNonwritableInCurrentImage$filt$0 00000001802b66c0 f   MSVCRT:pesect.obj
